PRT1
270
776
4 0 6 (-955.556030 1024 1988.439941 ) (-1024 1024 1988.439941 ) (-1024 1024 1008 ) (-955.556030 1024 1008 ) 
4 0 2 (-1024 1024 1008 ) (-1024 1024 1988.439941 ) (-1024 1103.110107 1988.439941 ) (-1024 1103.110107 1008 ) 
4 0 1 (-955.556030 1024 1008 ) (-1024 1024 1008 ) (-1024 1103.110107 1008 ) (-955.556030 1103.110107 1008 ) 
4 1 7 (-955.556030 1024 1008 ) (-1024 1024 1008 ) (-1024 1024 779.556030 ) (-955.556030 1024 779.556030 ) 
4 1 3 (-1024 1024 779.556030 ) (-1024 1024 1008 ) (-1024 1103.110107 1008 ) (-1024 1103.110107 779.556030 ) 
4 2 10 (-1024 1024 1008 ) (-1024 1024 1988.439941 ) (-2048 1024 1988.439941 ) (-2048 1024 1008 ) 
4 2 4 (-2048 1024 1008 ) (-2048 1024 1988.439941 ) (-2048 1103.110107 1988.439941 ) (-2048 1103.110107 1008 ) 
4 2 3 (-1024 1103.110107 1008 ) (-1024 1024 1008 ) (-2048 1024 1008 ) (-2048 1103.110107 1008 ) 
4 3 11 (-1024 1024 779.556030 ) (-1024 1024 1008 ) (-2048 1024 1008 ) (-2048 1024 779.556030 ) 
4 3 5 (-2048 1024 779.556030 ) (-2048 1024 1008 ) (-2048 1103.110107 1008 ) (-2048 1103.110107 779.556030 ) 
4 4 18 (-3072 1024 1008 ) (-3072 1024 1988.439941 ) (-3072 1103.110107 1988.439941 ) (-3072 1103.110107 1008 ) 
4 4 12 (-2048 1024 1008 ) (-2048 1024 1988.439941 ) (-3072 1024 1988.439941 ) (-3072 1024 1008 ) 
4 4 5 (-2048 1103.110107 1008 ) (-2048 1024 1008 ) (-3072 1024 1008 ) (-3072 1103.110107 1008 ) 
4 5 19 (-3072 1024 779.556030 ) (-3072 1024 1008 ) (-3072 1103.110107 1008 ) (-3072 1103.110107 779.556030 ) 
4 5 13 (-2048 1024 779.556030 ) (-2048 1024 1008 ) (-3072 1024 1008 ) (-3072 1024 779.556030 ) 
4 6 10 (-1024 1024 1988.439941 ) (-1024 1024 1008 ) (-1024 0 1008 ) (-1024 0 1988.439941 ) 
4 6 8 (-955.556030 0 1988.439941 ) (-1024 0 1988.439941 ) (-1024 0 1008 ) (-955.556030 0 1008 ) 
4 6 7 (-955.556030 0 1008 ) (-1024 0 1008 ) (-1024 1024 1008 ) (-955.556030 1024 1008 ) 
4 7 11 (-1024 1024 1008 ) (-1024 1024 779.556030 ) (-1024 0 779.556030 ) (-1024 0 1008 ) 
4 7 9 (-955.556030 0 1008 ) (-1024 0 1008 ) (-1024 0 779.556030 ) (-955.556030 0 779.556030 ) 
4 8 214 (-955.556030 -1024 1988.439941 ) (-1024 -1024 1988.439941 ) (-1024 -1024 1008 ) (-955.556030 -1024 1008 ) 
4 8 14 (-1024 -1024 1008 ) (-1024 -1024 1988.439941 ) (-1024 0 1988.439941 ) (-1024 0 1008 ) 
4 8 9 (-955.556030 -1024 1008 ) (-1024 -1024 1008 ) (-1024 0 1008 ) (-955.556030 0 1008 ) 
4 9 215 (-955.556030 -1024 1008 ) (-1024 -1024 1008 ) (-1024 -1024 779.556030 ) (-955.556030 -1024 779.556030 ) 
4 9 15 (-1024 -1024 779.556030 ) (-1024 -1024 1008 ) (-1024 0 1008 ) (-1024 0 779.556030 ) 
4 10 14 (-1024 0 1008 ) (-1024 0 1988.439941 ) (-2048 0 1988.439941 ) (-2048 0 1008 ) 
4 10 12 (-2048 1024 1988.439941 ) (-2048 1024 1008 ) (-2048 0 1008 ) (-2048 0 1988.439941 ) 
4 10 11 (-1024 0 1008 ) (-2048 0 1008 ) (-2048 1024 1008 ) (-1024 1024 1008 ) 
4 11 15 (-1024 0 779.556030 ) (-1024 0 1008 ) (-2048 0 1008 ) (-2048 0 779.556030 ) 
4 11 13 (-2048 1024 1008 ) (-2048 1024 779.556030 ) (-2048 0 779.556030 ) (-2048 0 1008 ) 
4 12 29 (-3072 0 1008 ) (-3072 0 1024 ) (-3072 1024 1024 ) (-3072 1024 1008 ) 
4 12 24 (-3072 0 1024 ) (-3072 0 1988.439941 ) (-3072 1024 1988.439941 ) (-3072 1024 1024 ) 
4 12 16 (-2048 0 1008 ) (-2048 0 1988.439941 ) (-3072 0 1988.439941 ) (-3072 0 1008 ) 
4 12 13 (-2048 1024 1008 ) (-2048 0 1008 ) (-3072 0 1008 ) (-3072 1024 1008 ) 
4 13 54 (-3072 0 779.556030 ) (-3072 0 1008 ) (-3072 1024 1008 ) (-3072 1024 779.556030 ) 
4 13 17 (-2048 0 779.556030 ) (-2048 0 1008 ) (-3072 0 1008 ) (-3072 0 779.556030 ) 
4 14 218 (-1024 -1024 1008 ) (-1024 -1024 1988.439941 ) (-2048 -1024 1988.439941 ) (-2048 -1024 1008 ) 
4 14 16 (-2048 0 1988.439941 ) (-2048 0 1008 ) (-2048 -1024 1008 ) (-2048 -1024 1988.439941 ) 
4 14 15 (-2048 0 1008 ) (-1024 0 1008 ) (-1024 -1024 1008 ) (-2048 -1024 1008 ) 
4 15 219 (-1024 -1024 779.556030 ) (-1024 -1024 1008 ) (-2048 -1024 1008 ) (-2048 -1024 779.556030 ) 
4 15 17 (-2048 0 1008 ) (-2048 0 779.556030 ) (-2048 -1024 779.556030 ) (-2048 -1024 1008 ) 
4 16 220 (-2048 -1024 1008 ) (-2048 -1024 1988.439941 ) (-3072 -1024 1988.439941 ) (-3072 -1024 1008 ) 
4 16 86 (-3072 -1024 1008 ) (-3072 -1024 1988.439941 ) (-3072 0 1988.439941 ) (-3072 0 1008 ) 
4 16 17 (-2048 0 1008 ) (-2048 -1024 1008 ) (-3072 -1024 1008 ) (-3072 0 1008 ) 
4 17 221 (-2048 -1024 779.556030 ) (-2048 -1024 1008 ) (-3072 -1024 1008 ) (-3072 -1024 779.556030 ) 
4 17 145 (-3072 -1024 779.556030 ) (-3072 -1024 1008 ) (-3072 -704 1008 ) (-3072 -704 779.556030 ) 
4 17 141 (-3072 -704 1008 ) (-3072 -544 1008 ) (-3072 -544 779.556030 ) (-3072 -704 779.556030 ) 
4 17 139 (-3072 -544 1008 ) (-3072 0 1008 ) (-3072 0 779.556030 ) (-3072 -544 779.556030 ) 
4 18 39 (-4096 1024 1288 ) (-4096 1024 1008 ) (-3616 1024 1008 ) (-3616 1024 1288 ) 
4 18 35 (-4096 1024 1440 ) (-4096 1024 1288 ) (-3828 1024 1288 ) (-3828 1024 1440 ) 
4 18 34 (-3828 1024 1288 ) (-3632 1024 1288 ) (-3632 1024 1440 ) (-3828 1024 1440 ) 
4 18 33 (-3632 1024 1988.439941 ) (-4096 1024 1988.439941 ) (-4096 1024 1440 ) (-3632 1024 1440 ) 
4 18 32 (-3632 1024 1504 ) (-3632 1024 1288 ) (-3616 1024 1288 ) (-3616 1024 1504 ) 
4 18 31 (-3616 1024 1988.439941 ) (-3632 1024 1988.439941 ) (-3632 1024 1504 ) (-3616 1024 1504 ) 
4 18 30 (-3392 1024 1024 ) (-3616 1024 1024 ) (-3616 1024 1008 ) (-3392 1024 1008 ) 
4 18 29 (-3072 1024 1008 ) (-3072 1024 1024 ) (-3392 1024 1024 ) (-3392 1024 1008 ) 
4 18 25 (-3392 1024 1988.439941 ) (-3400 1024 1988.439941 ) (-3400 1024 1024 ) (-3392 1024 1024 ) 
4 18 24 (-3072 1024 1024 ) (-3072 1024 1988.439941 ) (-3392 1024 1988.439941 ) (-3392 1024 1024 ) 
4 18 28 (-3400 1024 1988.439941 ) (-3616 1024 1988.439941 ) (-3616 1024 1024 ) (-3400 1024 1024 ) 
4 18 20 (-4096 1024 1008 ) (-4096 1024 1988.439941 ) (-4096 1103.110107 1988.439941 ) (-4096 1103.110107 1008 ) 
4 18 19 (-3072 1024 1008 ) (-4096 1024 1008 ) (-4096 1103.110107 1008 ) (-3072 1103.110107 1008 ) 
4 19 56 (-3616 1024 1008 ) (-4096 1024 1008 ) (-4096 1024 779.556030 ) (-3616 1024 779.556030 ) 
4 19 55 (-3392 1024 1008 ) (-3616 1024 1008 ) (-3616 1024 779.556030 ) (-3392 1024 779.556030 ) 
4 19 54 (-3072 1024 779.556030 ) (-3072 1024 1008 ) (-3392 1024 1008 ) (-3392 1024 779.556030 ) 
4 19 21 (-4096 1024 779.556030 ) (-4096 1024 1008 ) (-4096 1103.110107 1008 ) (-4096 1103.110107 779.556030 ) 
4 20 76 (-4800 1024 1288 ) (-5120 1024 1288 ) (-5120 1024 1008 ) (-4800 1024 1008 ) 
4 20 75 (-4528 1024 1288 ) (-4800 1024 1288 ) (-4800 1024 1008 ) (-4528 1024 1008 ) 
4 20 72 (-4224 1024 1288 ) (-4528 1024 1288 ) (-4528 1024 1008 ) (-4224 1024 1008 ) 
4 20 68 (-4112 1024 1288 ) (-4115 1024 1288 ) (-4115 1024 1008 ) (-4112 1024 1008 ) 
4 20 70 (-4115 1024 1288 ) (-4224 1024 1288 ) (-4224 1024 1008 ) (-4115 1024 1008 ) 
4 20 65 (-4096 1024 1008 ) (-4096 1024 1288 ) (-4112 1024 1288 ) (-4112 1024 1008 ) 
4 20 61 (-4096 1024 1288 ) (-4096 1024 1440 ) (-4112 1024 1440 ) (-4112 1024 1288 ) 
4 20 62 (-4112 1024 1440 ) (-5120 1024 1440 ) (-5120 1024 1288 ) (-4112 1024 1288 ) 
4 20 57 (-4096 1024 1440 ) (-4096 1024 1988.439941 ) (-4800 1024 1988.439941 ) (-4800 1024 1440 ) 
4 20 60 (-4800 1024 1988.439941 ) (-5120 1024 1988.439941 ) (-5120 1024 1440 ) (-4800 1024 1440 ) 
4 20 22 (-5120 1024 1440 ) (-5120 1024 1988.439941 ) (-5120 1103.110107 1988.439941 ) (-5120 1103.110107 1440 ) 
4 20 21 (-4096 1103.110107 1008 ) (-4096 1024 1008 ) (-5120 1024 1008 ) (-5120 1103.110107 1008 ) 
4 21 85 (-4800 1024 1008 ) (-5120 1024 1008 ) (-5120 1024 779.556030 ) (-4800 1024 779.556030 ) 
4 21 84 (-4528 1024 1008 ) (-4800 1024 1008 ) (-4800 1024 779.556030 ) (-4528 1024 779.556030 ) 
4 21 82 (-4224 1024 1008 ) (-4528 1024 1008 ) (-4528 1024 779.556030 ) (-4224 1024 779.556030 ) 
4 21 81 (-4128 1024 1008 ) (-4224 1024 1008 ) (-4224 1024 779.556030 ) (-4128 1024 779.556030 ) 
4 21 80 (-4115 1024 1008 ) (-4128 1024 1008 ) (-4128 1024 779.556030 ) (-4115 1024 779.556030 ) 
4 21 79 (-4112 1024 1008 ) (-4115 1024 1008 ) (-4115 1024 779.556030 ) (-4112 1024 779.556030 ) 
4 21 78 (-4096 1024 779.556030 ) (-4096 1024 1008 ) (-4112 1024 1008 ) (-4112 1024 779.556030 ) 
4 22 206 (-5120 1024 1440 ) (-5120 1024 1988.439941 ) (-5152 1024 1988.439941 ) (-5152 1024 1440 ) 
4 22 23 (-5152 1024 1440 ) (-5152 1024 1988.439941 ) (-5152 1103.110107 1988.439941 ) (-5152 1103.110107 1440 ) 
4 23 207 (-5152 1024 1988.439941 ) (-5156.450195 1024 1988.439941 ) (-5156.450195 1024 779.556030 ) (-5152 1024 779.556030 ) 
4 24 90 (-3392 0 1464 ) (-3392 0 1024 ) (-3264 0 1024 ) (-3264 0 1464 ) 
4 24 88 (-3264 0 1024 ) (-3200 0 1024 ) (-3200 0 1464 ) (-3264 0 1464 ) 
4 24 87 (-3200 0 1988.439941 ) (-3392 0 1988.439941 ) (-3392 0 1464 ) (-3200 0 1464 ) 
4 24 86 (-3072 0 1024 ) (-3072 0 1988.439941 ) (-3200 0 1988.439941 ) (-3200 0 1024 ) 
4 24 29 (-3072 0 1024 ) (-3392 0 1024 ) (-3392 1024 1024 ) (-3072 1024 1024 ) 
4 24 27 (-3392 216 1024 ) (-3392 0 1024 ) (-3392 0 1280 ) (-3392 216 1280 ) 
4 24 26 (-3392 0 1280 ) (-3392 0 1988.439941 ) (-3392 216 1988.439941 ) (-3392 216 1280 ) 
4 24 25 (-3392 1024 1024 ) (-3392 216 1024 ) (-3392 216 1988.439941 ) (-3392 1024 1988.439941 ) 
4 25 30 (-3400 216 1024 ) (-3400 1024 1024 ) (-3392 1024 1024 ) (-3392 216 1024 ) 
4 25 27 (-3400 216 1280 ) (-3400 216 1024 ) (-3392 216 1024 ) (-3392 216 1280 ) 
4 25 26 (-3400 216 1988.439941 ) (-3400 216 1280 ) (-3392 216 1280 ) (-3392 216 1988.439941 ) 
4 25 28 (-3400 1024 1024 ) (-3400 216 1024 ) (-3400 216 1988.439941 ) (-3400 1024 1988.439941 ) 
4 26 99 (-3392 0 1988.439941 ) (-3400 0 1988.439941 ) (-3400 0 1280 ) (-3392 0 1280 ) 
4 26 28 (-3400 0 1280 ) (-3400 0 1988.439941 ) (-3400 216 1988.439941 ) (-3400 216 1280 ) 
4 26 27 (-3400 0 1280 ) (-3400 216 1280 ) (-3392 216 1280 ) (-3392 0 1280 ) 
4 27 100 (-3400 0 1280 ) (-3400 0 1024 ) (-3392 0 1024 ) (-3392 0 1280 ) 
4 27 28 (-3400 216 1024 ) (-3400 0 1024 ) (-3400 0 1280 ) (-3400 216 1280 ) 
4 28 101 (-3400 0 1988.439941 ) (-3616 0 1988.439941 ) (-3616 0 1024 ) (-3400 0 1024 ) 
4 28 42 (-3616 48 1280 ) (-3616 48 1288 ) (-3616 144 1288 ) (-3616 144 1280 ) 
4 28 43 (-3616 144 1024 ) (-3616 48 1024 ) (-3616 48 1136 ) (-3616 144 1136 ) 
4 28 41 (-3616 144 1280 ) (-3616 144 1288 ) (-3616 192 1288 ) (-3616 192 1280 ) 
4 28 40 (-3616 192 1157 ) (-3616 192 1288 ) (-3616 196 1288 ) (-3616 196 1157 ) 
4 28 39 (-3616 1024 1288 ) (-3616 1024 1024 ) (-3616 196 1024 ) (-3616 196 1288 ) 
4 28 32 (-3616 1024 1504 ) (-3616 1024 1288 ) (-3616 48 1288 ) (-3616 48 1504 ) 
4 28 31 (-3616 1024 1988.439941 ) (-3616 1024 1504 ) (-3616 0 1504 ) (-3616 0 1988.439941 ) 
4 28 30 (-3616 216 1024 ) (-3616 1024 1024 ) (-3400 1024 1024 ) (-3400 216 1024 ) 
4 29 90 (-3264 0 1024 ) (-3392 0 1024 ) (-3392 0 1008 ) (-3264 0 1008 ) 
4 29 88 (-3200 0 1024 ) (-3264 0 1024 ) (-3264 0 1008 ) (-3200 0 1008 ) 
4 29 86 (-3072 0 1008 ) (-3072 0 1024 ) (-3200 0 1024 ) (-3200 0 1008 ) 
4 29 54 (-3072 0 1008 ) (-3392 0 1008 ) (-3392 1024 1008 ) (-3072 1024 1008 ) 
4 29 30 (-3392 1024 1008 ) (-3392 216 1008 ) (-3392 216 1024 ) (-3392 1024 1024 ) 
4 30 55 (-3616 216 1008 ) (-3616 1024 1008 ) (-3392 1024 1008 ) (-3392 216 1008 ) 
4 30 39 (-3616 1024 1024 ) (-3616 1024 1008 ) (-3616 216 1008 ) (-3616 216 1024 ) 
4 31 105 (-3632 0 1988.439941 ) (-3632 0 1504 ) (-3616 0 1504 ) (-3616 0 1988.439941 ) 
4 31 36 (-3632 0 1632 ) (-3632 0 1988.439941 ) (-3632 32 1988.439941 ) (-3632 32 1632 ) 
4 31 33 (-3632 1024 1988.439941 ) (-3632 1024 1504 ) (-3632 32 1504 ) (-3632 32 1988.439941 ) 
4 31 32 (-3632 48 1504 ) (-3632 1024 1504 ) (-3616 1024 1504 ) (-3616 48 1504 ) 
4 32 42 (-3616 144 1288 ) (-3616 48 1288 ) (-3632 48 1288 ) (-3632 144 1288 ) 
4 32 41 (-3616 192 1288 ) (-3616 144 1288 ) (-3632 144 1288 ) (-3632 192 1288 ) 
4 32 40 (-3616 196 1288 ) (-3616 192 1288 ) (-3632 192 1288 ) (-3632 196 1288 ) 
4 32 39 (-3632 1024 1288 ) (-3616 1024 1288 ) (-3616 196 1288 ) (-3632 196 1288 ) 
4 32 34 (-3632 1024 1440 ) (-3632 1024 1288 ) (-3632 64 1288 ) (-3632 64 1440 ) 
4 32 33 (-3632 1024 1504 ) (-3632 1024 1440 ) (-3632 48 1440 ) (-3632 48 1504 ) 
4 33 57 (-4096 1024 1988.439941 ) (-4096 1024 1440 ) (-4096 32 1440 ) (-4096 32 1988.439941 ) 
4 33 37 (-3632 32 1440 ) (-3632 32 1504 ) (-4096 32 1504 ) (-4096 32 1440 ) 
4 33 36 (-3632 32 1632 ) (-3632 32 1988.439941 ) (-4096 32 1988.439941 ) (-4096 32 1632 ) 
4 33 35 (-4096 192 1440 ) (-4096 1024 1440 ) (-3828 1024 1440 ) (-3828 192 1440 ) 
4 33 34 (-3828 64 1440 ) (-3828 1024 1440 ) (-3632 1024 1440 ) (-3632 64 1440 ) 
4 34 40 (-3632 196 1288 ) (-3632 192 1288 ) (-3828 192 1288 ) (-3828 196 1288 ) 
4 34 39 (-3828 1024 1288 ) (-3632 1024 1288 ) (-3632 196 1288 ) (-3828 196 1288 ) 
4 34 35 (-3828 1024 1288 ) (-3828 192 1288 ) (-3828 192 1440 ) (-3828 1024 1440 ) 
4 35 61 (-4096 1024 1440 ) (-4096 1024 1288 ) (-4096 192 1288 ) (-4096 192 1440 ) 
4 35 40 (-3828 196 1288 ) (-3828 192 1288 ) (-4096 192 1288 ) (-4096 196 1288 ) 
4 35 39 (-4096 1024 1288 ) (-3828 1024 1288 ) (-3828 196 1288 ) (-4096 196 1288 ) 
4 36 110 (-4096 0 1988.439941 ) (-4096 0 1632 ) (-3632 0 1632 ) (-3632 0 1988.439941 ) 
4 36 58 (-4096 0 1632 ) (-4096 0 1988.439941 ) (-4096 32 1988.439941 ) (-4096 32 1632 ) 
4 37 112 (-4096 0 1504 ) (-4096 0 1440 ) (-3632 0 1440 ) (-3632 0 1504 ) 
4 37 59 (-4096 0 1440 ) (-4096 0 1504 ) (-4096 32 1504 ) (-4096 32 1440 ) 
4 38 112 (-4096 0 1392 ) (-4096 0 1288 ) (-3632 0 1288 ) (-3632 0 1392 ) 
4 38 63 (-4096 32 1288 ) (-4096 0 1288 ) (-4096 0 1392 ) (-4096 32 1392 ) 
4 38 52 (-3912 0 1288 ) (-3916 0 1288 ) (-3916 32 1288 ) (-3912 32 1288 ) 
4 38 50 (-3832 0 1288 ) (-3840 0 1288 ) (-3840 32 1288 ) (-3832 32 1288 ) 
4 38 49 (-3828 0 1288 ) (-3832 0 1288 ) (-3832 32 1288 ) (-3828 32 1288 ) 
4 39 65 (-4096 1024 1288 ) (-4096 1024 1008 ) (-4096 196 1008 ) (-4096 196 1288 ) 
4 39 56 (-4096 196 1008 ) (-4096 1024 1008 ) (-3616 1024 1008 ) (-3616 196 1008 ) 
4 39 40 (-3616 196 1157 ) (-3616 196 1288 ) (-4096 196 1288 ) (-4096 196 1157 ) 
4 40 66 (-4096 192 1157 ) (-4096 192 1288 ) (-4096 196 1288 ) (-4096 196 1157 ) 
4 40 52 (-3912 192 1288 ) (-3916 192 1288 ) (-3916 192 1157 ) (-3912 192 1157 ) 
4 40 46 (-3832 192 1288 ) (-3912 192 1288 ) (-3912 192 1157 ) (-3832 192 1157 ) 
4 40 45 (-3828 192 1288 ) (-3832 192 1288 ) (-3832 192 1157 ) (-3828 192 1157 ) 
4 40 41 (-3616 192 1280 ) (-3616 192 1288 ) (-3632 192 1288 ) (-3632 192 1280 ) 
4 41 42 (-3632 144 1288 ) (-3632 144 1280 ) (-3616 144 1280 ) (-3616 144 1288 ) 
4 43 48 (-3632 56 1024 ) (-3632 48 1024 ) (-3632 48 1136 ) (-3632 56 1136 ) 
4 43 44 (-3632 144 1024 ) (-3632 56 1024 ) (-3632 56 1136 ) (-3632 144 1136 ) 
4 44 48 (-3828 56 1024 ) (-3632 56 1024 ) (-3632 56 1152 ) (-3828 56 1152 ) 
4 44 45 (-3828 192 1152 ) (-3828 192 1024 ) (-3828 56 1024 ) (-3828 56 1152 ) 
4 45 49 (-3832 56 1024 ) (-3828 56 1024 ) (-3828 56 1288 ) (-3832 56 1288 ) 
4 45 47 (-3832 56 1280 ) (-3832 56 1288 ) (-3832 64 1288 ) (-3832 64 1280 ) 
4 45 46 (-3832 192 1288 ) (-3832 192 1024 ) (-3832 64 1024 ) (-3832 64 1288 ) 
4 46 52 (-3912 192 1288 ) (-3912 192 1024 ) (-3912 64 1024 ) (-3912 64 1288 ) 
4 46 47 (-3912 64 1288 ) (-3912 64 1280 ) (-3832 64 1280 ) (-3832 64 1288 ) 
4 47 52 (-3912 56 1280 ) (-3912 56 1288 ) (-3912 64 1288 ) (-3912 64 1280 ) 
4 47 50 (-3840 56 1280 ) (-3832 56 1280 ) (-3832 56 1288 ) (-3840 56 1288 ) 
4 48 115 (-3636 0 1152 ) (-3824 0 1152 ) (-3824 0 1024 ) (-3636 0 1024 ) 
4 48 49 (-3828 56 1152 ) (-3828 56 1024 ) (-3828 0 1024 ) (-3828 0 1152 ) 
4 49 50 (-3832 56 1288 ) (-3832 56 1280 ) (-3832 0 1280 ) (-3832 0 1288 ) 
4 51 118 (-3844 0 1280 ) (-3900 0 1280 ) (-3900 0 1024 ) (-3844 0 1024 ) 
4 52 53 (-3916 192 1152 ) (-3916 192 1024 ) (-3916 0 1024 ) (-3916 0 1152 ) 
4 53 119 (-4096 0 1026.880127 ) (-4096 0 1024 ) (-3920 0 1024 ) (-3920 0 1026.880127 ) 
4 53 67 (-4096 0 1024 ) (-4096 0 1152 ) (-4096 192 1152 ) (-4096 192 1024 ) 
4 54 143 (-3264 0 1008 ) (-3392 0 1008 ) (-3392 0 779.556030 ) (-3264 0 779.556030 ) 
4 54 140 (-3200 0 1008 ) (-3264 0 1008 ) (-3264 0 779.556030 ) (-3200 0 779.556030 ) 
4 54 139 (-3072 0 779.556030 ) (-3072 0 1008 ) (-3200 0 1008 ) (-3200 0 779.556030 ) 
4 54 55 (-3392 216 1008 ) (-3392 1024 1008 ) (-3392 1024 779.556030 ) (-3392 216 779.556030 ) 
4 55 56 (-3616 216 1008 ) (-3616 1024 1008 ) (-3616 1024 779.556030 ) (-3616 216 779.556030 ) 
4 56 78 (-4096 1024 1008 ) (-4096 1024 779.556030 ) (-4096 196 779.556030 ) (-4096 196 1008 ) 
4 57 61 (-4112 1024 1440 ) (-4096 1024 1440 ) (-4096 192 1440 ) (-4112 192 1440 ) 
4 57 62 (-4800 1024 1440 ) (-4112 1024 1440 ) (-4112 32 1440 ) (-4800 32 1440 ) 
4 57 58 (-4800 32 1988.439941 ) (-4800 32 1632 ) (-4096 32 1632 ) (-4096 32 1988.439941 ) 
4 57 59 (-4800 32 1504 ) (-4800 32 1440 ) (-4096 32 1440 ) (-4096 32 1504 ) 
4 57 60 (-4800 1024 1440 ) (-4800 32 1440 ) (-4800 32 1988.439941 ) (-4800 1024 1988.439941 ) 
4 58 178 (-4112 0 1988.439941 ) (-4800 0 1988.439941 ) (-4800 0 1632 ) (-4112 0 1632 ) 
4 58 163 (-4096 0 1632 ) (-4096 0 1988.439941 ) (-4112 0 1988.439941 ) (-4112 0 1632 ) 
4 58 60 (-4800 0 1632 ) (-4800 0 1988.439941 ) (-4800 32 1988.439941 ) (-4800 32 1632 ) 
4 59 182 (-4112 0 1504 ) (-4800 0 1504 ) (-4800 0 1440 ) (-4112 0 1440 ) 
4 59 166 (-4096 0 1440 ) (-4096 0 1464 ) (-4112 0 1464 ) (-4112 0 1440 ) 
4 59 164 (-4096 0 1464 ) (-4096 0 1504 ) (-4112 0 1504 ) (-4112 0 1464 ) 
4 59 64 (-4112 0 1440 ) (-4800 0 1440 ) (-4800 32 1440 ) (-4112 32 1440 ) 
4 59 60 (-4800 32 1440 ) (-4800 0 1440 ) (-4800 0 1504 ) (-4800 32 1504 ) 
4 60 206 (-5120 1024 1988.439941 ) (-5120 1024 1440 ) (-5120 0 1440 ) (-5120 0 1988.439941 ) 
4 60 192 (-4800 0 1988.439941 ) (-5120 0 1988.439941 ) (-5120 0 1440 ) (-4800 0 1440 ) 
4 60 64 (-4800 32 1440 ) (-4800 0 1440 ) (-5120 0 1440 ) (-5120 32 1440 ) 
4 60 62 (-5120 1024 1440 ) (-4800 1024 1440 ) (-4800 32 1440 ) (-5120 32 1440 ) 
4 61 66 (-4096 196 1288 ) (-4096 192 1288 ) (-4112 192 1288 ) (-4112 196 1288 ) 
4 61 65 (-4112 1024 1288 ) (-4096 1024 1288 ) (-4096 196 1288 ) (-4112 196 1288 ) 
4 61 62 (-4112 1024 1288 ) (-4112 192 1288 ) (-4112 192 1440 ) (-4112 1024 1440 ) 
4 62 77 (-5120 32 1288 ) (-5120 640 1288 ) (-4800 640 1288 ) (-4800 32 1288 ) 
4 62 76 (-5120 640 1288 ) (-5120 1024 1288 ) (-4800 1024 1288 ) (-4800 640 1288 ) 
4 62 75 (-4800 1024 1288 ) (-4528 1024 1288 ) (-4528 32 1288 ) (-4800 32 1288 ) 
4 62 73 (-4224 320 1288 ) (-4224 32 1288 ) (-4528 32 1288 ) (-4528 320 1288 ) 
4 62 72 (-4528 1024 1288 ) (-4224 1024 1288 ) (-4224 320 1288 ) (-4528 320 1288 ) 
4 62 71 (-4128 32 1288 ) (-4224 32 1288 ) (-4224 192 1288 ) (-4128 192 1288 ) 
4 62 69 (-4112 196 1288 ) (-4112 192 1288 ) (-4115 192 1288 ) (-4115 196 1288 ) 
4 62 68 (-4115 1024 1288 ) (-4112 1024 1288 ) (-4112 196 1288 ) (-4115 196 1288 ) 
4 62 70 (-4224 1024 1288 ) (-4115 1024 1288 ) (-4115 192 1288 ) (-4224 192 1288 ) 
4 62 64 (-5120 32 1288 ) (-4112 32 1288 ) (-4112 32 1440 ) (-5120 32 1440 ) 
4 63 166 (-4096 0 1288 ) (-4096 0 1392 ) (-4112 0 1392 ) (-4112 0 1288 ) 
4 63 64 (-4112 32 1392 ) (-4112 32 1288 ) (-4112 0 1288 ) (-4112 0 1392 ) 
4 64 192 (-4800 0 1440 ) (-5120 0 1440 ) (-5120 0 1288 ) (-4800 0 1288 ) 
4 64 187 (-4608 0 1440 ) (-4800 0 1440 ) (-4800 0 1288 ) (-4608 0 1288 ) 
4 64 186 (-4128 0 1440 ) (-4608 0 1440 ) (-4608 0 1288 ) (-4128 0 1288 ) 
4 64 183 (-4112 0 1440 ) (-4128 0 1440 ) (-4128 0 1288 ) (-4112 0 1288 ) 
4 64 77 (-4800 0 1288 ) (-5120 0 1288 ) (-5120 32 1288 ) (-4800 32 1288 ) 
4 64 75 (-4528 0 1288 ) (-4800 0 1288 ) (-4800 32 1288 ) (-4528 32 1288 ) 
4 64 73 (-4528 16 1288 ) (-4528 32 1288 ) (-4224 32 1288 ) (-4224 16 1288 ) 
4 64 74 (-4224 0 1288 ) (-4528 0 1288 ) (-4528 16 1288 ) (-4224 16 1288 ) 
4 64 71 (-4128 0 1288 ) (-4224 0 1288 ) (-4224 32 1288 ) (-4128 32 1288 ) 
4 65 78 (-4112 1024 1008 ) (-4096 1024 1008 ) (-4096 196 1008 ) (-4112 196 1008 ) 
4 65 68 (-4112 1024 1008 ) (-4112 196 1008 ) (-4112 196 1288 ) (-4112 1024 1288 ) 
4 65 66 (-4112 196 1288 ) (-4112 196 1157 ) (-4096 196 1157 ) (-4096 196 1288 ) 
4 66 69 (-4112 192 1157 ) (-4112 192 1288 ) (-4112 196 1288 ) (-4112 196 1157 ) 
4 67 170 (-4096 0 1024 ) (-4096 0 1026.880127 ) (-4108 0 1026.880127 ) (-4108 0 1024 ) 
4 68 79 (-4115 1024 1008 ) (-4112 1024 1008 ) (-4112 196 1008 ) (-4115 196 1008 ) 
4 68 69 (-4115 196 1288 ) (-4115 196 1157 ) (-4112 196 1157 ) (-4112 196 1288 ) 
4 68 70 (-4115 1024 1008 ) (-4115 196 1008 ) (-4115 196 1288 ) (-4115 1024 1288 ) 
4 69 70 (-4115 192 1157 ) (-4115 192 1288 ) (-4115 196 1288 ) (-4115 196 1157 ) 
4 70 81 (-4224 1024 1008 ) (-4128 1024 1008 ) (-4128 192 1008 ) (-4224 192 1008 ) 
4 70 80 (-4128 1024 1008 ) (-4115 1024 1008 ) (-4115 192 1008 ) (-4128 192 1008 ) 
4 70 73 (-4224 192 1216 ) (-4224 192 1288 ) (-4224 320 1288 ) (-4224 320 1216 ) 
4 70 72 (-4224 1024 1008 ) (-4224 320 1008 ) (-4224 320 1288 ) (-4224 1024 1288 ) 
4 70 71 (-4224 192 1288 ) (-4224 192 1008 ) (-4128 192 1008 ) (-4128 192 1288 ) 
4 71 186 (-4128 0 1288 ) (-4224 0 1288 ) (-4224 0 1008 ) (-4128 0 1008 ) 
4 71 81 (-4128 0 1008 ) (-4224 0 1008 ) (-4224 192 1008 ) (-4128 192 1008 ) 
4 71 73 (-4224 16 1216 ) (-4224 16 1288 ) (-4224 192 1288 ) (-4224 192 1216 ) 
4 71 74 (-4224 16 1008 ) (-4224 0 1008 ) (-4224 0 1288 ) (-4224 16 1288 ) 
4 72 82 (-4528 1024 1008 ) (-4224 1024 1008 ) (-4224 320 1008 ) (-4528 320 1008 ) 
4 72 75 (-4528 1024 1008 ) (-4528 320 1008 ) (-4528 320 1288 ) (-4528 1024 1288 ) 
4 72 73 (-4528 320 1288 ) (-4528 320 1216 ) (-4224 320 1216 ) (-4224 320 1288 ) 
4 73 75 (-4528 16 1216 ) (-4528 16 1288 ) (-4528 320 1288 ) (-4528 320 1216 ) 
4 73 74 (-4528 16 1288 ) (-4528 16 1216 ) (-4224 16 1216 ) (-4224 16 1288 ) 
4 74 186 (-4224 0 1288 ) (-4528 0 1288 ) (-4528 0 1008 ) (-4224 0 1008 ) 
4 74 83 (-4224 16 1008 ) (-4224 0 1008 ) (-4528 0 1008 ) (-4528 16 1008 ) 
4 74 75 (-4528 16 1008 ) (-4528 0 1008 ) (-4528 0 1288 ) (-4528 16 1288 ) 
4 75 187 (-4608 0 1288 ) (-4800 0 1288 ) (-4800 0 1008 ) (-4608 0 1008 ) 
4 75 186 (-4528 0 1288 ) (-4608 0 1288 ) (-4608 0 1008 ) (-4528 0 1008 ) 
4 75 84 (-4800 1024 1008 ) (-4528 1024 1008 ) (-4528 0 1008 ) (-4800 0 1008 ) 
4 75 77 (-4800 0 1024 ) (-4800 0 1288 ) (-4800 640 1288 ) (-4800 640 1024 ) 
4 75 76 (-4800 1024 1008 ) (-4800 640 1008 ) (-4800 640 1288 ) (-4800 1024 1288 ) 
4 76 85 (-5120 1024 1008 ) (-4800 1024 1008 ) (-4800 640 1008 ) (-5120 640 1008 ) 
4 76 77 (-4800 640 1024 ) (-4800 640 1288 ) (-5120 640 1288 ) (-5120 640 1024 ) 
4 77 192 (-4800 0 1288 ) (-5120 0 1288 ) (-5120 0 1024 ) (-4800 0 1024 ) 
4 78 79 (-4112 196 1008 ) (-4112 1024 1008 ) (-4112 1024 779.556030 ) (-4112 196 779.556030 ) 
4 79 80 (-4115 196 1008 ) (-4115 1024 1008 ) (-4115 1024 779.556030 ) (-4115 196 779.556030 ) 
4 80 81 (-4128 192 779.556030 ) (-4128 192 1008 ) (-4128 1024 1008 ) (-4128 1024 779.556030 ) 
4 81 198 (-4128 0 779.556030 ) (-4128 0 1008 ) (-4224 0 1008 ) (-4224 0 779.556030 ) 
4 81 83 (-4224 0 1008 ) (-4224 16 1008 ) (-4224 16 779.556030 ) (-4224 0 779.556030 ) 
4 81 82 (-4224 320 1008 ) (-4224 1024 1008 ) (-4224 1024 779.556030 ) (-4224 320 779.556030 ) 
4 82 84 (-4528 320 1008 ) (-4528 1024 1008 ) (-4528 1024 779.556030 ) (-4528 320 779.556030 ) 
4 83 198 (-4224 0 779.556030 ) (-4224 0 1008 ) (-4528 0 1008 ) (-4528 0 779.556030 ) 
4 83 84 (-4528 0 779.556030 ) (-4528 0 1008 ) (-4528 16 1008 ) (-4528 16 779.556030 ) 
4 84 199 (-4608 0 1008 ) (-4800 0 1008 ) (-4800 0 779.556030 ) (-4608 0 779.556030 ) 
4 84 198 (-4528 0 779.556030 ) (-4528 0 1008 ) (-4608 0 1008 ) (-4608 0 779.556030 ) 
4 84 85 (-4800 640 1008 ) (-4800 1024 1008 ) (-4800 1024 779.556030 ) (-4800 640 779.556030 ) 
4 86 237 (-3072 -1024 1008 ) (-3072 -1024 1464 ) (-3200 -1024 1464 ) (-3200 -1024 1008 ) 
4 86 235 (-3072 -1024 1464 ) (-3072 -1024 1988.439941 ) (-3200 -1024 1988.439941 ) (-3200 -1024 1464 ) 
4 86 145 (-3072 -704 1008 ) (-3072 -1024 1008 ) (-3200 -1024 1008 ) (-3200 -704 1008 ) 
4 86 141 (-3072 -544 1008 ) (-3072 -704 1008 ) (-3200 -704 1008 ) (-3200 -544 1008 ) 
4 86 139 (-3200 0 1008 ) (-3072 0 1008 ) (-3072 -544 1008 ) (-3200 -544 1008 ) 
4 86 94 (-3200 -576 1008 ) (-3200 -704 1008 ) (-3200 -704 1152 ) (-3200 -576 1152 ) 
4 86 95 (-3200 -832 1008 ) (-3200 -1024 1008 ) (-3200 -1024 1152 ) (-3200 -832 1152 ) 
4 86 92 (-3200 -832 1988.439941 ) (-3200 -704 1988.439941 ) (-3200 -704 1904 ) (-3200 -832 1904 ) 
4 86 91 (-3200 -704 1988.439941 ) (-3200 -576 1988.439941 ) (-3200 -576 1152 ) (-3200 -704 1152 ) 
4 86 93 (-3200 -1024 1152 ) (-3200 -1024 1988.439941 ) (-3200 -832 1988.439941 ) (-3200 -832 1152 ) 
4 86 89 (-3200 -576 1400 ) (-3200 -576 1464 ) (-3200 -544 1464 ) (-3200 -544 1400 ) 
4 86 88 (-3200 0 1464 ) (-3200 0 1008 ) (-3200 -448 1008 ) (-3200 -448 1464 ) 
4 86 87 (-3200 0 1988.439941 ) (-3200 0 1464 ) (-3200 -448 1464 ) (-3200 -448 1988.439941 ) 
4 87 102 (-3392 -448 1988.439941 ) (-3392 -256 1988.439941 ) (-3392 -256 1464 ) (-3392 -448 1464 ) 
4 87 99 (-3392 -256 1988.439941 ) (-3392 0 1988.439941 ) (-3392 0 1464 ) (-3392 -256 1464 ) 
4 87 90 (-3392 -448 1464 ) (-3392 0 1464 ) (-3264 0 1464 ) (-3264 -448 1464 ) 
4 87 88 (-3264 0 1464 ) (-3200 0 1464 ) (-3200 -448 1464 ) (-3264 -448 1464 ) 
4 88 140 (-3264 0 1008 ) (-3200 0 1008 ) (-3200 -448 1008 ) (-3264 -448 1008 ) 
4 88 90 (-3264 0 1008 ) (-3264 -448 1008 ) (-3264 -448 1464 ) (-3264 0 1464 ) 
4 89 91 (-3200 -576 1400 ) (-3200 -576 1464 ) (-3264 -576 1464 ) (-3264 -576 1400 ) 
4 90 143 (-3392 0 1008 ) (-3264 0 1008 ) (-3264 -448 1008 ) (-3392 -448 1008 ) 
4 90 103 (-3392 -256 1008 ) (-3392 -448 1008 ) (-3392 -448 1040 ) (-3392 -256 1040 ) 
4 90 102 (-3392 -448 1040 ) (-3392 -448 1464 ) (-3392 -256 1464 ) (-3392 -256 1040 ) 
4 90 100 (-3392 -256 1024 ) (-3392 -256 1280 ) (-3392 0 1280 ) (-3392 0 1024 ) 
4 90 99 (-3392 -256 1280 ) (-3392 -256 1464 ) (-3392 0 1464 ) (-3392 0 1280 ) 
4 91 102 (-3392 -704 1988.439941 ) (-3392 -576 1988.439941 ) (-3392 -576 1152 ) (-3392 -704 1152 ) 
4 91 96 (-3392 -704 1152 ) (-3392 -576 1152 ) (-3328 -576 1152 ) (-3328 -704 1152 ) 
4 91 94 (-3328 -576 1152 ) (-3200 -576 1152 ) (-3200 -704 1152 ) (-3328 -704 1152 ) 
4 91 92 (-3200 -704 1904 ) (-3200 -704 1988.439941 ) (-3392 -704 1988.439941 ) (-3392 -704 1904 ) 
4 92 102 (-3392 -832 1988.439941 ) (-3392 -704 1988.439941 ) (-3392 -704 1904 ) (-3392 -832 1904 ) 
4 92 93 (-3200 -832 1904 ) (-3200 -832 1988.439941 ) (-3392 -832 1988.439941 ) (-3392 -832 1904 ) 
4 93 237 (-3392 -1024 1464 ) (-3392 -1024 1152 ) (-3200 -1024 1152 ) (-3200 -1024 1464 ) 
4 93 235 (-3392 -1024 1988.439941 ) (-3392 -1024 1464 ) (-3200 -1024 1464 ) (-3200 -1024 1988.439941 ) 
4 93 102 (-3392 -1024 1152 ) (-3392 -1024 1988.439941 ) (-3392 -832 1988.439941 ) (-3392 -832 1152 ) 
4 93 98 (-3392 -1024 1152 ) (-3392 -832 1152 ) (-3328 -832 1152 ) (-3328 -1024 1152 ) 
4 93 95 (-3328 -832 1152 ) (-3200 -832 1152 ) (-3200 -1024 1152 ) (-3328 -1024 1152 ) 
4 94 144 (-3264 -704 1008 ) (-3328 -704 1008 ) (-3328 -576 1008 ) (-3264 -576 1008 ) 
4 94 142 (-3200 -576 1008 ) (-3200 -704 1008 ) (-3264 -704 1008 ) (-3264 -576 1008 ) 
4 94 96 (-3328 -704 1152 ) (-3328 -576 1152 ) (-3328 -576 1008 ) (-3328 -704 1008 ) 
4 95 237 (-3328 -1024 1008 ) (-3200 -1024 1008 ) (-3200 -1024 1152 ) (-3328 -1024 1152 ) 
4 95 146 (-3200 -832 1008 ) (-3200 -1024 1008 ) (-3328 -1024 1008 ) (-3328 -832 1008 ) 
4 95 98 (-3328 -1024 1152 ) (-3328 -832 1152 ) (-3328 -832 1008 ) (-3328 -1024 1008 ) 
4 96 144 (-3392 -704 1008 ) (-3392 -576 1008 ) (-3328 -576 1008 ) (-3328 -704 1008 ) 
4 96 103 (-3392 -576 1008 ) (-3392 -704 1008 ) (-3392 -704 1040 ) (-3392 -576 1040 ) 
4 96 102 (-3392 -704 1040 ) (-3392 -704 1152 ) (-3392 -576 1152 ) (-3392 -576 1040 ) 
4 96 97 (-3328 -704 1088 ) (-3328 -704 1152 ) (-3392 -704 1152 ) (-3392 -704 1088 ) 
4 97 102 (-3392 -736 1088 ) (-3392 -736 1152 ) (-3392 -704 1152 ) (-3392 -704 1088 ) 
4 98 237 (-3392 -1024 1152 ) (-3392 -1024 1008 ) (-3328 -1024 1008 ) (-3328 -1024 1152 ) 
4 98 147 (-3328 -1024 1008 ) (-3392 -1024 1008 ) (-3392 -832 1008 ) (-3328 -832 1008 ) 
4 98 103 (-3392 -832 1008 ) (-3392 -1024 1008 ) (-3392 -1024 1040 ) (-3392 -832 1040 ) 
4 98 102 (-3392 -1024 1040 ) (-3392 -1024 1152 ) (-3392 -832 1152 ) (-3392 -832 1040 ) 
4 99 102 (-3392 -256 1280 ) (-3392 -256 1988.439941 ) (-3400 -256 1988.439941 ) (-3400 -256 1280 ) 
4 99 101 (-3400 -256 1280 ) (-3400 -256 1988.439941 ) (-3400 0 1988.439941 ) (-3400 0 1280 ) 
4 99 100 (-3392 -256 1280 ) (-3400 -256 1280 ) (-3400 0 1280 ) (-3392 0 1280 ) 
4 100 103 (-3400 -256 1024 ) (-3392 -256 1024 ) (-3392 -256 1040 ) (-3400 -256 1040 ) 
4 100 102 (-3392 -256 1040 ) (-3392 -256 1280 ) (-3400 -256 1280 ) (-3400 -256 1040 ) 
4 100 101 (-3400 0 1024 ) (-3400 -256 1024 ) (-3400 -256 1280 ) (-3400 0 1280 ) 
4 101 107 (-3616 -48 1024 ) (-3616 -208 1024 ) (-3616 -208 1136 ) (-3616 -48 1136 ) 
4 101 105 (-3616 0 1988.439941 ) (-3616 0 1504 ) (-3616 -256 1504 ) (-3616 -256 1988.439941 ) 
4 101 104 (-3616 -256 1040 ) (-3616 -256 1024 ) (-3600 -256 1024 ) (-3600 -256 1040 ) 
4 101 103 (-3600 -256 1024 ) (-3400 -256 1024 ) (-3400 -256 1040 ) (-3600 -256 1040 ) 
4 101 102 (-3616 -256 1988.439941 ) (-3616 -256 1040 ) (-3400 -256 1040 ) (-3400 -256 1988.439941 ) 
4 102 238 (-3616 -1024 1464 ) (-3616 -1024 1040 ) (-3600 -1024 1040 ) (-3600 -1024 1464 ) 
4 102 237 (-3600 -1024 1040 ) (-3392 -1024 1040 ) (-3392 -1024 1464 ) (-3600 -1024 1464 ) 
4 102 235 (-3616 -1024 1988.439941 ) (-3616 -1024 1464 ) (-3392 -1024 1464 ) (-3392 -1024 1988.439941 ) 
4 102 109 (-3616 -1024 1040 ) (-3616 -1024 1136 ) (-3616 -992 1136 ) (-3616 -992 1040 ) 
4 102 108 (-3616 -992 1136 ) (-3616 -272 1136 ) (-3616 -272 1040 ) (-3616 -992 1040 ) 
4 102 105 (-3616 -272 1988.439941 ) (-3616 -256 1988.439941 ) (-3616 -256 1504 ) (-3616 -272 1504 ) 
4 102 106 (-3616 -1024 1136 ) (-3616 -1024 1988.439941 ) (-3616 -272 1988.439941 ) (-3616 -272 1136 ) 
4 102 104 (-3616 -992 1040 ) (-3616 -256 1040 ) (-3600 -256 1040 ) (-3600 -992 1040 ) 
4 102 103 (-3600 -256 1040 ) (-3392 -256 1040 ) (-3392 -1024 1040 ) (-3600 -1024 1040 ) 
4 103 237 (-3600 -1024 1008 ) (-3392 -1024 1008 ) (-3392 -1024 1040 ) (-3600 -1024 1040 ) 
4 103 148 (-3392 -256 1008 ) (-3392 -1024 1008 ) (-3600 -1024 1008 ) (-3600 -256 1008 ) 
4 103 104 (-3600 -992 1040 ) (-3600 -256 1040 ) (-3600 -256 1008 ) (-3600 -992 1008 ) 
4 104 149 (-3616 -992 1008 ) (-3616 -256 1008 ) (-3600 -256 1008 ) (-3600 -992 1008 ) 
4 104 108 (-3616 -272 1008 ) (-3616 -992 1008 ) (-3616 -992 1040 ) (-3616 -272 1040 ) 
4 105 110 (-3632 0 1988.439941 ) (-3632 0 1632 ) (-3632 -272 1632 ) (-3632 -272 1988.439941 ) 
4 105 106 (-3616 -272 1504 ) (-3616 -272 1988.439941 ) (-3632 -272 1988.439941 ) (-3632 -272 1504 ) 
4 106 238 (-3632 -1024 1464 ) (-3632 -1024 1136 ) (-3616 -1024 1136 ) (-3616 -1024 1464 ) 
4 106 235 (-3632 -1024 1988.439941 ) (-3632 -1024 1464 ) (-3616 -1024 1464 ) (-3616 -1024 1988.439941 ) 
4 106 136 (-3632 -992 1136 ) (-3632 -1024 1136 ) (-3632 -1024 1464 ) (-3632 -992 1464 ) 
4 106 135 (-3632 -912 1136 ) (-3632 -992 1136 ) (-3632 -992 1464 ) (-3632 -912 1464 ) 
4 106 134 (-3632 -1024 1464 ) (-3632 -1024 1988.439941 ) (-3632 -912 1988.439941 ) (-3632 -912 1464 ) 
4 106 133 (-3632 -736 1136 ) (-3632 -912 1136 ) (-3632 -912 1288 ) (-3632 -736 1288 ) 
4 106 113 (-3632 -736 1504 ) (-3632 -272 1504 ) (-3632 -272 1440 ) (-3632 -736 1440 ) 
4 106 114 (-3632 -912 1288 ) (-3632 -912 1504 ) (-3632 -736 1504 ) (-3632 -736 1288 ) 
4 106 110 (-3632 -384 1988.439941 ) (-3632 -272 1988.439941 ) (-3632 -272 1632 ) (-3632 -384 1632 ) 
4 106 111 (-3632 -912 1504 ) (-3632 -912 1988.439941 ) (-3632 -384 1988.439941 ) (-3632 -384 1504 ) 
4 106 109 (-3632 -1024 1136 ) (-3632 -992 1136 ) (-3616 -992 1136 ) (-3616 -1024 1136 ) 
4 106 108 (-3632 -992 1136 ) (-3632 -272 1136 ) (-3616 -272 1136 ) (-3616 -992 1136 ) 
4 107 151 (-3616 -48 1008 ) (-3616 -208 1008 ) (-3632 -208 1008 ) (-3632 -48 1008 ) 
4 107 128 (-3632 -208 1024 ) (-3632 -208 1136 ) (-3632 -48 1136 ) (-3632 -48 1024 ) 
4 108 152 (-3616 -272 1008 ) (-3616 -992 1008 ) (-3632 -992 1008 ) (-3632 -272 1008 ) 
4 108 135 (-3632 -912 1008 ) (-3632 -992 1008 ) (-3632 -992 1136 ) (-3632 -912 1136 ) 
4 108 133 (-3632 -736 1008 ) (-3632 -912 1008 ) (-3632 -912 1136 ) (-3632 -736 1136 ) 
4 108 109 (-3616 -992 1040 ) (-3616 -992 1136 ) (-3632 -992 1136 ) (-3632 -992 1040 ) 
4 109 238 (-3632 -1024 1136 ) (-3632 -1024 1040 ) (-3616 -1024 1040 ) (-3616 -1024 1136 ) 
4 109 136 (-3632 -1024 1040 ) (-3632 -1024 1136 ) (-3632 -992 1136 ) (-3632 -992 1040 ) 
4 110 163 (-4096 0 1988.439941 ) (-4096 0 1632 ) (-4096 -384 1632 ) (-4096 -384 1988.439941 ) 
4 110 111 (-3632 -384 1632 ) (-3632 -384 1988.439941 ) (-4096 -384 1988.439941 ) (-4096 -384 1632 ) 
4 111 165 (-4096 -384 1504 ) (-4096 -912 1504 ) (-4096 -912 1988.439941 ) (-4096 -384 1988.439941 ) 
4 111 134 (-3632 -912 1504 ) (-3632 -912 1988.439941 ) (-3920 -912 1988.439941 ) (-3920 -912 1504 ) 
4 111 113 (-4096 -736 1504 ) (-4096 -384 1504 ) (-3632 -384 1504 ) (-3632 -736 1504 ) 
4 111 114 (-3632 -912 1504 ) (-4096 -912 1504 ) (-4096 -736 1504 ) (-3632 -736 1504 ) 
4 112 166 (-4096 0 1464 ) (-4096 0 1288 ) (-4096 -256 1288 ) (-4096 -256 1464 ) 
4 112 164 (-4096 0 1504 ) (-4096 0 1464 ) (-4096 -256 1464 ) (-4096 -256 1504 ) 
4 112 129 (-4096 -248 1288 ) (-4096 -16 1288 ) (-3640 -16 1288 ) (-3640 -248 1288 ) 
4 112 127 (-4096 -16 1288 ) (-4096 -8 1288 ) (-3916 -8 1288 ) (-3916 -16 1288 ) 
4 112 125 (-3844 -8 1288 ) (-3844 -16 1288 ) (-3900 -16 1288 ) (-3900 -8 1288 ) 
4 112 123 (-3640 -8 1288 ) (-3640 -16 1288 ) (-3828 -16 1288 ) (-3828 -8 1288 ) 
4 112 113 (-3632 -256 1440 ) (-3632 -256 1504 ) (-4096 -256 1504 ) (-4096 -256 1440 ) 
4 113 175 (-4096 -736 1440 ) (-4096 -736 1464 ) (-4096 -256 1464 ) (-4096 -256 1440 ) 
4 113 165 (-4096 -736 1464 ) (-4096 -736 1504 ) (-4096 -384 1504 ) (-4096 -384 1464 ) 
4 113 164 (-4096 -384 1504 ) (-4096 -256 1504 ) (-4096 -256 1464 ) (-4096 -384 1464 ) 
4 113 114 (-3632 -736 1440 ) (-3632 -736 1504 ) (-4096 -736 1504 ) (-4096 -736 1440 ) 
4 114 176 (-4096 -736 1288 ) (-4096 -912 1288 ) (-4096 -912 1464 ) (-4096 -736 1464 ) 
4 114 165 (-4096 -912 1464 ) (-4096 -912 1504 ) (-4096 -736 1504 ) (-4096 -736 1464 ) 
4 114 138 (-4048 -912 1464 ) (-4096 -912 1464 ) (-4096 -912 1400 ) (-4048 -912 1400 ) 
4 114 135 (-3632 -912 1288 ) (-3632 -912 1464 ) (-3648 -912 1464 ) (-3648 -912 1288 ) 
4 114 137 (-3648 -912 1464 ) (-3920 -912 1464 ) (-3920 -912 1288 ) (-3648 -912 1288 ) 
4 114 134 (-3632 -912 1464 ) (-3632 -912 1504 ) (-3920 -912 1504 ) (-3920 -912 1464 ) 
4 114 133 (-3632 -912 1288 ) (-4096 -912 1288 ) (-4096 -736 1288 ) (-3632 -736 1288 ) 
4 115 153 (-3824 0 1008 ) (-3636 0 1008 ) (-3636 -1 1008 ) (-3824 -1 1008 ) 
4 115 116 (-3824 -1 1026.880127 ) (-3824 -1 1008 ) (-3636 -1 1008 ) (-3636 -1 1026.880127 ) 
4 116 153 (-3636 -2 1008 ) (-3824 -2 1008 ) (-3824 -1 1008 ) (-3636 -1 1008 ) 
4 116 117 (-3824 -2 1026.880127 ) (-3824 -2 1008 ) (-3636 -2 1008 ) (-3636 -2 1026.880127 ) 
4 117 153 (-3636 -3 1008 ) (-3824 -3 1008 ) (-3824 -2 1008 ) (-3636 -2 1008 ) 
4 117 122 (-3824 -3 1008 ) (-3640 -3 1008 ) (-3640 -3 1152 ) (-3824 -3 1152 ) 
4 117 121 (-3640 -3 1008 ) (-3636 -3 1008 ) (-3636 -3 1152 ) (-3640 -3 1152 ) 
4 118 155 (-3900 0 1008 ) (-3844 0 1008 ) (-3844 -3 1008 ) (-3900 -3 1008 ) 
4 118 124 (-3900 -3 1008 ) (-3844 -3 1008 ) (-3844 -3 1282.650146 ) (-3900 -3 1282.650146 ) 
4 119 170 (-4096 0 1026.880127 ) (-4096 0 1008 ) (-4096 -1 1008 ) (-4096 -1 1026.880127 ) 
4 119 157 (-4096 0 1008 ) (-3920 0 1008 ) (-3920 -1 1008 ) (-4096 -1 1008 ) 
4 119 120 (-4096 -1 1008 ) (-3920 -1 1008 ) (-3920 -1 1026.880127 ) (-4096 -1 1026.880127 ) 
4 120 171 (-4096 -1 1008 ) (-4096 -3 1008 ) (-4096 -3 1152 ) (-4096 -1 1152 ) 
4 120 157 (-3920 -3 1008 ) (-4096 -3 1008 ) (-4096 -1 1008 ) (-3920 -1 1008 ) 
4 120 126 (-4096 -3 1008 ) (-3920 -3 1008 ) (-3920 -3 1152 ) (-4096 -3 1152 ) 
4 121 154 (-3632 -3 1008 ) (-3632 -16 1008 ) (-3640 -16 1008 ) (-3640 -3 1008 ) 
4 121 130 (-3640 -16 1008 ) (-3632 -16 1008 ) (-3632 -16 1024 ) (-3640 -16 1024 ) 
4 121 128 (-3632 -16 1024 ) (-3632 -16 1282.650146 ) (-3640 -16 1282.650146 ) (-3640 -16 1024 ) 
4 121 123 (-3640 -8 1008 ) (-3640 -16 1008 ) (-3640 -16 1282.650146 ) (-3640 -8 1282.650146 ) 
4 121 122 (-3640 -3 1282.650146 ) (-3640 -3 1008 ) (-3640 -8 1008 ) (-3640 -8 1282.650146 ) 
4 122 154 (-3828 -3 1008 ) (-3640 -3 1008 ) (-3640 -8 1008 ) (-3828 -8 1008 ) 
4 122 123 (-3828 -8 1008 ) (-3640 -8 1008 ) (-3640 -8 1282.650146 ) (-3828 -8 1282.650146 ) 
4 123 154 (-3640 -16 1008 ) (-3828 -16 1008 ) (-3828 -8 1008 ) (-3640 -8 1008 ) 
4 123 130 (-3828 -16 1008 ) (-3640 -16 1008 ) (-3640 -16 1024 ) (-3828 -16 1024 ) 
4 123 129 (-3640 -16 1024 ) (-3640 -16 1288 ) (-3828 -16 1288 ) (-3828 -16 1024 ) 
4 124 155 (-3900 -8 1008 ) (-3900 -3 1008 ) (-3844 -3 1008 ) (-3844 -8 1008 ) 
4 124 125 (-3900 -8 1282.650146 ) (-3900 -8 1008 ) (-3844 -8 1008 ) (-3844 -8 1282.650146 ) 
4 125 155 (-3844 -16 1008 ) (-3900 -16 1008 ) (-3900 -8 1008 ) (-3844 -8 1008 ) 
4 125 130 (-3900 -16 1008 ) (-3844 -16 1008 ) (-3844 -16 1024 ) (-3900 -16 1024 ) 
4 125 129 (-3844 -16 1024 ) (-3844 -16 1288 ) (-3900 -16 1288 ) (-3900 -16 1024 ) 
4 126 171 (-4096 -3 1008 ) (-4096 -8 1008 ) (-4096 -8 1152 ) (-4096 -3 1152 ) 
4 126 169 (-4096 -8 1152 ) (-4096 -8 1282.650146 ) (-4096 -3 1282.650146 ) (-4096 -3 1152 ) 
4 126 157 (-4096 -8 1008 ) (-4096 -3 1008 ) (-3920 -3 1008 ) (-3920 -8 1008 ) 
4 126 156 (-3920 -3 1008 ) (-3916 -3 1008 ) (-3916 -8 1008 ) (-3920 -8 1008 ) 
4 126 127 (-4096 -8 1008 ) (-3916 -8 1008 ) (-3916 -8 1282.650146 ) (-4096 -8 1282.650146 ) 
4 127 171 (-4096 -8 1008 ) (-4096 -16 1008 ) (-4096 -16 1152 ) (-4096 -8 1152 ) 
4 127 169 (-4096 -16 1152 ) (-4096 -16 1282.650146 ) (-4096 -8 1282.650146 ) (-4096 -8 1152 ) 
4 127 167 (-4096 -16 1282.650146 ) (-4096 -16 1288 ) (-4096 -8 1288 ) (-4096 -8 1282.650146 ) 
4 127 157 (-3920 -16 1008 ) (-4096 -16 1008 ) (-4096 -8 1008 ) (-3920 -8 1008 ) 
4 127 156 (-3916 -16 1008 ) (-3920 -16 1008 ) (-3920 -8 1008 ) (-3916 -8 1008 ) 
4 127 130 (-4096 -16 1008 ) (-3916 -16 1008 ) (-3916 -16 1024 ) (-4096 -16 1024 ) 
4 127 129 (-3916 -16 1024 ) (-3916 -16 1288 ) (-4096 -16 1288 ) (-4096 -16 1024 ) 
4 128 132 (-3632 -248 1024 ) (-3632 -248 1282.650146 ) (-3640 -248 1282.650146 ) (-3640 -248 1024 ) 
4 128 130 (-3640 -32 1024 ) (-3640 -16 1024 ) (-3632 -16 1024 ) (-3632 -32 1024 ) 
4 128 131 (-3632 -248 1024 ) (-3640 -248 1024 ) (-3640 -224 1024 ) (-3632 -224 1024 ) 
4 128 129 (-3640 -16 1282.650146 ) (-3640 -16 1024 ) (-3640 -248 1024 ) (-3640 -248 1282.650146 ) 
4 129 173 (-4096 -224 1152 ) (-4096 -32 1152 ) (-4096 -32 1024 ) (-4096 -224 1024 ) 
4 129 174 (-4096 -248 1024 ) (-4096 -248 1152 ) (-4096 -224 1152 ) (-4096 -224 1024 ) 
4 129 171 (-4096 -32 1152 ) (-4096 -16 1152 ) (-4096 -16 1024 ) (-4096 -32 1024 ) 
4 129 169 (-4096 -248 1152 ) (-4096 -248 1282.650146 ) (-4096 -16 1282.650146 ) (-4096 -16 1152 ) 
4 129 167 (-4096 -248 1282.650146 ) (-4096 -248 1288 ) (-4096 -16 1288 ) (-4096 -16 1282.650146 ) 
4 129 132 (-4096 -248 1282.650146 ) (-4096 -248 1024 ) (-3640 -248 1024 ) (-3640 -248 1282.650146 ) 
4 129 130 (-4096 -32 1024 ) (-4096 -16 1024 ) (-3640 -16 1024 ) (-3640 -32 1024 ) 
4 129 131 (-3640 -248 1024 ) (-4096 -248 1024 ) (-4096 -224 1024 ) (-3640 -224 1024 ) 
4 130 171 (-4096 -16 1008 ) (-4096 -32 1008 ) (-4096 -32 1024 ) (-4096 -16 1024 ) 
4 130 158 (-3632 -16 1008 ) (-3632 -32 1008 ) (-4096 -32 1008 ) (-4096 -16 1008 ) 
4 131 174 (-4096 -224 1008 ) (-4096 -248 1008 ) (-4096 -248 1024 ) (-4096 -224 1024 ) 
4 131 159 (-3632 -224 1008 ) (-3632 -248 1008 ) (-4096 -248 1008 ) (-4096 -224 1008 ) 
4 131 132 (-4096 -248 1008 ) (-3632 -248 1008 ) (-3632 -248 1024 ) (-4096 -248 1024 ) 
4 132 174 (-4096 -248 1008 ) (-4096 -256 1008 ) (-4096 -256 1152 ) (-4096 -248 1152 ) 
4 132 169 (-4096 -256 1152 ) (-4096 -256 1282.650146 ) (-4096 -248 1282.650146 ) (-4096 -248 1152 ) 
4 132 159 (-3632 -248 1008 ) (-3632 -256 1008 ) (-4096 -256 1008 ) (-4096 -248 1008 ) 
4 133 176 (-4096 -736 1008 ) (-4096 -912 1008 ) (-4096 -912 1288 ) (-4096 -736 1288 ) 
4 133 160 (-3632 -736 1008 ) (-3632 -912 1008 ) (-4096 -912 1008 ) (-4096 -736 1008 ) 
4 133 135 (-3648 -912 1008 ) (-3632 -912 1008 ) (-3632 -912 1288 ) (-3648 -912 1288 ) 
4 133 137 (-3920 -912 1008 ) (-3648 -912 1008 ) (-3648 -912 1288 ) (-3920 -912 1288 ) 
4 134 235 (-3920 -1024 1464 ) (-3632 -1024 1464 ) (-3632 -1024 1988.439941 ) (-3920 -1024 1988.439941 ) 
4 134 136 (-3632 -992 1464 ) (-3632 -1024 1464 ) (-3648 -1024 1464 ) (-3648 -992 1464 ) 
4 134 135 (-3648 -912 1464 ) (-3632 -912 1464 ) (-3632 -992 1464 ) (-3648 -992 1464 ) 
4 134 137 (-3920 -912 1464 ) (-3648 -912 1464 ) (-3648 -1024 1464 ) (-3920 -1024 1464 ) 
4 135 161 (-3632 -912 1008 ) (-3632 -992 1008 ) (-3648 -992 1008 ) (-3648 -912 1008 ) 
4 135 136 (-3648 -992 1464 ) (-3648 -992 1040 ) (-3632 -992 1040 ) (-3632 -992 1464 ) 
4 135 137 (-3648 -992 1464 ) (-3648 -912 1464 ) (-3648 -912 1008 ) (-3648 -992 1008 ) 
4 136 238 (-3632 -1024 1040 ) (-3632 -1024 1464 ) (-3648 -1024 1464 ) (-3648 -1024 1040 ) 
4 136 137 (-3648 -1024 1464 ) (-3648 -992 1464 ) (-3648 -992 1040 ) (-3648 -1024 1040 ) 
4 137 239 (-3920 -1024 1008 ) (-3648 -1024 1008 ) (-3648 -1024 1464 ) (-3920 -1024 1464 ) 
4 137 162 (-3648 -1024 1008 ) (-3920 -1024 1008 ) (-3920 -912 1008 ) (-3648 -912 1008 ) 
4 138 177 (-4096 -944 1400 ) (-4096 -944 1464 ) (-4096 -912 1464 ) (-4096 -912 1400 ) 
4 139 141 (-3072 -544 779.556030 ) (-3072 -544 1008 ) (-3200 -544 1008 ) (-3200 -544 779.556030 ) 
4 139 140 (-3200 -448 1008 ) (-3200 0 1008 ) (-3200 0 779.556030 ) (-3200 -448 779.556030 ) 
4 140 143 (-3264 -448 779.556030 ) (-3264 -448 1008 ) (-3264 0 1008 ) (-3264 0 779.556030 ) 
4 141 145 (-3072 -704 779.556030 ) (-3072 -704 1008 ) (-3200 -704 1008 ) (-3200 -704 779.556030 ) 
4 141 142 (-3200 -576 779.556030 ) (-3200 -704 779.556030 ) (-3200 -704 1008 ) (-3200 -576 1008 ) 
4 142 144 (-3264 -704 779.556030 ) (-3264 -704 1008 ) (-3264 -576 1008 ) (-3264 -576 779.556030 ) 
4 143 148 (-3392 -448 1008 ) (-3392 -256 1008 ) (-3392 -256 779.556030 ) (-3392 -448 779.556030 ) 
4 144 148 (-3392 -704 779.556030 ) (-3392 -704 1008 ) (-3392 -576 1008 ) (-3392 -576 779.556030 ) 
4 145 241 (-3072 -1024 779.556030 ) (-3072 -1024 1008 ) (-3200 -1024 1008 ) (-3200 -1024 779.556030 ) 
4 145 146 (-3200 -832 779.556030 ) (-3200 -1024 779.556030 ) (-3200 -1024 1008 ) (-3200 -832 1008 ) 
4 146 241 (-3200 -1024 779.556030 ) (-3200 -1024 1008 ) (-3328 -1024 1008 ) (-3328 -1024 779.556030 ) 
4 146 147 (-3328 -832 779.556030 ) (-3328 -1024 779.556030 ) (-3328 -1024 1008 ) (-3328 -832 1008 ) 
4 147 241 (-3328 -1024 779.556030 ) (-3328 -1024 1008 ) (-3392 -1024 1008 ) (-3392 -1024 779.556030 ) 
4 147 148 (-3392 -1024 779.556030 ) (-3392 -1024 1008 ) (-3392 -832 1008 ) (-3392 -832 779.556030 ) 
4 148 241 (-3392 -1024 779.556030 ) (-3392 -1024 1008 ) (-3600 -1024 1008 ) (-3600 -1024 779.556030 ) 
4 148 149 (-3600 -256 1008 ) (-3600 -256 779.556030 ) (-3600 -992 779.556030 ) (-3600 -992 1008 ) 
4 149 152 (-3616 -992 1008 ) (-3616 -272 1008 ) (-3616 -272 779.556030 ) (-3616 -992 779.556030 ) 
4 150 158 (-3632 -16 779.556030 ) (-3632 -32 779.556030 ) (-3632 -32 976 ) (-3632 -16 976 ) 
4 150 154 (-3632 -3 779.556030 ) (-3632 -16 779.556030 ) (-3632 -16 976 ) (-3632 -3 976 ) 
4 150 151 (-3632 -48 976 ) (-3632 -48 779.556030 ) (-3616 -48 779.556030 ) (-3616 -48 976 ) 
4 152 161 (-3632 -992 1008 ) (-3632 -912 1008 ) (-3632 -912 779.556030 ) (-3632 -992 779.556030 ) 
4 152 160 (-3632 -912 1008 ) (-3632 -736 1008 ) (-3632 -736 779.556030 ) (-3632 -912 779.556030 ) 
4 153 154 (-3636 -3 779.556030 ) (-3636 -3 1008 ) (-3824 -3 1008 ) (-3824 -3 779.556030 ) 
4 154 158 (-3632 -16 779.556030 ) (-3632 -16 1008 ) (-3828 -16 1008 ) (-3828 -16 779.556030 ) 
4 155 158 (-3844 -16 779.556030 ) (-3844 -16 1008 ) (-3900 -16 1008 ) (-3900 -16 779.556030 ) 
4 156 158 (-3916 -16 779.556030 ) (-3916 -16 1008 ) (-3920 -16 1008 ) (-3920 -16 779.556030 ) 
4 156 157 (-3920 -16 779.556030 ) (-3920 -16 1008 ) (-3920 -3 1008 ) (-3920 -3 779.556030 ) 
4 157 196 (-4096 -3 779.556030 ) (-4096 -16 779.556030 ) (-4096 -16 1008 ) (-4096 -3 1008 ) 
4 157 195 (-4096 0 1008 ) (-4096 0 779.556030 ) (-4096 -3 779.556030 ) (-4096 -3 1008 ) 
4 157 158 (-3920 -16 779.556030 ) (-3920 -16 1008 ) (-4096 -16 1008 ) (-4096 -16 779.556030 ) 
4 158 196 (-4096 -32 1008 ) (-4096 -16 1008 ) (-4096 -16 779.556030 ) (-4096 -32 779.556030 ) 
4 159 197 (-4096 -256 779.556030 ) (-4096 -256 1008 ) (-4096 -224 1008 ) (-4096 -224 779.556030 ) 
4 160 200 (-4096 -912 779.556030 ) (-4096 -912 1008 ) (-4096 -736 1008 ) (-4096 -736 779.556030 ) 
4 160 162 (-3648 -912 1008 ) (-3920 -912 1008 ) (-3920 -912 779.556030 ) (-3648 -912 779.556030 ) 
4 160 161 (-3632 -912 779.556030 ) (-3632 -912 1008 ) (-3648 -912 1008 ) (-3648 -912 779.556030 ) 
4 161 162 (-3648 -912 1008 ) (-3648 -912 779.556030 ) (-3648 -992 779.556030 ) (-3648 -992 1008 ) 
4 162 242 (-3648 -1024 779.556030 ) (-3648 -1024 1008 ) (-3920 -1024 1008 ) (-3920 -1024 779.556030 ) 
4 163 178 (-4112 0 1988.439941 ) (-4112 0 1632 ) (-4112 -384 1632 ) (-4112 -384 1988.439941 ) 
4 163 165 (-4112 -384 1988.439941 ) (-4112 -384 1632 ) (-4096 -384 1632 ) (-4096 -384 1988.439941 ) 
4 164 182 (-4112 0 1504 ) (-4112 0 1464 ) (-4112 -384 1464 ) (-4112 -384 1504 ) 
4 164 175 (-4112 -384 1464 ) (-4112 -256 1464 ) (-4096 -256 1464 ) (-4096 -384 1464 ) 
4 164 166 (-4112 -256 1464 ) (-4112 0 1464 ) (-4096 0 1464 ) (-4096 -256 1464 ) 
4 164 165 (-4112 -384 1504 ) (-4112 -384 1464 ) (-4096 -384 1464 ) (-4096 -384 1504 ) 
4 165 180 (-4112 -416 1504 ) (-4112 -912 1504 ) (-4112 -912 1632 ) (-4112 -416 1632 ) 
4 165 179 (-4112 -384 1632 ) (-4112 -384 1504 ) (-4112 -416 1504 ) (-4112 -416 1632 ) 
4 165 182 (-4112 -384 1504 ) (-4112 -384 1464 ) (-4112 -912 1464 ) (-4112 -912 1504 ) 
4 165 178 (-4112 -912 1988.439941 ) (-4112 -384 1988.439941 ) (-4112 -384 1632 ) (-4112 -912 1632 ) 
4 165 176 (-4112 -912 1464 ) (-4112 -736 1464 ) (-4096 -736 1464 ) (-4096 -912 1464 ) 
4 165 175 (-4112 -736 1464 ) (-4112 -384 1464 ) (-4096 -384 1464 ) (-4096 -736 1464 ) 
4 166 183 (-4112 -16 1440 ) (-4112 0 1440 ) (-4112 0 1288 ) (-4112 -16 1288 ) 
4 166 184 (-4112 -256 1288 ) (-4112 -256 1440 ) (-4112 -16 1440 ) (-4112 -16 1288 ) 
4 166 182 (-4112 -256 1440 ) (-4112 -256 1464 ) (-4112 0 1464 ) (-4112 0 1440 ) 
4 166 175 (-4096 -256 1464 ) (-4112 -256 1464 ) (-4112 -256 1440 ) (-4096 -256 1440 ) 
4 166 168 (-4100.440430 -256 1288 ) (-4112 -256 1288 ) (-4112 -248 1288 ) (-4100.440430 -248 1288 ) 
4 166 167 (-4112 -248 1288 ) (-4112 -8 1288 ) (-4096 -8 1288 ) (-4096 -248 1288 ) 
4 167 184 (-4112 -248 1288 ) (-4112 -16 1288 ) (-4112 -16 1282.650146 ) (-4112 -248 1282.650146 ) 
4 167 169 (-4112 -248 1282.650146 ) (-4112 -8 1282.650146 ) (-4096 -8 1282.650146 ) (-4096 -248 1282.650146 ) 
4 167 168 (-4112 -248 1282.650146 ) (-4100.440430 -248 1282.650146 ) (-4100.440430 -248 1288 ) (-4112 -248 1288 ) 
4 168 184 (-4112 -256 1282.650146 ) (-4112 -256 1288 ) (-4112 -248 1288 ) (-4112 -248 1282.650146 ) 
4 168 169 (-4100.440430 -256 1282.650146 ) (-4112 -256 1282.650146 ) (-4112 -248 1282.650146 ) (-4100.440430 -248 1282.650146 ) 
4 169 184 (-4112 -256 1152 ) (-4112 -256 1282.650146 ) (-4112 -16 1282.650146 ) (-4112 -16 1152 ) 
4 169 173 (-4112 -224 1152 ) (-4112 -32 1152 ) (-4096 -32 1152 ) (-4096 -224 1152 ) 
4 169 174 (-4096 -256 1152 ) (-4112 -256 1152 ) (-4112 -224 1152 ) (-4096 -224 1152 ) 
4 169 172 (-4112 -32 1152 ) (-4112 -3 1152 ) (-4108 -3 1152 ) (-4108 -32 1152 ) 
4 169 171 (-4108 -3 1152 ) (-4096 -3 1152 ) (-4096 -32 1152 ) (-4108 -32 1152 ) 
4 170 195 (-4096 0 1008 ) (-4096 -1 1008 ) (-4108 -1 1008 ) (-4108 0 1008 ) 
4 170 171 (-4108 -1 1026.880127 ) (-4108 -1 1008 ) (-4096 -1 1008 ) (-4096 -1 1026.880127 ) 
4 171 196 (-4096 -3 1008 ) (-4096 -32 1008 ) (-4108 -32 1008 ) (-4108 -3 1008 ) 
4 171 195 (-4096 -1 1008 ) (-4096 -3 1008 ) (-4108 -3 1008 ) (-4108 -1 1008 ) 
4 171 173 (-4096 -32 1152 ) (-4108 -32 1152 ) (-4108 -32 1024 ) (-4096 -32 1024 ) 
4 171 172 (-4108 -3 1008 ) (-4108 -32 1008 ) (-4108 -32 1152 ) (-4108 -3 1152 ) 
4 172 196 (-4108 -32 1008 ) (-4112 -32 1008 ) (-4112 -3 1008 ) (-4108 -3 1008 ) 
4 172 184 (-4112 -32 1024 ) (-4112 -32 1152 ) (-4112 -16 1152 ) (-4112 -16 1024 ) 
4 172 173 (-4108 -32 1152 ) (-4112 -32 1152 ) (-4112 -32 1024 ) (-4108 -32 1024 ) 
4 173 184 (-4112 -224 1024 ) (-4112 -224 1152 ) (-4112 -32 1152 ) (-4112 -32 1024 ) 
4 173 174 (-4096 -224 1152 ) (-4112 -224 1152 ) (-4112 -224 1024 ) (-4096 -224 1024 ) 
4 174 197 (-4096 -224 1008 ) (-4096 -256 1008 ) (-4112 -256 1008 ) (-4112 -224 1008 ) 
4 174 184 (-4112 -256 1024 ) (-4112 -256 1152 ) (-4112 -224 1152 ) (-4112 -224 1024 ) 
4 175 182 (-4112 -736 1440 ) (-4112 -736 1464 ) (-4112 -256 1464 ) (-4112 -256 1440 ) 
4 175 176 (-4096 -736 1464 ) (-4112 -736 1464 ) (-4112 -736 1440 ) (-4096 -736 1440 ) 
4 176 200 (-4096 -736 1008 ) (-4096 -912 1008 ) (-4112 -912 1008 ) (-4112 -736 1008 ) 
4 176 185 (-4112 -736 1008 ) (-4112 -912 1008 ) (-4112 -912 1440 ) (-4112 -736 1440 ) 
4 176 182 (-4112 -912 1440 ) (-4112 -912 1464 ) (-4112 -736 1464 ) (-4112 -736 1440 ) 
4 176 177 (-4096 -912 1464 ) (-4112 -912 1464 ) (-4112 -912 1400 ) (-4096 -912 1400 ) 
4 177 185 (-4112 -944 1400 ) (-4112 -944 1440 ) (-4112 -912 1440 ) (-4112 -912 1400 ) 
4 177 182 (-4112 -944 1440 ) (-4112 -944 1464 ) (-4112 -912 1464 ) (-4112 -912 1440 ) 
4 178 245 (-4800 -1024 1988.439941 ) (-4800 -1024 1632 ) (-4112 -1024 1632 ) (-4112 -1024 1988.439941 ) 
4 178 193 (-4800 -256 1632 ) (-4800 -752 1632 ) (-4800 -752 1988.439941 ) (-4800 -256 1988.439941 ) 
4 178 194 (-4800 -752 1632 ) (-4800 -1024 1632 ) (-4800 -1024 1988.439941 ) (-4800 -752 1988.439941 ) 
4 178 192 (-4800 0 1988.439941 ) (-4800 0 1632 ) (-4800 -256 1632 ) (-4800 -256 1988.439941 ) 
4 178 181 (-4800 -1024 1632 ) (-4800 -640 1632 ) (-4224 -640 1632 ) (-4224 -1024 1632 ) 
4 178 180 (-4224 -416 1632 ) (-4112 -416 1632 ) (-4112 -1024 1632 ) (-4224 -1024 1632 ) 
4 178 179 (-4800 -416 1632 ) (-4800 -384 1632 ) (-4112 -384 1632 ) (-4112 -416 1632 ) 
4 179 193 (-4800 -384 1504 ) (-4800 -416 1504 ) (-4800 -416 1632 ) (-4800 -384 1632 ) 
4 179 180 (-4224 -416 1504 ) (-4112 -416 1504 ) (-4112 -416 1632 ) (-4224 -416 1632 ) 
4 179 182 (-4800 -416 1504 ) (-4800 -384 1504 ) (-4112 -384 1504 ) (-4112 -416 1504 ) 
4 180 245 (-4224 -1024 1504 ) (-4112 -1024 1504 ) (-4112 -1024 1632 ) (-4224 -1024 1632 ) 
4 180 181 (-4224 -640 1504 ) (-4224 -1024 1504 ) (-4224 -1024 1632 ) (-4224 -640 1632 ) 
4 180 182 (-4224 -416 1504 ) (-4112 -416 1504 ) (-4112 -1024 1504 ) (-4224 -1024 1504 ) 
4 181 245 (-4800 -1024 1632 ) (-4800 -1024 1504 ) (-4224 -1024 1504 ) (-4224 -1024 1632 ) 
4 181 193 (-4800 -640 1504 ) (-4800 -752 1504 ) (-4800 -752 1632 ) (-4800 -640 1632 ) 
4 181 194 (-4800 -752 1504 ) (-4800 -1024 1504 ) (-4800 -1024 1632 ) (-4800 -752 1632 ) 
4 181 182 (-4800 -1024 1504 ) (-4800 -640 1504 ) (-4224 -640 1504 ) (-4224 -1024 1504 ) 
4 182 247 (-4800 -1024 1464 ) (-4800 -1024 1440 ) (-4112 -1024 1440 ) (-4112 -1024 1464 ) 
4 182 245 (-4800 -1024 1504 ) (-4800 -1024 1464 ) (-4112 -1024 1464 ) (-4112 -1024 1504 ) 
4 182 193 (-4800 -256 1440 ) (-4800 -752 1440 ) (-4800 -752 1504 ) (-4800 -256 1504 ) 
4 182 194 (-4800 -752 1440 ) (-4800 -1024 1440 ) (-4800 -1024 1504 ) (-4800 -752 1504 ) 
4 182 192 (-4800 0 1504 ) (-4800 0 1440 ) (-4800 -256 1440 ) (-4800 -256 1504 ) 
4 182 191 (-4800 -1024 1440 ) (-4800 -752 1440 ) (-4128 -752 1440 ) (-4128 -1024 1440 ) 
4 182 190 (-4800 -736 1440 ) (-4800 -640 1440 ) (-4128 -640 1440 ) (-4128 -736 1440 ) 
4 182 188 (-4800 -256 1440 ) (-4800 -64 1440 ) (-4608 -64 1440 ) (-4608 -256 1440 ) 
4 182 187 (-4800 -64 1440 ) (-4800 0 1440 ) (-4608 0 1440 ) (-4608 -64 1440 ) 
4 182 189 (-4800 -640 1440 ) (-4800 -256 1440 ) (-4608 -256 1440 ) (-4608 -640 1440 ) 
4 182 186 (-4608 0 1440 ) (-4128 0 1440 ) (-4128 -640 1440 ) (-4608 -640 1440 ) 
4 182 185 (-4112 -736 1440 ) (-4112 -1024 1440 ) (-4128 -1024 1440 ) (-4128 -736 1440 ) 
4 182 183 (-4128 0 1440 ) (-4112 0 1440 ) (-4112 -16 1440 ) (-4128 -16 1440 ) 
4 182 184 (-4112 -16 1440 ) (-4112 -256 1440 ) (-4128 -256 1440 ) (-4128 -16 1440 ) 
4 183 186 (-4128 -16 1440 ) (-4128 0 1440 ) (-4128 0 1288 ) (-4128 -16 1288 ) 
4 183 184 (-4128 -16 1440 ) (-4128 -16 1288 ) (-4112 -16 1288 ) (-4112 -16 1440 ) 
4 184 186 (-4128 -256 1024 ) (-4128 -256 1440 ) (-4128 -16 1440 ) (-4128 -16 1024 ) 
4 185 247 (-4128 -1024 1008 ) (-4112 -1024 1008 ) (-4112 -1024 1440 ) (-4128 -1024 1440 ) 
4 185 202 (-4112 -1024 1008 ) (-4128 -1024 1008 ) (-4128 -944 1008 ) (-4112 -944 1008 ) 
4 185 201 (-4128 -944 1008 ) (-4128 -736 1008 ) (-4112 -736 1008 ) (-4112 -944 1008 ) 
4 185 191 (-4128 -752 1008 ) (-4128 -1024 1008 ) (-4128 -1024 1440 ) (-4128 -752 1440 ) 
4 186 203 (-4128 -256 1008 ) (-4128 -640 1008 ) (-4608 -640 1008 ) (-4608 -256 1008 ) 
4 186 198 (-4608 0 1008 ) (-4128 0 1008 ) (-4128 -256 1008 ) (-4608 -256 1008 ) 
4 186 190 (-4128 -640 1120 ) (-4128 -640 1440 ) (-4608 -640 1440 ) (-4608 -640 1120 ) 
4 186 188 (-4608 -256 1024 ) (-4608 -256 1440 ) (-4608 -64 1440 ) (-4608 -64 1024 ) 
4 186 187 (-4608 0 1008 ) (-4608 -64 1008 ) (-4608 -64 1440 ) (-4608 0 1440 ) 
4 186 189 (-4608 -256 1008 ) (-4608 -640 1008 ) (-4608 -640 1440 ) (-4608 -256 1440 ) 
4 187 199 (-4800 -64 1008 ) (-4800 0 1008 ) (-4608 0 1008 ) (-4608 -64 1008 ) 
4 187 192 (-4800 0 1440 ) (-4800 0 1024 ) (-4800 -64 1024 ) (-4800 -64 1440 ) 
4 187 188 (-4608 -64 1024 ) (-4608 -64 1440 ) (-4800 -64 1440 ) (-4800 -64 1024 ) 
4 188 192 (-4800 -256 1024 ) (-4800 -256 1440 ) (-4800 -64 1440 ) (-4800 -64 1024 ) 
4 188 189 (-4608 -256 1024 ) (-4608 -256 1440 ) (-4800 -256 1440 ) (-4800 -256 1024 ) 
4 189 203 (-4800 -640 1008 ) (-4800 -256 1008 ) (-4608 -256 1008 ) (-4608 -640 1008 ) 
4 189 190 (-4608 -640 1440 ) (-4800 -640 1440 ) (-4800 -640 1120 ) (-4608 -640 1120 ) 
4 191 247 (-4800 -1024 1440 ) (-4800 -1024 1008 ) (-4128 -1024 1008 ) (-4128 -1024 1440 ) 
4 191 204 (-4128 -1024 1008 ) (-4800 -1024 1008 ) (-4800 -752 1008 ) (-4128 -752 1008 ) 
4 191 194 (-4800 -752 1008 ) (-4800 -1024 1008 ) (-4800 -1024 1440 ) (-4800 -752 1440 ) 
4 192 208 (-5120 0 1988.439941 ) (-5120 0 1440 ) (-5120 -256 1440 ) (-5120 -256 1988.439941 ) 
4 192 193 (-4800 -256 1440 ) (-4800 -256 1988.439941 ) (-5120 -256 1988.439941 ) (-5120 -256 1440 ) 
4 193 209 (-5120 -752 1988.439941 ) (-5120 -256 1988.439941 ) (-5120 -256 1440 ) (-5120 -752 1440 ) 
4 193 194 (-4800 -752 1440 ) (-4800 -752 1988.439941 ) (-5120 -752 1988.439941 ) (-5120 -752 1440 ) 
4 194 247 (-5120 -1024 1464 ) (-5120 -1024 1008 ) (-4800 -1024 1008 ) (-4800 -1024 1464 ) 
4 194 245 (-5120 -1024 1988.439941 ) (-5120 -1024 1464 ) (-4800 -1024 1464 ) (-4800 -1024 1988.439941 ) 
4 194 210 (-5120 -1024 1008 ) (-5120 -1024 1988.439941 ) (-5120 -752 1988.439941 ) (-5120 -752 1008 ) 
4 194 205 (-4800 -1024 1008 ) (-5120 -1024 1008 ) (-5120 -752 1008 ) (-4800 -752 1008 ) 
4 195 196 (-4096 -3 779.556030 ) (-4096 -3 1008 ) (-4108 -3 1008 ) (-4108 -3 779.556030 ) 
4 198 203 (-4128 -256 1008 ) (-4608 -256 1008 ) (-4608 -256 779.556030 ) (-4128 -256 779.556030 ) 
4 198 199 (-4608 -64 1008 ) (-4608 0 1008 ) (-4608 0 779.556030 ) (-4608 -64 779.556030 ) 
4 200 201 (-4112 -736 1008 ) (-4112 -736 779.556030 ) (-4112 -912 779.556030 ) (-4112 -912 1008 ) 
4 201 204 (-4128 -944 779.556030 ) (-4128 -944 1008 ) (-4128 -752 1008 ) (-4128 -752 779.556030 ) 
4 201 202 (-4128 -944 1008 ) (-4128 -944 779.556030 ) (-4112 -944 779.556030 ) (-4112 -944 1008 ) 
4 202 249 (-4112 -1024 779.556030 ) (-4112 -1024 1008 ) (-4128 -1024 1008 ) (-4128 -1024 779.556030 ) 
4 202 204 (-4128 -1024 779.556030 ) (-4128 -1024 1008 ) (-4128 -944 1008 ) (-4128 -944 779.556030 ) 
4 204 249 (-4128 -1024 779.556030 ) (-4128 -1024 1008 ) (-4800 -1024 1008 ) (-4800 -1024 779.556030 ) 
4 204 205 (-4800 -1024 779.556030 ) (-4800 -1024 1008 ) (-4800 -752 1008 ) (-4800 -752 779.556030 ) 
4 205 249 (-4800 -1024 779.556030 ) (-4800 -1024 1008 ) (-5120 -1024 1008 ) (-5120 -1024 779.556030 ) 
4 205 212 (-5120 -1024 779.556030 ) (-5120 -1024 1008 ) (-5120 -752 1008 ) (-5120 -752 779.556030 ) 
4 206 208 (-5120 0 1440 ) (-5120 0 1988.439941 ) (-5152 0 1988.439941 ) (-5152 0 1440 ) 
4 206 207 (-5152 0 1988.439941 ) (-5152 1024 1988.439941 ) (-5152 1024 1440 ) (-5152 0 1440 ) 
4 207 213 (-5152 0 779.556030 ) (-5152 0 1008 ) (-5156.450195 0 1008 ) (-5156.450195 0 779.556030 ) 
4 207 211 (-5152 0 1008 ) (-5152 0 1988.439941 ) (-5156.450195 0 1988.439941 ) (-5156.450195 0 1008 ) 
4 208 211 (-5152 -256 1440 ) (-5152 -256 1988.439941 ) (-5152 0 1988.439941 ) (-5152 0 1440 ) 
4 208 209 (-5152 -256 1988.439941 ) (-5152 -256 1440 ) (-5120 -256 1440 ) (-5120 -256 1988.439941 ) 
4 209 211 (-5152 -752 1440 ) (-5152 -752 1988.439941 ) (-5152 -256 1988.439941 ) (-5152 -256 1440 ) 
4 209 210 (-5152 -752 1988.439941 ) (-5152 -752 1440 ) (-5120 -752 1440 ) (-5120 -752 1988.439941 ) 
4 210 254 (-5120 -1024 1008 ) (-5120 -1024 1988.439941 ) (-5152 -1024 1988.439941 ) (-5152 -1024 1008 ) 
4 210 212 (-5120 -752 1008 ) (-5120 -1024 1008 ) (-5152 -1024 1008 ) (-5152 -752 1008 ) 
4 210 211 (-5152 -752 1008 ) (-5152 -1024 1008 ) (-5152 -1024 1988.439941 ) (-5152 -752 1988.439941 ) 
4 211 256 (-5152 -1024 1988.439941 ) (-5156.450195 -1024 1988.439941 ) (-5156.450195 -1024 1008 ) (-5152 -1024 1008 ) 
4 211 213 (-5156.450195 0 1008 ) (-5152 0 1008 ) (-5152 -1024 1008 ) (-5156.450195 -1024 1008 ) 
4 212 255 (-5120 -1024 779.556030 ) (-5120 -1024 1008 ) (-5152 -1024 1008 ) (-5152 -1024 779.556030 ) 
4 212 213 (-5152 -1024 1008 ) (-5152 -752 1008 ) (-5152 -752 779.556030 ) (-5152 -1024 779.556030 ) 
4 213 256 (-5152 -1024 779.556030 ) (-5152 -1024 1008 ) (-5156.450195 -1024 1008 ) (-5156.450195 -1024 779.556030 ) 
4 214 218 (-1024 -1024 1988.439941 ) (-1024 -1024 1008 ) (-1024 -2048 1008 ) (-1024 -2048 1988.439941 ) 
4 214 216 (-955.556030 -2048 1988.439941 ) (-1024 -2048 1988.439941 ) (-1024 -2048 1008 ) (-955.556030 -2048 1008 ) 
4 214 215 (-955.556030 -2048 1008 ) (-1024 -2048 1008 ) (-1024 -1024 1008 ) (-955.556030 -1024 1008 ) 
4 215 219 (-1024 -1024 1008 ) (-1024 -1024 779.556030 ) (-1024 -2048 779.556030 ) (-1024 -2048 1008 ) 
4 215 217 (-955.556030 -2048 1008 ) (-1024 -2048 1008 ) (-1024 -2048 779.556030 ) (-955.556030 -2048 779.556030 ) 
4 216 226 (-955.556030 -3072 1988.439941 ) (-1024 -3072 1988.439941 ) (-1024 -3072 1008 ) (-955.556030 -3072 1008 ) 
4 216 222 (-1024 -3072 1008 ) (-1024 -3072 1988.439941 ) (-1024 -2048 1988.439941 ) (-1024 -2048 1008 ) 
4 216 217 (-955.556030 -3072 1008 ) (-1024 -3072 1008 ) (-1024 -2048 1008 ) (-955.556030 -2048 1008 ) 
4 217 227 (-955.556030 -3072 1008 ) (-1024 -3072 1008 ) (-1024 -3072 779.556030 ) (-955.556030 -3072 779.556030 ) 
4 217 223 (-1024 -3072 779.556030 ) (-1024 -3072 1008 ) (-1024 -2048 1008 ) (-1024 -2048 779.556030 ) 
4 218 222 (-1024 -2048 1008 ) (-1024 -2048 1988.439941 ) (-2048 -2048 1988.439941 ) (-2048 -2048 1008 ) 
4 218 220 (-2048 -1024 1988.439941 ) (-2048 -1024 1008 ) (-2048 -2048 1008 ) (-2048 -2048 1988.439941 ) 
4 218 219 (-1024 -2048 1008 ) (-2048 -2048 1008 ) (-2048 -1024 1008 ) (-1024 -1024 1008 ) 
4 219 223 (-1024 -2048 779.556030 ) (-1024 -2048 1008 ) (-2048 -2048 1008 ) (-2048 -2048 779.556030 ) 
4 219 221 (-2048 -1024 1008 ) (-2048 -1024 779.556030 ) (-2048 -2048 779.556030 ) (-2048 -2048 1008 ) 
4 220 237 (-3072 -1024 1464 ) (-3072 -1024 1008 ) (-3072 -1040 1008 ) (-3072 -1040 1464 ) 
4 220 240 (-3072 -1040 1008 ) (-3072 -2048 1008 ) (-3072 -2048 1464 ) (-3072 -1040 1464 ) 
4 220 235 (-3072 -1024 1988.439941 ) (-3072 -1024 1464 ) (-3072 -2048 1464 ) (-3072 -2048 1988.439941 ) 
4 220 224 (-2048 -2048 1008 ) (-2048 -2048 1988.439941 ) (-3072 -2048 1988.439941 ) (-3072 -2048 1008 ) 
4 220 221 (-3072 -1024 1008 ) (-2048 -1024 1008 ) (-2048 -2048 1008 ) (-3072 -2048 1008 ) 
4 221 243 (-3072 -1040 779.556030 ) (-3072 -2048 779.556030 ) (-3072 -2048 1008 ) (-3072 -1040 1008 ) 
4 221 241 (-3072 -1024 1008 ) (-3072 -1024 779.556030 ) (-3072 -1040 779.556030 ) (-3072 -1040 1008 ) 
4 221 225 (-2048 -2048 779.556030 ) (-2048 -2048 1008 ) (-3072 -2048 1008 ) (-3072 -2048 779.556030 ) 
4 222 229 (-1024 -3072 1008 ) (-1024 -3072 1988.439941 ) (-2048 -3072 1988.439941 ) (-2048 -3072 1008 ) 
4 222 224 (-2048 -2048 1988.439941 ) (-2048 -2048 1008 ) (-2048 -3072 1008 ) (-2048 -3072 1988.439941 ) 
4 222 223 (-2048 -2048 1008 ) (-1024 -2048 1008 ) (-1024 -3072 1008 ) (-2048 -3072 1008 ) 
4 223 230 (-1024 -3072 779.556030 ) (-1024 -3072 1008 ) (-2048 -3072 1008 ) (-2048 -3072 779.556030 ) 
4 223 225 (-2048 -2048 1008 ) (-2048 -2048 779.556030 ) (-2048 -3072 779.556030 ) (-2048 -3072 1008 ) 
4 224 250 (-3072 -3072 1008 ) (-3072 -3072 1988.439941 ) (-3072 -2048 1988.439941 ) (-3072 -2048 1008 ) 
4 224 232 (-2048 -3072 1008 ) (-2048 -3072 1988.439941 ) (-3072 -3072 1988.439941 ) (-3072 -3072 1008 ) 
4 224 225 (-2048 -2048 1008 ) (-2048 -3072 1008 ) (-3072 -3072 1008 ) (-3072 -2048 1008 ) 
4 225 251 (-3072 -3072 779.556030 ) (-3072 -3072 1008 ) (-3072 -2048 1008 ) (-3072 -2048 779.556030 ) 
4 225 233 (-2048 -3072 779.556030 ) (-2048 -3072 1008 ) (-3072 -3072 1008 ) (-3072 -3072 779.556030 ) 
4 226 229 (-1024 -3072 1988.439941 ) (-1024 -3072 1008 ) (-1024 -3264 1008 ) (-1024 -3264 1988.439941 ) 
4 226 228 (-955.556030 -3264 1988.439941 ) (-1024 -3264 1988.439941 ) (-1024 -3264 1008 ) (-955.556030 -3264 1008 ) 
4 226 227 (-955.556030 -3264 1008 ) (-1024 -3264 1008 ) (-1024 -3072 1008 ) (-955.556030 -3072 1008 ) 
4 227 230 (-1024 -3072 1008 ) (-1024 -3072 779.556030 ) (-1024 -3264 779.556030 ) (-1024 -3264 1008 ) 
4 227 228 (-955.556030 -3264 1008 ) (-1024 -3264 1008 ) (-1024 -3264 779.556030 ) (-955.556030 -3264 779.556030 ) 
4 228 231 (-1024 -3279.110107 1988.439941 ) (-1024 -3264 1988.439941 ) (-1024 -3264 779.556030 ) (-1024 -3279.110107 779.556030 ) 
4 229 232 (-2048 -3072 1988.439941 ) (-2048 -3072 1008 ) (-2048 -3264 1008 ) (-2048 -3264 1988.439941 ) 
4 229 231 (-1024 -3264 1008 ) (-1024 -3264 1988.439941 ) (-2048 -3264 1988.439941 ) (-2048 -3264 1008 ) 
4 229 230 (-1024 -3264 1008 ) (-2048 -3264 1008 ) (-2048 -3072 1008 ) (-1024 -3072 1008 ) 
4 230 233 (-2048 -3072 1008 ) (-2048 -3072 779.556030 ) (-2048 -3264 779.556030 ) (-2048 -3264 1008 ) 
4 230 231 (-1024 -3264 779.556030 ) (-1024 -3264 1008 ) (-2048 -3264 1008 ) (-2048 -3264 779.556030 ) 
4 231 234 (-2048 -3279.110107 1988.439941 ) (-2048 -3264 1988.439941 ) (-2048 -3264 779.556030 ) (-2048 -3279.110107 779.556030 ) 
4 232 260 (-3072 -3264 1008 ) (-3072 -3264 1988.439941 ) (-3072 -3072 1988.439941 ) (-3072 -3072 1008 ) 
4 232 234 (-2048 -3264 1008 ) (-2048 -3264 1988.439941 ) (-3072 -3264 1988.439941 ) (-3072 -3264 1008 ) 
4 232 233 (-2048 -3264 1008 ) (-3072 -3264 1008 ) (-3072 -3072 1008 ) (-2048 -3072 1008 ) 
4 233 261 (-3072 -3264 779.556030 ) (-3072 -3264 1008 ) (-3072 -3072 1008 ) (-3072 -3072 779.556030 ) 
4 233 234 (-2048 -3264 779.556030 ) (-2048 -3264 1008 ) (-3072 -3264 1008 ) (-3072 -3264 779.556030 ) 
4 234 262 (-3072 -3279.110107 1988.439941 ) (-3072 -3264 1988.439941 ) (-3072 -3264 779.556030 ) (-3072 -3279.110107 779.556030 ) 
4 235 250 (-3072 -2048 1464 ) (-3072 -2048 1988.439941 ) (-3920 -2048 1988.439941 ) (-3920 -2048 1464 ) 
4 235 238 (-3648 -1024 1464 ) (-3600 -1024 1464 ) (-3600 -1040 1464 ) (-3648 -1040 1464 ) 
4 235 237 (-3600 -1024 1464 ) (-3072 -1024 1464 ) (-3072 -1040 1464 ) (-3600 -1040 1464 ) 
4 235 239 (-3920 -1024 1464 ) (-3648 -1024 1464 ) (-3648 -1040 1464 ) (-3920 -1040 1464 ) 
4 235 240 (-3072 -1040 1464 ) (-3072 -2048 1464 ) (-3920 -2048 1464 ) (-3920 -1040 1464 ) 
4 235 236 (-3920 -1040 1464 ) (-3920 -2048 1464 ) (-3920 -2048 1988.439941 ) (-3920 -1040 1988.439941 ) 
4 236 250 (-4096 -2048 1988.439941 ) (-4096 -2048 1464 ) (-3920 -2048 1464 ) (-3920 -2048 1988.439941 ) 
4 236 244 (-4096 -1040 1464 ) (-4096 -2048 1464 ) (-4096 -2048 1988.439941 ) (-4096 -1040 1988.439941 ) 
4 236 240 (-4096 -2048 1464 ) (-4096 -1040 1464 ) (-3920 -1040 1464 ) (-3920 -2048 1464 ) 
4 237 241 (-3600 -1024 1008 ) (-3072 -1024 1008 ) (-3072 -1040 1008 ) (-3600 -1040 1008 ) 
4 237 238 (-3600 -1040 1040 ) (-3600 -1040 1464 ) (-3600 -1024 1464 ) (-3600 -1024 1040 ) 
4 237 240 (-3600 -1040 1008 ) (-3072 -1040 1008 ) (-3072 -1040 1464 ) (-3600 -1040 1464 ) 
4 238 240 (-3600 -1040 1040 ) (-3600 -1040 1464 ) (-3648 -1040 1464 ) (-3648 -1040 1040 ) 
4 238 239 (-3648 -1040 1040 ) (-3648 -1040 1464 ) (-3648 -1024 1464 ) (-3648 -1024 1040 ) 
4 239 242 (-3920 -1024 1008 ) (-3648 -1024 1008 ) (-3648 -1040 1008 ) (-3920 -1040 1008 ) 
4 239 240 (-3920 -1040 1008 ) (-3648 -1040 1008 ) (-3648 -1040 1464 ) (-3920 -1040 1464 ) 
4 240 250 (-3072 -2048 1008 ) (-3072 -2048 1464 ) (-4096 -2048 1464 ) (-4096 -2048 1008 ) 
4 240 246 (-4096 -1040 1008 ) (-4096 -2048 1008 ) (-4096 -2048 1464 ) (-4096 -1040 1464 ) 
4 240 243 (-3072 -2048 1008 ) (-4096 -2048 1008 ) (-4096 -1040 1008 ) (-3072 -1040 1008 ) 
4 241 243 (-3072 -1040 1008 ) (-3600 -1040 1008 ) (-3600 -1040 779.556030 ) (-3072 -1040 779.556030 ) 
4 242 243 (-3648 -1040 1008 ) (-3920 -1040 1008 ) (-3920 -1040 779.556030 ) (-3648 -1040 779.556030 ) 
4 243 251 (-3072 -2048 779.556030 ) (-3072 -2048 1008 ) (-4096 -2048 1008 ) (-4096 -2048 779.556030 ) 
4 243 248 (-4096 -2048 779.556030 ) (-4096 -2048 1008 ) (-4096 -1040 1008 ) (-4096 -1040 779.556030 ) 
4 244 252 (-4096 -2048 1464 ) (-4096 -2048 1988.439941 ) (-4112 -2048 1988.439941 ) (-4112 -2048 1464 ) 
4 244 246 (-4096 -2048 1464 ) (-4112 -2048 1464 ) (-4112 -1040 1464 ) (-4096 -1040 1464 ) 
4 244 245 (-4112 -1040 1464 ) (-4112 -2048 1464 ) (-4112 -2048 1988.439941 ) (-4112 -1040 1988.439941 ) 
4 245 254 (-5120 -1024 1988.439941 ) (-5120 -1024 1464 ) (-5120 -2048 1464 ) (-5120 -2048 1988.439941 ) 
4 245 252 (-5120 -2048 1988.439941 ) (-5120 -2048 1464 ) (-4112 -2048 1464 ) (-4112 -2048 1988.439941 ) 
4 245 247 (-4112 -2048 1464 ) (-5120 -2048 1464 ) (-5120 -1024 1464 ) (-4112 -1024 1464 ) 
4 246 252 (-4096 -2048 1008 ) (-4096 -2048 1464 ) (-4112 -2048 1464 ) (-4112 -2048 1008 ) 
4 246 248 (-4096 -1040 1008 ) (-4096 -2048 1008 ) (-4112 -2048 1008 ) (-4112 -1040 1008 ) 
4 246 247 (-4112 -1040 1008 ) (-4112 -2048 1008 ) (-4112 -2048 1464 ) (-4112 -1040 1464 ) 
4 247 254 (-5120 -1024 1464 ) (-5120 -1024 1008 ) (-5120 -2048 1008 ) (-5120 -2048 1464 ) 
4 247 252 (-4112 -2048 1464 ) (-5120 -2048 1464 ) (-5120 -2048 1008 ) (-4112 -2048 1008 ) 
4 247 249 (-5120 -1024 1008 ) (-4112 -1024 1008 ) (-4112 -2048 1008 ) (-5120 -2048 1008 ) 
4 248 253 (-4096 -2048 779.556030 ) (-4096 -2048 1008 ) (-4112 -2048 1008 ) (-4112 -2048 779.556030 ) 
4 248 249 (-4112 -2048 1008 ) (-4112 -1040 1008 ) (-4112 -1040 779.556030 ) (-4112 -2048 779.556030 ) 
4 249 255 (-5120 -1024 1008 ) (-5120 -1024 779.556030 ) (-5120 -2048 779.556030 ) (-5120 -2048 1008 ) 
4 249 253 (-4112 -2048 779.556030 ) (-4112 -2048 1008 ) (-5120 -2048 1008 ) (-5120 -2048 779.556030 ) 
4 250 260 (-3072 -3072 1008 ) (-3072 -3072 1988.439941 ) (-4096 -3072 1988.439941 ) (-4096 -3072 1008 ) 
4 250 252 (-4096 -2048 1988.439941 ) (-4096 -2048 1008 ) (-4096 -3072 1008 ) (-4096 -3072 1988.439941 ) 
4 250 251 (-3072 -3072 1008 ) (-4096 -3072 1008 ) (-4096 -2048 1008 ) (-3072 -2048 1008 ) 
4 251 261 (-3072 -3072 779.556030 ) (-3072 -3072 1008 ) (-4096 -3072 1008 ) (-4096 -3072 779.556030 ) 
4 251 253 (-4096 -2048 1008 ) (-4096 -2048 779.556030 ) (-4096 -3072 779.556030 ) (-4096 -3072 1008 ) 
4 252 263 (-4096 -3072 1008 ) (-4096 -3072 1988.439941 ) (-5120 -3072 1988.439941 ) (-5120 -3072 1008 ) 
4 252 257 (-5120 -3072 1008 ) (-5120 -3072 1988.439941 ) (-5120 -2048 1988.439941 ) (-5120 -2048 1008 ) 
4 252 253 (-4096 -2048 1008 ) (-4096 -3072 1008 ) (-5120 -3072 1008 ) (-5120 -2048 1008 ) 
4 253 264 (-4096 -3072 779.556030 ) (-4096 -3072 1008 ) (-5120 -3072 1008 ) (-5120 -3072 779.556030 ) 
4 253 258 (-5120 -3072 779.556030 ) (-5120 -3072 1008 ) (-5120 -2048 1008 ) (-5120 -2048 779.556030 ) 
4 254 257 (-5120 -2048 1008 ) (-5120 -2048 1988.439941 ) (-5152 -2048 1988.439941 ) (-5152 -2048 1008 ) 
4 254 256 (-5152 -2048 1008 ) (-5152 -2048 1988.439941 ) (-5152 -1024 1988.439941 ) (-5152 -1024 1008 ) 
4 254 255 (-5152 -2048 1008 ) (-5152 -1024 1008 ) (-5120 -1024 1008 ) (-5120 -2048 1008 ) 
4 255 258 (-5120 -2048 779.556030 ) (-5120 -2048 1008 ) (-5152 -2048 1008 ) (-5152 -2048 779.556030 ) 
4 255 256 (-5152 -2048 779.556030 ) (-5152 -2048 1008 ) (-5152 -1024 1008 ) (-5152 -1024 779.556030 ) 
4 256 259 (-5152 -2048 779.556030 ) (-5152 -2048 1988.439941 ) (-5156.450195 -2048 1988.439941 ) (-5156.450195 -2048 779.556030 ) 
4 257 266 (-5120 -3072 1008 ) (-5120 -3072 1988.439941 ) (-5152 -3072 1988.439941 ) (-5152 -3072 1008 ) 
4 257 259 (-5152 -3072 1008 ) (-5152 -3072 1988.439941 ) (-5152 -2048 1988.439941 ) (-5152 -2048 1008 ) 
4 257 258 (-5120 -3072 1008 ) (-5152 -3072 1008 ) (-5152 -2048 1008 ) (-5120 -2048 1008 ) 
4 258 267 (-5120 -3072 779.556030 ) (-5120 -3072 1008 ) (-5152 -3072 1008 ) (-5152 -3072 779.556030 ) 
4 258 259 (-5152 -3072 779.556030 ) (-5152 -3072 1008 ) (-5152 -2048 1008 ) (-5152 -2048 779.556030 ) 
4 259 269 (-5152 -3072 779.556030 ) (-5152 -3072 1988.439941 ) (-5156.450195 -3072 1988.439941 ) (-5156.450195 -3072 779.556030 ) 
4 260 263 (-4096 -3072 1988.439941 ) (-4096 -3072 1008 ) (-4096 -3264 1008 ) (-4096 -3264 1988.439941 ) 
4 260 262 (-3072 -3264 1008 ) (-3072 -3264 1988.439941 ) (-4096 -3264 1988.439941 ) (-4096 -3264 1008 ) 
4 260 261 (-3072 -3264 1008 ) (-4096 -3264 1008 ) (-4096 -3072 1008 ) (-3072 -3072 1008 ) 
4 261 264 (-4096 -3072 1008 ) (-4096 -3072 779.556030 ) (-4096 -3264 779.556030 ) (-4096 -3264 1008 ) 
4 261 262 (-3072 -3264 779.556030 ) (-3072 -3264 1008 ) (-4096 -3264 1008 ) (-4096 -3264 779.556030 ) 
4 262 265 (-4096 -3279.110107 1988.439941 ) (-4096 -3264 1988.439941 ) (-4096 -3264 779.556030 ) (-4096 -3279.110107 779.556030 ) 
4 263 266 (-5120 -3072 1988.439941 ) (-5120 -3072 1008 ) (-5120 -3264 1008 ) (-5120 -3264 1988.439941 ) 
4 263 265 (-4096 -3264 1008 ) (-4096 -3264 1988.439941 ) (-5120 -3264 1988.439941 ) (-5120 -3264 1008 ) 
4 263 264 (-4096 -3264 1008 ) (-5120 -3264 1008 ) (-5120 -3072 1008 ) (-4096 -3072 1008 ) 
4 264 267 (-5120 -3072 1008 ) (-5120 -3072 779.556030 ) (-5120 -3264 779.556030 ) (-5120 -3264 1008 ) 
4 264 265 (-4096 -3264 779.556030 ) (-4096 -3264 1008 ) (-5120 -3264 1008 ) (-5120 -3264 779.556030 ) 
4 265 268 (-5120 -3279.110107 1988.439941 ) (-5120 -3264 1988.439941 ) (-5120 -3264 779.556030 ) (-5120 -3279.110107 779.556030 ) 
4 266 269 (-5152 -3264 1008 ) (-5152 -3264 1988.439941 ) (-5152 -3072 1988.439941 ) (-5152 -3072 1008 ) 
4 266 268 (-5152 -3264 1988.439941 ) (-5152 -3264 1008 ) (-5120 -3264 1008 ) (-5120 -3264 1988.439941 ) 
4 266 267 (-5120 -3264 1008 ) (-5152 -3264 1008 ) (-5152 -3072 1008 ) (-5120 -3072 1008 ) 
4 267 269 (-5152 -3264 779.556030 ) (-5152 -3264 1008 ) (-5152 -3072 1008 ) (-5152 -3072 779.556030 ) 
4 267 268 (-5152 -3264 1008 ) (-5152 -3264 779.556030 ) (-5120 -3264 779.556030 ) (-5120 -3264 1008 ) 
4 268 269 (-5152 -3279.110107 1988.439941 ) (-5152 -3264 1988.439941 ) (-5152 -3264 779.556030 ) (-5152 -3279.110107 779.556030 ) 
