 game_shader_generic_deferred

 Timestamp is 6939cda8 (Wed Dec 10 11:44:40 2025)

 Preferred load address is 10000000

 Start         Length     Name                   Class
 0001:00000000 0002258cH .text                   CODE
 0001:00022590 00002335H .text$yc                CODE
 0001:000248d0 0000043eH .text$yd                CODE
 0002:00000000 00000128H .idata$5                DATA
 0002:00000128 00000004H .CRT$XCA                DATA
 0002:0000012c 000003fcH .CRT$XCU                DATA
 0002:00000528 00000004H .CRT$XCZ                DATA
 0002:0000052c 00000004H .CRT$XIA                DATA
 0002:00000530 00000014H .CRT$XIC                DATA
 0002:00000544 00000004H .CRT$XIZ                DATA
 0002:00000548 00000004H .CRT$XPA                DATA
 0002:0000054c 00000004H .CRT$XPX                DATA
 0002:00000550 00000004H .CRT$XPXA               DATA
 0002:00000554 00000004H .CRT$XPZ                DATA
 0002:00000558 00000004H .CRT$XTA                DATA
 0002:0000055c 00000004H .CRT$XTZ                DATA
 0002:00000560 00019708H .rdata                  DATA
 0002:00019c68 00000074H .rdata$debug            DATA
 0002:00019cdc 00000c40H .rdata$r                DATA
 0002:0001a920 0000000cH .rdata$sxdata           DATA
 0002:0001a92c 00000004H .rtc$IAA                DATA
 0002:0001a930 00000004H .rtc$IZZ                DATA
 0002:0001a934 00000004H .rtc$TAA                DATA
 0002:0001a938 00000004H .rtc$TZZ                DATA
 0002:0001a940 00000384H .xdata$x                DATA
 0002:0001acc4 00000028H .idata$2                DATA
 0002:0001acec 00000014H .idata$3                DATA
 0002:0001ad00 00000128H .idata$4                DATA
 0002:0001ae28 00000530H .idata$6                DATA
 0002:0001b360 00000063H .edata                  DATA
 0003:00000000 0000323cH .data                   DATA
 0003:00003240 00015204H .bss                    DATA

  Address         Publics by Value              Rva+Base       Lib:Object

 0000:00000000       __except_list              00000000     <absolute>
 0000:00000003       ___safe_se_handler_count   00000003     <absolute>
 0000:00000000       ___ImageBase               10000000     <linker-defined>
 0001:00000000       ?SetPixelShaderConstantGammaToLinear@CBaseVSShader@@QAEXHHH@Z 10001000 f   BaseVSShader.obj
 0001:000000f0       ?SetPixelShaderConstant@CBaseVSShader@@QAEXHH@Z 100010f0 f   BaseVSShader.obj
 0001:00000160       ?SetPixelShaderConstantGammaToLinear@CBaseVSShader@@QAEXHH@Z 10001160 f   BaseVSShader.obj
 0001:00000240       ?SetVertexShaderTextureTransform@CBaseVSShader@@QAEXHH@Z 10001240 f   BaseVSShader.obj
 0001:000002e0       ?LoadViewMatrixIntoVertexShaderConstant@CBaseVSShader@@QAEXH@Z 100012e0 f   BaseVSShader.obj
 0001:00000330       ?SetHWMorphVertexShaderState@CBaseVSShader@@QAEXHHW4VertexTextureSampler_t@@@Z 10001330 f   BaseVSShader.obj
 0001:00000440       ?GetName@CShader@GAUSSIAN_BLUR_6@@UBEPBDXZ 10001440 f i blur.obj
 0001:00000450       ?GetFlags@CShader@GAUSSIAN_BLUR_6@@UBEHXZ 10001450 f i blur.obj
 0001:00000460       ?OnDrawElements@CShader@GAUSSIAN_BLUR_6@@UAEXPAPAVIMaterialVar@@PAVIShaderShadow@@PAVIShaderDynamicAPI@@W4VertexCompressionType_t@@PAPAVCBasePerMaterialContextData@@@Z 10001460 f i blur.obj
 0001:00000590       ?GetParamCount@CShader@GAUSSIAN_BLUR_6@@UBEHXZ 10001590 f i blur.obj
 0001:000005a0       ?GetParamInfo@CShader@GAUSSIAN_BLUR_6@@UBEABUShaderParamInfo_t@@H@Z 100015a0 f i blur.obj
 0001:000005d0       ??0CShaderParam@GAUSSIAN_BLUR_6@@QAE@PBDW4ShaderParamType_t@@00H@Z 100015d0 f i blur.obj
 0001:00000670       ?OnInitShaderParams@CShader@GAUSSIAN_BLUR_6@@UAEXPAPAVIMaterialVar@@PBD@Z 10001670 f i blur.obj
 0001:00000670       ?OnInitShaderParams@CShader@LIGHTING_GLOBAL@@UAEXPAPAVIMaterialVar@@PBD@Z 10001670 f i lighting_global.obj
 0001:00000670       ?OnInitShaderParams@CShader@DEBUG_LIGHTING_CTRL@@UAEXPAPAVIMaterialVar@@PBD@Z 10001670 f i debug_lightingctrl.obj
 0001:00000670       ?OnInitShaderParams@CBaseShader@@UAEXPAPAVIMaterialVar@@PBD@Z 10001670 f i blur.obj
 0001:00000670       ?OnInitShaderParams@CShader@VOLUME_BLEND@@UAEXPAPAVIMaterialVar@@PBD@Z 10001670 f i volume_blend.obj
 0001:00000670       ?OnInitShaderParams@CShader@VOLUME_PREPASS@@UAEXPAPAVIMaterialVar@@PBD@Z 10001670 f i volume_prepass.obj
 0001:00000670       ?OnInitShaderParams@CShader@DEBUG_SHADOW@@UAEXPAPAVIMaterialVar@@PBD@Z 10001670 f i debug_shadow.obj
 0001:00000680       ?GetName@CShader@DEBUG_LIGHTING_CTRL@@UBEPBDXZ 10001680 f i debug_lightingctrl.obj
 0001:00000690       ?GetFlags@CShader@DEBUG_LIGHTING_CTRL@@UBEHXZ 10001690 f i debug_lightingctrl.obj
 0001:000006a0       ?OnInitShaderInstance@CShader@VOLUME_PREPASS@@UAEXPAPAVIMaterialVar@@PAVIShaderInit@@PBD@Z 100016a0 f i volume_prepass.obj
 0001:000006a0       ?OnInitShaderInstance@CShader@DEBUG_SHADOW@@UAEXPAPAVIMaterialVar@@PAVIShaderInit@@PBD@Z 100016a0 f i debug_shadow.obj
 0001:000006a0       ?OnInitShaderInstance@CShader@LIGHTING_GLOBAL@@UAEXPAPAVIMaterialVar@@PAVIShaderInit@@PBD@Z 100016a0 f i lighting_global.obj
 0001:000006a0       ?OnInitShaderInstance@CShader@DEBUG_LIGHTING_CTRL@@UAEXPAPAVIMaterialVar@@PAVIShaderInit@@PBD@Z 100016a0 f i debug_lightingctrl.obj
 0001:000006b0       ?OnDrawElements@CShader@DEBUG_LIGHTING_CTRL@@UAEXPAPAVIMaterialVar@@PAVIShaderShadow@@PAVIShaderDynamicAPI@@W4VertexCompressionType_t@@PAPAVCBasePerMaterialContextData@@@Z 100016b0 f i debug_lightingctrl.obj
 0001:000007f0       ?GetParamCount@CShader@DEBUG_LIGHTING_CTRL@@UBEHXZ 100017f0 f i debug_lightingctrl.obj
 0001:00000800       ?GetParamInfo@CShader@DEBUG_LIGHTING_CTRL@@UBEABUShaderParamInfo_t@@H@Z 10001800 f i debug_lightingctrl.obj
 0001:00000830       ?GetName@CShader@DEBUG_SHADOW@@UBEPBDXZ 10001830 f i debug_shadow.obj
 0001:00000840       ?GetFlags@CShader@DEBUG_SHADOW@@UBEHXZ 10001840 f i debug_shadow.obj
 0001:00000850       ?OnDrawElements@CShader@DEBUG_SHADOW@@UAEXPAPAVIMaterialVar@@PAVIShaderShadow@@PAVIShaderDynamicAPI@@W4VertexCompressionType_t@@PAPAVCBasePerMaterialContextData@@@Z 10001850 f i debug_shadow.obj
 0001:00000ae0       ?GetParamCount@CShader@DEBUG_SHADOW@@UBEHXZ 10001ae0 f i debug_shadow.obj
 0001:00000af0       ?GetParamInfo@CShader@DEBUG_SHADOW@@UBEABUShaderParamInfo_t@@H@Z 10001af0 f i debug_shadow.obj
 0001:00000b20       ??_GCDeferredPerMaterialContextData@@UAEPAXI@Z 10001b20 f i deferred_brush.obj
 0001:00000b20       ??_ECDeferredPerMaterialContextData@@UAEPAXI@Z 10001b20 f i deferred_brush.obj
 0001:00000b80       ?SetupParmsGBuffer0@CShader@DEFERRED_BRUSH@@QAEXAAUdefParms_gBuffer0@@@Z 10001b80 f i deferred_brush.obj
 0001:00000d00       ?SetupParmsComposite@CShader@DEFERRED_BRUSH@@QAEXAAUdefParms_composite@@@Z 10001d00 f i deferred_brush.obj
 0001:00000de0       ?SetupParmsComposite_translucent@CShader@DEFERRED_BRUSH@@QAEXAAUdefParms_composite_translucent@@@Z 10001de0 f i deferred_brush.obj
 0001:00000ec0       ?OnInitShaderParams@CShader@DEFERRED_BRUSH@@UAEXPAPAVIMaterialVar@@PBD@Z 10001ec0 f i deferred_brush.obj
 0001:00001040       ?GetName@CShader@DEFERRED_BRUSH@@UBEPBDXZ 10002040 f i deferred_brush.obj
 0001:00001050       ?GetFlags@CShader@DEFERRED_BRUSH@@UBEHXZ 10002050 f i deferred_brush.obj
 0001:00001060       ?OnInitShaderInstance@CShader@DEFERRED_BRUSH@@UAEXPAPAVIMaterialVar@@PAVIShaderInit@@PBD@Z 10002060 f i deferred_brush.obj
 0001:000011a0       ?GetFallbackShader@CShader@DEFERRED_BRUSH@@UBEPBDPAPAVIMaterialVar@@@Z 100021a0 f i deferred_brush.obj
 0001:00001210       ?OnDrawElements@CShader@DEFERRED_BRUSH@@UAEXPAPAVIMaterialVar@@PAVIShaderShadow@@PAVIShaderDynamicAPI@@W4VertexCompressionType_t@@PAPAVCBasePerMaterialContextData@@@Z 10002210 f i deferred_brush.obj
 0001:00001450       ?GetParamCount@CShader@DEFERRED_BRUSH@@UBEHXZ 10002450 f i deferred_brush.obj
 0001:00001460       ?GetParamInfo@CShader@DEFERRED_BRUSH@@UBEABUShaderParamInfo_t@@H@Z 10002460 f i deferred_brush.obj
 0001:00001490       ??0CShaderParam@DEFERRED_BRUSH@@QAE@PBDW4ShaderParamType_t@@00H@Z 10002490 f i deferred_brush.obj
 0001:00001530       ?SetupParmsGBuffer0@CShader@DEFERRED_MODEL@@QAEXAAUdefParms_gBuffer0@@@Z 10002530 f i deferred_model.obj
 0001:000016a0       ?SetupParmsComposite@CShader@DEFERRED_MODEL@@QAEXAAUdefParms_composite@@@Z 100026a0 f i deferred_model.obj
 0001:00001770       ?SetupParmsComposite_translucent@CShader@DEFERRED_MODEL@@QAEXAAUdefParms_composite_translucent@@@Z 10002770 f i deferred_model.obj
 0001:000017f0       ?OnInitShaderParams@CShader@DEFERRED_MODEL@@UAEXPAPAVIMaterialVar@@PBD@Z 100027f0 f i deferred_model.obj
 0001:00001960       ?GetName@CShader@DEFERRED_MODEL@@UBEPBDXZ 10002960 f i deferred_model.obj
 0001:00001970       ?GetFlags@CShader@DEFERRED_MODEL@@UBEHXZ 10002970 f i deferred_model.obj
 0001:00001980       ?OnInitShaderInstance@CShader@DEFERRED_MODEL@@UAEXPAPAVIMaterialVar@@PAVIShaderInit@@PBD@Z 10002980 f i deferred_model.obj
 0001:00001ab0       ?GetFallbackShader@CShader@DEFERRED_MODEL@@UBEPBDPAPAVIMaterialVar@@@Z 10002ab0 f i deferred_model.obj
 0001:00001af0       ?OnDrawElements@CShader@DEFERRED_MODEL@@UAEXPAPAVIMaterialVar@@PAVIShaderShadow@@PAVIShaderDynamicAPI@@W4VertexCompressionType_t@@PAPAVCBasePerMaterialContextData@@@Z 10002af0 f i deferred_model.obj
 0001:00001d20       ?GetParamCount@CShader@DEFERRED_MODEL@@UBEHXZ 10002d20 f i deferred_model.obj
 0001:00001d30       ?GetParamInfo@CShader@DEFERRED_MODEL@@UBEABUShaderParamInfo_t@@H@Z 10002d30 f i deferred_model.obj
 0001:00001d60       ??0CShaderParam@DEFERRED_MODEL@@QAE@PBDW4ShaderParamType_t@@00H@Z 10002d60 f i deferred_model.obj
 0001:00001e00       ?GetTexcoordSettings@@YAX_N0AAHPAPAH@Z 10002e00 f   deferred_utility.obj
 0001:00001e50       ?SetupParmsGBuffer1@CShader@DEFERRED_WATER@@QAEXAAUdefParms_gBuffer1@@@Z 10002e50 f i deferred_water.obj
 0001:00001fd0       ?SetupParamsWater@CShader@DEFERRED_WATER@@QAEXAAUdefParms_Water@@@Z 10002fd0 f i deferred_water.obj
 0001:00002270       ?OnInitShaderParams@CShader@DEFERRED_WATER@@UAEXPAPAVIMaterialVar@@PBD@Z 10003270 f i deferred_water.obj
 0001:00002350       ?GetName@CShader@DEFERRED_WATER@@UBEPBDXZ 10003350 f i deferred_water.obj
 0001:00002360       ?GetFlags@CShader@DEFERRED_WATER@@UBEHXZ 10003360 f i deferred_water.obj
 0001:00002370       ?OnInitShaderInstance@CShader@DEFERRED_WATER@@UAEXPAPAVIMaterialVar@@PAVIShaderInit@@PBD@Z 10003370 f i deferred_water.obj
 0001:00002470       ?OnDrawElements@CShader@DEFERRED_WATER@@UAEXPAPAVIMaterialVar@@PAVIShaderShadow@@PAVIShaderDynamicAPI@@W4VertexCompressionType_t@@PAPAVCBasePerMaterialContextData@@@Z 10003470 f i deferred_water.obj
 0001:00002610       ?GetParamCount@CShader@DEFERRED_WATER@@UBEHXZ 10003610 f i deferred_water.obj
 0001:00002620       ?GetParamInfo@CShader@DEFERRED_WATER@@UBEABUShaderParamInfo_t@@H@Z 10003620 f i deferred_water.obj
 0001:00002650       ??0CShaderParam@DEFERRED_WATER@@QAE@PBDW4ShaderParamType_t@@00H@Z 10003650 f i deferred_water.obj
 0001:000026f0       ?SetCommands@CDeferredPerMaterialContextData@@QAEXW4DefStage_t@1@PAE@Z 100036f0 f i defpass_composite.obj
 0001:00002780       ?GetIndex@composite_ps30_Static_Index@@QBEHXZ 10003780 f i defpass_composite.obj
 0001:00002830       ?InitPassComposite@@YAXABUdefParms_composite@@PAVCBaseVSShader@@PAPAVIMaterialVar@@@Z 10003830 f   defpass_composite.obj
 0001:000029a0       ?SetVertexShaderTextureTransform@?$CCommandBufferBuilder@V?$CFixedCommandStorageBuffer@$0CAA@@@@@QAEXHH@Z 100039a0 f i defpass_composite.obj
 0001:00002a80       ?DrawPassComposite@@YAXABUdefParms_composite@@PAVCBaseVSShader@@PAPAVIMaterialVar@@PAVIShaderShadow@@PAVIShaderDynamicAPI@@W4VertexCompressionType_t@@PAVCDeferredPerMaterialContextData@@@Z 10003a80 f   defpass_composite.obj
 0001:00004380       ?GetIndex@composite_translucent_ps30_Static_Index@@QBEHXZ 10005380 f i defpass_composite_translucent.obj
 0001:00004420       ?InitParmsComposite_translucent@@YAXABUdefParms_composite_translucent@@PAVCBaseVSShader@@PAPAVIMaterialVar@@@Z 10005420 f   defpass_composite_translucent.obj
 0001:00004420       ?InitParmsComposite@@YAXABUdefParms_composite@@PAVCBaseVSShader@@PAPAVIMaterialVar@@@Z 10005420 f   defpass_composite.obj
 0001:000046d0       ?InitPassComposite_translucent@@YAXABUdefParms_composite_translucent@@PAVCBaseVSShader@@PAPAVIMaterialVar@@@Z 100056d0 f   defpass_composite_translucent.obj
 0001:000048b0       ?DrawPassComposite_translucent@@YAXABUdefParms_composite_translucent@@PAVCBaseVSShader@@PAPAVIMaterialVar@@PAVIShaderShadow@@PAVIShaderDynamicAPI@@W4VertexCompressionType_t@@PAVCDeferredPerMaterialContextData@@@Z 100058b0 f   defpass_composite_translucent.obj
 0001:000061b0       ?GetIndex@gbuffer_water_ps30_Static_Index@@QBEHXZ 100071b0 f i defpass_gbuffer_water.obj
 0001:000061b0       ?GetIndex@gbuffer_ps30_Static_Index@@QBEHXZ 100071b0 f i defpass_gbuffer.obj
 0001:00006210       ?InitPassGBufferWater@@YAXABUdefParms_gBuffer1@@PAVCBaseVSShader@@PAPAVIMaterialVar@@@Z 10007210 f   defpass_gbuffer_water.obj
 0001:00006210       ?InitPassGBuffer@@YAXABUdefParms_gBuffer0@@PAVCBaseVSShader@@PAPAVIMaterialVar@@@Z 10007210 f   defpass_gbuffer.obj
 0001:00006310       ?DrawPassGBuffer@@YAXABUdefParms_gBuffer0@@PAVCBaseVSShader@@PAPAVIMaterialVar@@PAVIShaderShadow@@PAVIShaderDynamicAPI@@W4VertexCompressionType_t@@PAVCDeferredPerMaterialContextData@@@Z 10007310 f   defpass_gbuffer.obj
 0001:00007950       ?InitParmsGBufferWater@@YAXABUdefParms_gBuffer1@@PAVCBaseVSShader@@PAPAVIMaterialVar@@@Z 10008950 f   defpass_gbuffer_water.obj
 0001:00007950       ?InitParmsGBuffer@@YAXABUdefParms_gBuffer0@@PAVCBaseVSShader@@PAPAVIMaterialVar@@@Z 10008950 f   defpass_gbuffer.obj
 0001:00007c70       ?DrawPassGBufferWater@@YAXABUdefParms_gBuffer1@@PAVCBaseVSShader@@PAPAVIMaterialVar@@PAVIShaderShadow@@PAVIShaderDynamicAPI@@W4VertexCompressionType_t@@PAVCDeferredPerMaterialContextData@@@Z 10008c70 f   defpass_gbuffer_water.obj
 0001:00009300       ?InitParmsShadowPass@@YAXABUdefParms_shadow@@PAVCBaseVSShader@@PAPAVIMaterialVar@@@Z 1000a300 f   defpass_shadow.obj
 0001:00009360       ?InitPassShadowPass@@YAXABUdefParms_shadow@@PAVCBaseVSShader@@PAPAVIMaterialVar@@@Z 1000a360 f   defpass_shadow.obj
 0001:00009390       ?DrawPassShadowPass@@YAXABUdefParms_shadow@@PAVCBaseVSShader@@PAPAVIMaterialVar@@PAVIShaderShadow@@PAVIShaderDynamicAPI@@W4VertexCompressionType_t@@PAVCDeferredPerMaterialContextData@@@Z 1000a390 f   defpass_shadow.obj
 0001:00009a50       ??_EIBaseInterface@@UAEPAXI@Z 1000aa50 f i IDeferredExt.obj
 0001:00009a50       ??_GIBaseInterface@@UAEPAXI@Z 1000aa50 f i IDeferredExt.obj
 0001:00009a90       ?EnableDeferredLighting@CDeferredExtension@@UAEXXZ 1000aa90 f   IDeferredExt.obj
 0001:00009aa0       ?IsDeferredLightingEnabled@CDeferredExtension@@QAE_NXZ 1000aaa0 f   IDeferredExt.obj
 0001:00009ab0       ?CommitOrigin@CDeferredExtension@@UAEXABVVector@@@Z 1000aab0 f   IDeferredExt.obj
 0001:00009ae0       ?CommitViewForward@CDeferredExtension@@UAEXABVVector@@@Z 1000aae0 f   IDeferredExt.obj
 0001:00009b10       ?CommitZDists@CDeferredExtension@@UAEXABM0@Z 1000ab10 f   IDeferredExt.obj
 0001:00009b30       ?CommitZScale@CDeferredExtension@@UAEXABM@Z 1000ab30 f   IDeferredExt.obj
 0001:00009b50       ?CommitFrustumDeltas@CDeferredExtension@@UAEXABVVMatrix@@@Z 1000ab50 f   IDeferredExt.obj
 0001:00009b60       ??4shadowData_ortho_t@@QAEAAU0@ABU0@@Z 1000ab60 f i IDeferredExt.obj
 0001:00009bd0       ?CommitShadowData_General@CDeferredExtension@@UAEXABUshadowData_general_t@@@Z 1000abd0 f   IDeferredExt.obj
 0001:00009c00       ?CommitVolumeData@CDeferredExtension@@UAEXABUvolumeData_t@@@Z 1000ac00 f   IDeferredExt.obj
 0001:00009c30       ??0lightData_Global_t@@QAE@ABU0@@Z 1000ac30 f i lighting_global.obj
 0001:00009c30       ??4lightData_Global_t@@QAEAAU0@ABU0@@Z 1000ac30 f i IDeferredExt.obj
 0001:00009cc0       ?CommitLightData_Common@CDeferredExtension@@UAEPAMPAMHHHHH@Z 1000acc0 f   IDeferredExt.obj
 0001:00009d10       ?CommitTexture_General@CDeferredExtension@@UAEXPAVITexture@@0000@Z 1000ad10 f   IDeferredExt.obj
 0001:00009d50       ?CommitTexture_CascadedDepth@CDeferredExtension@@UAEXABHPAVITexture@@@Z 1000ad50 f   IDeferredExt.obj
 0001:00009d70       ?CommitTexture_DualParaboloidDepth@CDeferredExtension@@UAEXABHPAVITexture@@@Z 1000ad70 f   IDeferredExt.obj
 0001:00009d90       ?CommitTexture_ProjectedDepth@CDeferredExtension@@UAEXABHPAVITexture@@@Z 1000ad90 f   IDeferredExt.obj
 0001:00009db0       ?CommitTexture_Cookie@CDeferredExtension@@UAEXABHPAVITexture@@@Z 1000adb0 f   IDeferredExt.obj
 0001:00009dd0       ?CommitTexture_VolumePrePass@CDeferredExtension@@UAEXPAVITexture@@@Z 1000add0 f   IDeferredExt.obj
 0001:00009de0       ?CommitShadowData_Ortho@CDeferredExtension@@UAEXABHABUshadowData_ortho_t@@@Z 1000ade0 f   IDeferredExt.obj
 0001:00009e10       ?CommitShadowData_Proj@CDeferredExtension@@UAEXABHABUshadowData_proj_t@@@Z 1000ae10 f   IDeferredExt.obj
 0001:00009e80       ?CommitLightData_Global@CDeferredExtension@@UAEXABUlightData_Global_t@@@Z 1000ae80 f   IDeferredExt.obj
 0001:00009e90       ?GetForwardLights_NumRows@CDeferredExtension@@UAEHXZ 1000ae90 f   IDeferredExt.obj
 0001:00009ea0       ?GetForwardSpotLights_NumRows@CDeferredExtension@@UAEHXZ 1000aea0 f   IDeferredExt.obj
 0001:00009eb0       ?GetNumActiveForwardLights@CDeferredExtension@@UAEHXZ 1000aeb0 f   IDeferredExt.obj
 0001:00009ec0       ?Grow@?$CUtlMemory@UForwardLightData@@H@@QAEXH@Z 1000aec0 f i IDeferredExt.obj
 0001:00009ec0       ?Grow@?$CUtlMemory@UForwardSpotLightData@@H@@QAEXH@Z 1000aec0 f i IDeferredExt.obj
 0001:00009f50       ?EnsureCapacity@?$CUtlVector@MV?$CUtlMemory@MH@@@@QAEXH@Z 1000af50 f i IDeferredExt.obj
 0001:00009fb0       ?ClearForwardLights@CDeferredExtension@@UAEXXZ 1000afb0 f   IDeferredExt.obj
 0001:00009fd0       ?InsertBefore@?$CUtlVector@UForwardLightData@@V?$CUtlMemory@UForwardLightData@@H@@@@QAEHHABUForwardLightData@@@Z 1000afd0 f i IDeferredExt.obj
 0001:0000a040       ?InsertMultipleBefore@?$CUtlVector@UForwardLightData@@V?$CUtlMemory@UForwardLightData@@H@@@@QAEHHHPBUForwardLightData@@@Z 1000b040 f i IDeferredExt.obj
 0001:0000a040       ?InsertMultipleBefore@?$CUtlVector@UForwardSpotLightData@@V?$CUtlMemory@UForwardSpotLightData@@H@@@@QAEHHHPBUForwardSpotLightData@@@Z 1000b040 f i IDeferredExt.obj
 0001:0000a0f0       ??1CDeferredExtension@@UAE@XZ 1000b0f0 f   IDeferredExt.obj
 0001:0000a150       ?GetForwardLightData@CDeferredExtension@@UAEPAMXZ 1000b150 f   IDeferredExt.obj
 0001:0000a490       ?GetForwardSpotlightData@CDeferredExtension@@UAEPAMXZ 1000b490 f   IDeferredExt.obj
 0001:0000a7d0       ??0CDeferredExtension@@QAE@XZ 1000b7d0 f   IDeferredExt.obj
 0001:0000a9e0       ??_ECDeferredExtension@@UAEPAXI@Z 1000b9e0 f i IDeferredExt.obj
 0001:0000a9e0       ??_GCDeferredExtension@@UAEPAXI@Z 1000b9e0 f i IDeferredExt.obj
 0001:0000aa10       ?AddForwardLight@CDeferredExtension@@UAEXABVVector@@M0MH0MMMM@Z 1000ba10 f   IDeferredExt.obj
 0001:0000aa80       ?CommitForwardLightData@CDeferredExtension@@UAEXPBUForwardLightData@@H@Z 1000ba80 f   IDeferredExt.obj
 0001:0000aae0       ?CommitForwardSpotLightData@CDeferredExtension@@UAEXPBUForwardSpotLightData@@H@Z 1000bae0 f   IDeferredExt.obj
 0001:0000abe0       ?GetName@CShader@LIGHTING_GLOBAL@@UBEPBDXZ 1000bbe0 f i lighting_global.obj
 0001:0000abf0       ?GetFlags@CShader@LIGHTING_GLOBAL@@UBEHXZ 1000bbf0 f i lighting_global.obj
 0001:0000ac00       ?GetParamCount@CShader@LIGHTING_GLOBAL@@UBEHXZ 1000bc00 f i lighting_global.obj
 0001:0000ac10       ?OnDrawElements@CShader@LIGHTING_GLOBAL@@UAEXPAPAVIMaterialVar@@PAVIShaderShadow@@PAVIShaderDynamicAPI@@W4VertexCompressionType_t@@PAPAVCBasePerMaterialContextData@@@Z 1000bc10 f i lighting_global.obj
 0001:0000b140       ?GetParamInfo@CShader@LIGHTING_GLOBAL@@UBEABUShaderParamInfo_t@@H@Z 1000c140 f i lighting_global.obj
 0001:0000b170       ?InitParmsLightPassVolum@@YAXABUlightPassParms@@PAVCBaseVSShader@@PAPAVIMaterialVar@@@Z 1000c170 f   lighting_pass_volum.obj
 0001:0000b170       ?InitParmsLightPass@@YAXABUlightPassParms@@PAVCBaseVSShader@@PAPAVIMaterialVar@@@Z 1000c170 f   lighting_pass_basic.obj
 0001:0000b1b0       ?DrawPassLightPass@@YAXABUlightPassParms@@PAVCBaseVSShader@@PAPAVIMaterialVar@@PAVIShaderShadow@@PAVIShaderDynamicAPI@@W4VertexCompressionType_t@@@Z 1000c1b0 f   lighting_pass_basic.obj
 0001:0000ba90       ?InitPassLightPassVolum@@YAXABUlightPassParms@@PAVCBaseVSShader@@PAPAVIMaterialVar@@@Z 1000ca90 f   lighting_pass_volum.obj
 0001:0000ba90       ?InitPassLightPass@@YAXABUlightPassParms@@PAVCBaseVSShader@@PAPAVIMaterialVar@@@Z 1000ca90 f   lighting_pass_basic.obj
 0001:0000baa0       ?DrawPassLightPassVolum@@YAXABUlightPassParms@@PAVCBaseVSShader@@PAPAVIMaterialVar@@PAVIShaderShadow@@PAVIShaderDynamicAPI@@W4VertexCompressionType_t@@@Z 1000caa0 f   lighting_pass_volum.obj
 0001:0000bea0       ?OnInitShaderParams@CShader@LIGHTING_WORLD@@UAEXPAPAVIMaterialVar@@PBD@Z 1000cea0 f i lighting_world.obj
 0001:0000bef0       ?GetName@CShader@LIGHTING_WORLD@@UBEPBDXZ 1000cef0 f i lighting_world.obj
 0001:0000bf00       ?GetFlags@CShader@LIGHTING_WORLD@@UBEHXZ 1000cf00 f i lighting_world.obj
 0001:0000bf10       ?OnInitShaderInstance@CShader@LIGHTING_WORLD@@UAEXPAPAVIMaterialVar@@PAVIShaderInit@@PBD@Z 1000cf10 f i lighting_world.obj
 0001:0000bf60       ?OnDrawElements@CShader@LIGHTING_WORLD@@UAEXPAPAVIMaterialVar@@PAVIShaderShadow@@PAVIShaderDynamicAPI@@W4VertexCompressionType_t@@PAPAVCBasePerMaterialContextData@@@Z 1000cf60 f i lighting_world.obj
 0001:0000bfb0       ?GetParamCount@CShader@LIGHTING_WORLD@@UBEHXZ 1000cfb0 f i lighting_world.obj
 0001:0000bfc0       ?GetParamInfo@CShader@LIGHTING_WORLD@@UBEABUShaderParamInfo_t@@H@Z 1000cfc0 f i lighting_world.obj
 0001:0000bff0       ??0CShaderParam@LIGHTING_WORLD@@QAE@PBDW4ShaderParamType_t@@00H@Z 1000cff0 f i lighting_world.obj
 0001:0000c090       ?OnInitShaderParams@CShader@LIGHTING_VOLUME@@UAEXPAPAVIMaterialVar@@PBD@Z 1000d090 f i lighting_volume.obj
 0001:0000c0e0       ?GetName@CShader@LIGHTING_VOLUME@@UBEPBDXZ 1000d0e0 f i lighting_volume.obj
 0001:0000c0f0       ?GetFlags@CShader@LIGHTING_VOLUME@@UBEHXZ 1000d0f0 f i lighting_volume.obj
 0001:0000c100       ?OnInitShaderInstance@CShader@LIGHTING_VOLUME@@UAEXPAPAVIMaterialVar@@PAVIShaderInit@@PBD@Z 1000d100 f i lighting_volume.obj
 0001:0000c150       ?GetFallbackShader@CShader@VOLUME_BLEND@@UBEPBDPAPAVIMaterialVar@@@Z 1000d150 f i volume_blend.obj
 0001:0000c150       ?GetFallbackShader@CShader@SSGI@@UBEPBDPAPAVIMaterialVar@@@Z 1000d150 f i ssgi.obj
 0001:0000c150       ?GetFallbackShader@CShader@GAUSSIAN_BLUR_6@@UBEPBDPAPAVIMaterialVar@@@Z 1000d150 f i blur.obj
 0001:0000c150       ?GetFallbackShader@CBaseShader@@UBEPBDPAPAVIMaterialVar@@@Z 1000d150 f i blur.obj
 0001:0000c150       ?GetFallbackShader@CShader@LIGHTING_GLOBAL@@UBEPBDPAPAVIMaterialVar@@@Z 1000d150 f i lighting_global.obj
 0001:0000c150       ?GetFallbackShader@CShader@DEFERRED_WATER@@UBEPBDPAPAVIMaterialVar@@@Z 1000d150 f i deferred_water.obj
 0001:0000c150       ?GetFallbackShader@CShader@SKYDOME_ATMOSPHERE@@UBEPBDPAPAVIMaterialVar@@@Z 1000d150 f i skydome_atmosphere.obj
 0001:0000c150       ?GetFallbackShader@CShader@LIGHTING_VOLUME@@UBEPBDPAPAVIMaterialVar@@@Z 1000d150 f i lighting_volume.obj
 0001:0000c150       ?GetFallbackShader@CShader@VOLUME_PREPASS@@UBEPBDPAPAVIMaterialVar@@@Z 1000d150 f i volume_prepass.obj
 0001:0000c150       ?GetFallbackShader@CShader@DEBUG_SHADOW@@UBEPBDPAPAVIMaterialVar@@@Z 1000d150 f i debug_shadow.obj
 0001:0000c150       ?GetFallbackShader@CShader@LIGHTING_WORLD@@UBEPBDPAPAVIMaterialVar@@@Z 1000d150 f i lighting_world.obj
 0001:0000c150       ?GetFallbackShader@CShader@DEBUG_LIGHTING_CTRL@@UBEPBDPAPAVIMaterialVar@@@Z 1000d150 f i debug_lightingctrl.obj
 0001:0000c160       ?OnDrawElements@CShader@LIGHTING_VOLUME@@UAEXPAPAVIMaterialVar@@PAVIShaderShadow@@PAVIShaderDynamicAPI@@W4VertexCompressionType_t@@PAPAVCBasePerMaterialContextData@@@Z 1000d160 f i lighting_volume.obj
 0001:0000c1b0       ?GetParamCount@CShader@LIGHTING_VOLUME@@UBEHXZ 1000d1b0 f i lighting_volume.obj
 0001:0000c1c0       ?GetParamInfo@CShader@LIGHTING_VOLUME@@UBEABUShaderParamInfo_t@@H@Z 1000d1c0 f i lighting_volume.obj
 0001:0000c1f0       ??0CShaderParam@LIGHTING_VOLUME@@QAE@PBDW4ShaderParamType_t@@00H@Z 1000d1f0 f i lighting_volume.obj
 0001:0000c290       ?OnInitShaderParams@CShader@SKYDOME_ATMOSPHERE@@UAEXPAPAVIMaterialVar@@PBD@Z 1000d290 f i skydome_atmosphere.obj
 0001:0000c2d0       ?GetName@CShader@SKYDOME_ATMOSPHERE@@UBEPBDXZ 1000d2d0 f i skydome_atmosphere.obj
 0001:0000c2e0       ?GetFlags@CShader@SKYDOME_ATMOSPHERE@@UBEHXZ 1000d2e0 f i skydome_atmosphere.obj
 0001:0000c2f0       ?OnInitShaderInstance@CShader@SKYDOME_ATMOSPHERE@@UAEXPAPAVIMaterialVar@@PAVIShaderInit@@PBD@Z 1000d2f0 f i skydome_atmosphere.obj
 0001:0000c330       ?OnDrawElements@CShader@SKYDOME_ATMOSPHERE@@UAEXPAPAVIMaterialVar@@PAVIShaderShadow@@PAVIShaderDynamicAPI@@W4VertexCompressionType_t@@PAPAVCBasePerMaterialContextData@@@Z 1000d330 f i skydome_atmosphere.obj
 0001:0000c380       ?GetParamCount@CShader@SKYDOME_ATMOSPHERE@@UBEHXZ 1000d380 f i skydome_atmosphere.obj
 0001:0000c390       ?GetParamInfo@CShader@SKYDOME_ATMOSPHERE@@UBEABUShaderParamInfo_t@@H@Z 1000d390 f i skydome_atmosphere.obj
 0001:0000c3c0       ??0CShaderParam@SKYDOME_ATMOSPHERE@@QAE@PBDW4ShaderParamType_t@@00H@Z 1000d3c0 f i skydome_atmosphere.obj
 0001:0000c460       ?InitParamsSkydome@@YAXPAVCBaseVSShader@@PAPAVIMaterialVar@@PBDAAUSkydome_Vars_t@@@Z 1000d460 f   skydome_atmosphere_helper.obj
 0001:0000c490       ?InitSkydome@@YAXPAVCBaseVSShader@@PAPAVIMaterialVar@@AAUSkydome_Vars_t@@@Z 1000d490 f   skydome_atmosphere_helper.obj
 0001:0000c4d0       ??_ECBasePerMaterialContextData@@UAEPAXI@Z 1000d4d0 f i deferred_brush.obj
 0001:0000c4d0       ??_GCBasePerMaterialContextData@@UAEPAXI@Z 1000d4d0 f i deferred_brush.obj
 0001:0000c4d0       ??_GCSkydome_Context@@UAEPAXI@Z 1000d4d0 f i skydome_atmosphere_helper.obj
 0001:0000c4d0       ??_ECSkydome_Context@@UAEPAXI@Z 1000d4d0 f i skydome_atmosphere_helper.obj
 0001:0000c500       ?DrawSkydome_Internal@@YAXPAVCBaseVSShader@@PAPAVIMaterialVar@@PAVIShaderDynamicAPI@@PAVIShaderShadow@@_NAAUSkydome_Vars_t@@W4VertexCompressionType_t@@PAPAVCBasePerMaterialContextData@@@Z 1000d500 f   skydome_atmosphere_helper.obj
 0001:0000cbb0       ?DrawSkydome@@YAXPAVCBaseVSShader@@PAPAVIMaterialVar@@PAVIShaderDynamicAPI@@PAVIShaderShadow@@AAUSkydome_Vars_t@@W4VertexCompressionType_t@@PAPAVCBasePerMaterialContextData@@@Z 1000dbb0 f   skydome_atmosphere_helper.obj
 0001:0000cc30       ?OnInitShaderParams@CShader@SSGI@@UAEXPAPAVIMaterialVar@@PBD@Z 1000dc30 f i ssgi.obj
 0001:0000cc80       ?GetName@CShader@SSGI@@UBEPBDXZ 1000dc80 f i ssgi.obj
 0001:0000cc90       ?GetFlags@CShader@SSGI@@UBEHXZ 1000dc90 f i ssgi.obj
 0001:0000cca0       ?OnInitShaderInstance@CShader@SSGI@@UAEXPAPAVIMaterialVar@@PAVIShaderInit@@PBD@Z 1000dca0 f i ssgi.obj
 0001:0000cd20       ?OnDrawElements@CShader@SSGI@@UAEXPAPAVIMaterialVar@@PAVIShaderShadow@@PAVIShaderDynamicAPI@@W4VertexCompressionType_t@@PAPAVCBasePerMaterialContextData@@@Z 1000dd20 f i ssgi.obj
 0001:0000ce30       ?GetParamCount@CShader@SSGI@@UBEHXZ 1000de30 f i ssgi.obj
 0001:0000ce40       ?Grow@?$CUtlMemory@PAVCShaderParam@DEFERRED_WATER@@H@@QAEXH@Z 1000de40 f i deferred_water.obj
 0001:0000ce40       ?Grow@?$CUtlMemory@PAVCShaderParam@DEFERRED_BRUSH@@H@@QAEXH@Z 1000de40 f i deferred_brush.obj
 0001:0000ce40       ?Grow@?$CUtlMemory@PAVCShaderParam@SKYDOME_ATMOSPHERE@@H@@QAEXH@Z 1000de40 f i skydome_atmosphere.obj
 0001:0000ce40       ?Grow@?$CUtlMemory@MH@@QAEXH@Z 1000de40 f i IDeferredExt.obj
 0001:0000ce40       ?Grow@?$CUtlMemory@PAVCShaderParam@GAUSSIAN_BLUR_6@@H@@QAEXH@Z 1000de40 f i blur.obj
 0001:0000ce40       ?Grow@?$CUtlMemory@PAVCShaderParam@SSGI@@H@@QAEXH@Z 1000de40 f i ssgi.obj
 0001:0000ce40       ?Grow@?$CUtlMemory@PAVCShaderParam@LIGHTING_WORLD@@H@@QAEXH@Z 1000de40 f i lighting_world.obj
 0001:0000ce40       ?Grow@?$CUtlMemory@PAVIShader@@H@@QAEXH@Z 1000de40 f i shaderlib:ShaderDLL.obj
 0001:0000ce40       ?Grow@?$CUtlMemory@PAVCShaderParam@LIGHTING_VOLUME@@H@@QAEXH@Z 1000de40 f i lighting_volume.obj
 0001:0000ce40       ?Grow@?$CUtlMemory@PAVCShaderParam@DEFERRED_MODEL@@H@@QAEXH@Z 1000de40 f i deferred_model.obj
 0001:0000ced0       ?GetParamInfo@CShader@SSGI@@UBEABUShaderParamInfo_t@@H@Z 1000ded0 f i ssgi.obj
 0001:0000cf00       ??0CShaderParam@SSGI@@QAE@PBDW4ShaderParamType_t@@00H@Z 1000df00 f i ssgi.obj
 0001:0000cfa0       ?GetName@CShader@VOLUME_BLEND@@UBEPBDXZ 1000dfa0 f i volume_blend.obj
 0001:0000cfb0       ?GetFlags@CShader@VOLUME_BLEND@@UBEHXZ 1000dfb0 f i volume_blend.obj
 0001:0000cfc0       ?OnInitShaderInstance@CShader@GAUSSIAN_BLUR_6@@UAEXPAPAVIMaterialVar@@PAVIShaderInit@@PBD@Z 1000dfc0 f i blur.obj
 0001:0000cfc0       ?OnInitShaderInstance@CShader@VOLUME_BLEND@@UAEXPAPAVIMaterialVar@@PAVIShaderInit@@PBD@Z 1000dfc0 f i volume_blend.obj
 0001:0000cff0       ?OnDrawElements@CShader@VOLUME_BLEND@@UAEXPAPAVIMaterialVar@@PAVIShaderShadow@@PAVIShaderDynamicAPI@@W4VertexCompressionType_t@@PAPAVCBasePerMaterialContextData@@@Z 1000dff0 f i volume_blend.obj
 0001:0000d0c0       ?GetParamCount@CShader@VOLUME_BLEND@@UBEHXZ 1000e0c0 f i volume_blend.obj
 0001:0000d0d0       ?GetParamInfo@CShader@VOLUME_BLEND@@UBEABUShaderParamInfo_t@@H@Z 1000e0d0 f i volume_blend.obj
 0001:0000d100       ??1?$CUtlVector@PAVCShaderParam@DEBUG_LIGHTING_CTRL@@V?$CUtlMemory@PAVCShaderParam@DEBUG_LIGHTING_CTRL@@H@@@@QAE@XZ 1000e100 f i debug_lightingctrl.obj
 0001:0000d100       ??1?$CUtlVector@UForwardLightData@@V?$CUtlMemory@UForwardLightData@@H@@@@QAE@XZ 1000e100 f i IDeferredExt.obj
 0001:0000d100       ??1?$CUtlVector@PAVCShaderParam@DEFERRED_BRUSH@@V?$CUtlMemory@PAVCShaderParam@DEFERRED_BRUSH@@H@@@@QAE@XZ 1000e100 f i deferred_brush.obj
 0001:0000d100       ??1?$CUtlVector@PAVCShaderParam@LIGHTING_GLOBAL@@V?$CUtlMemory@PAVCShaderParam@LIGHTING_GLOBAL@@H@@@@QAE@XZ 1000e100 f i lighting_global.obj
 0001:0000d100       ??1?$CUtlVector@PAVCShaderParam@VOLUME_BLEND@@V?$CUtlMemory@PAVCShaderParam@VOLUME_BLEND@@H@@@@QAE@XZ 1000e100 f i volume_blend.obj
 0001:0000d100       ??1?$CUtlVector@PAVCShaderParam@GAUSSIAN_BLUR_6@@V?$CUtlMemory@PAVCShaderParam@GAUSSIAN_BLUR_6@@H@@@@QAE@XZ 1000e100 f i blur.obj
 0001:0000d100       ??1?$CUtlVector@P6AXPAVIConVar@@PBDM@ZV?$CUtlMemory@P6AXPAVIConVar@@PBDM@ZH@@@@QAE@XZ 1000e100 f i tier1:convar.obj
 0001:0000d100       ??1?$CUtlVector@PAVCShaderParam@SKYDOME_ATMOSPHERE@@V?$CUtlMemory@PAVCShaderParam@SKYDOME_ATMOSPHERE@@H@@@@QAE@XZ 1000e100 f i skydome_atmosphere.obj
 0001:0000d100       ??1?$CUtlVector@PAVCShaderParam@DEFERRED_MODEL@@V?$CUtlMemory@PAVCShaderParam@DEFERRED_MODEL@@H@@@@QAE@XZ 1000e100 f i deferred_model.obj
 0001:0000d100       ??1?$CUtlVector@PAVCShaderParam@SSGI@@V?$CUtlMemory@PAVCShaderParam@SSGI@@H@@@@QAE@XZ 1000e100 f i ssgi.obj
 0001:0000d100       ??1?$CUtlVector@MV?$CUtlMemory@MH@@@@QAE@XZ 1000e100 f i IDeferredExt.obj
 0001:0000d100       ??1?$CUtlVector@PAVCShaderParam@VOLUME_PREPASS@@V?$CUtlMemory@PAVCShaderParam@VOLUME_PREPASS@@H@@@@QAE@XZ 1000e100 f i volume_prepass.obj
 0001:0000d100       ??1?$CUtlVector@PAVCShaderParam@DEBUG_SHADOW@@V?$CUtlMemory@PAVCShaderParam@DEBUG_SHADOW@@H@@@@QAE@XZ 1000e100 f i debug_shadow.obj
 0001:0000d100       ??1?$CUtlVector@UForwardSpotLightData@@V?$CUtlMemory@UForwardSpotLightData@@H@@@@QAE@XZ 1000e100 f i IDeferredExt.obj
 0001:0000d100       ??1?$CUtlVector@PAVCShaderParam@LIGHTING_VOLUME@@V?$CUtlMemory@PAVCShaderParam@LIGHTING_VOLUME@@H@@@@QAE@XZ 1000e100 f i lighting_volume.obj
 0001:0000d100       ??1?$CUtlVector@PAVCShaderParam@DEFERRED_WATER@@V?$CUtlMemory@PAVCShaderParam@DEFERRED_WATER@@H@@@@QAE@XZ 1000e100 f i deferred_water.obj
 0001:0000d100       ??1?$CUtlVector@PAVCShaderParam@LIGHTING_WORLD@@V?$CUtlMemory@PAVCShaderParam@LIGHTING_WORLD@@H@@@@QAE@XZ 1000e100 f i lighting_world.obj
 0001:0000d170       ?GetName@CShader@VOLUME_PREPASS@@UBEPBDXZ 1000e170 f i volume_prepass.obj
 0001:0000d180       ?GetFlags@CShader@VOLUME_PREPASS@@UBEHXZ 1000e180 f i volume_prepass.obj
 0001:0000d190       ?OnDrawElements@CShader@VOLUME_PREPASS@@UAEXPAPAVIMaterialVar@@PAVIShaderShadow@@PAVIShaderDynamicAPI@@W4VertexCompressionType_t@@PAPAVCBasePerMaterialContextData@@@Z 1000e190 f i volume_prepass.obj
 0001:0000d2b0       ?GetParamCount@CShader@VOLUME_PREPASS@@UBEHXZ 1000e2b0 f i volume_prepass.obj
 0001:0000d2c0       ?GetParamInfo@CShader@VOLUME_PREPASS@@UBEABUShaderParamInfo_t@@H@Z 1000e2c0 f i volume_prepass.obj
 0001:0000d2f0       ?GetIndex@water_deferred_ps30_Static_Index@@QBEHXZ 1000e2f0 f i water.obj
 0001:0000d360       ?InitParamsWater_DX9@@YAXPAVCBaseVSShader@@PAPAVIMaterialVar@@PBDAAUdefParms_Water@@@Z 1000e360 f   water.obj
 0001:0000d810       ?InitWater_DX9@@YAXPAVCBaseVSShader@@PAPAVIMaterialVar@@AAUdefParms_Water@@@Z 1000e810 f   water.obj
 0001:0000d930       ?DrawWater_DX9@@YAXAAUdefParms_Water@@PAVCBaseVSShader@@PAPAVIMaterialVar@@PAVIShaderShadow@@PAVIShaderDynamicAPI@@W4VertexCompressionType_t@@PAVCDeferredPerMaterialContextData@@@Z 1000e930 f   water.obj
 0001:0000e820       ?ConVar_Register@@YAXHPAVIConCommandBaseAccessor@@@Z 1000f820 f   tier1:convar.obj
 0001:0000e8d0       ?ConVar_Unregister@@YAXXZ  1000f8d0 f   tier1:convar.obj
 0001:0000e920       ?IsCommand@ConCommandBase@@UBE_NXZ 1000f920 f   tier1:convar.obj
 0001:0000e930       ?GetDLLIdentifier@ConCommandBase@@UBEHXZ 1000f930 f   tier1:convar.obj
 0001:0000e940       ?Create@ConCommandBase@@MAEXPBD0H@Z 1000f940 f   tier1:convar.obj
 0001:0000e990       ?GetName@ConCommandBase@@UBEPBDXZ 1000f990 f   tier1:convar.obj
 0001:0000e9a0       ?IsFlagSet@ConCommandBase@@UBE_NH@Z 1000f9a0 f   tier1:convar.obj
 0001:0000e9b0       ?AddFlags@ConCommandBase@@UAEXH@Z 1000f9b0 f   tier1:convar.obj
 0001:0000e9c0       ?RemoveFlags@ConCommandBase@@UAEXH@Z 1000f9c0 f   tier1:convar.obj
 0001:0000e9d0       ?GetHelpText@ConCommandBase@@UBEPBDXZ 1000f9d0 f   tier1:convar.obj
 0001:0000e9e0       ?IsRegistered@ConCommandBase@@UBE_NXZ 1000f9e0 f   tier1:convar.obj
 0001:0000e9f0       ?IsFlagSet@ConVar@@UBE_NH@Z 1000f9f0 f   tier1:convar.obj
 0001:0000ea00       ?GetFlags@ConVar@@UBEHXZ   1000fa00 f   tier1:convar.obj
 0001:0000ea10       ?GetHelpText@ConVar@@UBEPBDXZ 1000fa10 f   tier1:convar.obj
 0001:0000ea20       ?AddFlags@ConVar@@UAEXH@Z  1000fa20 f   tier1:convar.obj
 0001:0000ea30       ?IsRegistered@ConVar@@UBE_NXZ 1000fa30 f   tier1:convar.obj
 0001:0000ea40       ?GetName@ConVar@@UBEPBDXZ  1000fa40 f   tier1:convar.obj
 0001:0000ea50       ?GetBaseName@ConVar@@UBEPBDXZ 1000fa50 f   tier1:convar.obj
 0001:0000ea60       ?GetSplitScreenPlayerSlot@ConVar@@UBEHXZ 1000fa60 f   tier1:convar.obj
 0001:0000ea70       ?IsCommand@ConVar@@UBE_NXZ 1000fa70 f   tier1:convar.obj
 0001:0000ea80       ?Init@ConCommandBase@@MAEXXZ 1000fa80 f   tier1:convar.obj
 0001:0000ea80       ?Init@ConVar@@EAEXXZ       1000fa80 f   tier1:convar.obj
 0001:0000eaa0       ?InternalSetColorFromString@ConVar@@AAE_NPBD@Z 1000faa0 f   tier1:convar.obj
 0001:0000eb50       ?InternalSetValue@ConVar@@EAEXPBD@Z 1000fb50 f   tier1:convar.obj
 0001:0000ec80       ?ClampValue@ConVar@@EAE_NAAM@Z 1000fc80 f   tier1:convar.obj
 0001:0000ecc0       ?InternalSetFloatValue@ConVar@@EAEXM@Z 1000fcc0 f   tier1:convar.obj
 0001:0000eda0       ?InternalSetIntValue@ConVar@@EAEXH@Z 1000fda0 f   tier1:convar.obj
 0001:0000ee70       ?InternalSetColorValue@ConVar@@EAEXVColor@@@Z 1000fe70 f   tier1:convar.obj
 0001:0000eea0       ?SetValue@ConVar@@UAEXPBD@Z 1000fea0 f   tier1:convar.obj
 0001:0000eeb0       ?SetValue@ConVar@@UAEXM@Z  1000feb0 f   tier1:convar.obj
 0001:0000eed0       ?SetValue@ConVar@@UAEXH@Z  1000fed0 f   tier1:convar.obj
 0001:0000eee0       ?SetValue@ConVar@@UAEXVColor@@@Z 1000fee0 f   tier1:convar.obj
 0001:0000eef0       ?RegisterConCommandBase@CDefaultAccessor@@UAE_NPAVConCommandBase@@@Z 1000fef0 f i tier1:convar.obj
 0001:0000ef10       ??_EConCommandBase@@UAEPAXI@Z 1000ff10 f i tier1:convar.obj
 0001:0000ef10       ??_GConCommandBase@@UAEPAXI@Z 1000ff10 f i tier1:convar.obj
 0001:0000ef30       ?Grow@?$CUtlMemory@P6AXPAVIConVar@@PBDM@ZH@@QAEXH@Z 1000ff30 f i tier1:convar.obj
 0001:0000efc0       ?ChangeStringValue@ConVar@@EAEXPBDM@Z 1000ffc0 f   tier1:convar.obj
 0001:0000f080       ?InsertBefore@?$CUtlVector@P6AXPAVIConVar@@PBDM@ZV?$CUtlMemory@P6AXPAVIConVar@@PBDM@ZH@@@@QAEHHABQ6AXPAVIConVar@@PBDM@Z@Z 10010080 f i tier1:convar.obj
 0001:0000f0f0       ??1ConVar@@UAE@XZ          100100f0 f   tier1:convar.obj
 0001:0000f130       ?GetName@ConVar@@WBI@BEPBDXZ 10010130 f i tier1:convar.obj
 0001:0000f140       ?IsFlagSet@ConVar@@WBI@BE_NH@Z 10010140 f i tier1:convar.obj
 0001:0000f150       ??_GCEmptyConVar@@UAEPAXI@Z 10010150 f i tier1:convar.obj
 0001:0000f150       ??_GConVar@@UAEPAXI@Z      10010150 f i tier1:convar.obj
 0001:0000f150       ??_EConVar@@UAEPAXI@Z      10010150 f i tier1:convar.obj
 0001:0000f150       ??_ECEmptyConVar@@UAEPAXI@Z 10010150 f i tier1:convar.obj
 0001:0000f1a0       ?Create@ConVar@@EAEXPBD0H0_NM1MP6AXPAVIConVar@@0M@Z@Z 100101a0 f   tier1:convar.obj
 0001:0000f2e0       ??0ConVar@@QAE@PBD0H@Z     100102e0 f   tier1:convar.obj
 0001:0000f350       ??0ConVar@@QAE@PBD0H0_NM1M@Z 10010350 f   tier1:convar.obj
 0001:0000f3d0       ?SetValue@CEmptyConVar@@UAEXM@Z 100103d0 f i tier1:convar.obj
 0001:0000f3d0       ?SetValue@CEmptyConVar@@UAEXPBD@Z 100103d0 f i tier1:convar.obj
 0001:0000f3d0       ?SetValue@CEmptyConVar@@UAEXH@Z 100103d0 f i tier1:convar.obj
 0001:0000f3e0       ?GetName@CEmptyConVar@@UBEPBDXZ 100103e0 f i tier1:convar.obj
 0001:0000f3f0       ?IsFlagSet@CEmptyConVar@@UBE_NH@Z 100103f0 f i tier1:convar.obj
 0001:0000f400       ?GetName@CEmptyConVar@@WBI@BEPBDXZ 10010400 f i tier1:convar.obj
 0001:0000f410       ?IsFlagSet@CEmptyConVar@@WBI@BE_NH@Z 10010410 f i tier1:convar.obj
 0001:0000f420       ?_V_strlen@@YAHPBD@Z       10010420 f   tier1:strtools.obj
 0001:0000f450       ?_V_strcmp@@YAHPBD0@Z      10010450 f   tier1:strtools.obj
 0001:0000f4b0       ?_V_stricmp@@YAHPBD0@Z     100104b0 f   tier1:strtools.obj
 0001:0000f530       ?_V_memset@@YAXPAXHH@Z     10010530 f   tier1:strtools.obj
 0001:0000f560       ?_V_memcpy@@YAXPAXPBXH@Z   10010560 f   tier1:strtools.obj
 0001:0000f590       ?_V_memmove@@YAXPAXPBXH@Z  10010590 f   tier1:strtools.obj
 0001:0000f5c0       ?V_strncpy@@YAXPADPBDH@Z   100105c0 f   tier1:strtools.obj
 0001:0000f600       ?V_snprintf@@YAHPADHPBDZZ  10010600 f   tier1:strtools.obj
 0001:0000f650       ??0InterfaceReg@@QAE@P6APAXXZPBD@Z 10010650 f   tier1:interface.obj
 0001:0000f670       ?CreateInterfaceInternal@@YAPAXPBDPAH@Z 10010670 f   tier1:interface.obj
 0001:0000f6e0       _CreateInterface           100106e0 f   tier1:interface.obj
 0001:0000f6f0       ?FindConversion@CUtlCStringConversion@@UAEDPBDPAH@Z 100106f0 f   tier1:utlbuffer.obj
 0001:0000f710       ??0CUtlCharConversion@@QAE@DPBDHPAUConversionArray_t@0@@Z 10010710 f   tier1:utlbuffer.obj
 0001:0000f7a0       ?FindConversion@CUtlCharConversion@@UAEDPBDPAH@Z 100107a0 f   tier1:utlbuffer.obj
 0001:0000f800       ?FindConversion@CUtlNoEscConversion@@UAEDPBDPAH@Z 10010800 f i tier1:utlbuffer.obj
 0001:0000f810       ?ReconnectInterface@@YAXP6APAXPBDPAH@Z0PAPAX@Z 10010810 f   interfaces:interfaces.obj
 0001:0000f880       ?ConnectInterfaces@@YAXPAP6APAXPBDPAH@ZH@Z 10010880 f   interfaces:interfaces.obj
 0001:0000f980       ?DisconnectInterfaces@@YAXXZ 10010980 f   interfaces:interfaces.obj
 0001:0000f9c0       ?GammaToLinear@@YAMM@Z     100109c0 f   mathlib:color_conversion.obj
 0001:0000fa10       ?SrgbGammaToLinear@@YAMM@Z 10010a10 f   mathlib:color_conversion.obj
 0001:0000fa80       ?BuildGammaTable@@YAXMMMH@Z 10010a80 f   mathlib:color_conversion.obj
 0001:0000fde0       ??4VMatrix@@QAEAAV0@ABV0@@Z 10010de0 f   mathlib:vmatrix.obj
 0001:0000fe50       ?MatrixSetIdentity@@YAXAAVVMatrix@@@Z 10010e50 f   mathlib:vmatrix.obj
 0001:0000feb0       ?MatrixTranspose@@YAXABVVMatrix@@AAV1@@Z 10010eb0 f   mathlib:vmatrix.obj
 0001:0000ff80       ?Transpose@VMatrix@@QBE?AV1@XZ 10010f80 f   mathlib:vmatrix.obj
 0001:0000fff0       ?Transpose3x3@VMatrix@@QBE?AV1@XZ 10010ff0 f   mathlib:vmatrix.obj
 0001:00010060       ?VectorNormalize@@YAMAAVVector@@@Z 10011060 f   mathlib:mathlib_base.obj
 0001:000100d0       ?_VectorNormalizeFast@@YIXAAVVector@@@Z 100110d0 f   mathlib:mathlib_base.obj
 0001:00010130       ?MathLib_Init@@YAXMMMH_N000@Z 10011130 f   mathlib:mathlib_base.obj
 0001:000101d0       ?Seed@SIMDRandStreamContext@@QAEXI@Z 100111d0 f i mathlib:randsse.obj
 0001:000102c0       ?SeedRandSIMD@@YAXI@Z      100112c0 f   mathlib:randsse.obj
 0001:000102f0       ??_GCBasePerInstanceContextData@@UAEPAXI@Z 100112f0 f i shaderlib:BaseShader.obj
 0001:000102f0       ??_ECBasePerInstanceContextData@@UAEPAXI@Z 100112f0 f i shaderlib:BaseShader.obj
 0001:00010320       ?GetParamCount@CBaseShader@@UBEHXZ 10011320 f   shaderlib:BaseShader.obj
 0001:00010330       ?GetParamInfo@CBaseShader@@UBEABUShaderParamInfo_t@@H@Z 10011330 f   shaderlib:BaseShader.obj
 0001:00010350       ?InitShaderParams@CBaseShader@@UAEXPAPAVIMaterialVar@@PBD@Z 10011350 f   shaderlib:BaseShader.obj
 0001:00010380       ?InitShaderInstance@CBaseShader@@UAEXPAPAVIMaterialVar@@PAVIShaderInit@@PBD2@Z 10011380 f   shaderlib:BaseShader.obj
 0001:000103d0       ?SetInitialShadowState@CBaseShader@@QAEXXZ 100113d0 f   shaderlib:BaseShader.obj
 0001:000104a0       ?LoadTexture@CBaseShader@@QAEXH@Z 100114a0 f   shaderlib:BaseShader.obj
 0001:000104f0       ?LoadBumpMap@CBaseShader@@QAEXH@Z 100114f0 f   shaderlib:BaseShader.obj
 0001:00010540       ?LoadCubeMap@CBaseShader@@QAEXH@Z 10011540 f   shaderlib:BaseShader.obj
 0001:00010590       ?GetShaderAPITextureBindHandle@CBaseShader@@QAEHHHH@Z 10011590 f   shaderlib:BaseShader.obj
 0001:000105e0       ?NeedsPowerOfTwoFrameBufferTexture@CBaseShader@@UBE_NPAPAVIMaterialVar@@_N@Z 100115e0 f   shaderlib:BaseShader.obj
 0001:00010600       ?NeedsFullFrameBufferTexture@CBaseShader@@UBE_NPAPAVIMaterialVar@@_N@Z 10011600 f   shaderlib:BaseShader.obj
 0001:00010620       ?IsTranslucent@CBaseShader@@UBE_NPAPAVIMaterialVar@@@Z 10011620 f   shaderlib:BaseShader.obj
 0001:00010640       ?EnableAlphaBlending@CBaseShader@@QAEXW4ShaderBlendFactor_t@@0@Z 10011640 f   shaderlib:BaseShader.obj
 0001:00010680       ?FogToBlack@CBaseShader@@QAEXXZ 10011680 f   shaderlib:BaseShader.obj
 0001:000106c0       ?FogToFogColor@CBaseShader@@QAEXXZ 100116c0 f   shaderlib:BaseShader.obj
 0001:00010700       ?DefaultFog@CBaseShader@@QAEXXZ 10011700 f   shaderlib:BaseShader.obj
 0001:00010760       ?UsingFlashlight@CBaseShader@@QBE_NPAPAVIMaterialVar@@@Z 10011760 f   shaderlib:BaseShader.obj
 0001:00010790       ??_GCPerInstanceContextData@@UAEPAXI@Z 10011790 f i shaderlib:BaseShader.obj
 0001:00010790       ??_ECPerInstanceContextData@@UAEPAXI@Z 10011790 f i shaderlib:BaseShader.obj
 0001:000107d0       ??0CBaseShader@@QAE@XZ     100117d0 f   shaderlib:BaseShader.obj
 0001:000107f0       ?DrawElements@CBaseShader@@UAEXPAPAVIMaterialVar@@HPAVIShaderShadow@@PAVIShaderDynamicAPI@@W4VertexCompressionType_t@@PAPAVCBasePerMaterialContextData@@PAPAVCBasePerInstanceContextData@@@Z 100117f0 f   shaderlib:BaseShader.obj
 0001:00010880       ?BindTexture@CBaseShader@@QAEXW4Sampler_t@@HH@Z 10011880 f   shaderlib:BaseShader.obj
 0001:000108d0       ?BindTexture@CBaseShader@@QAEXW4Sampler_t@@PAVITexture@@H@Z 100118d0 f   shaderlib:BaseShader.obj
 0001:000108f0       ?ComputeModulationFlags@CBaseShader@@UAEHPAPAVIMaterialVar@@PAVIShaderDynamicAPI@@@Z 100118f0 f   shaderlib:BaseShader.obj
 0001:000109d0       ?PI_EndCommandBuffer@CBaseShader@@QAEXXZ 100119d0 f   shaderlib:BaseShader.obj
 0001:00010ac0       ?Draw@CBaseShader@@QAEX_N@Z 10011ac0 f   shaderlib:BaseShader.obj
 0001:00010ba0       ?Connect@CShaderDLL@@UAE_NP6APAXPBDPAH@Z_N@Z 10011ba0 f   shaderlib:ShaderDLL.obj
 0001:00010c20       ?Disconnect@CShaderDLL@@UAEX_N@Z 10011c20 f   shaderlib:ShaderDLL.obj
 0001:00010c60       ?Connect@CShaderDLL@@UAE_NP6APAXPBDPAH@Z@Z 10011c60 f   shaderlib:ShaderDLL.obj
 0001:00010c80       ?Disconnect@CShaderDLL@@UAEXXZ 10011c80 f   shaderlib:ShaderDLL.obj
 0001:00010c90       ?GetFlags@ConCommandBase@@UBEHXZ 10011c90 f   tier1:convar.obj
 0001:00010c90       ?ShaderCount@CShaderDLL@@UBEHXZ 10011c90 f   shaderlib:ShaderDLL.obj
 0001:00010ca0       ?GetShader@CShaderDLL@@UAEPAVIShader@@H@Z 10011ca0 f   shaderlib:ShaderDLL.obj
 0001:00010cc0       ??0CShaderDLL@@QAE@XZ      10011cc0 f   shaderlib:ShaderDLL.obj
 0001:00010d20       ?GetShaderDLL@@YAPAVIShaderDLL@@XZ 10011d20 f   shaderlib:ShaderDLL.obj
 0001:00010d60       ?GetShaderDLLInternal@@YAPAVIShaderDLLInternal@@XZ 10011d60 f   shaderlib:ShaderDLL.obj
 0001:00010d90       ?InsertShader@CShaderDLL@@UAEXPAVIShader@@@Z 10011d90 f   shaderlib:ShaderDLL.obj
 0001:00010df0       ?InitShaderLibCVars@@YAXP6APAXPBDPAH@Z@Z 10011df0 f   shaderlib:shaderlib_cvar.obj
 0001:00010e10       ?RegisterConCommandBase@CShaderLibConVarAccessor@@UAE_NPAVConCommandBase@@@Z 10011e10 f i shaderlib:shaderlib_cvar.obj
 0001:00010e69       __cfltcvt_init             10011e69 f   LIBCMT:_fpinit_.obj
 0001:00010ec9       __fpmath                   10011ec9 f   LIBCMT:_fpinit_.obj
 0001:00010ef0       _fmod                      10011ef0 f   LIBCMT:_87fmod_.obj
 0001:00010efa       __CIfmod                   10011efa f   LIBCMT:_87fmod_.obj
 0001:00010f20       __ftol2_sse                10011f20 f   LIBCMT:ftol2.obj
 0001:00010f29       __ftol2_pentium4           10011f29 f   LIBCMT:ftol2.obj
 0001:00010f3c       __ftol2_sse_excpt          10011f3c f   LIBCMT:ftol2.obj
 0001:00010f56       __ftol2                    10011f56 f   LIBCMT:ftol2.obj
 0001:00011081       ___onexitinit              10012081 f   LIBCMT:onexit.obj
 0001:000110b2       __onexit                   100120b2 f   LIBCMT:onexit.obj
 0001:000110ee       _atexit                    100120ee f   LIBCMT:onexit.obj
 0001:00011105       ??1type_info@@UAE@XZ       10012105 f   LIBCMT:typinfo.obj
 0001:00011115       ??_Gtype_info@@UAEPAXI@Z   10012115 f i LIBCMT:typinfo.obj
 0001:00011115       ??_Etype_info@@UAEPAXI@Z   10012115 f i LIBCMT:typinfo.obj
 0001:00011136       __purecall                 10012136 f   LIBCMT:purevirt.obj
 0001:00011160       _printf                    10012160 f   LIBCMT:printf.obj
 0001:00011207       __get_printf_count_output  10012207 f   LIBCMT:printf.obj
 0001:0001121d       ??3@YAXPAX@Z               1001221d f   LIBCMT:delete.obj
 0001:00011228       ??1bad_alloc@std@@UAE@XZ   10012228 f i LIBCMT:new.obj
 0001:00011233       ??_Gbad_alloc@std@@UAEPAXI@Z 10012233 f i LIBCMT:new.obj
 0001:00011233       ??_Ebad_alloc@std@@UAEPAXI@Z 10012233 f i LIBCMT:new.obj
 0001:0001125a       ??0bad_alloc@std@@QAE@ABV01@@Z 1001225a f i LIBCMT:new.obj
 0001:00011277       ??2@YAPAXI@Z               10012277 f   LIBCMT:new.obj
 0001:00011300       _memset                    10012300 f   LIBCMT:memset.obj
 0001:00011380       _memcpy                    10012380 f   LIBCMT:memcpy.obj
 0001:000116e1       ??0_LocaleUpdate@@QAE@PAUlocaleinfo_struct@@@Z 100126e1 f i LIBCMT:atof.obj
 0001:00011768       __atof_l                   10012768 f   LIBCMT:atof.obj
 0001:00011813       _atof                      10012813 f   LIBCMT:atof.obj
 0001:00011826       __CRT_INIT@12              10012826 f   LIBCMT:dllcrt0.obj
 0001:00011a80       __DllMainCRTStartup@12     10012a80 f   LIBCMT:dllcrt0.obj
 0001:00011b11       _sscanf                    10012b11 f   LIBCMT:sscanf.obj
 0001:00011b33       __vsnprintf_l              10012b33 f   LIBCMT:vsnprint.obj
 0001:00011bdf       __vsnprintf                10012bdf f   LIBCMT:vsnprint.obj
 0001:00011c00       __chkstk                   10012c00 f   LIBCMT:chkstk.obj
 0001:00011c00       __alloca_probe             10012c00     LIBCMT:chkstk.obj
 0001:00011c40       _strchr                    10012c40 f   LIBCMT:strchr.obj
 0001:00011c46       ___from_strstr_to_strchr   10012c46     LIBCMT:strchr.obj
 0001:00011d00       __alloca_probe_16          10012d00 f   LIBCMT:alloca16.obj
 0001:00011d16       __alloca_probe_8           10012d16     LIBCMT:alloca16.obj
 0001:00011d30       _strstr                    10012d30 f   LIBCMT:strstr.obj
 0001:00011db6       __tolower_l                10012db6 f   LIBCMT:tolower.obj
 0001:00011ecb       _tolower                   10012ecb f   LIBCMT:tolower.obj
 0001:00011f00       __allmul                   10012f00 f   LIBCMT:llmul.obj
 0001:00011f40       _strncat                   10012f40 f   LIBCMT:strncat.obj
 0001:00012080       _memmove                   10013080 f   LIBCMT:memmove.obj
 0001:000123f0       _strncpy                   100133f0 f   LIBCMT:strncpy.obj
 0001:00012520       __allrem                   10013520 f   LIBCMT:llrem.obj
 0001:000125e0       __alldiv                   100135e0 f   LIBCMT:lldiv.obj
 0001:00012690       _floor                     10013690 f   LIBCMT:_floor_pentium4_.obj
 0001:000126d0       __floor_pentium4           100136d0 f   LIBCMT:_floor_pentium4_.obj
 0001:000127c0       _pow                       100137c0 f   LIBCMT:_pow_.obj
 0001:00012800       __CIpow                    10013800 f   LIBCMT:_pow_.obj
 0001:0001283b       __CIpow_default            1001383b f   LIBCMT:_pow_.obj
 0001:00012854       __pow_default              10013854     LIBCMT:_pow_.obj
 0001:00012a4a       ___libm_sse2_pow           10013a4a f   LIBCMT:_pow_sse2_.obj
 0001:000134d0       _acos                      100144d0 f   LIBCMT:_acos_.obj
 0001:00013510       __CIacos                   10014510 f   LIBCMT:_acos_.obj
 0001:0001354b       __CIacos_default           1001454b f   LIBCMT:_acos_.obj
 0001:0001355f       __acos_default             1001455f     LIBCMT:_acos_.obj
 0001:00013616       ___libm_sse2_sin           10014616 f   LIBCMT:_sin_sse2_.obj
 0001:000137d0       _asin                      100147d0 f   LIBCMT:_asin_.obj
 0001:00013810       __CIasin                   10014810 f   LIBCMT:_asin_.obj
 0001:0001384b       __CIasin_default           1001484b f   LIBCMT:_asin_.obj
 0001:0001385f       __asin_default             1001485f     LIBCMT:_asin_.obj
 0001:00013916       __forcdecpt_l              10014916 f   LIBCMT:cvt.obj
 0001:0001398a       __cropzeros_l              1001498a f   LIBCMT:cvt.obj
 0001:00013a0c       __positive                 10014a0c f   LIBCMT:cvt.obj
 0001:00013a28       __fassign_l                10014a28 f   LIBCMT:cvt.obj
 0001:00013a6a       __fassign                  10014a6a f   LIBCMT:cvt.obj
 0001:00013aa3       __forcdecpt                10014aa3 f   LIBCMT:cvt.obj
 0001:00013ab6       __cropzeros                10014ab6 f   LIBCMT:cvt.obj
 0001:00013c2a       __cftoe_l                  10014c2a f   LIBCMT:cvt.obj
 0001:00013cf1       __cftoe                    10014cf1 f   LIBCMT:cvt.obj
 0001:00013d11       __cftoa_l                  10014d11 f   LIBCMT:cvt.obj
 0001:0001418a       __cftof_l                  1001518a f   LIBCMT:cvt.obj
 0001:0001424b       __cftog_l                  1001524b f   LIBCMT:cvt.obj
 0001:00014338       __cfltcvt_l                10015338 f   LIBCMT:cvt.obj
 0001:000143c0       __cfltcvt                  100153c0 f   LIBCMT:cvt.obj
 0001:000143e3       __initp_misc_cfltcvt_tab   100153e3 f   LIBCMT:cmiscdat.obj
 0001:00014406       __setdefaultprecision      10015406 f   LIBCMT:fp8.obj
 0001:00014430       __cintrindisp2             10015430 f   LIBCMT:_87cdisp_.obj
 0001:0001446e       __cintrindisp1             1001546e f   LIBCMT:_87cdisp_.obj
 0001:000144ab       __ctrandisp2               100154ab f   LIBCMT:_87cdisp_.obj
 0001:0001463a       __ctrandisp1               1001563a f   LIBCMT:_87cdisp_.obj
 0001:0001466d       __fload                    1001566d f   LIBCMT:_87cdisp_.obj
 0001:000146b0       __trandisp1                100156b0 f   LIBCMT:_87disp_.obj
 0001:00014717       __trandisp2                10015717 f   LIBCMT:_87disp_.obj
 0001:000147a3       __rttospopde               100157a3     LIBCMT:_87disp_.obj
 0001:000147a8       __rttospop                 100157a8     LIBCMT:_87disp_.obj
 0001:000147aa       __rtnospop                 100157aa     LIBCMT:_87disp_.obj
 0001:000147ac       __rttosnpop                100157ac     LIBCMT:_87disp_.obj
 0001:000147ad       __rtnospopde               100157ad     LIBCMT:_87disp_.obj
 0001:000147b4       __rtzeropop                100157b4     LIBCMT:_87disp_.obj
 0001:000147b6       __rtzeronpop               100157b6     LIBCMT:_87disp_.obj
 0001:000147bb       __rtonepop                 100157bb     LIBCMT:_87disp_.obj
 0001:000147bd       __rtonenpop                100157bd     LIBCMT:_87disp_.obj
 0001:000147c2       __tosnan1                  100157c2     LIBCMT:_87disp_.obj
 0001:000147ed       __nosnan2                  100157ed     LIBCMT:_87disp_.obj
 0001:000147ef       __tosnan2                  100157ef     LIBCMT:_87disp_.obj
 0001:00014817       __nan2                     10015817     LIBCMT:_87disp_.obj
 0001:00014856       __rtindfpop                10015856     LIBCMT:_87disp_.obj
 0001:00014858       __rtindfnpop               10015858     LIBCMT:_87disp_.obj
 0001:00014869       __rttosnpopde              10015869     LIBCMT:_87disp_.obj
 0001:00014873       __rtchsifneg               10015873     LIBCMT:_87disp_.obj
 0001:0001487a       ___sse2_available_init     1001587a f   LIBCMT:cpu_disp.obj
 0001:0001488a       __malloc_crt               1001588a f   LIBCMT:crtheap.obj
 0001:000148cf       __calloc_crt               100158cf f   LIBCMT:crtheap.obj
 0001:0001491b       __realloc_crt              1001591b f   LIBCMT:crtheap.obj
 0001:00014969       __recalloc_crt             10015969 f   LIBCMT:crtheap.obj
 0001:000149bb       __msize                    100159bb f   LIBCMT:msize.obj
 0001:000149ee       ___crtCorExitProcess       100159ee f   LIBCMT:crt0dat.obj
 0001:00014a19       ___crtExitProcess          10015a19 f   LIBCMT:crt0dat.obj
 0001:00014a31       __lockexit                 10015a31 f   LIBCMT:crt0dat.obj
 0001:00014a3a       __unlockexit               10015a3a f   LIBCMT:crt0dat.obj
 0001:00014a43       __init_pointers            10015a43 f   LIBCMT:crt0dat.obj
 0001:00014a76       __initterm_e               10015a76 f   LIBCMT:crt0dat.obj
 0001:00014a9a       __cinit                    10015a9a f   LIBCMT:crt0dat.obj
 0001:00014c71       __exit                     10015c71 f   LIBCMT:crt0dat.obj
 0001:00014c87       __cexit                    10015c87 f   LIBCMT:crt0dat.obj
 0001:00014c96       __amsg_exit                10015c96 f   LIBCMT:crt0dat.obj
 0001:00014cc0       __SEH_prolog4              10015cc0 f   LIBCMT:sehprolg4.obj
 0001:00014d05       __SEH_epilog4              10015d05 f   LIBCMT:sehprolg4.obj
 0001:00014d20       __except_handler4          10015d20 f   LIBCMT:chandler4.obj
 0001:00014eaf       ?_Type_info_dtor@type_info@@CAXPAV1@@Z 10015eaf f   LIBCMT:typname.obj
 0001:00014f20       _strcmp                    10015f20 f   LIBCMT:strcmp.obj
 0001:00014fa8       _abort                     10015fa8 f   LIBCMT:abort.obj
 0001:00014fdb       __set_abort_behavior       10015fdb f   LIBCMT:abort.obj
 0001:00014ffc       __GET_RTERRMSG             10015ffc f   LIBCMT:crt0msg.obj
 0001:00015022       __NMSG_WRITE               10016022 f   LIBCMT:crt0msg.obj
 0001:000151d1       __FF_MSGBANNER             100161d1 f   LIBCMT:crt0msg.obj
 0001:0001520a       __initp_misc_purevirt      1001620a f   LIBCMT:inithelp.obj
 0001:00015219       ___iob_func                10016219 f   LIBCMT:_file.obj
 0001:0001521f       ___initstdio               1001621f f   LIBCMT:_file.obj
 0001:000152d0       ___endstdio                100162d0 f   LIBCMT:_file.obj
 0001:000152f0       __lock_file                100162f0 f   LIBCMT:_file.obj
 0001:00015331       __lock_file2               10016331 f   LIBCMT:_file.obj
 0001:00015363       __unlock_file              10016363 f   LIBCMT:_file.obj
 0001:0001539f       __unlock_file2             1001639f f   LIBCMT:_file.obj
 0001:000153ce       __stbuf                    100163ce f   LIBCMT:_sftbuf.obj
 0001:0001546a       __ftbuf                    1001646a f   LIBCMT:_sftbuf.obj
 0001:00015533       __output_l                 10016533 f   LIBCMT:output.obj
 0001:0001613b       __initp_misc_invarg        1001713b f   LIBCMT:invarg.obj
 0001:0001614a       __call_reportfault         1001714a f   LIBCMT:invarg.obj
 0001:00016273       __invoke_watson            10017273 f   LIBCMT:invarg.obj
 0001:00016298       __invalid_parameter        10017298 f   LIBCMT:invarg.obj
 0001:000162c5       __invalid_parameter_noinfo 100172c5 f   LIBCMT:invarg.obj
 0001:000162d5       __get_errno_from_oserr     100172d5 f   LIBCMT:dosmap.obj
 0001:00016317       __errno                    10017317 f   LIBCMT:dosmap.obj
 0001:0001632a       ___doserrno                1001732a f   LIBCMT:dosmap.obj
 0001:0001633d       __dosmaperr                1001733d f   LIBCMT:dosmap.obj
 0001:00016360       _free                      10017360 f   LIBCMT:free.obj
 0001:0001639a       ??0exception@std@@QAE@ABQBDH@Z 1001739a f   LIBCMT:stdexcpt.obj
 0001:000163b7       ?what@exception@std@@UBEPBDXZ 100173b7 f   LIBCMT:stdexcpt.obj
 0001:000163c4       ?_Copy_str@exception@std@@AAEXPBD@Z 100173c4 f   LIBCMT:stdexcpt.obj
 0001:00016404       ?_Tidy@exception@std@@AAEXXZ 10017404 f   LIBCMT:stdexcpt.obj
 0001:00016422       ??4exception@std@@QAEAAV01@ABV01@@Z 10017422 f   LIBCMT:stdexcpt.obj
 0001:00016457       ??1exception@std@@UAE@XZ   10017457 f   LIBCMT:stdexcpt.obj
 0001:00016462       ??_Eexception@std@@UAEPAXI@Z 10017462 f i LIBCMT:stdexcpt.obj
 0001:00016462       ??_Gexception@std@@UAEPAXI@Z 10017462 f i LIBCMT:stdexcpt.obj
 0001:00016489       ??0exception@std@@QAE@ABV01@@Z 10017489 f   LIBCMT:stdexcpt.obj
 0001:000164ae       _malloc                    100174ae f   LIBCMT:malloc.obj
 0001:00016542       __initp_heap_handler       10017542 f   LIBCMT:handler.obj
 0001:00016551       __callnewh                 10017551 f   LIBCMT:handler.obj
 0001:00016579       __CxxThrowException@8      10017579 f   LIBCMT:throw.obj
 0001:000165c5       __VEC_memzero              100175c5 f   LIBCMT:p4_memset.obj
 0001:0001667f       __VEC_memcpy               1001767f f   LIBCMT:p4_memcpy.obj
 0001:000169a5       ___updatetmbcinfo          100179a5 f   LIBCMT:mbctype.obj
 0001:00016ac5       __setmbcp_nolock           10017ac5 f   LIBCMT:mbctype.obj
 0001:00016cae       __setmbcp                  10017cae f   LIBCMT:mbctype.obj
 0001:00016e48       ___initmbctable            10017e48 f   LIBCMT:mbctype.obj
 0001:00016e66       ___addlocaleref            10017e66 f   LIBCMT:localref.obj
 0001:00016ef5       ___removelocaleref         10017ef5 f   LIBCMT:localref.obj
 0001:00016f8e       ___freetlocinfo            10017f8e f   LIBCMT:localref.obj
 0001:000170d9       __updatetlocinfoEx_nolock  100180d9 f   LIBCMT:localref.obj
 0001:00017126       ___updatetlocinfo          10018126 f   LIBCMT:localref.obj
 0001:0001719f       __encoded_null             1001819f f   LIBCMT:tidtable.obj
 0001:000171a8       ___crtTlsAlloc@4           100181a8 f   LIBCMT:tidtable.obj
 0001:000171b1       ___set_flsgetvalue         100181b1 f   LIBCMT:tidtable.obj
 0001:000171e5       __mtterm                   100181e5 f   LIBCMT:tidtable.obj
 0001:00017222       __initptd                  10018222 f   LIBCMT:tidtable.obj
 0001:000172d6       __getptd_noexit            100182d6 f   LIBCMT:tidtable.obj
 0001:0001734f       __getptd                   1001834f f   LIBCMT:tidtable.obj
 0001:00017369       __freefls@4                10018369 f   LIBCMT:tidtable.obj
 0001:00017498       __freeptd                  10018498 f   LIBCMT:tidtable.obj
 0001:00017506       __mtinit                   10018506 f   LIBCMT:tidtable.obj
 0001:00017681       __fltin2                   10018681 f   LIBCMT:_cfin_.obj
 0001:00017728       __isctype_l                10018728 f   LIBCMT:isctype.obj
 0001:000177e0       @__security_check_cookie@4 100187e0 f   LIBCMT:secchk.obj
 0001:000177ef       ___strgtold12_l            100187ef f   LIBCMT:_strgtold_.obj
 0001:00017ecb       __ioinit                   10018ecb f   LIBCMT:ioinit.obj
 0001:00018110       __ioterm                   10019110 f   LIBCMT:ioinit.obj
 0001:00018163       __setenvp                  10019163 f   LIBCMT:stdenvp.obj
 0001:000183d9       __setargv                  100193d9 f   LIBCMT:stdargv.obj
 0001:00018494       ___crtGetEnvironmentStringsA 10019494 f   LIBCMT:a_env.obj
 0001:0001852b       __RTC_Initialize           1001952b f   LIBCMT:_initsect_.obj
 0001:00018551       __RTC_Terminate            10019551 f   LIBCMT:_initsect_.obj
 0001:00018577       __heap_init                10019577 f   LIBCMT:heapinit.obj
 0001:00018595       __heap_term                10019595 f   LIBCMT:heapinit.obj
 0001:000185a9       __XcptFilter               100195a9 f   LIBCMT:winxfltr.obj
 0001:000186f3       ___CppXcptFilter           100196f3 f   LIBCMT:winxfltr.obj
 0001:00018713       _DllMain@12                10019713 f   LIBCMT:dllmain.obj
 0001:00018719       ___security_init_cookie    10019719 f   LIBCMT:gs_support.obj
 0001:000187c0       _strlen                    100197c0 f   LIBCMT:strlen.obj
 0001:00018902       __input_l                  10019902 f   LIBCMT:input.obj
 0001:00019906       __flsbuf                   1001a906 f   LIBCMT:_flsbuf.obj
 0001:00019a6a       __freea                    1001aa6a f i LIBCMT:a_map.obj
 0001:00019c71       ___crtLCMapStringA         1001ac71 f   LIBCMT:a_map.obj
 0001:00019cb7       __isleadbyte_l             1001acb7 f i LIBCMT:_wctype.obj
 0001:00019cef       _isleadbyte                1001acef f i LIBCMT:_wctype.obj
 0001:00019d02       __mtinitlocks              1001ad02 f   LIBCMT:mlock.obj
 0001:00019d4c       __mtdeletelocks            1001ad4c f   LIBCMT:mlock.obj
 0001:00019da3       __unlock                   1001ada3 f   LIBCMT:mlock.obj
 0001:00019dba       __mtinitlocknum            1001adba f   LIBCMT:mlock.obj
 0001:00019e7c       __lock                     1001ae7c f   LIBCMT:mlock.obj
 0001:00019eb0       __aulldvrm                 1001aeb0 f   LIBCMT:ulldvrm.obj
 0001:00019f50       ___libm_error_support      1001af50 f   LIBCMT:_libm_error_.obj
 0001:0001a21c       __sse2_mathfcns_init       1001b21c f   LIBCMT:_mathfcns_.obj
 0001:0001a22c       __floor_default            1001b22c f   LIBCMT:_floor_.obj
 0001:0001a310       __CIpow_pentium4           1001b310 f   LIBCMT:_pow_pentium4_.obj
 0001:0001a329       __pow_pentium4             1001b329     LIBCMT:_pow_pentium4_.obj
 0001:0001ae81       __fFEXP                    1001be81     LIBCMT:_87tran_.obj
 0001:0001aed8       __rtinfpopse               1001bed8     LIBCMT:_87tran_.obj
 0001:0001aeda       __rtinfnpopse              1001beda     LIBCMT:_87tran_.obj
 0001:0001aeea       __fFLN                     1001beea     LIBCMT:_87tran_.obj
 0001:0001af9f       __rtinfpop                 1001bf9f     LIBCMT:_87tran_.obj
 0001:0001afa1       __rtinfnpop                1001bfa1     LIBCMT:_87tran_.obj
 0001:0001afbe       __ffexpm1                  1001bfbe     LIBCMT:_87tran_.obj
 0001:0001b070       __startTwoArgErrorHandling 1001c070 f   LIBCMT:_genexcep_.obj
 0001:0001b087       __startOneArgErrorHandling 1001c087 f   LIBCMT:_genexcep_.obj
 0001:0001b0d0       __twoToTOS                 1001c0d0 f   LIBCMT:_common_.obj
 0001:0001b0e5       __load_CW                  1001c0e5 f   LIBCMT:_common_.obj
 0001:0001b0fc       __convertTOStoQNaN         1001c0fc f   LIBCMT:_common_.obj
 0001:0001b115       __fload_withFB             1001c115 f   LIBCMT:_common_.obj
 0001:0001b158       __checkTOS_withFB          1001c158 f   LIBCMT:_common_.obj
 0001:0001b16e       __fast_exit                1001c16e f   LIBCMT:_common_.obj
 0001:0001b17b       __math_exit                1001c17b f   LIBCMT:_common_.obj
 0001:0001b1a5       __check_overflow_exit      1001c1a5 f   LIBCMT:_common_.obj
 0001:0001b1b9       __check_range_exit         1001c1b9 f   LIBCMT:_common_.obj
 0001:0001b25c       __d_inttype                1001c25c f   LIBCMT:_powhlp_.obj
 0001:0001b2c6       __powhlp                   1001c2c6 f   LIBCMT:_powhlp_.obj
 0001:0001b400       __CIacos_pentium4          1001c400 f   LIBCMT:_acos_pentium4_.obj
 0001:0001b418       __acos_pentium4            1001c418     LIBCMT:_acos_pentium4_.obj
 0001:0001b960       _cos                       1001c960 f   LIBCMT:_cos_.obj
 0001:0001b9a0       __CIcos                    1001c9a0 f   LIBCMT:_cos_.obj
 0001:0001b9db       __CIcos_default            1001c9db f   LIBCMT:_cos_.obj
 0001:0001b9ef       __cos_default              1001c9ef     LIBCMT:_cos_.obj
 0001:0001ba90       _sin                       1001ca90 f   LIBCMT:_sin_.obj
 0001:0001bad0       __CIsin                    1001cad0 f   LIBCMT:_sin_.obj
 0001:0001bb0b       __CIsin_default            1001cb0b f   LIBCMT:_sin_.obj
 0001:0001bb1f       __sin_default              1001cb1f     LIBCMT:_sin_.obj
 0001:0001bbc0       _tan                       1001cbc0 f   LIBCMT:_tan_.obj
 0001:0001bc00       __CItan                    1001cc00 f   LIBCMT:_tan_.obj
 0001:0001bc3b       __CItan_default            1001cc3b f   LIBCMT:_tan_.obj
 0001:0001bc4f       __tan_default              1001cc4f     LIBCMT:_tan_.obj
 0001:0001bcf0       __CIasin_pentium4          1001ccf0 f   LIBCMT:_asin_pentium4_.obj
 0001:0001bd08       __asin_pentium4            1001cd08     LIBCMT:_asin_pentium4_.obj
 0001:0001c270       _strrchr                   1001d270 f   LIBCMT:strrchr.obj
 0001:0001c29d       __isdigit_l                1001d29d f i LIBCMT:_ctype.obj
 0001:0001c2ee       _isdigit                   1001d2ee f i LIBCMT:_ctype.obj
 0001:0001c31c       __isxdigit_l               1001d31c f i LIBCMT:_ctype.obj
 0001:0001c372       _isxdigit                  1001d372 f i LIBCMT:_ctype.obj
 0001:0001c3a2       __isspace_l                1001d3a2 f i LIBCMT:_ctype.obj
 0001:0001c3f3       _isspace                   1001d3f3 f i LIBCMT:_ctype.obj
 0001:0001c421       __atodbl_l                 1001d421 f   LIBCMT:atodbl.obj
 0001:0001c4c9       __atoflt_l                 1001d4c9 f   LIBCMT:atodbl.obj
 0001:0001c571       _strcpy_s                  1001d571 f   LIBCMT:strcpy_s.obj
 0001:0001c5d0       __fptostr                  1001d5d0 f   LIBCMT:_fptostr.obj
 0001:0001c683       ___dtold                   1001d683 f   LIBCMT:_cfout_.obj
 0001:0001c736       __fltout2                  1001d736 f   LIBCMT:_cfout_.obj
 0001:0001c7d0       __alldvrm                  1001d7d0 f   LIBCMT:lldvrm.obj
 0001:0001c8b0       __aullshr                  1001d8b0 f   LIBCMT:ullshr.obj
 0001:0001c8cf       __fptrap                   1001d8cf f   LIBCMT:crt0fp.obj
 0001:0001c8d8       __controlfp_s              1001d8d8 f   LIBCMT:_contrlfp_.obj
 0001:0001c937       __87except                 1001d937 f   LIBCMT:_87except_.obj
 0001:0001ca76       __calloc_impl              1001da76 f   LIBCMT:calloc_impl.obj
 0001:0001caf8       _realloc                   1001daf8 f   LIBCMT:realloc.obj
 0001:0001cba5       __recalloc                 1001dba5 f   LIBCMT:recalloc.obj
 0001:0001cc13       ?terminate@@YAXXZ          1001dc13 f   LIBCMT:hooks.obj
 0001:0001cc4c       __initp_eh_hooks           1001dc4c f   LIBCMT:hooks.obj
 0001:0001cc5d       __initp_misc_winsig        1001dc5d f   LIBCMT:winsig.obj
 0001:0001ccb2       ___get_sigabrt             1001dcb2 f   LIBCMT:winsig.obj
 0001:0001ccbf       _raise                     1001dcbf f   LIBCMT:winsig.obj
 0001:0001ce62       __initp_misc_rand_s        1001de62 f   LIBCMT:rand_s.obj
 0001:0001ce80       __ValidateImageBase        1001de80 f   LIBCMT:pesect.obj
 0001:0001cec0       __FindPESection            1001dec0 f   LIBCMT:pesect.obj
 0001:0001cf10       __IsNonwritableInCurrentImage 1001df10 f   LIBCMT:pesect.obj
 0001:0001cfd0       __local_unwind4            1001dfd0 f   LIBCMT:exsup4.obj
 0001:0001d0a6       __seh_longjmp_unwind4@4    1001e0a6 f   LIBCMT:exsup4.obj
 0001:0001d0c2       @_EH4_CallFilterFunc@8     1001e0c2 f   LIBCMT:exsup4.obj
 0001:0001d0d9       @_EH4_TransferToHandler@8  1001e0d9 f   LIBCMT:exsup4.obj
 0001:0001d0f2       @_EH4_GlobalUnwind2@8      1001e0f2 f   LIBCMT:exsup4.obj
 0001:0001d10b       @_EH4_LocalUnwind@16       1001e10b f   LIBCMT:exsup4.obj
 0001:0001d122       ___crtMessageBoxW          1001e122 f   LIBCMT:crtmboxw.obj
 0001:0001d28e       _wcscat_s                  1001e28e f   LIBCMT:wcscat_s.obj
 0001:0001d303       _wcsncpy_s                 1001e303 f   LIBCMT:wcsncpy_s.obj
 0001:0001d3d0       _wcslen                    1001e3d0 f   LIBCMT:wcslen.obj
 0001:0001d3eb       _wcscpy_s                  1001e3eb f   LIBCMT:wcscpy_s.obj
 0001:0001d44e       __set_error_mode           1001e44e f   LIBCMT:errmode.obj
 0001:0001d48d       __fcloseall                1001e48d f   LIBCMT:closeall.obj
 0001:0001d529       __flush                    1001e529 f   LIBCMT:fflush.obj
 0001:0001d591       __fflush_nolock            1001e591 f   LIBCMT:fflush.obj
 0001:0001d6b3       __flushall                 1001e6b3 f   LIBCMT:fflush.obj
 0001:0001d6bc       __isatty                   1001e6bc f   LIBCMT:isatty.obj
 0001:0001d712       __fileno                   1001e712 f   LIBCMT:fileno.obj
 0001:0001d738       __wctomb_s_l               1001e738 f   LIBCMT:wctomb.obj
 0001:0001d88d       _wctomb_s                  1001e88d f   LIBCMT:wctomb.obj
 0001:0001d8aa       __crt_debugger_hook        1001e8aa f   LIBCMT:dbghook.obj
 0001:0001d999       ___crtGetStringTypeA       1001e999 f   LIBCMT:a_str.obj
 0001:0001d9d9       ___free_lc_time            1001e9d9 f   LIBCMT:inittime.obj
 0001:0001dd50       ___free_lconv_num          1001ed50 f   LIBCMT:initnum.obj
 0001:0001ddb9       ___free_lconv_mon          1001edb9 f   LIBCMT:initmon.obj
 0001:0001deb7       __ld12tod                  1001eeb7 f   LIBCMT:_intrncvt_.obj
 0001:0001e408       __ld12tof                  1001f408 f   LIBCMT:_intrncvt_.obj
 0001:0001e959       ___report_gsfailure        1001f959 f   LIBCMT:gs_report.obj
 0001:0001ea5f       ___mtold12                 1001fa5f f   LIBCMT:_mantold_.obj
 0001:0001ec96       __ismbblead                1001fc96 f   LIBCMT:ismbbyte.obj
 0001:0001ecae       __filbuf                   1001fcae f   LIBCMT:_filbuf.obj
 0001:0001edd0       __ungetc_nolock            1001fdd0 f   LIBCMT:ungetc.obj
 0001:0001eeb3       __mbtowc_l                 1001feb3 f   LIBCMT:mbtowc.obj
 0001:0001efc9       _mbtowc                    1001ffc9 f   LIBCMT:mbtowc.obj
 0001:0001efe3       __lseeki64_nolock          1001ffe3 f   LIBCMT:lseeki64.obj
 0001:0001f068       __lseeki64                 10020068 f   LIBCMT:lseeki64.obj
 0001:0001f152       __write_nolock             10020152 f   LIBCMT:write.obj
 0001:0001f84f       __write                    1002084f f   LIBCMT:write.obj
 0001:0001f923       __getbuf                   10020923 f   LIBCMT:_getbuf.obj
 0001:0001f970       _strcspn                   10020970 f   LIBCMT:strcspn.obj
 0001:0001f9c0       _strpbrk                   100209c0 f   LIBCMT:strpbrk.obj
 0001:0001fa00       __SEH_prolog4_GS           10020a00 f   LIBCMT:sehprolg4gs.obj
 0001:0001fa48       __SEH_epilog4_GS           10020a48 f   LIBCMT:sehprolg4gs.obj
 0001:0001fa57       __matherr                  10020a57 f   LIBCMT:_matherr_.obj
 0001:0001fa5a       __raise_exc_ex             10020a5a f   LIBCMT:_fpexcept_.obj
 0001:0001fd36       __raise_exc                10020d36 f   LIBCMT:_fpexcept_.obj
 0001:0001fd59       __handle_exc               10020d59 f   LIBCMT:_fpexcept_.obj
 0001:0001ff3d       __set_errno_from_matherr   10020f3d f   LIBCMT:_fpexcept_.obj
 0001:0001ff6a       __errcode                  10020f6a f   LIBCMT:_fpexcept_.obj
 0001:0001ff9e       __umatherr                 10020f9e f   LIBCMT:_fpexcept_.obj
 0001:0002003e       __handle_qnan1             1002103e f   LIBCMT:_fpexcept_.obj
 0001:00020093       __except1                  10021093 f   LIBCMT:_fpexcept_.obj
 0001:0002015d       __frnd                     1002115d f   LIBCMT:_frnd_.obj
 0001:00020171       __set_exp                  10021171 f   LIBCMT:_util_.obj
 0001:0002019e       __sptype                   1002119e f   LIBCMT:_util_.obj
 0001:00020204       __decomp                   10021204 f   LIBCMT:_util_.obj
 0001:000202c7       __statfp                   100212c7 f   LIBCMT:_fpctrl_.obj
 0001:000202d7       __clrfp                    100212d7 f   LIBCMT:_fpctrl_.obj
 0001:000202e8       __ctrlfp                   100212e8 f   LIBCMT:_fpctrl_.obj
 0001:00020313       __set_statfp               10021313 f   LIBCMT:_fpctrl_.obj
 0001:0002036b       ___set_fpsr_sse2           1002136b f   LIBCMT:_fpctrl_.obj
 0001:000203dd       __fpclass                  100213dd f   LIBCMT:_ieeemisc_.obj
 0001:00020480       __CIcos_pentium4           10021480 f   LIBCMT:_cos_pentium4_.obj
 0001:00020498       __cos_pentium4             10021498     LIBCMT:_cos_pentium4_.obj
 0001:00020630       __CIsin_pentium4           10021630 f   LIBCMT:_sin_pentium4_.obj
 0001:00020648       __sin_pentium4             10021648     LIBCMT:_sin_pentium4_.obj
 0001:00020800       __CItan_pentium4           10021800 f   LIBCMT:_tan_pentium4_.obj
 0001:00020818       __tan_pentium4             10021818     LIBCMT:_tan_pentium4_.obj
 0001:00020a60       _$I10_OUTPUT               10021a60 f   LIBCMT:_x10fout_.obj
 0001:00021486       __control87                10022486 f i LIBCMT:_ieee87_.obj
 0001:000217a0       __global_unwind2           100227a0 f   LIBCMT:exsup.obj
 0001:00021805       __local_unwind2            10022805 f   LIBCMT:exsup.obj
 0001:00021889       __abnormal_termination     10022889 f   LIBCMT:exsup.obj
 0001:000218ac       __NLG_Notify1              100228ac f   LIBCMT:exsup.obj
 0001:000218b5       __NLG_Notify               100228b5 f   LIBCMT:exsup.obj
 0001:000218cc       __NLG_Dispatch2            100228cc     LIBCMT:exsup.obj
 0001:000218cc       __NLG_Dispatch             100228cc     LIBCMT:exsup.obj
 0001:000218d4       __NLG_Call                 100228d4 f   LIBCMT:exsup.obj
 0001:000218d6       __NLG_Return2              100228d6     LIBCMT:exsup.obj
 0001:000218d7       __fclose_nolock            100228d7 f   LIBCMT:fclose.obj
 0001:00021944       _fclose                    10022944 f   LIBCMT:fclose.obj
 0001:000219b8       __commit                   100229b8 f   LIBCMT:commit.obj
 0001:00021a91       __read_nolock              10022a91 f   LIBCMT:read.obj
 0001:00022048       __read                     10023048 f   LIBCMT:read.obj
 0001:0002213e       __free_osfhnd              1002313e f   LIBCMT:osfinfo.obj
 0001:000221c4       __get_osfhandle            100231c4 f   LIBCMT:osfinfo.obj
 0001:0002222d       ___lock_fhandle            1002322d f   LIBCMT:osfinfo.obj
 0001:000222cc       __unlock_fhandle           100232cc f   LIBCMT:osfinfo.obj
 0001:000222f3       __putwch_nolock            100232f3 f   LIBCMT:putwch.obj
 0001:00022335       __close_nolock             10023335 f   LIBCMT:close.obj
 0001:000223d1       __close                    100233d1 f   LIBCMT:close.obj
 0001:00022495       __freebuf                  10023495 f   LIBCMT:_freebuf.obj
 0001:000224c6       ___initconout              100234c6 f   LIBCMT:initcon.obj
 0001:000224e5       ___termconout              100234e5 f   LIBCMT:initcon.obj
 0001:00022500       ___ascii_strnicmp          10023500 f   LIBCMT:_strnicm.obj
 0001:00022570       ?ConnectTier1Libraries@@YAXPAP6APAXPBDPAH@ZH@Z 10023570 f   tier1:tier1.obj
 0001:00022580       ?DisconnectTier1Libraries@@YAXXZ 10023580 f   tier1:tier1.obj
 0001:00022586       _RtlUnwind@16              10023586 f   kernel32:KERNEL32.dll
 0002:00000000       __imp__MultiByteToWideChar@24 10026000     kernel32:KERNEL32.dll
 0002:00000004       __imp__WideCharToMultiByte@32 10026004     kernel32:KERNEL32.dll
 0002:00000008       __imp__GetProcAddress@8    10026008     kernel32:KERNEL32.dll
 0002:0000000c       __imp__GetCurrentProcessId@0 1002600c     kernel32:KERNEL32.dll
 0002:00000010       __imp__CloseHandle@4       10026010     kernel32:KERNEL32.dll
 0002:00000014       __imp__WriteConsoleW@20    10026014     kernel32:KERNEL32.dll
 0002:00000018       __imp__SetStdHandle@8      10026018     kernel32:KERNEL32.dll
 0002:0000001c       __imp__ReadFile@20         1002601c     kernel32:KERNEL32.dll
 0002:00000020       __imp__FlushFileBuffers@4  10026020     kernel32:KERNEL32.dll
 0002:00000024       __imp__GetConsoleMode@8    10026024     kernel32:KERNEL32.dll
 0002:00000028       __imp__GetConsoleCP@0      10026028     kernel32:KERNEL32.dll
 0002:0000002c       __imp__SetFilePointer@16   1002602c     kernel32:KERNEL32.dll
 0002:00000030       __imp__GetStringTypeW@16   10026030     kernel32:KERNEL32.dll
 0002:00000034       __imp__RtlUnwind@16        10026034     kernel32:KERNEL32.dll
 0002:00000038       __imp__LoadLibraryW@4      10026038     kernel32:KERNEL32.dll
 0002:0000003c       __imp__HeapReAlloc@16      1002603c     kernel32:KERNEL32.dll
 0002:00000040       __imp__EncodePointer@4     10026040     kernel32:KERNEL32.dll
 0002:00000044       __imp__DecodePointer@4     10026044     kernel32:KERNEL32.dll
 0002:00000048       __imp__GetCurrentThreadId@0 10026048     kernel32:KERNEL32.dll
 0002:0000004c       __imp__GetCommandLineA@0   1002604c     kernel32:KERNEL32.dll
 0002:00000050       __imp__GetLastError@0      10026050     kernel32:KERNEL32.dll
 0002:00000054       __imp__IsProcessorFeaturePresent@4 10026054     kernel32:KERNEL32.dll
 0002:00000058       __imp__Sleep@4             10026058     kernel32:KERNEL32.dll
 0002:0000005c       __imp__HeapSize@12         1002605c     kernel32:KERNEL32.dll
 0002:00000060       __imp__GetModuleHandleW@4  10026060     kernel32:KERNEL32.dll
 0002:00000064       __imp__ExitProcess@4       10026064     kernel32:KERNEL32.dll
 0002:00000068       __imp__WriteFile@20        10026068     kernel32:KERNEL32.dll
 0002:0000006c       __imp__GetStdHandle@4      1002606c     kernel32:KERNEL32.dll
 0002:00000070       __imp__GetModuleFileNameW@12 10026070     kernel32:KERNEL32.dll
 0002:00000074       __imp__EnterCriticalSection@4 10026074     kernel32:KERNEL32.dll
 0002:00000078       __imp__LeaveCriticalSection@4 10026078     kernel32:KERNEL32.dll
 0002:0000007c       __imp__UnhandledExceptionFilter@4 1002607c     kernel32:KERNEL32.dll
 0002:00000080       __imp__SetUnhandledExceptionFilter@4 10026080     kernel32:KERNEL32.dll
 0002:00000084       __imp__IsDebuggerPresent@0 10026084     kernel32:KERNEL32.dll
 0002:00000088       __imp__TerminateProcess@8  10026088     kernel32:KERNEL32.dll
 0002:0000008c       __imp__GetCurrentProcess@0 1002608c     kernel32:KERNEL32.dll
 0002:00000090       __imp__HeapFree@12         10026090     kernel32:KERNEL32.dll
 0002:00000094       __imp__HeapAlloc@12        10026094     kernel32:KERNEL32.dll
 0002:00000098       __imp__RaiseException@16   10026098     kernel32:KERNEL32.dll
 0002:0000009c       __imp__GetCPInfo@8         1002609c     kernel32:KERNEL32.dll
 0002:000000a0       __imp__InterlockedIncrement@4 100260a0     kernel32:KERNEL32.dll
 0002:000000a4       __imp__InterlockedDecrement@4 100260a4     kernel32:KERNEL32.dll
 0002:000000a8       __imp__GetACP@0            100260a8     kernel32:KERNEL32.dll
 0002:000000ac       __imp__GetOEMCP@0          100260ac     kernel32:KERNEL32.dll
 0002:000000b0       __imp__IsValidCodePage@4   100260b0     kernel32:KERNEL32.dll
 0002:000000b4       __imp__TlsAlloc@0          100260b4     kernel32:KERNEL32.dll
 0002:000000b8       __imp__TlsGetValue@4       100260b8     kernel32:KERNEL32.dll
[...]
 0001:000231c0       ??__EFLOW_UVSCROLLDISTANCE@DEFERRED_MODEL@@YAXXZ 100241c0 f   deferred_model.obj
 0001:000231e0       ??__EFLOW_NOISE_SCALE@DEFERRED_MODEL@@YAXXZ 100241e0 f   deferred_model.obj
 0001:00023200       ??__ECOLOR_FLOW_UVSCALE@DEFERRED_MODEL@@YAXXZ 10024200 f   deferred_model.obj
 0001:00023220       ??__ECOLOR_FLOW_TIMEINTERVALINSECONDS@DEFERRED_MODEL@@YAXXZ 10024220 f   deferred_model.obj
 0001:00023240       ??__ECOLOR_FLOW_UVSCROLLDISTANCE@DEFERRED_MODEL@@YAXXZ 10024240 f   deferred_model.obj
 0001:00023260       ??__ECOLOR_FLOW_LERPEXP@DEFERRED_MODEL@@YAXXZ 10024260 f   deferred_model.obj
 0001:00023280       ??__EREFRACTTINT@DEFERRED_MODEL@@YAXXZ 10024280 f   deferred_model.obj
 0001:000232a0       ??__EREFLECTAMOUNT@DEFERRED_MODEL@@YAXXZ 100242a0 f   deferred_model.obj
 0001:000232c0       ??__EREFRACTAMOUNT@DEFERRED_MODEL@@YAXXZ 100242c0 f   deferred_model.obj
 0001:000232e0       ??__EFOGCOLOR@DEFERRED_MODEL@@YAXXZ 100242e0 f   deferred_model.obj
 0001:00023300       ??__EREFLECTTINT@DEFERRED_MODEL@@YAXXZ 10024300 f   deferred_model.obj
 0001:00023320       ??__EWATERBLENDFACTOR@DEFERRED_MODEL@@YAXXZ 10024320 f   deferred_model.obj
 0001:00023340       ??__EFOGSTART@DEFERRED_MODEL@@YAXXZ 10024340 f   deferred_model.obj
 0001:00023360       ??__EFOGEND@DEFERRED_MODEL@@YAXXZ 10024360 f   deferred_model.obj
 0001:00023380       ??__EPARALLAX@DEFERRED_MODEL@@YAXXZ 10024380 f   deferred_model.obj
 0001:000233a0       ??__EALPHATEXTURE@DEFERRED_MODEL@@YAXXZ 100243a0 f   deferred_model.obj
 0001:000233c0       ??__ETRANSPARENCY@DEFERRED_MODEL@@YAXXZ 100243c0 f   deferred_model.obj
 0001:000233e0       ??__ETRANSLUCENT@DEFERRED_MODEL@@YAXXZ 100243e0 f   deferred_model.obj
 0001:00023400       ??__Es_ShaderInstance@DEFERRED_MODEL@@YAXXZ 10024400 f   deferred_model.obj
 0001:00023420       ??__Es_ShaderParams@DEFERRED_WATER@@YAXXZ 10024420 f   deferred_water.obj
 0001:00023430       ??__EBASETEXTURE@DEFERRED_WATER@@YAXXZ 10024430 f   deferred_water.obj
 0001:00023450       ??__EREFRACTTEXTURE@DEFERRED_WATER@@YAXXZ 10024450 f   deferred_water.obj
 0001:00023470       ??__ESCENEDEPTH@DEFERRED_WATER@@YAXXZ 10024470 f   deferred_water.obj
 0001:00023490       ??__EREFLECTTEXTURE@DEFERRED_WATER@@YAXXZ 10024490 f   deferred_water.obj
 0001:000234b0       ??__EREFRACTAMOUNT@DEFERRED_WATER@@YAXXZ 100244b0 f   deferred_water.obj
 0001:000234d0       ??__EREFRACTTINT@DEFERRED_WATER@@YAXXZ 100244d0 f   deferred_water.obj
 0001:000234f0       ??__EREFLECTAMOUNT@DEFERRED_WATER@@YAXXZ 100244f0 f   deferred_water.obj
 0001:00023510       ??__EREFLECTTINT@DEFERRED_WATER@@YAXXZ 10024510 f   deferred_water.obj
 0001:00023530       ??__ENORMALMAP@DEFERRED_WATER@@YAXXZ 10024530 f   deferred_water.obj
 0001:00023550       ??__EBUMPFRAME@DEFERRED_WATER@@YAXXZ 10024550 f   deferred_water.obj
 0001:00023570       ??__EBUMPTRANSFORM@DEFERRED_WATER@@YAXXZ 10024570 f   deferred_water.obj
 0001:00023590       ??__ETIME@DEFERRED_WATER@@YAXXZ 10024590 f   deferred_water.obj
 0001:000235b0       ??__EWATERDEPTH@DEFERRED_WATER@@YAXXZ 100245b0 f   deferred_water.obj
 0001:000235d0       ??__ECHEAPWATERSTARTDISTANCE@DEFERRED_WATER@@YAXXZ 100245d0 f   deferred_water.obj
 0001:000235f0       ??__ECHEAPWATERENDDISTANCE@DEFERRED_WATER@@YAXXZ 100245f0 f   deferred_water.obj
 0001:00023610       ??__EENVMAP@DEFERRED_WATER@@YAXXZ 10024610 f   deferred_water.obj
 0001:00023630       ??__EENVMAPFRAME@DEFERRED_WATER@@YAXXZ 10024630 f   deferred_water.obj
 0001:00023650       ??__EFOGCOLOR@DEFERRED_WATER@@YAXXZ 10024650 f   deferred_water.obj
 0001:00023670       ??__EFORCECHEAP@DEFERRED_WATER@@YAXXZ 10024670 f   deferred_water.obj
 0001:00023690       ??__EREFLECTENTITIES@DEFERRED_WATER@@YAXXZ 10024690 f   deferred_water.obj
 0001:000236b0       ??__EFOGSTART@DEFERRED_WATER@@YAXXZ 100246b0 f   deferred_water.obj
 0001:000236d0       ??__EFOGEND@DEFERRED_WATER@@YAXXZ 100246d0 f   deferred_water.obj
 0001:000236f0       ??__EABOVEWATER@DEFERRED_WATER@@YAXXZ 100246f0 f   deferred_water.obj
 0001:00023710       ??__EWATERBLENDFACTOR@DEFERRED_WATER@@YAXXZ 10024710 f   deferred_water.obj
 0001:00023730       ??__ENOFRESNEL@DEFERRED_WATER@@YAXXZ 10024730 f   deferred_water.obj
 0001:00023750       ??__ENOLOWENDLIGHTMAP@DEFERRED_WATER@@YAXXZ 10024750 f   deferred_water.obj
 0001:00023770       ??__ESCROLL1@DEFERRED_WATER@@YAXXZ 10024770 f   deferred_water.obj
 0001:00023790       ??__ESCROLL2@DEFERRED_WATER@@YAXXZ 10024790 f   deferred_water.obj
 0001:000237b0       ??__EIRRADIANCEMAP@DEFERRED_WATER@@YAXXZ 100247b0 f   deferred_water.obj
 0001:000237d0       ??__EFLASHLIGHTTINT@DEFERRED_WATER@@YAXXZ 100247d0 f   deferred_water.obj
 0001:000237f0       ??__ELIGHTMAPWATERFOG@DEFERRED_WATER@@YAXXZ 100247f0 f   deferred_water.obj
 0001:00023810       ??__EFORCEFRESNEL@DEFERRED_WATER@@YAXXZ 10024810 f   deferred_water.obj
 0001:00023830       ??__EFORCEENVMAP@DEFERRED_WATER@@YAXXZ 10024830 f   deferred_water.obj
 0001:00023850       ??__EDEPTH_FEATHER@DEFERRED_WATER@@YAXXZ 10024850 f   deferred_water.obj
 0001:00023870       ??__EFLOWMAP@DEFERRED_WATER@@YAXXZ 10024870 f   deferred_water.obj
 0001:00023890       ??__EFLOWMAPFRAME@DEFERRED_WATER@@YAXXZ 10024890 f   deferred_water.obj
 0001:000238b0       ??__EFLOWMAPSCROLLRATE@DEFERRED_WATER@@YAXXZ 100248b0 f   deferred_water.obj
 0001:000238d0       ??__EFLOW_NOISE_TEXTURE@DEFERRED_WATER@@YAXXZ 100248d0 f   deferred_water.obj
 0001:000238f0       ??__EFLOW_WORLDUVSCALE@DEFERRED_WATER@@YAXXZ 100248f0 f   deferred_water.obj
 0001:00023910       ??__EFLOW_NORMALUVSCALE@DEFERRED_WATER@@YAXXZ 10024910 f   deferred_water.obj
 0001:00023930       ??__EFLOW_TIMEINTERVALINSECONDS@DEFERRED_WATER@@YAXXZ 10024930 f   deferred_water.obj
 0001:00023950       ??__EFLOW_UVSCROLLDISTANCE@DEFERRED_WATER@@YAXXZ 10024950 f   deferred_water.obj
 0001:00023970       ??__EFLOW_BUMPSTRENGTH@DEFERRED_WATER@@YAXXZ 10024970 f   deferred_water.obj
 0001:00023990       ??__EFLOW_NOISE_SCALE@DEFERRED_WATER@@YAXXZ 10024990 f   deferred_water.obj
 0001:000239b0       ??__EFLOW_DEBUG@DEFERRED_WATER@@YAXXZ 100249b0 f   deferred_water.obj
 0001:000239d0       ??__ECOLOR_FLOW_UVSCALE@DEFERRED_WATER@@YAXXZ 100249d0 f   deferred_water.obj
 0001:000239f0       ??__ECOLOR_FLOW_TIMEINTERVALINSECONDS@DEFERRED_WATER@@YAXXZ 100249f0 f   deferred_water.obj
 0001:00023a10       ??__ECOLOR_FLOW_UVSCROLLDISTANCE@DEFERRED_WATER@@YAXXZ 10024a10 f   deferred_water.obj
 0001:00023a30       ??__ECOLOR_FLOW_LERPEXP@DEFERRED_WATER@@YAXXZ 10024a30 f   deferred_water.obj
 0001:00023a50       ??__ECOLOR_FLOW_DISPLACEBYNORMALSTRENGTH@DEFERRED_WATER@@YAXXZ 10024a50 f   deferred_water.obj
 0001:00023a70       ??__ESIMPLEOVERLAY@DEFERRED_WATER@@YAXXZ 10024a70 f   deferred_water.obj
 0001:00023a90       ??__EALPHATESTREFERENCE@DEFERRED_WATER@@YAXXZ 10024a90 f   deferred_water.obj
 0001:00023ab0       ??__ETRANSLUCENT@DEFERRED_WATER@@YAXXZ 10024ab0 f   deferred_water.obj
 0001:00023ad0       ??__EPHONG_EXP@DEFERRED_WATER@@YAXXZ 10024ad0 f   deferred_water.obj
 0001:00023af0       ??__EPHONG_EXP2@DEFERRED_WATER@@YAXXZ 10024af0 f   deferred_water.obj
 0001:00023b10       ??__EBRDF@DEFERRED_WATER@@YAXXZ 10024b10 f   deferred_water.obj
 0001:00023b30       ??__ENOISE@DEFERRED_WATER@@YAXXZ 10024b30 f   deferred_water.obj
 0001:00023b50       ??__EROUGHNESS@DEFERRED_WATER@@YAXXZ 10024b50 f   deferred_water.obj
 0001:00023b70       ??__EMETALLIC@DEFERRED_WATER@@YAXXZ 10024b70 f   deferred_water.obj
 0001:00023b90       ??__EAO@DEFERRED_WATER@@YAXXZ 10024b90 f   deferred_water.obj
 0001:00023bb0       ??__EEMISSIVE@DEFERRED_WATER@@YAXXZ 10024bb0 f   deferred_water.obj
 0001:00023bd0       ??__EUSESMOOTHNESS@DEFERRED_WATER@@YAXXZ 10024bd0 f   deferred_water.obj
 0001:00023bf0       ??__ETRANSPARENCY@DEFERRED_WATER@@YAXXZ 10024bf0 f   deferred_water.obj
 0001:00023c10       ??__EMRAOTEXTURE@DEFERRED_WATER@@YAXXZ 10024c10 f   deferred_water.obj
 0001:00023c30       ??__Es_ShaderInstance@DEFERRED_WATER@@YAXXZ 10024c30 f   deferred_water.obj
 0001:00023c50       ??__Ebuilding_cubemaps@@YAXXZ 10024c50 f   defpass_composite.obj
 0001:00023c80       ??__Emat_pbr_parallaxdepth@@YAXXZ 10024c80 f   defpass_gbuffer.obj
 0001:00023cb0       ??__Emat_pbr_parallaxCenter@@YAXXZ 10024cb0 f   defpass_gbuffer.obj
 0001:00023ce0       ??__Emat_pbr_parallaxmap_quality@@YAXXZ 10024ce0 f   defpass_gbuffer.obj
 0001:00023d20       ??__Emat_pbr_parallaxmap@@YAXXZ 10024d20 f   defpass_gbuffer.obj
 0001:00023d50       ??__Emat_pbr_force_20b@@YAXXZ 10024d50 f   defpass_gbuffer.obj
 0001:00023d80       ??__Emat_pbr_iblIntensity@@YAXXZ 10024d80 f   defpass_gbuffer.obj
 0001:00023db0       ??__Emat_pbr_parallaxdepth@@YAXXZ 10024db0 f   defpass_gbuffer_water.obj
 0001:00023de0       ??__Emat_pbr_parallaxCenter@@YAXXZ 10024de0 f   defpass_gbuffer_water.obj
 0001:00023e10       ??__Emat_pbr_parallaxmap_quality@@YAXXZ 10024e10 f   defpass_gbuffer_water.obj
 0001:00023e50       ??__Emat_pbr_parallaxmap@@YAXXZ 10024e50 f   defpass_gbuffer_water.obj
 0001:00023e80       ??__Emat_pbr_force_20b@@YAXXZ 10024e80 f   defpass_gbuffer_water.obj
 0001:00023eb0       ??__Emat_pbr_iblIntensity@@YAXXZ 10024eb0 f   defpass_gbuffer_water.obj
 0001:00023ee0       ??__Emat_gbuffer_noise_amount@@YAXXZ 10024ee0 f   defpass_gbuffer_water.obj
 0001:00023f10       ??__E__g_defExt@@YAXXZ     10024f10 f   IDeferredExt.obj
 0001:00023f30       ??__E__g_CreateCDeferredExtensionIDeferredExtension_reg@@YAXXZ 10024f30 f   IDeferredExt.obj
 0001:00023f50       ??__Ecl_light_specular_global_boost@@YAXXZ 10024f50 f   lighting_global.obj
 0001:00023f80       ??__Ecl_light_specular_global_size@@YAXXZ 10024f80 f   lighting_global.obj
 0001:00023fb0       ??__Ecl_light_diffuse_strength_global@@YAXXZ 10024fb0 f   lighting_global.obj
 0001:00023fe0       ??__Es_ShaderParams@LIGHTING_GLOBAL@@YAXXZ 10024fe0 f   lighting_global.obj
 0001:00023ff0       ??__Es_ShaderInstance@LIGHTING_GLOBAL@@YAXXZ 10024ff0 f   lighting_global.obj
 0001:00024010       ??__Ecl_light_specular_spot_boost@@YAXXZ 10025010 f   lighting_pass_basic.obj
 0001:00024040       ??__Ecl_light_specular_point_boost@@YAXXZ 10025040 f   lighting_pass_basic.obj
 0001:00024070       ??__Ecl_light_specular_spot_size@@YAXXZ 10025070 f   lighting_pass_basic.obj
 0001:000240a0       ??__Ecl_light_specular_point_size@@YAXXZ 100250a0 f   lighting_pass_basic.obj
 0001:000240d0       ??__Ecl_light_specular_brightness_spot@@YAXXZ 100250d0 f   lighting_pass_basic.obj
 0001:00024100       ??__Ecl_light_specular_scale@@YAXXZ 10025100 f   lighting_pass_basic.obj
 0001:00024130       ??__Ecl_light_diffuse_strength_point@@YAXXZ 10025130 f   lighting_pass_basic.obj
 0001:00024160       ??__Ecl_light_diffuse_strength_spot@@YAXXZ 10025160 f   lighting_pass_basic.obj
 0001:00024190       ??__Ecl_light_Sheen_strength@@YAXXZ 10025190 f   lighting_pass_basic.obj
 0001:000241c0       ??__Ecl_light_MRAO_blue@@YAXXZ 100251c0 f   lighting_pass_basic.obj
 0001:000241f0       ??__Ecl_light_MRAO_green@@YAXXZ 100251f0 f   lighting_pass_basic.obj
 0001:00024220       ??__Ecl_light_MRAO_green2@@YAXXZ 10025220 f   lighting_pass_basic.obj
 0001:00024250       ??__Es_ShaderParams@LIGHTING_WORLD@@YAXXZ 10025250 f   lighting_world.obj
 0001:00024260       ??__ELIGHTTYPE@LIGHTING_WORLD@@YAXXZ 10025260 f   lighting_world.obj
 0001:00024280       ??__EWORLDPROJECTION@LIGHTING_WORLD@@YAXXZ 10025280 f   lighting_world.obj
 0001:000242a0       ??__Es_ShaderInstance@LIGHTING_WORLD@@YAXXZ 100252a0 f   lighting_world.obj
 0001:000242c0       ??__Es_ShaderParams@LIGHTING_VOLUME@@YAXXZ 100252c0 f   lighting_volume.obj
 0001:000242d0       ??__ELIGHTTYPE@LIGHTING_VOLUME@@YAXXZ 100252d0 f   lighting_volume.obj
 0001:000242f0       ??__EWORLDPROJECTION@LIGHTING_VOLUME@@YAXXZ 100252f0 f   lighting_volume.obj
 0001:00024310       ??__Es_ShaderInstance@LIGHTING_VOLUME@@YAXXZ 10025310 f   lighting_volume.obj
 0001:00024330       ??__Es_ShaderParams@SKYDOME_ATMOSPHERE@@YAXXZ 10025330 f   skydome_atmosphere.obj
 0001:00024340       ??__EALPHATESTREFERENCE@SKYDOME_ATMOSPHERE@@YAXXZ 10025340 f   skydome_atmosphere.obj
 0001:00024360       ??__ELUT@SKYDOME_ATMOSPHERE@@YAXXZ 10025360 f   skydome_atmosphere.obj
 0001:00024380       ??__Es_ShaderInstance@SKYDOME_ATMOSPHERE@@YAXXZ 10025380 f   skydome_atmosphere.obj
 0001:000243a0       ??__Emat_fullbright@@YAXXZ 100253a0 f   skydome_atmosphere_helper.obj
 0001:000243d0       ??__Ecl_sky_thickness@@YAXXZ 100253d0 f   skydome_atmosphere_helper.obj
 0001:00024400       ??__Ecl_sky_coverage@@YAXXZ 10025400 f   skydome_atmosphere_helper.obj
 0001:00024430       ??__Ecl_sky_SunPos@@YAXXZ  10025430 f   skydome_atmosphere_helper.obj
 0001:00024460       ??__Ecl_sky_windspeed@@YAXXZ 10025460 f   skydome_atmosphere_helper.obj
 0001:00024490       ??__Ecl_sky_render@@YAXXZ  10025490 f   skydome_atmosphere_helper.obj
 0001:000244c0       ??__Ecl_sky_SunAng@@YAXXZ  100254c0 f   skydome_atmosphere_helper.obj
 0001:000244f0       ??__Ecl_Sky_Stars@@YAXXZ   100254f0 f   skydome_atmosphere_helper.obj
 0001:00024520       ??__Ecl_Sky_Sun@@YAXXZ     10025520 f   skydome_atmosphere_helper.obj
 0001:00024550       ??__Ecl_sky_renderAurora@@YAXXZ 10025550 f   skydome_atmosphere_helper.obj
 0001:00024580       ??__Es_ShaderParams@SSGI@@YAXXZ 10025580 f   ssgi.obj
 0001:00024590       ??__EDEPTHBUFFER@SSGI@@YAXXZ 10025590 f   ssgi.obj
 0001:000245b0       ??__ERANDOMNORMAL@SSGI@@YAXXZ 100255b0 f   ssgi.obj
 0001:000245d0       ??__EFRAMEBUFFER@SSGI@@YAXXZ 100255d0 f   ssgi.obj
 0001:000245f0       ??__ECAMERARANGE@SSGI@@YAXXZ 100255f0 f   ssgi.obj
 0001:00024610       ??__Es_ShaderInstance@SSGI@@YAXXZ 10025610 f   ssgi.obj
 0001:00024630       ??__Es_ShaderParams@VOLUME_BLEND@@YAXXZ 10025630 f   volume_blend.obj
 0001:00024640       ??__Es_ShaderInstance@VOLUME_BLEND@@YAXXZ 10025640 f   volume_blend.obj
 0001:00024660       ??__Es_ShaderParams@VOLUME_PREPASS@@YAXXZ 10025660 f   volume_prepass.obj
 0001:00024670       ??__Es_ShaderInstance@VOLUME_PREPASS@@YAXXZ 10025670 f   volume_prepass.obj
 0001:00024690       ??__Er_buildingmapforworld@@YAXXZ 10025690 f   water.obj
 0001:000246c0       ??__Es_EmptyConVar@@YAXXZ  100256c0 f   tier1:convar.obj
 0001:000247f0       ??__Es_StringCharConversion@@YAXXZ 100257f0 f   tier1:utlbuffer.obj
 0001:00024850       ??__Es_NoEscConversion@@YAXXZ 10025850 f   tier1:utlbuffer.obj
 0001:00024880       ??__Emat_fullbright@@YAXXZ 10025880 f   shaderlib:BaseShader.obj
 0001:000248b0       ??__E__g_CreateIShaderDLLInternal_reg@@YAXXZ 100258b0 f   shaderlib:ShaderDLL.obj
 0001:000248d0       ??__Fmat_fullbright@@YAXXZ 100258d0 f   BaseVSShader.obj
 0001:000248e0       ??__Fs_ShaderParams@GAUSSIAN_BLUR_6@@YAXXZ 100258e0 f   blur.obj
 0001:000248f0       ??__Fs_ShaderParams@DEBUG_LIGHTING_CTRL@@YAXXZ 100258f0 f   debug_lightingctrl.obj
 0001:00024900       ??__Fs_ShaderParams@DEBUG_SHADOW@@YAXXZ 10025900 f   debug_shadow.obj
 0001:00024910       ??__Fs_ShaderParams@DEFERRED_BRUSH@@YAXXZ 10025910 f   deferred_brush.obj
 0001:00024920       ??__Fs_ShaderParams@DEFERRED_MODEL@@YAXXZ 10025920 f   deferred_model.obj
 0001:00024930       ??__Fs_ShaderParams@DEFERRED_WATER@@YAXXZ 10025930 f   deferred_water.obj
 0001:00024940       ??__Fbuilding_cubemaps@@YAXXZ 10025940 f   defpass_composite.obj
 0001:00024950       ??__Fmat_pbr_parallaxdepth@@YAXXZ 10025950 f   defpass_gbuffer.obj
 0001:00024960       ??__Fmat_pbr_parallaxCenter@@YAXXZ 10025960 f   defpass_gbuffer.obj
 0001:00024970       ??__Fmat_pbr_parallaxmap_quality@@YAXXZ 10025970 f   defpass_gbuffer.obj
 0001:00024980       ??__Fmat_pbr_parallaxmap@@YAXXZ 10025980 f   defpass_gbuffer.obj
 0001:00024990       ??__Fmat_pbr_force_20b@@YAXXZ 10025990 f   defpass_gbuffer.obj
 0001:000249a0       ??__Fmat_pbr_iblIntensity@@YAXXZ 100259a0 f   defpass_gbuffer.obj
 0001:000249b0       ??__Fmat_pbr_parallaxdepth@@YAXXZ 100259b0 f   defpass_gbuffer_water.obj
 0001:000249c0       ??__Fmat_pbr_parallaxCenter@@YAXXZ 100259c0 f   defpass_gbuffer_water.obj
 0001:000249d0       ??__Fmat_pbr_parallaxmap_quality@@YAXXZ 100259d0 f   defpass_gbuffer_water.obj
 0001:000249e0       ??__Fmat_pbr_parallaxmap@@YAXXZ 100259e0 f   defpass_gbuffer_water.obj
 0001:000249f0       ??__Fmat_pbr_force_20b@@YAXXZ 100259f0 f   defpass_gbuffer_water.obj
 0001:00024a00       ??__Fmat_pbr_iblIntensity@@YAXXZ 10025a00 f   defpass_gbuffer_water.obj
 0001:00024a10       ??__Fmat_gbuffer_noise_amount@@YAXXZ 10025a10 f   defpass_gbuffer_water.obj
 0001:00024a20       ??__F__g_defExt@@YAXXZ     10025a20 f   IDeferredExt.obj
 0001:00024a90       ??__Fcl_light_specular_global_boost@@YAXXZ 10025a90 f   lighting_global.obj
 0001:00024aa0       ??__Fcl_light_specular_global_size@@YAXXZ 10025aa0 f   lighting_global.obj
 0001:00024ab0       ??__Fcl_light_diffuse_strength_global@@YAXXZ 10025ab0 f   lighting_global.obj
 0001:00024ac0       ??__Fs_ShaderParams@LIGHTING_GLOBAL@@YAXXZ 10025ac0 f   lighting_global.obj
 0001:00024ad0       ??__Fcl_light_specular_spot_boost@@YAXXZ 10025ad0 f   lighting_pass_basic.obj
 0001:00024ae0       ??__Fcl_light_specular_point_boost@@YAXXZ 10025ae0 f   lighting_pass_basic.obj
 0001:00024af0       ??__Fcl_light_specular_spot_size@@YAXXZ 10025af0 f   lighting_pass_basic.obj
 0001:00024b00       ??__Fcl_light_specular_point_size@@YAXXZ 10025b00 f   lighting_pass_basic.obj
 0001:00024b10       ??__Fcl_light_specular_brightness_spot@@YAXXZ 10025b10 f   lighting_pass_basic.obj
 0001:00024b20       ??__Fcl_light_specular_scale@@YAXXZ 10025b20 f   lighting_pass_basic.obj
 0001:00024b30       ??__Fcl_light_diffuse_strength_point@@YAXXZ 10025b30 f   lighting_pass_basic.obj
 0001:00024b40       ??__Fcl_light_diffuse_strength_spot@@YAXXZ 10025b40 f   lighting_pass_basic.obj
 0001:00024b50       ??__Fcl_light_Sheen_strength@@YAXXZ 10025b50 f   lighting_pass_basic.obj
 0001:00024b60       ??__Fcl_light_MRAO_blue@@YAXXZ 10025b60 f   lighting_pass_basic.obj
 0001:00024b70       ??__Fcl_light_MRAO_green@@YAXXZ 10025b70 f   lighting_pass_basic.obj
 0001:00024b80       ??__Fcl_light_MRAO_green2@@YAXXZ 10025b80 f   lighting_pass_basic.obj
 0001:00024b90       ??__Fs_ShaderParams@LIGHTING_WORLD@@YAXXZ 10025b90 f   lighting_world.obj
 0001:00024ba0       ??__Fs_ShaderParams@LIGHTING_VOLUME@@YAXXZ 10025ba0 f   lighting_volume.obj
 0001:00024bb0       ??__Fs_ShaderParams@SKYDOME_ATMOSPHERE@@YAXXZ 10025bb0 f   skydome_atmosphere.obj
 0001:00024bc0       ??__Fmat_fullbright@@YAXXZ 10025bc0 f   skydome_atmosphere_helper.obj
 0001:00024bd0       ??__Fcl_sky_thickness@@YAXXZ 10025bd0 f   skydome_atmosphere_helper.obj
 0001:00024be0       ??__Fcl_sky_coverage@@YAXXZ 10025be0 f   skydome_atmosphere_helper.obj
 0001:00024bf0       ??__Fcl_sky_SunPos@@YAXXZ  10025bf0 f   skydome_atmosphere_helper.obj
 0001:00024c00       ??__Fcl_sky_windspeed@@YAXXZ 10025c00 f   skydome_atmosphere_helper.obj
 0001:00024c10       ??__Fcl_sky_render@@YAXXZ  10025c10 f   skydome_atmosphere_helper.obj
 0001:00024c20       ??__Fcl_sky_SunAng@@YAXXZ  10025c20 f   skydome_atmosphere_helper.obj
 0001:00024c30       ??__Fcl_Sky_Stars@@YAXXZ   10025c30 f   skydome_atmosphere_helper.obj
 0001:00024c40       ??__Fcl_Sky_Sun@@YAXXZ     10025c40 f   skydome_atmosphere_helper.obj
 0001:00024c50       ??__Fcl_sky_renderAurora@@YAXXZ 10025c50 f   skydome_atmosphere_helper.obj
 0001:00024c60       ??__Fs_ShaderParams@SSGI@@YAXXZ 10025c60 f   ssgi.obj
 0001:00024c70       ??__Fs_ShaderParams@VOLUME_BLEND@@YAXXZ 10025c70 f   volume_blend.obj
 0001:00024c80       ??__Fs_ShaderParams@VOLUME_PREPASS@@YAXXZ 10025c80 f   volume_prepass.obj
 0001:00024c90       ??__Fr_buildingmapforworld@@YAXXZ 10025c90 f   water.obj
 0001:00024ca0       ??__Fs_EmptyConVar@@YAXXZ  10025ca0 f   tier1:convar.obj
 0001:00024cf0       ??__Fmat_fullbright@@YAXXZ 10025cf0 f   shaderlib:BaseShader.obj
 0001:00024cfa       ??__Fnomem@?5???2@YAPAXI@Z@YAXXZ 10025cfa f   LIBCMT:new.obj
