 game_shader_generic_deferred

 Timestamp is 6944c887 (Thu Dec 18 19:37:43 2025)

 Preferred load address is 10000000

 Start         Length     Name                   Class
 0001:00000000 0002274cH .text                   CODE
 0001:00022750 000026f5H .text$yc                CODE
 0001:00024e50 000003aeH .text$yd                CODE
 0002:00000000 00000128H .idata$5                DATA
 0002:00000128 00000004H .CRT$XCA                DATA
 0002:0000012c 00000488H .CRT$XCU                DATA
 0002:000005b4 00000004H .CRT$XCZ                DATA
 0002:000005b8 00000004H .CRT$XIA                DATA
 0002:000005bc 00000014H .CRT$XIC                DATA
 0002:000005d0 00000004H .CRT$XIZ                DATA
 0002:000005d4 00000004H .CRT$XPA                DATA
 0002:000005d8 00000004H .CRT$XPX                DATA
 0002:000005dc 00000004H .CRT$XPXA               DATA
 0002:000005e0 00000004H .CRT$XPZ                DATA
 0002:000005e4 00000004H .CRT$XTA                DATA
 0002:000005e8 00000004H .CRT$XTZ                DATA
 0002:000005f0 00019bb8H .rdata                  DATA
 0002:0001a1a8 00000095H .rdata$debug            DATA
 0002:0001a240 00000c40H .rdata$r                DATA
 0002:0001ae80 0000000cH .rdata$sxdata           DATA
 0002:0001ae8c 00000004H .rtc$IAA                DATA
 0002:0001ae90 00000004H .rtc$IZZ                DATA
 0002:0001ae94 00000004H .rtc$TAA                DATA
 0002:0001ae98 00000004H .rtc$TZZ                DATA
 0002:0001aea0 00000384H .xdata$x                DATA
 0002:0001b224 00000028H .idata$2                DATA
 0002:0001b24c 00000014H .idata$3                DATA
 0002:0001b260 00000128H .idata$4                DATA
 0002:0001b388 00000530H .idata$6                DATA
 0002:0001b8c0 00000063H .edata                  DATA
 0003:00000000 000032bcH .data                   DATA
 0003:000032c0 000154e4H .bss                    DATA

  Address         Publics by Value              Rva+Base       Lib:Object

 0000:00000000       __except_list              00000000     <absolute>
 0000:00000003       ___safe_se_handler_count   00000003     <absolute>
 0000:00000000       ___ImageBase               10000000     <linker-defined>
 0001:00000000       ?SetPixelShaderConstantGammaToLinear@CBaseVSShader@@QAEXHHH@Z 10001000 f   BaseVSShader.obj
 0001:000000f0       ?SetPixelShaderConstant@CBaseVSShader@@QAEXHH@Z 100010f0 f   BaseVSShader.obj
 0001:00000160       ?SetPixelShaderConstantGammaToLinear@CBaseVSShader@@QAEXHH@Z 10001160 f   BaseVSShader.obj
 0001:00000240       ?SetVertexShaderTextureTransform@CBaseVSShader@@QAEXHH@Z 10001240 f   BaseVSShader.obj
 0001:000002e0       ?LoadViewMatrixIntoVertexShaderConstant@CBaseVSShader@@QAEXH@Z 100012e0 f   BaseVSShader.obj
 0001:00000330       ?SetHWMorphVertexShaderState@CBaseVSShader@@QAEXHHW4VertexTextureSampler_t@@@Z 10001330 f   BaseVSShader.obj
 0001:00000440       ?GetName@CShader@GAUSSIAN_BLUR_6@@UBEPBDXZ 10001440 f i blur.obj
 0001:00000450       ?GetFlags@CShader@GAUSSIAN_BLUR_6@@UBEHXZ 10001450 f i blur.obj
 0001:00000460       ?OnInitShaderInstance@CShader@GAUSSIAN_BLUR_6@@UAEXPAPAVIMaterialVar@@PAVIShaderInit@@PBD@Z 10001460 f i blur.obj
 0001:00000460       ?OnInitShaderInstance@CShader@VOLUME_BLEND@@UAEXPAPAVIMaterialVar@@PAVIShaderInit@@PBD@Z 10001460 f i volume_blend.obj
 0001:00000490       ?GetFallbackShader@CShader@LIGHTING_VOLUME@@UBEPBDPAPAVIMaterialVar@@@Z 10001490 f i lighting_volume.obj
 0001:00000490       ?GetFallbackShader@CShader@LIGHTING_GLOBAL@@UBEPBDPAPAVIMaterialVar@@@Z 10001490 f i lighting_global.obj
 0001:00000490       ?GetFallbackShader@CShader@DEBUG_SHADOW@@UBEPBDPAPAVIMaterialVar@@@Z 10001490 f i debug_shadow.obj
 0001:00000490       ?GetFallbackShader@CShader@GAUSSIAN_BLUR_6@@UBEPBDPAPAVIMaterialVar@@@Z 10001490 f i blur.obj
 0001:00000490       ?GetFallbackShader@CShader@DEFERRED_WATER@@UBEPBDPAPAVIMaterialVar@@@Z 10001490 f i deferred_water.obj
 0001:00000490       ?GetFallbackShader@CShader@DEBUG_LIGHTING_CTRL@@UBEPBDPAPAVIMaterialVar@@@Z 10001490 f i debug_lightingctrl.obj
 0001:00000490       ?GetFallbackShader@CBaseShader@@UBEPBDPAPAVIMaterialVar@@@Z 10001490 f i blur.obj
 0001:00000490       ?GetFallbackShader@CShader@VOLUME_PREPASS@@UBEPBDPAPAVIMaterialVar@@@Z 10001490 f i volume_prepass.obj
 0001:00000490       ?GetFallbackShader@CShader@SKYDOME_ATMOSPHERE@@UBEPBDPAPAVIMaterialVar@@@Z 10001490 f i skydome_atmosphere.obj
 0001:00000490       ?GetFallbackShader@CShader@VOLUME_BLEND@@UBEPBDPAPAVIMaterialVar@@@Z 10001490 f i volume_blend.obj
 0001:00000490       ?GetFallbackShader@CShader@LIGHTING_WORLD@@UBEPBDPAPAVIMaterialVar@@@Z 10001490 f i lighting_world.obj
 0001:000004a0       ?OnDrawElements@CShader@GAUSSIAN_BLUR_6@@UAEXPAPAVIMaterialVar@@PAVIShaderShadow@@PAVIShaderDynamicAPI@@W4VertexCompressionType_t@@PAPAVCBasePerMaterialContextData@@@Z 100014a0 f i blur.obj
 0001:000005d0       ?GetParamCount@CShader@GAUSSIAN_BLUR_6@@UBEHXZ 100015d0 f i blur.obj
 0001:000005e0       ?Grow@?$CUtlMemory@MH@@QAEXH@Z 100015e0 f i IDeferredExt.obj
 0001:000005e0       ?Grow@?$CUtlMemory@PAVCShaderParam@GAUSSIAN_BLUR_6@@H@@QAEXH@Z 100015e0 f i blur.obj
 0001:000005e0       ?Grow@?$CUtlMemory@PAVIShader@@H@@QAEXH@Z 100015e0 f i shaderlib:ShaderDLL.obj
 0001:000005e0       ?Grow@?$CUtlMemory@PAVCShaderParam@DEFERRED_BRUSH@@H@@QAEXH@Z 100015e0 f i deferred_brush.obj
 0001:000005e0       ?Grow@?$CUtlMemory@PAVCShaderParam@DEFERRED_WATER@@H@@QAEXH@Z 100015e0 f i deferred_water.obj
 0001:000005e0       ?Grow@?$CUtlMemory@PAVCShaderParam@Deferred_screenspace@@H@@QAEXH@Z 100015e0 f i deferred_screenspace.obj
 0001:000005e0       ?Grow@?$CUtlMemory@PAVCShaderParam@DEFERRED_MODEL@@H@@QAEXH@Z 100015e0 f i deferred_model.obj
 0001:000005e0       ?Grow@?$CUtlMemory@PAVCShaderParam@LIGHTING_VOLUME@@H@@QAEXH@Z 100015e0 f i lighting_volume.obj
 0001:000005e0       ?Grow@?$CUtlMemory@PAVCShaderParam@LIGHTING_WORLD@@H@@QAEXH@Z 100015e0 f i lighting_world.obj
 0001:000005e0       ?Grow@?$CUtlMemory@PAVCShaderParam@SKYDOME_ATMOSPHERE@@H@@QAEXH@Z 100015e0 f i skydome_atmosphere.obj
 0001:00000670       ?GetParamInfo@CShader@GAUSSIAN_BLUR_6@@UBEABUShaderParamInfo_t@@H@Z 10001670 f i blur.obj
 0001:000006a0       ??0CShaderParam@GAUSSIAN_BLUR_6@@QAE@PBDW4ShaderParamType_t@@00H@Z 100016a0 f i blur.obj
 0001:00000740       ?GetName@CShader@DEBUG_LIGHTING_CTRL@@UBEPBDXZ 10001740 f i debug_lightingctrl.obj
 0001:00000750       ?GetFlags@CShader@DEBUG_LIGHTING_CTRL@@UBEHXZ 10001750 f i debug_lightingctrl.obj
 0001:00000760       ?OnDrawElements@CShader@DEBUG_LIGHTING_CTRL@@UAEXPAPAVIMaterialVar@@PAVIShaderShadow@@PAVIShaderDynamicAPI@@W4VertexCompressionType_t@@PAPAVCBasePerMaterialContextData@@@Z 10001760 f i debug_lightingctrl.obj
 0001:000008a0       ?GetParamCount@CShader@DEBUG_LIGHTING_CTRL@@UBEHXZ 100018a0 f i debug_lightingctrl.obj
 0001:000008b0       ?GetParamInfo@CShader@DEBUG_LIGHTING_CTRL@@UBEABUShaderParamInfo_t@@H@Z 100018b0 f i debug_lightingctrl.obj
 0001:000008e0       ?OnInitShaderParams@CShader@GAUSSIAN_BLUR_6@@UAEXPAPAVIMaterialVar@@PBD@Z 100018e0 f i blur.obj
 0001:000008e0       ?OnInitShaderParams@CShader@VOLUME_PREPASS@@UAEXPAPAVIMaterialVar@@PBD@Z 100018e0 f i volume_prepass.obj
 0001:000008e0       ?OnInitShaderParams@CShader@DEBUG_LIGHTING_CTRL@@UAEXPAPAVIMaterialVar@@PBD@Z 100018e0 f i debug_lightingctrl.obj
 0001:000008e0       ?OnInitShaderParams@CBaseShader@@UAEXPAPAVIMaterialVar@@PBD@Z 100018e0 f i blur.obj
 0001:000008e0       ?OnInitShaderParams@CShader@VOLUME_BLEND@@UAEXPAPAVIMaterialVar@@PBD@Z 100018e0 f i volume_blend.obj
 0001:000008e0       ?OnInitShaderParams@CShader@LIGHTING_GLOBAL@@UAEXPAPAVIMaterialVar@@PBD@Z 100018e0 f i lighting_global.obj
 0001:000008e0       ?OnInitShaderParams@CShader@DEBUG_SHADOW@@UAEXPAPAVIMaterialVar@@PBD@Z 100018e0 f i debug_shadow.obj
 0001:000008f0       ?GetName@CShader@DEBUG_SHADOW@@UBEPBDXZ 100018f0 f i debug_shadow.obj
 0001:00000900       ?GetFlags@CShader@DEBUG_SHADOW@@UBEHXZ 10001900 f i debug_shadow.obj
 0001:00000910       ?OnDrawElements@CShader@DEBUG_SHADOW@@UAEXPAPAVIMaterialVar@@PAVIShaderShadow@@PAVIShaderDynamicAPI@@W4VertexCompressionType_t@@PAPAVCBasePerMaterialContextData@@@Z 10001910 f i debug_shadow.obj
 0001:00000ba0       ?GetParamCount@CShader@DEBUG_SHADOW@@UBEHXZ 10001ba0 f i debug_shadow.obj
 0001:00000bb0       ?GetParamInfo@CShader@DEBUG_SHADOW@@UBEABUShaderParamInfo_t@@H@Z 10001bb0 f i debug_shadow.obj
 0001:00000be0       ??_GCBasePerMaterialContextData@@UAEPAXI@Z 10001be0 f i deferred_brush.obj
 0001:00000be0       ??_GCSkydome_Context@@UAEPAXI@Z 10001be0 f i skydome_atmosphere_helper.obj
 0001:00000be0       ??_ECSkydome_Context@@UAEPAXI@Z 10001be0 f i skydome_atmosphere_helper.obj
 0001:00000be0       ??_ECBasePerMaterialContextData@@UAEPAXI@Z 10001be0 f i deferred_brush.obj
 0001:00000c10       ??_GCDeferredPerMaterialContextData@@UAEPAXI@Z 10001c10 f i deferred_brush.obj
 0001:00000c10       ??_ECDeferredPerMaterialContextData@@UAEPAXI@Z 10001c10 f i deferred_brush.obj
 0001:00000c70       ?SetupParmsGBuffer0@CShader@DEFERRED_BRUSH@@QAEXAAUdefParms_gBuffer0@@@Z 10001c70 f i deferred_brush.obj
 0001:00000df0       ?SetupParmsComposite@CShader@DEFERRED_BRUSH@@QAEXAAUdefParms_composite@@@Z 10001df0 f i deferred_brush.obj
 0001:00000ee0       ?SetupParmsComposite_translucent@CShader@DEFERRED_BRUSH@@QAEXAAUdefParms_composite_translucent@@@Z 10001ee0 f i deferred_brush.obj
 0001:00000fc0       ?OnInitShaderParams@CShader@DEFERRED_BRUSH@@UAEXPAPAVIMaterialVar@@PBD@Z 10001fc0 f i deferred_brush.obj
 0001:00001120       ?GetName@CShader@DEFERRED_BRUSH@@UBEPBDXZ 10002120 f i deferred_brush.obj
 0001:00001130       ?GetFlags@CShader@DEFERRED_BRUSH@@UBEHXZ 10002130 f i deferred_brush.obj
 0001:00001140       ?OnInitShaderInstance@CShader@DEFERRED_BRUSH@@UAEXPAPAVIMaterialVar@@PAVIShaderInit@@PBD@Z 10002140 f i deferred_brush.obj
 0001:00001270       ?GetFallbackShader@CShader@DEFERRED_BRUSH@@UBEPBDPAPAVIMaterialVar@@@Z 10002270 f i deferred_brush.obj
 0001:000012d0       ?OnDrawElements@CShader@DEFERRED_BRUSH@@UAEXPAPAVIMaterialVar@@PAVIShaderShadow@@PAVIShaderDynamicAPI@@W4VertexCompressionType_t@@PAPAVCBasePerMaterialContextData@@@Z 100022d0 f i deferred_brush.obj
 0001:00001500       ?GetParamCount@CShader@DEFERRED_BRUSH@@UBEHXZ 10002500 f i deferred_brush.obj
 0001:00001510       ?GetParamInfo@CShader@DEFERRED_BRUSH@@UBEABUShaderParamInfo_t@@H@Z 10002510 f i deferred_brush.obj
 0001:00001540       ??0CShaderParam@DEFERRED_BRUSH@@QAE@PBDW4ShaderParamType_t@@00H@Z 10002540 f i deferred_brush.obj
 0001:000015e0       ?SetupParmsGBuffer0@CShader@DEFERRED_MODEL@@QAEXAAUdefParms_gBuffer0@@@Z 100025e0 f i deferred_model.obj
 0001:00001750       ?SetupParmsComposite@CShader@DEFERRED_MODEL@@QAEXAAUdefParms_composite@@@Z 10002750 f i deferred_model.obj
 0001:00001830       ?SetupParmsComposite_translucent@CShader@DEFERRED_MODEL@@QAEXAAUdefParms_composite_translucent@@@Z 10002830 f i deferred_model.obj
 0001:000018b0       ?OnInitShaderParams@CShader@DEFERRED_MODEL@@UAEXPAPAVIMaterialVar@@PBD@Z 100028b0 f i deferred_model.obj
 0001:00001a10       ?GetName@CShader@DEFERRED_MODEL@@UBEPBDXZ 10002a10 f i deferred_model.obj
 0001:00001a20       ?GetFlags@CShader@DEFERRED_MODEL@@UBEHXZ 10002a20 f i deferred_model.obj
 0001:00001a30       ?OnInitShaderInstance@CShader@DEFERRED_MODEL@@UAEXPAPAVIMaterialVar@@PAVIShaderInit@@PBD@Z 10002a30 f i deferred_model.obj
 0001:00001b50       ?GetFallbackShader@CShader@DEFERRED_MODEL@@UBEPBDPAPAVIMaterialVar@@@Z 10002b50 f i deferred_model.obj
 0001:00001b70       ?OnDrawElements@CShader@DEFERRED_MODEL@@UAEXPAPAVIMaterialVar@@PAVIShaderShadow@@PAVIShaderDynamicAPI@@W4VertexCompressionType_t@@PAPAVCBasePerMaterialContextData@@@Z 10002b70 f i deferred_model.obj
 0001:00001d90       ?GetParamCount@CShader@DEFERRED_MODEL@@UBEHXZ 10002d90 f i deferred_model.obj
 0001:00001da0       ?GetParamInfo@CShader@DEFERRED_MODEL@@UBEABUShaderParamInfo_t@@H@Z 10002da0 f i deferred_model.obj
 0001:00001dd0       ??0CShaderParam@DEFERRED_MODEL@@QAE@PBDW4ShaderParamType_t@@00H@Z 10002dd0 f i deferred_model.obj
 0001:00001e70       ?GetTexcoordSettings@@YAX_N0AAHPAPAH@Z 10002e70 f   deferred_utility.obj
 0001:00001ec0       ?SetupParmsGBuffer0@CShader@DEFERRED_WATER@@QAEXAAUdefParms_gBuffer0@@@Z 10002ec0 f i deferred_water.obj
 0001:00002000       ?SetupParamsWater@CShader@DEFERRED_WATER@@QAEXAAUdefParms_Water@@@Z 10003000 f i deferred_water.obj
 0001:00002200       ?OnInitShaderParams@CShader@DEFERRED_WATER@@UAEXPAPAVIMaterialVar@@PBD@Z 10003200 f i deferred_water.obj
 0001:000022f0       ?GetName@CShader@DEFERRED_WATER@@UBEPBDXZ 100032f0 f i deferred_water.obj
 0001:00002300       ?GetFlags@CShader@DEFERRED_WATER@@UBEHXZ 10003300 f i deferred_water.obj
 0001:00002310       ?OnInitShaderInstance@CShader@DEFERRED_WATER@@UAEXPAPAVIMaterialVar@@PAVIShaderInit@@PBD@Z 10003310 f i deferred_water.obj
 0001:00002420       ?OnDrawElements@CShader@DEFERRED_WATER@@UAEXPAPAVIMaterialVar@@PAVIShaderShadow@@PAVIShaderDynamicAPI@@W4VertexCompressionType_t@@PAPAVCBasePerMaterialContextData@@@Z 10003420 f i deferred_water.obj
 0001:000025e0       ?GetParamCount@CShader@DEFERRED_WATER@@UBEHXZ 100035e0 f i deferred_water.obj
 0001:000025f0       ?GetParamInfo@CShader@DEFERRED_WATER@@UBEABUShaderParamInfo_t@@H@Z 100035f0 f i deferred_water.obj
 0001:00002620       ??0CShaderParam@DEFERRED_WATER@@QAE@PBDW4ShaderParamType_t@@00H@Z 10003620 f i deferred_water.obj
 0001:000026c0       ?SetCommands@CDeferredPerMaterialContextData@@QAEXW4DefStage_t@1@PAE@Z 100036c0 f i defpass_composite.obj
 0001:00002750       ?GetIndex@composite_ps30_Static_Index@@QBEHXZ 10003750 f i defpass_composite.obj
 0001:00002800       ?InitParmsComposite@@YAXABUdefParms_composite@@PAVCBaseVSShader@@PAPAVIMaterialVar@@@Z 10003800 f   defpass_composite.obj
 0001:00002ab0       ?InitPassComposite@@YAXABUdefParms_composite@@PAVCBaseVSShader@@PAPAVIMaterialVar@@@Z 10003ab0 f   defpass_composite.obj
 0001:00002c20       ?SetVertexShaderTextureTransform@?$CCommandBufferBuilder@V?$CFixedCommandStorageBuffer@$0CAA@@@@@QAEXHH@Z 10003c20 f i defpass_composite.obj
 0001:00002d00       ?DrawPassComposite@@YAXABUdefParms_composite@@PAVCBaseVSShader@@PAPAVIMaterialVar@@PAVIShaderShadow@@PAVIShaderDynamicAPI@@W4VertexCompressionType_t@@PAVCDeferredPerMaterialContextData@@@Z 10003d00 f   defpass_composite.obj
 0001:00004660       ?GetIndex@composite_translucent_ps30_Static_Index@@QBEHXZ 10005660 f i defpass_composite_translucent.obj
 0001:00004700       ?InitParmsComposite_translucent@@YAXABUdefParms_composite_translucent@@PAVCBaseVSShader@@PAPAVIMaterialVar@@@Z 10005700 f   defpass_composite_translucent.obj
 0001:000049b0       ?InitPassComposite_translucent@@YAXABUdefParms_composite_translucent@@PAVCBaseVSShader@@PAPAVIMaterialVar@@@Z 100059b0 f   defpass_composite_translucent.obj
 0001:00004ba0       ?DrawPassComposite_translucent@@YAXABUdefParms_composite_translucent@@PAVCBaseVSShader@@PAPAVIMaterialVar@@PAVIShaderShadow@@PAVIShaderDynamicAPI@@W4VertexCompressionType_t@@PAVCDeferredPerMaterialContextData@@@Z 10005ba0 f   defpass_composite_translucent.obj
 0001:00006530       ?GetIndex@gbuffer_ps30_Static_Index@@QBEHXZ 10007530 f i defpass_gbuffer.obj
 0001:000065a0       ?InitParmsGBuffer@@YAXABUdefParms_gBuffer0@@PAVCBaseVSShader@@PAPAVIMaterialVar@@@Z 100075a0 f   defpass_gbuffer.obj
 0001:00006920       ?InitPassGBuffer@@YAXABUdefParms_gBuffer0@@PAVCBaseVSShader@@PAPAVIMaterialVar@@@Z 10007920 f   defpass_gbuffer.obj
 0001:00006a00       ?DrawPassGBuffer@@YAXABUdefParms_gBuffer0@@PAVCBaseVSShader@@PAPAVIMaterialVar@@PAVIShaderShadow@@PAVIShaderDynamicAPI@@W4VertexCompressionType_t@@PAVCDeferredPerMaterialContextData@@@Z 10007a00 f   defpass_gbuffer.obj
 0001:000080f0       ?InitParmsShadowPass@@YAXABUdefParms_shadow@@PAVCBaseVSShader@@PAPAVIMaterialVar@@@Z 100090f0 f   defpass_shadow.obj
 0001:00008150       ?InitPassShadowPass@@YAXABUdefParms_shadow@@PAVCBaseVSShader@@PAPAVIMaterialVar@@@Z 10009150 f   defpass_shadow.obj
 0001:00008180       ?DrawPassShadowPass@@YAXABUdefParms_shadow@@PAVCBaseVSShader@@PAPAVIMaterialVar@@PAVIShaderShadow@@PAVIShaderDynamicAPI@@W4VertexCompressionType_t@@PAVCDeferredPerMaterialContextData@@@Z 10009180 f   defpass_shadow.obj
 0001:00008840       ??_GIBaseInterface@@UAEPAXI@Z 10009840 f i IDeferredExt.obj
 0001:00008840       ??_EIBaseInterface@@UAEPAXI@Z 10009840 f i IDeferredExt.obj
 0001:00008880       ?EnableDeferredLighting@CDeferredExtension@@UAEXXZ 10009880 f   IDeferredExt.obj
 0001:00008890       ?IsDeferredLightingEnabled@CDeferredExtension@@QAE_NXZ 10009890 f   IDeferredExt.obj
 0001:000088a0       ?CommitOrigin@CDeferredExtension@@UAEXABVVector@@@Z 100098a0 f   IDeferredExt.obj
 0001:000088d0       ?CommitViewForward@CDeferredExtension@@UAEXABVVector@@@Z 100098d0 f   IDeferredExt.obj
 0001:00008900       ?CommitZDists@CDeferredExtension@@UAEXABM0@Z 10009900 f   IDeferredExt.obj
 0001:00008920       ?CommitZScale@CDeferredExtension@@UAEXABM@Z 10009920 f   IDeferredExt.obj
 0001:00008940       ?CommitFrustumDeltas@CDeferredExtension@@UAEXABVVMatrix@@@Z 10009940 f   IDeferredExt.obj
 0001:00008950       ??4shadowData_ortho_t@@QAEAAU0@ABU0@@Z 10009950 f i IDeferredExt.obj
 0001:000089c0       ?CommitShadowData_General@CDeferredExtension@@UAEXABUshadowData_general_t@@@Z 100099c0 f   IDeferredExt.obj
 0001:000089f0       ?CommitVolumeData@CDeferredExtension@@UAEXABUvolumeData_t@@@Z 100099f0 f   IDeferredExt.obj
 0001:00008a20       ?CommitClock@CDeferredExtension@@UAEXABM@Z 10009a20 f   IDeferredExt.obj
 0001:00008a30       ?CommitMatrixData@CDeferredExtension@@UAEXPAMABVVector@@ABM2AAVVMatrix@@3333@Z 10009a30 f   IDeferredExt.obj
 0001:00008ae0       ?CommitLightData_Common@CDeferredExtension@@UAEPAMPAMHHHHH@Z 10009ae0 f   IDeferredExt.obj
 0001:00008b30       ?CommitTexture_General@CDeferredExtension@@UAEXPAVITexture@@0000000@Z 10009b30 f   IDeferredExt.obj
 0001:00008b80       ?CommitTexture_CascadedDepth@CDeferredExtension@@UAEXABHPAVITexture@@@Z 10009b80 f   IDeferredExt.obj
 0001:00008ba0       ?CommitTexture_DualParaboloidDepth@CDeferredExtension@@UAEXABHPAVITexture@@@Z 10009ba0 f   IDeferredExt.obj
 0001:00008bc0       ?CommitTexture_ProjectedDepth@CDeferredExtension@@UAEXABHPAVITexture@@@Z 10009bc0 f   IDeferredExt.obj
 0001:00008be0       ?CommitTexture_Cookie@CDeferredExtension@@UAEXABHPAVITexture@@@Z 10009be0 f   IDeferredExt.obj
 0001:00008c00       ?CommitTexture_VolumePrePass@CDeferredExtension@@UAEXPAVITexture@@@Z 10009c00 f   IDeferredExt.obj
 0001:00008c10       ?GetCurrentTime@CDeferredExtension@@UAEMXZ 10009c10 f   IDeferredExt.obj
 0001:00008c20       ?FillDataForFramebuffer@CDeferredExtension@@UAEXXZ 10009c20 f   IDeferredExt.obj
 0001:00008c20       ?InitPassLightPassVolum@@YAXABUlightPassParms@@PAVCBaseVSShader@@PAPAVIMaterialVar@@@Z 10009c20 f   lighting_pass_volum.obj
 0001:00008c20       ?InitPassLightPass@@YAXABUlightPassParms@@PAVCBaseVSShader@@PAPAVIMaterialVar@@@Z 10009c20 f   lighting_pass_basic.obj
 0001:00008c30       ?CommitShadowData_Ortho@CDeferredExtension@@UAEXABHABUshadowData_ortho_t@@@Z 10009c30 f   IDeferredExt.obj
 0001:00008c60       ?CommitShadowData_Proj@CDeferredExtension@@UAEXABHABUshadowData_proj_t@@@Z 10009c60 f   IDeferredExt.obj
 0001:00008cd0       ?CommitLightData_Global@CDeferredExtension@@UAEXABUlightData_Global_t@@@Z 10009cd0 f   IDeferredExt.obj
 0001:00008ce0       ?GetForwardLights_NumRows@CDeferredExtension@@UAEHXZ 10009ce0 f   IDeferredExt.obj
 0001:00008cf0       ?GetForwardSpotLights_NumRows@CDeferredExtension@@UAEHXZ 10009cf0 f   IDeferredExt.obj
 0001:00008d00       ?GetNumActiveForwardLights@CDeferredExtension@@UAEHXZ 10009d00 f   IDeferredExt.obj
 0001:00008d10       ?Grow@?$CUtlMemory@UForwardSpotLightData@@H@@QAEXH@Z 10009d10 f i IDeferredExt.obj
 0001:00008d10       ?Grow@?$CUtlMemory@UForwardLightData@@H@@QAEXH@Z 10009d10 f i IDeferredExt.obj
 0001:00008da0       ?EnsureCapacity@?$CUtlVector@MV?$CUtlMemory@MH@@@@QAEXH@Z 10009da0 f i IDeferredExt.obj
 0001:00008e00       ?ClearForwardLights@CDeferredExtension@@UAEXXZ 10009e00 f   IDeferredExt.obj
 0001:00008e20       ??1?$CUtlVector@P6AXPAVIConVar@@PBDM@ZV?$CUtlMemory@P6AXPAVIConVar@@PBDM@ZH@@@@QAE@XZ 10009e20 f i tier1:convar.obj
 0001:00008e20       ??1?$CUtlVector@PAVCShaderParam@SKYDOME_ATMOSPHERE@@V?$CUtlMemory@PAVCShaderParam@SKYDOME_ATMOSPHERE@@H@@@@QAE@XZ 10009e20 f i skydome_atmosphere.obj
 0001:00008e20       ??1?$CUtlVector@PAVCShaderParam@DEFERRED_BRUSH@@V?$CUtlMemory@PAVCShaderParam@DEFERRED_BRUSH@@H@@@@QAE@XZ 10009e20 f i deferred_brush.obj
 0001:00008e20       ??1?$CUtlVector@PAVCShaderParam@DEBUG_LIGHTING_CTRL@@V?$CUtlMemory@PAVCShaderParam@DEBUG_LIGHTING_CTRL@@H@@@@QAE@XZ 10009e20 f i debug_lightingctrl.obj
 0001:00008e20       ??1?$CUtlVector@PAVCShaderParam@VOLUME_PREPASS@@V?$CUtlMemory@PAVCShaderParam@VOLUME_PREPASS@@H@@@@QAE@XZ 10009e20 f i volume_prepass.obj
 0001:00008e20       ??1?$CUtlVector@PAVCShaderParam@DEFERRED_WATER@@V?$CUtlMemory@PAVCShaderParam@DEFERRED_WATER@@H@@@@QAE@XZ 10009e20 f i deferred_water.obj
 0001:00008e20       ??1?$CUtlVector@PAVCShaderParam@LIGHTING_GLOBAL@@V?$CUtlMemory@PAVCShaderParam@LIGHTING_GLOBAL@@H@@@@QAE@XZ 10009e20 f i lighting_global.obj
 0001:00008e20       ??1?$CUtlVector@PAVCShaderParam@LIGHTING_WORLD@@V?$CUtlMemory@PAVCShaderParam@LIGHTING_WORLD@@H@@@@QAE@XZ 10009e20 f i lighting_world.obj
 0001:00008e20       ??1?$CUtlVector@PAVCShaderParam@DEFERRED_MODEL@@V?$CUtlMemory@PAVCShaderParam@DEFERRED_MODEL@@H@@@@QAE@XZ 10009e20 f i deferred_model.obj
 0001:00008e20       ??1?$CUtlVector@UForwardSpotLightData@@V?$CUtlMemory@UForwardSpotLightData@@H@@@@QAE@XZ 10009e20 f i IDeferredExt.obj
 0001:00008e20       ??1?$CUtlVector@PAVCShaderParam@VOLUME_BLEND@@V?$CUtlMemory@PAVCShaderParam@VOLUME_BLEND@@H@@@@QAE@XZ 10009e20 f i volume_blend.obj
 0001:00008e20       ??1?$CUtlVector@PAVCShaderParam@LIGHTING_VOLUME@@V?$CUtlMemory@PAVCShaderParam@LIGHTING_VOLUME@@H@@@@QAE@XZ 10009e20 f i lighting_volume.obj
 0001:00008e20       ??1?$CUtlVector@UForwardLightData@@V?$CUtlMemory@UForwardLightData@@H@@@@QAE@XZ 10009e20 f i IDeferredExt.obj
 0001:00008e20       ??1?$CUtlVector@PAVCShaderParam@DEBUG_SHADOW@@V?$CUtlMemory@PAVCShaderParam@DEBUG_SHADOW@@H@@@@QAE@XZ 10009e20 f i debug_shadow.obj
 0001:00008e20       ??1?$CUtlVector@MV?$CUtlMemory@MH@@@@QAE@XZ 10009e20 f i IDeferredExt.obj
 0001:00008e20       ??1?$CUtlVector@PAVCShaderParam@GAUSSIAN_BLUR_6@@V?$CUtlMemory@PAVCShaderParam@GAUSSIAN_BLUR_6@@H@@@@QAE@XZ 10009e20 f i blur.obj
 0001:00008e20       ??1?$CUtlVector@PAVCShaderParam@Deferred_screenspace@@V?$CUtlMemory@PAVCShaderParam@Deferred_screenspace@@H@@@@QAE@XZ 10009e20 f i deferred_screenspace.obj
 0001:00008e90       ?InsertBefore@?$CUtlVector@UForwardLightData@@V?$CUtlMemory@UForwardLightData@@H@@@@QAEHHABUForwardLightData@@@Z 10009e90 f i IDeferredExt.obj
 0001:00008f00       ?InsertMultipleBefore@?$CUtlVector@UForwardSpotLightData@@V?$CUtlMemory@UForwardSpotLightData@@H@@@@QAEHHHPBUForwardSpotLightData@@@Z 10009f00 f i IDeferredExt.obj
 0001:00008f00       ?InsertMultipleBefore@?$CUtlVector@UForwardLightData@@V?$CUtlMemory@UForwardLightData@@H@@@@QAEHHHPBUForwardLightData@@@Z 10009f00 f i IDeferredExt.obj
 0001:00008fb0       ??1CDeferredExtension@@UAE@XZ 10009fb0 f   IDeferredExt.obj
 0001:00009010       ?GetForwardLightData@CDeferredExtension@@UAEPAMXZ 1000a010 f   IDeferredExt.obj
 0001:00009350       ?GetForwardSpotlightData@CDeferredExtension@@UAEPAMXZ 1000a350 f   IDeferredExt.obj
 0001:00009690       ??0CDeferredExtension@@QAE@XZ 1000a690 f   IDeferredExt.obj
 0001:000098b0       ??_GCDeferredExtension@@UAEPAXI@Z 1000a8b0 f i IDeferredExt.obj
 0001:000098b0       ??_ECDeferredExtension@@UAEPAXI@Z 1000a8b0 f i IDeferredExt.obj
 0001:000098e0       ?AddForwardLight@CDeferredExtension@@UAEXABVVector@@M0MH0MMMM@Z 1000a8e0 f   IDeferredExt.obj
 0001:00009950       ?CommitForwardLightData@CDeferredExtension@@UAEXPBUForwardLightData@@H@Z 1000a950 f   IDeferredExt.obj
 0001:000099b0       ?CommitForwardSpotLightData@CDeferredExtension@@UAEXPBUForwardSpotLightData@@H@Z 1000a9b0 f   IDeferredExt.obj
 0001:00009ab0       ?GetName@CShader@LIGHTING_GLOBAL@@UBEPBDXZ 1000aab0 f i lighting_global.obj
 0001:00009ac0       ?GetFlags@CShader@LIGHTING_GLOBAL@@UBEHXZ 1000aac0 f i lighting_global.obj
 0001:00009ad0       ??0lightData_Global_t@@QAE@ABU0@@Z 1000aad0 f i lighting_global.obj
 0001:00009ad0       ??4lightData_Global_t@@QAEAAU0@ABU0@@Z 1000aad0 f i IDeferredExt.obj
 0001:00009b60       ?GetParamCount@CShader@LIGHTING_GLOBAL@@UBEHXZ 1000ab60 f i lighting_global.obj
 0001:00009b70       ?OnDrawElements@CShader@LIGHTING_GLOBAL@@UAEXPAPAVIMaterialVar@@PAVIShaderShadow@@PAVIShaderDynamicAPI@@W4VertexCompressionType_t@@PAPAVCBasePerMaterialContextData@@@Z 1000ab70 f i lighting_global.obj
 0001:0000a0a0       ?GetParamInfo@CShader@LIGHTING_GLOBAL@@UBEABUShaderParamInfo_t@@H@Z 1000b0a0 f i lighting_global.obj
 0001:0000a0d0       ?DrawPassLightPass@@YAXABUlightPassParms@@PAVCBaseVSShader@@PAPAVIMaterialVar@@PAVIShaderShadow@@PAVIShaderDynamicAPI@@W4VertexCompressionType_t@@@Z 1000b0d0 f   lighting_pass_basic.obj
 0001:0000a9b0       ?InitParmsLightPassVolum@@YAXABUlightPassParms@@PAVCBaseVSShader@@PAPAVIMaterialVar@@@Z 1000b9b0 f   lighting_pass_volum.obj
 0001:0000a9b0       ?InitParmsLightPass@@YAXABUlightPassParms@@PAVCBaseVSShader@@PAPAVIMaterialVar@@@Z 1000b9b0 f   lighting_pass_basic.obj
 0001:0000a9f0       ?DrawPassLightPassVolum@@YAXABUlightPassParms@@PAVCBaseVSShader@@PAPAVIMaterialVar@@PAVIShaderShadow@@PAVIShaderDynamicAPI@@W4VertexCompressionType_t@@@Z 1000b9f0 f   lighting_pass_volum.obj
 0001:0000adf0       ?OnInitShaderParams@CShader@LIGHTING_WORLD@@UAEXPAPAVIMaterialVar@@PBD@Z 1000bdf0 f i lighting_world.obj
 0001:0000ae40       ?GetName@CShader@LIGHTING_WORLD@@UBEPBDXZ 1000be40 f i lighting_world.obj
 0001:0000ae50       ?GetFlags@CShader@LIGHTING_WORLD@@UBEHXZ 1000be50 f i lighting_world.obj
 0001:0000ae60       ?OnInitShaderInstance@CShader@LIGHTING_WORLD@@UAEXPAPAVIMaterialVar@@PAVIShaderInit@@PBD@Z 1000be60 f i lighting_world.obj
 0001:0000aeb0       ?OnDrawElements@CShader@LIGHTING_WORLD@@UAEXPAPAVIMaterialVar@@PAVIShaderShadow@@PAVIShaderDynamicAPI@@W4VertexCompressionType_t@@PAPAVCBasePerMaterialContextData@@@Z 1000beb0 f i lighting_world.obj
 0001:0000af00       ?GetParamCount@CShader@LIGHTING_WORLD@@UBEHXZ 1000bf00 f i lighting_world.obj
 0001:0000af10       ?GetParamInfo@CShader@LIGHTING_WORLD@@UBEABUShaderParamInfo_t@@H@Z 1000bf10 f i lighting_world.obj
 0001:0000af40       ??0CShaderParam@LIGHTING_WORLD@@QAE@PBDW4ShaderParamType_t@@00H@Z 1000bf40 f i lighting_world.obj
 0001:0000afe0       ?OnInitShaderParams@CShader@LIGHTING_VOLUME@@UAEXPAPAVIMaterialVar@@PBD@Z 1000bfe0 f i lighting_volume.obj
 0001:0000b030       ?GetName@CShader@LIGHTING_VOLUME@@UBEPBDXZ 1000c030 f i lighting_volume.obj
 0001:0000b040       ?GetFlags@CShader@LIGHTING_VOLUME@@UBEHXZ 1000c040 f i lighting_volume.obj
 0001:0000b050       ?OnInitShaderInstance@CShader@LIGHTING_VOLUME@@UAEXPAPAVIMaterialVar@@PAVIShaderInit@@PBD@Z 1000c050 f i lighting_volume.obj
 0001:0000b0a0       ?OnDrawElements@CShader@LIGHTING_VOLUME@@UAEXPAPAVIMaterialVar@@PAVIShaderShadow@@PAVIShaderDynamicAPI@@W4VertexCompressionType_t@@PAPAVCBasePerMaterialContextData@@@Z 1000c0a0 f i lighting_volume.obj
 0001:0000b0f0       ?GetParamCount@CShader@LIGHTING_VOLUME@@UBEHXZ 1000c0f0 f i lighting_volume.obj
 0001:0000b100       ?GetParamInfo@CShader@LIGHTING_VOLUME@@UBEABUShaderParamInfo_t@@H@Z 1000c100 f i lighting_volume.obj
 0001:0000b130       ??0CShaderParam@LIGHTING_VOLUME@@QAE@PBDW4ShaderParamType_t@@00H@Z 1000c130 f i lighting_volume.obj
 0001:0000b1d0       ?OnInitShaderParams@CShader@SKYDOME_ATMOSPHERE@@UAEXPAPAVIMaterialVar@@PBD@Z 1000c1d0 f i skydome_atmosphere.obj
 0001:0000b210       ?GetName@CShader@SKYDOME_ATMOSPHERE@@UBEPBDXZ 1000c210 f i skydome_atmosphere.obj
 0001:0000b220       ?GetFlags@CShader@SKYDOME_ATMOSPHERE@@UBEHXZ 1000c220 f i skydome_atmosphere.obj
 0001:0000b230       ?OnInitShaderInstance@CShader@SKYDOME_ATMOSPHERE@@UAEXPAPAVIMaterialVar@@PAVIShaderInit@@PBD@Z 1000c230 f i skydome_atmosphere.obj
 0001:0000b270       ?OnDrawElements@CShader@SKYDOME_ATMOSPHERE@@UAEXPAPAVIMaterialVar@@PAVIShaderShadow@@PAVIShaderDynamicAPI@@W4VertexCompressionType_t@@PAPAVCBasePerMaterialContextData@@@Z 1000c270 f i skydome_atmosphere.obj
 0001:0000b2c0       ?GetParamCount@CShader@SKYDOME_ATMOSPHERE@@UBEHXZ 1000c2c0 f i skydome_atmosphere.obj
 0001:0000b2d0       ?GetParamInfo@CShader@SKYDOME_ATMOSPHERE@@UBEABUShaderParamInfo_t@@H@Z 1000c2d0 f i skydome_atmosphere.obj
 0001:0000b300       ??0CShaderParam@SKYDOME_ATMOSPHERE@@QAE@PBDW4ShaderParamType_t@@00H@Z 1000c300 f i skydome_atmosphere.obj
 0001:0000b4d0       ?InitParamsSkydome@@YAXPAVCBaseVSShader@@PAPAVIMaterialVar@@PBDAAUSkydome_Vars_t@@@Z 1000c4d0 f   skydome_atmosphere_helper.obj
 0001:0000b500       ?InitSkydome@@YAXPAVCBaseVSShader@@PAPAVIMaterialVar@@AAUSkydome_Vars_t@@@Z 1000c500 f   skydome_atmosphere_helper.obj
 0001:0000b540       ?DrawSkydome_Internal@@YAXPAVCBaseVSShader@@PAPAVIMaterialVar@@PAVIShaderDynamicAPI@@PAVIShaderShadow@@_NAAUSkydome_Vars_t@@W4VertexCompressionType_t@@PAPAVCBasePerMaterialContextData@@@Z 1000c540 f   skydome_atmosphere_helper.obj
 0001:0000b8f0       ?DrawSkydome@@YAXPAVCBaseVSShader@@PAPAVIMaterialVar@@PAVIShaderDynamicAPI@@PAVIShaderShadow@@AAUSkydome_Vars_t@@W4VertexCompressionType_t@@PAPAVCBasePerMaterialContextData@@@Z 1000c8f0 f   skydome_atmosphere_helper.obj
 0001:0000b970       ?GetName@CShader@VOLUME_BLEND@@UBEPBDXZ 1000c970 f i volume_blend.obj
 0001:0000b980       ?GetFlags@CShader@VOLUME_BLEND@@UBEHXZ 1000c980 f i volume_blend.obj
 0001:0000b990       ?OnDrawElements@CShader@VOLUME_BLEND@@UAEXPAPAVIMaterialVar@@PAVIShaderShadow@@PAVIShaderDynamicAPI@@W4VertexCompressionType_t@@PAPAVCBasePerMaterialContextData@@@Z 1000c990 f i volume_blend.obj
 0001:0000ba60       ?GetParamCount@CShader@VOLUME_BLEND@@UBEHXZ 1000ca60 f i volume_blend.obj
 0001:0000ba70       ?GetParamInfo@CShader@VOLUME_BLEND@@UBEABUShaderParamInfo_t@@H@Z 1000ca70 f i volume_blend.obj
 0001:0000baa0       ?GetName@CShader@VOLUME_PREPASS@@UBEPBDXZ 1000caa0 f i volume_prepass.obj
 0001:0000bab0       ?GetFlags@CShader@VOLUME_PREPASS@@UBEHXZ 1000cab0 f i volume_prepass.obj
 0001:0000bac0       ?OnInitShaderInstance@CShader@LIGHTING_GLOBAL@@UAEXPAPAVIMaterialVar@@PAVIShaderInit@@PBD@Z 1000cac0 f i lighting_global.obj
 0001:0000bac0       ?OnInitShaderInstance@CShader@DEBUG_LIGHTING_CTRL@@UAEXPAPAVIMaterialVar@@PAVIShaderInit@@PBD@Z 1000cac0 f i debug_lightingctrl.obj
 0001:0000bac0       ?OnInitShaderInstance@CShader@DEBUG_SHADOW@@UAEXPAPAVIMaterialVar@@PAVIShaderInit@@PBD@Z 1000cac0 f i debug_shadow.obj
 0001:0000bac0       ?OnInitShaderInstance@CShader@VOLUME_PREPASS@@UAEXPAPAVIMaterialVar@@PAVIShaderInit@@PBD@Z 1000cac0 f i volume_prepass.obj
 0001:0000bad0       ?OnDrawElements@CShader@VOLUME_PREPASS@@UAEXPAPAVIMaterialVar@@PAVIShaderShadow@@PAVIShaderDynamicAPI@@W4VertexCompressionType_t@@PAPAVCBasePerMaterialContextData@@@Z 1000cad0 f i volume_prepass.obj
 0001:0000bbf0       ?GetParamCount@CShader@VOLUME_PREPASS@@UBEHXZ 1000cbf0 f i volume_prepass.obj
 0001:0000bc00       ?GetParamInfo@CShader@VOLUME_PREPASS@@UBEABUShaderParamInfo_t@@H@Z 1000cc00 f i volume_prepass.obj
 0001:0000bc30       ?GetIndex@water_deferred_ps30_Static_Index@@QBEHXZ 1000cc30 f i water.obj
 0001:0000bcb0       ?InitParamsWater_DX9@@YAXPAVCBaseVSShader@@PAPAVIMaterialVar@@PBDAAUdefParms_Water@@@Z 1000ccb0 f   water.obj
 0001:0000c1a0       ?InitWater_DX9@@YAXPAVCBaseVSShader@@PAPAVIMaterialVar@@AAUdefParms_Water@@@Z 1000d1a0 f   water.obj
 0001:0000c2b0       ?DrawWater_DX9@@YAXAAUdefParms_Water@@PAVCBaseVSShader@@PAPAVIMaterialVar@@PAVIShaderShadow@@PAVIShaderDynamicAPI@@W4VertexCompressionType_t@@PAVCDeferredPerMaterialContextData@@@Z 1000d2b0 f   water.obj
 0001:0000d360       ?SetupParamsSSR@CShader@Deferred_screenspace@@QAEXAAUdefParms_screenspace@@@Z 1000e360 f i deferred_screenspace.obj
 0001:0000d5c0       ?OnInitShaderParams@CShader@Deferred_screenspace@@UAEXPAPAVIMaterialVar@@PBD@Z 1000e5c0 f i deferred_screenspace.obj
 0001:0000d630       ?GetName@CShader@Deferred_screenspace@@UBEPBDXZ 1000e630 f i deferred_screenspace.obj
 0001:0000d640       ?GetFlags@CShader@Deferred_screenspace@@UBEHXZ 1000e640 f i deferred_screenspace.obj
 0001:0000d650       ?OnInitShaderInstance@CShader@Deferred_screenspace@@UAEXPAPAVIMaterialVar@@PAVIShaderInit@@PBD@Z 1000e650 f i deferred_screenspace.obj
 0001:0000d6a0       ?GetFallbackShader@CShader@Deferred_screenspace@@UBEPBDPAPAVIMaterialVar@@@Z 1000e6a0 f i deferred_screenspace.obj
 0001:0000d6c0       ?OnDrawElements@CShader@Deferred_screenspace@@UAEXPAPAVIMaterialVar@@PAVIShaderShadow@@PAVIShaderDynamicAPI@@W4VertexCompressionType_t@@PAPAVCBasePerMaterialContextData@@@Z 1000e6c0 f i deferred_screenspace.obj
 0001:0000d770       ?GetParamCount@CShader@Deferred_screenspace@@UBEHXZ 1000e770 f i deferred_screenspace.obj
 0001:0000d780       ?GetParamInfo@CShader@Deferred_screenspace@@UBEABUShaderParamInfo_t@@H@Z 1000e780 f i deferred_screenspace.obj
 0001:0000d7b0       ??0CShaderParam@Deferred_screenspace@@QAE@PBDW4ShaderParamType_t@@00H@Z 1000e7b0 f i deferred_screenspace.obj
 0001:0000d8c0       ?InitParmsScreenspace@@YAXABUdefParms_screenspace@@PAVCBaseVSShader@@PAPAVIMaterialVar@@@Z 1000e8c0 f   deferred_screenspace_general.obj
 0001:0000d900       ?InitPassScreenspace@@YAXABUdefParms_screenspace@@PAVCBaseVSShader@@PAPAVIMaterialVar@@@Z 1000e900 f   deferred_screenspace_general.obj
 0001:0000d990       ?DrawPassScreenspace@@YAXABUdefParms_screenspace@@PAVCBaseVSShader@@PAPAVIMaterialVar@@PAVIShaderShadow@@PAVIShaderDynamicAPI@@W4VertexCompressionType_t@@PAVCDeferredPerMaterialContextData@@@Z 1000e990 f   deferred_screenspace_general.obj
 0001:0000e660       ?ConVar_Register@@YAXHPAVIConCommandBaseAccessor@@@Z 1000f660 f   tier1:convar.obj
 0001:0000e710       ?ConVar_Unregister@@YAXXZ  1000f710 f   tier1:convar.obj
 0001:0000e760       ?IsCommand@ConCommandBase@@UBE_NXZ 1000f760 f   tier1:convar.obj
 0001:0000e770       ?GetDLLIdentifier@ConCommandBase@@UBEHXZ 1000f770 f   tier1:convar.obj
 0001:0000e780       ?Create@ConCommandBase@@MAEXPBD0H@Z 1000f780 f   tier1:convar.obj
 0001:0000e7d0       ?Init@ConVar@@EAEXXZ       1000f7d0 f   tier1:convar.obj
 0001:0000e7d0       ?Init@ConCommandBase@@MAEXXZ 1000f7d0 f   tier1:convar.obj
 0001:0000e7f0       ?GetName@ConCommandBase@@UBEPBDXZ 1000f7f0 f   tier1:convar.obj
 0001:0000e800       ?IsFlagSet@ConCommandBase@@UBE_NH@Z 1000f800 f   tier1:convar.obj
 0001:0000e810       ?AddFlags@ConCommandBase@@UAEXH@Z 1000f810 f   tier1:convar.obj
 0001:0000e820       ?RemoveFlags@ConCommandBase@@UAEXH@Z 1000f820 f   tier1:convar.obj
 0001:0000e830       ?GetHelpText@ConCommandBase@@UBEPBDXZ 1000f830 f   tier1:convar.obj
 0001:0000e840       ?IsRegistered@ConCommandBase@@UBE_NXZ 1000f840 f   tier1:convar.obj
 0001:0000e850       ?IsFlagSet@ConVar@@UBE_NH@Z 1000f850 f   tier1:convar.obj
 0001:0000e860       ?GetFlags@ConVar@@UBEHXZ   1000f860 f   tier1:convar.obj
 0001:0000e870       ?GetHelpText@ConVar@@UBEPBDXZ 1000f870 f   tier1:convar.obj
 0001:0000e880       ?AddFlags@ConVar@@UAEXH@Z  1000f880 f   tier1:convar.obj
 0001:0000e890       ?IsRegistered@ConVar@@UBE_NXZ 1000f890 f   tier1:convar.obj
 0001:0000e8a0       ?GetName@ConVar@@UBEPBDXZ  1000f8a0 f   tier1:convar.obj
 0001:0000e8b0       ?GetBaseName@ConVar@@UBEPBDXZ 1000f8b0 f   tier1:convar.obj
 0001:0000e8c0       ?GetSplitScreenPlayerSlot@ConVar@@UBEHXZ 1000f8c0 f   tier1:convar.obj
 0001:0000e8d0       ?IsCommand@ConVar@@UBE_NXZ 1000f8d0 f   tier1:convar.obj
 0001:0000e8e0       ?InternalSetColorFromString@ConVar@@AAE_NPBD@Z 1000f8e0 f   tier1:convar.obj
 0001:0000e990       ?InternalSetValue@ConVar@@EAEXPBD@Z 1000f990 f   tier1:convar.obj
 0001:0000eac0       ?ClampValue@ConVar@@EAE_NAAM@Z 1000fac0 f   tier1:convar.obj
 0001:0000eb00       ?InternalSetFloatValue@ConVar@@EAEXM@Z 1000fb00 f   tier1:convar.obj
 0001:0000ebe0       ?InternalSetIntValue@ConVar@@EAEXH@Z 1000fbe0 f   tier1:convar.obj
 0001:0000ecb0       ?InternalSetColorValue@ConVar@@EAEXVColor@@@Z 1000fcb0 f   tier1:convar.obj
 0001:0000ece0       ?SetValue@ConVar@@UAEXPBD@Z 1000fce0 f   tier1:convar.obj
 0001:0000ecf0       ?SetValue@ConVar@@UAEXM@Z  1000fcf0 f   tier1:convar.obj
 0001:0000ed10       ?SetValue@ConVar@@UAEXH@Z  1000fd10 f   tier1:convar.obj
 0001:0000ed20       ?SetValue@ConVar@@UAEXVColor@@@Z 1000fd20 f   tier1:convar.obj
 0001:0000ed30       ?RegisterConCommandBase@CDefaultAccessor@@UAE_NPAVConCommandBase@@@Z 1000fd30 f i tier1:convar.obj
 0001:0000ed50       ??_EConCommandBase@@UAEPAXI@Z 1000fd50 f i tier1:convar.obj
 0001:0000ed50       ??_GConCommandBase@@UAEPAXI@Z 1000fd50 f i tier1:convar.obj
 0001:0000ed70       ?Grow@?$CUtlMemory@P6AXPAVIConVar@@PBDM@ZH@@QAEXH@Z 1000fd70 f i tier1:convar.obj
 0001:0000ee00       ?ChangeStringValue@ConVar@@EAEXPBDM@Z 1000fe00 f   tier1:convar.obj
 0001:0000eec0       ?InsertBefore@?$CUtlVector@P6AXPAVIConVar@@PBDM@ZV?$CUtlMemory@P6AXPAVIConVar@@PBDM@ZH@@@@QAEHHABQ6AXPAVIConVar@@PBDM@Z@Z 1000fec0 f i tier1:convar.obj
 0001:0000ef30       ??1ConVar@@UAE@XZ          1000ff30 f   tier1:convar.obj
 0001:0000ef70       ?GetName@ConVar@@WBI@BEPBDXZ 1000ff70 f i tier1:convar.obj
 0001:0000ef80       ?IsFlagSet@ConVar@@WBI@BE_NH@Z 1000ff80 f i tier1:convar.obj
 0001:0000ef90       ?Create@ConVar@@EAEXPBD0H0_NM1MP6AXPAVIConVar@@0M@Z@Z 1000ff90 f   tier1:convar.obj
 0001:0000f0d0       ??0ConVar@@QAE@PBD0H@Z     100100d0 f   tier1:convar.obj
 0001:0000f140       ??0ConVar@@QAE@PBD0H0@Z    10010140 f   tier1:convar.obj
 0001:0000f1b0       ??0ConVar@@QAE@PBD0H0_NM1M@Z 100101b0 f   tier1:convar.obj
 0001:0000f230       ?SetValue@CEmptyConVar@@UAEXH@Z 10010230 f i tier1:convar.obj
 0001:0000f230       ?SetValue@CEmptyConVar@@UAEXPBD@Z 10010230 f i tier1:convar.obj
 0001:0000f230       ?SetValue@CEmptyConVar@@UAEXM@Z 10010230 f i tier1:convar.obj
 0001:0000f240       ?GetName@CEmptyConVar@@UBEPBDXZ 10010240 f i tier1:convar.obj
 0001:0000f250       ?IsFlagSet@CEmptyConVar@@UBE_NH@Z 10010250 f i tier1:convar.obj
 0001:0000f260       ?GetName@CEmptyConVar@@WBI@BEPBDXZ 10010260 f i tier1:convar.obj
 0001:0000f270       ?IsFlagSet@CEmptyConVar@@WBI@BE_NH@Z 10010270 f i tier1:convar.obj
 0001:0000f280       ??_EConVar@@UAEPAXI@Z      10010280 f i tier1:convar.obj
 0001:0000f280       ??_GConVar@@UAEPAXI@Z      10010280 f i tier1:convar.obj
 0001:0000f280       ??_GCEmptyConVar@@UAEPAXI@Z 10010280 f i tier1:convar.obj
 0001:0000f280       ??_ECEmptyConVar@@UAEPAXI@Z 10010280 f i tier1:convar.obj
 0001:0000f2d0       ?_V_strlen@@YAHPBD@Z       100102d0 f   tier1:strtools.obj
 0001:0000f300       ?_V_strcmp@@YAHPBD0@Z      10010300 f   tier1:strtools.obj
 0001:0000f360       ?_V_stricmp@@YAHPBD0@Z     10010360 f   tier1:strtools.obj
 0001:0000f3e0       ?_V_memset@@YAXPAXHH@Z     100103e0 f   tier1:strtools.obj
 0001:0000f410       ?_V_memcpy@@YAXPAXPBXH@Z   10010410 f   tier1:strtools.obj
 0001:0000f440       ?_V_memmove@@YAXPAXPBXH@Z  10010440 f   tier1:strtools.obj
 0001:0000f470       ?_V_strcpy@@YAXPADPBD@Z    10010470 f   tier1:strtools.obj
 0001:0000f4b0       ?V_strncpy@@YAXPADPBDH@Z   100104b0 f   tier1:strtools.obj
 0001:0000f4f0       ?V_snprintf@@YAHPADHPBDZZ  100104f0 f   tier1:strtools.obj
 0001:0000f540       ??0InterfaceReg@@QAE@P6APAXXZPBD@Z 10010540 f   tier1:interface.obj
 0001:0000f560       ?CreateInterfaceInternal@@YAPAXPBDPAH@Z 10010560 f   tier1:interface.obj
 0001:0000f5d0       _CreateInterface           100105d0 f   tier1:interface.obj
 0001:0000f5e0       ?FindConversion@CUtlCStringConversion@@UAEDPBDPAH@Z 100105e0 f   tier1:utlbuffer.obj
 0001:0000f600       ??0CUtlCharConversion@@QAE@DPBDHPAUConversionArray_t@0@@Z 10010600 f   tier1:utlbuffer.obj
 0001:0000f690       ?FindConversion@CUtlCharConversion@@UAEDPBDPAH@Z 10010690 f   tier1:utlbuffer.obj
 0001:0000f6f0       ?FindConversion@CUtlNoEscConversion@@UAEDPBDPAH@Z 100106f0 f i tier1:utlbuffer.obj
 0001:0000f700       ?ReconnectInterface@@YAXP6APAXPBDPAH@Z0PAPAX@Z 10010700 f   interfaces:interfaces.obj
 0001:0000f770       ?ConnectInterfaces@@YAXPAP6APAXPBDPAH@ZH@Z 10010770 f   interfaces:interfaces.obj
 0001:0000f870       ?DisconnectInterfaces@@YAXXZ 10010870 f   interfaces:interfaces.obj
 0001:0000f8b0       ?GammaToLinear@@YAMM@Z     100108b0 f   mathlib:color_conversion.obj
 0001:0000f900       ?SrgbGammaToLinear@@YAMM@Z 10010900 f   mathlib:color_conversion.obj
 0001:0000f970       ?BuildGammaTable@@YAXMMMH@Z 10010970 f   mathlib:color_conversion.obj
 0001:0000fcd0       ??4VMatrix@@QAEAAV0@ABV0@@Z 10010cd0 f   mathlib:vmatrix.obj
 0001:0000fd40       ?MatrixSetIdentity@@YAXAAVVMatrix@@@Z 10010d40 f   mathlib:vmatrix.obj
 0001:0000fda0       ?MatrixTranspose@@YAXABVVMatrix@@AAV1@@Z 10010da0 f   mathlib:vmatrix.obj
 0001:0000fe70       ?Transpose@VMatrix@@QBE?AV1@XZ 10010e70 f   mathlib:vmatrix.obj
 0001:0000fee0       ?Transpose3x3@VMatrix@@QBE?AV1@XZ 10010ee0 f   mathlib:vmatrix.obj
 0001:0000ff50       ?VectorNormalize@@YAMAAVVector@@@Z 10010f50 f   mathlib:mathlib_base.obj
 0001:0000ffc0       ?_VectorNormalizeFast@@YIXAAVVector@@@Z 10010fc0 f   mathlib:mathlib_base.obj
 0001:00010020       ?MathLib_Init@@YAXMMMH_N000@Z 10011020 f   mathlib:mathlib_base.obj
 0001:000100c0       ?Seed@SIMDRandStreamContext@@QAEXI@Z 100110c0 f i mathlib:randsse.obj
 0001:000101b0       ?SeedRandSIMD@@YAXI@Z      100111b0 f   mathlib:randsse.obj
 0001:000101e0       ??_GCBasePerInstanceContextData@@UAEPAXI@Z 100111e0 f i shaderlib:BaseShader.obj
 0001:000101e0       ??_ECBasePerInstanceContextData@@UAEPAXI@Z 100111e0 f i shaderlib:BaseShader.obj
 0001:00010210       ?GetParamCount@CBaseShader@@UBEHXZ 10011210 f   shaderlib:BaseShader.obj
 0001:00010220       ?GetParamInfo@CBaseShader@@UBEABUShaderParamInfo_t@@H@Z 10011220 f   shaderlib:BaseShader.obj
 0001:00010240       ?InitShaderParams@CBaseShader@@UAEXPAPAVIMaterialVar@@PBD@Z 10011240 f   shaderlib:BaseShader.obj
 0001:00010270       ?InitShaderInstance@CBaseShader@@UAEXPAPAVIMaterialVar@@PAVIShaderInit@@PBD2@Z 10011270 f   shaderlib:BaseShader.obj
 0001:000102c0       ?SetInitialShadowState@CBaseShader@@QAEXXZ 100112c0 f   shaderlib:BaseShader.obj
 0001:00010390       ?LoadTexture@CBaseShader@@QAEXH@Z 10011390 f   shaderlib:BaseShader.obj
 0001:000103e0       ?LoadBumpMap@CBaseShader@@QAEXH@Z 100113e0 f   shaderlib:BaseShader.obj
 0001:00010430       ?LoadCubeMap@CBaseShader@@QAEXH@Z 10011430 f   shaderlib:BaseShader.obj
 0001:00010480       ?GetShaderAPITextureBindHandle@CBaseShader@@QAEHHHH@Z 10011480 f   shaderlib:BaseShader.obj
 0001:000104d0       ?NeedsPowerOfTwoFrameBufferTexture@CBaseShader@@UBE_NPAPAVIMaterialVar@@_N@Z 100114d0 f   shaderlib:BaseShader.obj
 0001:000104f0       ?NeedsFullFrameBufferTexture@CBaseShader@@UBE_NPAPAVIMaterialVar@@_N@Z 100114f0 f   shaderlib:BaseShader.obj
 0001:00010510       ?IsTranslucent@CBaseShader@@UBE_NPAPAVIMaterialVar@@@Z 10011510 f   shaderlib:BaseShader.obj
 0001:00010530       ?ApplyColor2Factor@CBaseShader@@QBEXPAM@Z 10011530 f   shaderlib:BaseShader.obj
 0001:000105d0       ?EnableAlphaBlending@CBaseShader@@QAEXW4ShaderBlendFactor_t@@0@Z 100115d0 f   shaderlib:BaseShader.obj
 0001:00010610       ?FogToFogColor@CBaseShader@@QAEXXZ 10011610 f   shaderlib:BaseShader.obj
 0001:00010650       ?DefaultFog@CBaseShader@@QAEXXZ 10011650 f   shaderlib:BaseShader.obj
 0001:000106b0       ?UsingFlashlight@CBaseShader@@QBE_NPAPAVIMaterialVar@@@Z 100116b0 f   shaderlib:BaseShader.obj
 0001:000106e0       ??_ECPerInstanceContextData@@UAEPAXI@Z 100116e0 f i shaderlib:BaseShader.obj
 0001:000106e0       ??_GCPerInstanceContextData@@UAEPAXI@Z 100116e0 f i shaderlib:BaseShader.obj
 0001:00010720       ??0CBaseShader@@QAE@XZ     10011720 f   shaderlib:BaseShader.obj
 0001:00010740       ?DrawElements@CBaseShader@@UAEXPAPAVIMaterialVar@@HPAVIShaderShadow@@PAVIShaderDynamicAPI@@W4VertexCompressionType_t@@PAPAVCBasePerMaterialContextData@@PAPAVCBasePerInstanceContextData@@@Z 10011740 f   shaderlib:BaseShader.obj
 0001:000107d0       ?BindTexture@CBaseShader@@QAEXW4Sampler_t@@HH@Z 100117d0 f   shaderlib:BaseShader.obj
 0001:00010820       ?BindTexture@CBaseShader@@QAEXW4Sampler_t@@PAVITexture@@H@Z 10011820 f   shaderlib:BaseShader.obj
 0001:00010840       ?ComputeModulationFlags@CBaseShader@@UAEHPAPAVIMaterialVar@@PAVIShaderDynamicAPI@@@Z 10011840 f   shaderlib:BaseShader.obj
 0001:00010920       ?PI_BeginCommandBuffer@CBaseShader@@QAEXXZ 10011920 f   shaderlib:BaseShader.obj
 0001:00010940       ?PI_SetPixelShaderAmbientLightCube@CBaseShader@@QAEXH@Z 10011940 f   shaderlib:BaseShader.obj
 0001:00010970       ?PI_SetModulationPixelShaderDynamicState_LinearColorSpace@CBaseShader@@QAEXH@Z 10011970 f   shaderlib:BaseShader.obj
 0001:000109e0       ?PI_EndCommandBuffer@CBaseShader@@QAEXXZ 100119e0 f   shaderlib:BaseShader.obj
 0001:00010ad0       ?Draw@CBaseShader@@QAEX_N@Z 10011ad0 f   shaderlib:BaseShader.obj
 0001:00010bb0       ?Connect@CShaderDLL@@UAE_NP6APAXPBDPAH@Z_N@Z 10011bb0 f   shaderlib:ShaderDLL.obj
 0001:00010c30       ?Disconnect@CShaderDLL@@UAEX_N@Z 10011c30 f   shaderlib:ShaderDLL.obj
 0001:00010c70       ?Connect@CShaderDLL@@UAE_NP6APAXPBDPAH@Z@Z 10011c70 f   shaderlib:ShaderDLL.obj
 0001:00010c90       ?Disconnect@CShaderDLL@@UAEXXZ 10011c90 f   shaderlib:ShaderDLL.obj
 0001:00010ca0       ?ShaderCount@CShaderDLL@@UBEHXZ 10011ca0 f   shaderlib:ShaderDLL.obj
 0001:00010ca0       ?GetFlags@ConCommandBase@@UBEHXZ 10011ca0 f   tier1:convar.obj
 0001:00010cb0       ?GetShader@CShaderDLL@@UAEPAVIShader@@H@Z 10011cb0 f   shaderlib:ShaderDLL.obj
 0001:00010cd0       ??0CShaderDLL@@QAE@XZ      10011cd0 f   shaderlib:ShaderDLL.obj
 0001:00010d30       ?GetShaderDLL@@YAPAVIShaderDLL@@XZ 10011d30 f   shaderlib:ShaderDLL.obj
 0001:00010d70       ?GetShaderDLLInternal@@YAPAVIShaderDLLInternal@@XZ 10011d70 f   shaderlib:ShaderDLL.obj
 0001:00010da0       ?InsertShader@CShaderDLL@@UAEXPAVIShader@@@Z 10011da0 f   shaderlib:ShaderDLL.obj
 0001:00010e00       ?InitShaderLibCVars@@YAXP6APAXPBDPAH@Z@Z 10011e00 f   shaderlib:shaderlib_cvar.obj
 0001:00010e20       ?RegisterConCommandBase@CShaderLibConVarAccessor@@UAE_NPAVConCommandBase@@@Z 10011e20 f i shaderlib:shaderlib_cvar.obj
 0001:00010e79       __cfltcvt_init             10011e79 f   LIBCMT:_fpinit_.obj
 0001:00010ed9       __fpmath                   10011ed9 f   LIBCMT:_fpinit_.obj
 0001:00010f00       _fmod                      10011f00 f   LIBCMT:_87fmod_.obj
 0001:00010f0a       __CIfmod                   10011f0a f   LIBCMT:_87fmod_.obj
 0001:00010f30       __ftol2_sse                10011f30 f   LIBCMT:ftol2.obj
 0001:00010f39       __ftol2_pentium4           10011f39 f   LIBCMT:ftol2.obj
 0001:00010f4c       __ftol2_sse_excpt          10011f4c f   LIBCMT:ftol2.obj
 0001:00010f66       __ftol2                    10011f66 f   LIBCMT:ftol2.obj
 0001:00011091       ___onexitinit              10012091 f   LIBCMT:onexit.obj
 0001:000110c2       __onexit                   100120c2 f   LIBCMT:onexit.obj
 0001:000110fe       _atexit                    100120fe f   LIBCMT:onexit.obj
 0001:00011115       ??1type_info@@UAE@XZ       10012115 f   LIBCMT:typinfo.obj
 0001:00011125       ??_Gtype_info@@UAEPAXI@Z   10012125 f i LIBCMT:typinfo.obj
 0001:00011125       ??_Etype_info@@UAEPAXI@Z   10012125 f i LIBCMT:typinfo.obj
 0001:00011146       __purecall                 10012146 f   LIBCMT:purevirt.obj
 0001:00011170       _printf                    10012170 f   LIBCMT:printf.obj
 0001:00011217       __get_printf_count_output  10012217 f   LIBCMT:printf.obj
 0001:0001122d       ??3@YAXPAX@Z               1001222d f   LIBCMT:delete.obj
 0001:00011238       ??1bad_alloc@std@@UAE@XZ   10012238 f i LIBCMT:new.obj
 0001:00011243       ??_Gbad_alloc@std@@UAEPAXI@Z 10012243 f i LIBCMT:new.obj
 0001:00011243       ??_Ebad_alloc@std@@UAEPAXI@Z 10012243 f i LIBCMT:new.obj
 0001:0001126a       ??0bad_alloc@std@@QAE@ABV01@@Z 1001226a f i LIBCMT:new.obj
 0001:00011287       ??2@YAPAXI@Z               10012287 f   LIBCMT:new.obj
 0001:00011310       _memset                    10012310 f   LIBCMT:memset.obj
 0001:00011390       _memcpy                    10012390 f   LIBCMT:memcpy.obj
 0001:000116f1       ??0_LocaleUpdate@@QAE@PAUlocaleinfo_struct@@@Z 100126f1 f i LIBCMT:atof.obj
 0001:00011778       __atof_l                   10012778 f   LIBCMT:atof.obj
 0001:00011823       _atof                      10012823 f   LIBCMT:atof.obj
 0001:00011840       _ceil                      10012840 f   LIBCMT:_ceil_pentium4_.obj
 0001:00011880       __ceil_pentium4            10012880 f   LIBCMT:_ceil_pentium4_.obj
 0001:00011960       _floor                     10012960 f   LIBCMT:_floor_pentium4_.obj
 0001:000119a0       __floor_pentium4           100129a0 f   LIBCMT:_floor_pentium4_.obj
 0001:00011a81       __CRT_INIT@12              10012a81 f   LIBCMT:dllcrt0.obj
 0001:00011cdb       __DllMainCRTStartup@12     10012cdb f   LIBCMT:dllcrt0.obj
 0001:00011d6c       _sscanf                    10012d6c f   LIBCMT:sscanf.obj
 0001:00011d8e       __vsnprintf_l              10012d8e f   LIBCMT:vsnprint.obj
 0001:00011e3a       __vsnprintf                10012e3a f   LIBCMT:vsnprint.obj
 0001:00011e60       __alloca_probe             10012e60     LIBCMT:chkstk.obj
 0001:00011e60       __chkstk                   10012e60 f   LIBCMT:chkstk.obj
 0001:00011ea0       _strchr                    10012ea0 f   LIBCMT:strchr.obj
 0001:00011ea6       ___from_strstr_to_strchr   10012ea6     LIBCMT:strchr.obj
 0001:00011f60       __alloca_probe_16          10012f60 f   LIBCMT:alloca16.obj
 0001:00011f76       __alloca_probe_8           10012f76     LIBCMT:alloca16.obj
 0001:00011f90       _strstr                    10012f90 f   LIBCMT:strstr.obj
 0001:00012016       __tolower_l                10013016 f   LIBCMT:tolower.obj
 0001:0001212b       _tolower                   1001312b f   LIBCMT:tolower.obj
 0001:00012160       __allmul                   10013160 f   LIBCMT:llmul.obj
 0001:000121a0       _strncat                   100131a0 f   LIBCMT:strncat.obj
 0001:000122e0       _memmove                   100132e0 f   LIBCMT:memmove.obj
 0001:00012650       _strncpy                   10013650 f   LIBCMT:strncpy.obj
 0001:00012780       __allrem                   10013780 f   LIBCMT:llrem.obj
 0001:00012840       __alldiv                   10013840 f   LIBCMT:lldiv.obj
 0001:000128f0       _pow                       100138f0 f   LIBCMT:_pow_.obj
 0001:00012930       __CIpow                    10013930 f   LIBCMT:_pow_.obj
 0001:0001296b       __CIpow_default            1001396b f   LIBCMT:_pow_.obj
 0001:00012984       __pow_default              10013984     LIBCMT:_pow_.obj
 0001:00012b7a       ___libm_sse2_pow           10013b7a f   LIBCMT:_pow_sse2_.obj
 0001:00013600       _acos                      10014600 f   LIBCMT:_acos_.obj
 0001:00013640       __CIacos                   10014640 f   LIBCMT:_acos_.obj
 0001:0001367b       __CIacos_default           1001467b f   LIBCMT:_acos_.obj
 0001:0001368f       __acos_default             1001468f     LIBCMT:_acos_.obj
 0001:00013746       ___libm_sse2_sin           10014746 f   LIBCMT:_sin_sse2_.obj
 0001:00013900       _asin                      10014900 f   LIBCMT:_asin_.obj
 0001:00013940       __CIasin                   10014940 f   LIBCMT:_asin_.obj
 0001:0001397b       __CIasin_default           1001497b f   LIBCMT:_asin_.obj
 0001:0001398f       __asin_default             1001498f     LIBCMT:_asin_.obj
 0001:00013a46       __forcdecpt_l              10014a46 f   LIBCMT:cvt.obj
 0001:00013aba       __cropzeros_l              10014aba f   LIBCMT:cvt.obj
 0001:00013b3c       __positive                 10014b3c f   LIBCMT:cvt.obj
 0001:00013b58       __fassign_l                10014b58 f   LIBCMT:cvt.obj
 0001:00013b9a       __fassign                  10014b9a f   LIBCMT:cvt.obj
 0001:00013bd3       __forcdecpt                10014bd3 f   LIBCMT:cvt.obj
 0001:00013be6       __cropzeros                10014be6 f   LIBCMT:cvt.obj
 0001:00013d5a       __cftoe_l                  10014d5a f   LIBCMT:cvt.obj
 0001:00013e21       __cftoe                    10014e21 f   LIBCMT:cvt.obj
 0001:00013e41       __cftoa_l                  10014e41 f   LIBCMT:cvt.obj
 0001:000142ba       __cftof_l                  100152ba f   LIBCMT:cvt.obj
 0001:0001437b       __cftog_l                  1001537b f   LIBCMT:cvt.obj
 0001:00014468       __cfltcvt_l                10015468 f   LIBCMT:cvt.obj
 0001:000144f0       __cfltcvt                  100154f0 f   LIBCMT:cvt.obj
 0001:00014513       __initp_misc_cfltcvt_tab   10015513 f   LIBCMT:cmiscdat.obj
 0001:00014536       __setdefaultprecision      10015536 f   LIBCMT:fp8.obj
 0001:00014560       __cintrindisp2             10015560 f   LIBCMT:_87cdisp_.obj
 0001:0001459e       __cintrindisp1             1001559e f   LIBCMT:_87cdisp_.obj
 0001:000145db       __ctrandisp2               100155db f   LIBCMT:_87cdisp_.obj
 0001:0001476a       __ctrandisp1               1001576a f   LIBCMT:_87cdisp_.obj
 0001:0001479d       __fload                    1001579d f   LIBCMT:_87cdisp_.obj
 0001:000147e0       __trandisp1                100157e0 f   LIBCMT:_87disp_.obj
 0001:00014847       __trandisp2                10015847 f   LIBCMT:_87disp_.obj
 0001:000148d3       __rttospopde               100158d3     LIBCMT:_87disp_.obj
 0001:000148d8       __rttospop                 100158d8     LIBCMT:_87disp_.obj
 0001:000148da       __rtnospop                 100158da     LIBCMT:_87disp_.obj
 0001:000148dc       __rttosnpop                100158dc     LIBCMT:_87disp_.obj
 0001:000148dd       __rtnospopde               100158dd     LIBCMT:_87disp_.obj
 0001:000148e4       __rtzeropop                100158e4     LIBCMT:_87disp_.obj
 0001:000148e6       __rtzeronpop               100158e6     LIBCMT:_87disp_.obj
 0001:000148eb       __rtonepop                 100158eb     LIBCMT:_87disp_.obj
 0001:000148ed       __rtonenpop                100158ed     LIBCMT:_87disp_.obj
 0001:000148f2       __tosnan1                  100158f2     LIBCMT:_87disp_.obj
 0001:0001491d       __nosnan2                  1001591d     LIBCMT:_87disp_.obj
 0001:0001491f       __tosnan2                  1001591f     LIBCMT:_87disp_.obj
 0001:00014947       __nan2                     10015947     LIBCMT:_87disp_.obj
 0001:00014986       __rtindfpop                10015986     LIBCMT:_87disp_.obj
 0001:00014988       __rtindfnpop               10015988     LIBCMT:_87disp_.obj
 0001:00014999       __rttosnpopde              10015999     LIBCMT:_87disp_.obj
 0001:000149a3       __rtchsifneg               100159a3     LIBCMT:_87disp_.obj
 0001:000149aa       ___sse2_available_init     100159aa f   LIBCMT:cpu_disp.obj
 0001:000149ba       __malloc_crt               100159ba f   LIBCMT:crtheap.obj
 0001:000149ff       __calloc_crt               100159ff f   LIBCMT:crtheap.obj
 0001:00014a4b       __realloc_crt              10015a4b f   LIBCMT:crtheap.obj
 0001:00014a99       __recalloc_crt             10015a99 f   LIBCMT:crtheap.obj
 0001:00014aeb       __msize                    10015aeb f   LIBCMT:msize.obj
 0001:00014b1e       ___crtCorExitProcess       10015b1e f   LIBCMT:crt0dat.obj
 0001:00014b49       ___crtExitProcess          10015b49 f   LIBCMT:crt0dat.obj
 0001:00014b61       __lockexit                 10015b61 f   LIBCMT:crt0dat.obj
 0001:00014b6a       __unlockexit               10015b6a f   LIBCMT:crt0dat.obj
 0001:00014b73       __init_pointers            10015b73 f   LIBCMT:crt0dat.obj
 0001:00014ba6       __initterm_e               10015ba6 f   LIBCMT:crt0dat.obj
 0001:00014bca       __cinit                    10015bca f   LIBCMT:crt0dat.obj
 0001:00014da1       __exit                     10015da1 f   LIBCMT:crt0dat.obj
 0001:00014db7       __cexit                    10015db7 f   LIBCMT:crt0dat.obj
 0001:00014dc6       __amsg_exit                10015dc6 f   LIBCMT:crt0dat.obj
 0001:00014df0       __SEH_prolog4              10015df0 f   LIBCMT:sehprolg4.obj
 0001:00014e35       __SEH_epilog4              10015e35 f   LIBCMT:sehprolg4.obj
 0001:00014e50       __except_handler4          10015e50 f   LIBCMT:chandler4.obj
 0001:00014fdf       ?_Type_info_dtor@type_info@@CAXPAV1@@Z 10015fdf f   LIBCMT:typname.obj
 0001:00015050       _strcmp                    10016050 f   LIBCMT:strcmp.obj
 0001:000150d8       _abort                     100160d8 f   LIBCMT:abort.obj
 0001:0001510b       __set_abort_behavior       1001610b f   LIBCMT:abort.obj
 0001:0001512c       __GET_RTERRMSG             1001612c f   LIBCMT:crt0msg.obj
 0001:00015152       __NMSG_WRITE               10016152 f   LIBCMT:crt0msg.obj
 0001:00015301       __FF_MSGBANNER             10016301 f   LIBCMT:crt0msg.obj
 0001:0001533a       __initp_misc_purevirt      1001633a f   LIBCMT:inithelp.obj
 0001:00015349       ___iob_func                10016349 f   LIBCMT:_file.obj
 0001:0001534f       ___initstdio               1001634f f   LIBCMT:_file.obj
 0001:00015400       ___endstdio                10016400 f   LIBCMT:_file.obj
 0001:00015420       __lock_file                10016420 f   LIBCMT:_file.obj
 0001:00015461       __lock_file2               10016461 f   LIBCMT:_file.obj
 0001:00015493       __unlock_file              10016493 f   LIBCMT:_file.obj
 0001:000154cf       __unlock_file2             100164cf f   LIBCMT:_file.obj
 0001:000154fe       __stbuf                    100164fe f   LIBCMT:_sftbuf.obj
 0001:0001559a       __ftbuf                    1001659a f   LIBCMT:_sftbuf.obj
 0001:00015675       __output_l                 10016675 f   LIBCMT:output.obj
 0001:00016221       __initp_misc_invarg        10017221 f   LIBCMT:invarg.obj
 0001:00016230       __call_reportfault         10017230 f   LIBCMT:invarg.obj
 0001:00016359       __invoke_watson            10017359 f   LIBCMT:invarg.obj
 0001:0001637e       __invalid_parameter        1001737e f   LIBCMT:invarg.obj
 0001:000163ab       __invalid_parameter_noinfo 100173ab f   LIBCMT:invarg.obj
 0001:000163bb       __get_errno_from_oserr     100173bb f   LIBCMT:dosmap.obj
 0001:000163fd       __errno                    100173fd f   LIBCMT:dosmap.obj
 0001:00016410       ___doserrno                10017410 f   LIBCMT:dosmap.obj
 0001:00016423       __dosmaperr                10017423 f   LIBCMT:dosmap.obj
 0001:00016446       _free                      10017446 f   LIBCMT:free.obj
 0001:00016480       ??0exception@std@@QAE@ABQBDH@Z 10017480 f   LIBCMT:stdexcpt.obj
 0001:0001649d       ?what@exception@std@@UBEPBDXZ 1001749d f   LIBCMT:stdexcpt.obj
 0001:000164aa       ?_Copy_str@exception@std@@AAEXPBD@Z 100174aa f   LIBCMT:stdexcpt.obj
 0001:000164ea       ?_Tidy@exception@std@@AAEXXZ 100174ea f   LIBCMT:stdexcpt.obj
 0001:00016508       ??4exception@std@@QAEAAV01@ABV01@@Z 10017508 f   LIBCMT:stdexcpt.obj
 0001:0001653d       ??1exception@std@@UAE@XZ   1001753d f   LIBCMT:stdexcpt.obj
 0001:00016548       ??_Eexception@std@@UAEPAXI@Z 10017548 f i LIBCMT:stdexcpt.obj
 0001:00016548       ??_Gexception@std@@UAEPAXI@Z 10017548 f i LIBCMT:stdexcpt.obj
 0001:0001656f       ??0exception@std@@QAE@ABV01@@Z 1001756f f   LIBCMT:stdexcpt.obj
 0001:00016594       _malloc                    10017594 f   LIBCMT:malloc.obj
 0001:00016628       __initp_heap_handler       10017628 f   LIBCMT:handler.obj
 0001:00016637       __callnewh                 10017637 f   LIBCMT:handler.obj
 0001:0001665f       __CxxThrowException@8      1001765f f   LIBCMT:throw.obj
 0001:000166ab       __VEC_memzero              100176ab f   LIBCMT:p4_memset.obj
 0001:00016765       __VEC_memcpy               10017765 f   LIBCMT:p4_memcpy.obj
 0001:00016a8b       ___updatetmbcinfo          10017a8b f   LIBCMT:mbctype.obj
 0001:00016bab       __setmbcp_nolock           10017bab f   LIBCMT:mbctype.obj
 0001:00016d94       __setmbcp                  10017d94 f   LIBCMT:mbctype.obj
 0001:00016f2e       ___initmbctable            10017f2e f   LIBCMT:mbctype.obj
 0001:00016f4c       ___addlocaleref            10017f4c f   LIBCMT:localref.obj
 0001:00016fdb       ___removelocaleref         10017fdb f   LIBCMT:localref.obj
 0001:00017074       ___freetlocinfo            10018074 f   LIBCMT:localref.obj
 0001:000171bf       __updatetlocinfoEx_nolock  100181bf f   LIBCMT:localref.obj
 0001:0001720c       ___updatetlocinfo          1001820c f   LIBCMT:localref.obj
 0001:00017285       __encoded_null             10018285 f   LIBCMT:tidtable.obj
 0001:0001728e       ___crtTlsAlloc@4           1001828e f   LIBCMT:tidtable.obj
 0001:00017297       ___set_flsgetvalue         10018297 f   LIBCMT:tidtable.obj
 0001:000172cb       __mtterm                   100182cb f   LIBCMT:tidtable.obj
 0001:00017308       __initptd                  10018308 f   LIBCMT:tidtable.obj
 0001:000173bc       __getptd_noexit            100183bc f   LIBCMT:tidtable.obj
 0001:00017435       __getptd                   10018435 f   LIBCMT:tidtable.obj
 0001:0001744f       __freefls@4                1001844f f   LIBCMT:tidtable.obj
 0001:0001757e       __freeptd                  1001857e f   LIBCMT:tidtable.obj
 0001:000175ec       __mtinit                   100185ec f   LIBCMT:tidtable.obj
 0001:00017767       __fltin2                   10018767 f   LIBCMT:_cfin_.obj
 0001:0001780e       __isctype_l                1001880e f   LIBCMT:isctype.obj
 0001:000178c6       @__security_check_cookie@4 100188c6 f   LIBCMT:secchk.obj
 0001:000178d5       ___strgtold12_l            100188d5 f   LIBCMT:_strgtold_.obj
 0001:00017fb1       ___libm_error_support      10018fb1 f   LIBCMT:_libm_error_.obj
 0001:0001827d       __sse2_mathfcns_init       1001927d f   LIBCMT:_mathfcns_.obj
 0001:0001828d       __ceil_default             1001928d f   LIBCMT:_ceil_.obj
 0001:00018365       __floor_default            10019365 f   LIBCMT:_floor_.obj
 0001:0001843d       __ioinit                   1001943d f   LIBCMT:ioinit.obj
 0001:00018682       __ioterm                   10019682 f   LIBCMT:ioinit.obj
 0001:000186d5       __setenvp                  100196d5 f   LIBCMT:stdenvp.obj
 0001:0001894b       __setargv                  1001994b f   LIBCMT:stdargv.obj
 0001:00018a06       ___crtGetEnvironmentStringsA 10019a06 f   LIBCMT:a_env.obj
 0001:00018a9d       __RTC_Initialize           10019a9d f   LIBCMT:_initsect_.obj
 0001:00018ac3       __RTC_Terminate            10019ac3 f   LIBCMT:_initsect_.obj
 0001:00018ae9       __heap_init                10019ae9 f   LIBCMT:heapinit.obj
 0001:00018b07       __heap_term                10019b07 f   LIBCMT:heapinit.obj
 0001:00018b1b       __XcptFilter               10019b1b f   LIBCMT:winxfltr.obj
 0001:00018c65       ___CppXcptFilter           10019c65 f   LIBCMT:winxfltr.obj
 0001:00018c85       _DllMain@12                10019c85 f   LIBCMT:dllmain.obj
 0001:00018c8b       ___security_init_cookie    10019c8b f   LIBCMT:gs_support.obj
 0001:00018d30       _strlen                    10019d30 f   LIBCMT:strlen.obj
 0001:00018e72       __input_l                  10019e72 f   LIBCMT:input.obj
 0001:00019e76       __flsbuf                   1001ae76 f   LIBCMT:_flsbuf.obj
 0001:00019fda       __freea                    1001afda f i LIBCMT:a_map.obj
 0001:0001a1e1       ___crtLCMapStringA         1001b1e1 f   LIBCMT:a_map.obj
 0001:0001a227       __isleadbyte_l             1001b227 f i LIBCMT:_wctype.obj
 0001:0001a25f       _isleadbyte                1001b25f f i LIBCMT:_wctype.obj
 0001:0001a272       __mtinitlocks              1001b272 f   LIBCMT:mlock.obj
 0001:0001a2bc       __mtdeletelocks            1001b2bc f   LIBCMT:mlock.obj
 0001:0001a313       __unlock                   1001b313 f   LIBCMT:mlock.obj
 0001:0001a32a       __mtinitlocknum            1001b32a f   LIBCMT:mlock.obj
 0001:0001a3ec       __lock                     1001b3ec f   LIBCMT:mlock.obj
 0001:0001a420       __aulldvrm                 1001b420 f   LIBCMT:ulldvrm.obj
 0001:0001a4c0       __CIpow_pentium4           1001b4c0 f   LIBCMT:_pow_pentium4_.obj
 0001:0001a4d9       __pow_pentium4             1001b4d9     LIBCMT:_pow_pentium4_.obj
 0001:0001b031       __fFEXP                    1001c031     LIBCMT:_87tran_.obj
 0001:0001b088       __rtinfpopse               1001c088     LIBCMT:_87tran_.obj
 0001:0001b08a       __rtinfnpopse              1001c08a     LIBCMT:_87tran_.obj
 0001:0001b09a       __fFLN                     1001c09a     LIBCMT:_87tran_.obj
 0001:0001b14f       __rtinfpop                 1001c14f     LIBCMT:_87tran_.obj
 0001:0001b151       __rtinfnpop                1001c151     LIBCMT:_87tran_.obj
 0001:0001b16e       __ffexpm1                  1001c16e     LIBCMT:_87tran_.obj
 0001:0001b220       __startTwoArgErrorHandling 1001c220 f   LIBCMT:_genexcep_.obj
 0001:0001b237       __startOneArgErrorHandling 1001c237 f   LIBCMT:_genexcep_.obj
 0001:0001b280       __twoToTOS                 1001c280 f   LIBCMT:_common_.obj
 0001:0001b295       __load_CW                  1001c295 f   LIBCMT:_common_.obj
 0001:0001b2ac       __convertTOStoQNaN         1001c2ac f   LIBCMT:_common_.obj
 0001:0001b2c5       __fload_withFB             1001c2c5 f   LIBCMT:_common_.obj
 0001:0001b308       __checkTOS_withFB          1001c308 f   LIBCMT:_common_.obj
 0001:0001b31e       __fast_exit                1001c31e f   LIBCMT:_common_.obj
 0001:0001b32b       __math_exit                1001c32b f   LIBCMT:_common_.obj
 0001:0001b355       __check_overflow_exit      1001c355 f   LIBCMT:_common_.obj
 0001:0001b369       __check_range_exit         1001c369 f   LIBCMT:_common_.obj
 0001:0001b40c       __d_inttype                1001c40c f   LIBCMT:_powhlp_.obj
 0001:0001b476       __powhlp                   1001c476 f   LIBCMT:_powhlp_.obj
 0001:0001b5b0       __CIacos_pentium4          1001c5b0 f   LIBCMT:_acos_pentium4_.obj
 0001:0001b5c8       __acos_pentium4            1001c5c8     LIBCMT:_acos_pentium4_.obj
 0001:0001bb10       _cos                       1001cb10 f   LIBCMT:_cos_.obj
 0001:0001bb50       __CIcos                    1001cb50 f   LIBCMT:_cos_.obj
 0001:0001bb8b       __CIcos_default            1001cb8b f   LIBCMT:_cos_.obj
 0001:0001bb9f       __cos_default              1001cb9f     LIBCMT:_cos_.obj
 0001:0001bc40       _sin                       1001cc40 f   LIBCMT:_sin_.obj
 0001:0001bc80       __CIsin                    1001cc80 f   LIBCMT:_sin_.obj
 0001:0001bcbb       __CIsin_default            1001ccbb f   LIBCMT:_sin_.obj
 0001:0001bccf       __sin_default              1001cccf     LIBCMT:_sin_.obj
 0001:0001bd70       _tan                       1001cd70 f   LIBCMT:_tan_.obj
 0001:0001bdb0       __CItan                    1001cdb0 f   LIBCMT:_tan_.obj
 0001:0001bdeb       __CItan_default            1001cdeb f   LIBCMT:_tan_.obj
 0001:0001bdff       __tan_default              1001cdff     LIBCMT:_tan_.obj
 0001:0001bea0       __CIasin_pentium4          1001cea0 f   LIBCMT:_asin_pentium4_.obj
 0001:0001beb8       __asin_pentium4            1001ceb8     LIBCMT:_asin_pentium4_.obj
 0001:0001c420       _strrchr                   1001d420 f   LIBCMT:strrchr.obj
 0001:0001c44d       __isdigit_l                1001d44d f i LIBCMT:_ctype.obj
 0001:0001c49e       _isdigit                   1001d49e f i LIBCMT:_ctype.obj
 0001:0001c4cc       __isxdigit_l               1001d4cc f i LIBCMT:_ctype.obj
 0001:0001c522       _isxdigit                  1001d522 f i LIBCMT:_ctype.obj
 0001:0001c552       __isspace_l                1001d552 f i LIBCMT:_ctype.obj
 0001:0001c5a3       _isspace                   1001d5a3 f i LIBCMT:_ctype.obj
 0001:0001c5d1       __atodbl_l                 1001d5d1 f   LIBCMT:atodbl.obj
 0001:0001c679       __atoflt_l                 1001d679 f   LIBCMT:atodbl.obj
 0001:0001c721       _strcpy_s                  1001d721 f   LIBCMT:strcpy_s.obj
 0001:0001c780       __fptostr                  1001d780 f   LIBCMT:_fptostr.obj
 0001:0001c833       ___dtold                   1001d833 f   LIBCMT:_cfout_.obj
 0001:0001c8e6       __fltout2                  1001d8e6 f   LIBCMT:_cfout_.obj
 0001:0001c980       __alldvrm                  1001d980 f   LIBCMT:lldvrm.obj
 0001:0001ca60       __aullshr                  1001da60 f   LIBCMT:ullshr.obj
 0001:0001ca7f       __fptrap                   1001da7f f   LIBCMT:crt0fp.obj
 0001:0001ca88       __controlfp_s              1001da88 f   LIBCMT:_contrlfp_.obj
 0001:0001cae7       __87except                 1001dae7 f   LIBCMT:_87except_.obj
 0001:0001cc26       __calloc_impl              1001dc26 f   LIBCMT:calloc_impl.obj
 0001:0001cca8       _realloc                   1001dca8 f   LIBCMT:realloc.obj
 0001:0001cd55       __recalloc                 1001dd55 f   LIBCMT:recalloc.obj
 0001:0001cdc3       ?terminate@@YAXXZ          1001ddc3 f   LIBCMT:hooks.obj
 0001:0001cdfc       __initp_eh_hooks           1001ddfc f   LIBCMT:hooks.obj
 0001:0001ce0d       __initp_misc_winsig        1001de0d f   LIBCMT:winsig.obj
 0001:0001ce62       ___get_sigabrt             1001de62 f   LIBCMT:winsig.obj
 0001:0001ce6f       _raise                     1001de6f f   LIBCMT:winsig.obj
 0001:0001d012       __initp_misc_rand_s        1001e012 f   LIBCMT:rand_s.obj
 0001:0001d030       __ValidateImageBase        1001e030 f   LIBCMT:pesect.obj
 0001:0001d070       __FindPESection            1001e070 f   LIBCMT:pesect.obj
 0001:0001d0c0       __IsNonwritableInCurrentImage 1001e0c0 f   LIBCMT:pesect.obj
 0001:0001d180       __local_unwind4            1001e180 f   LIBCMT:exsup4.obj
 0001:0001d256       __seh_longjmp_unwind4@4    1001e256 f   LIBCMT:exsup4.obj
 0001:0001d272       @_EH4_CallFilterFunc@8     1001e272 f   LIBCMT:exsup4.obj
 0001:0001d289       @_EH4_TransferToHandler@8  1001e289 f   LIBCMT:exsup4.obj
 0001:0001d2a2       @_EH4_GlobalUnwind2@8      1001e2a2 f   LIBCMT:exsup4.obj
 0001:0001d2bb       @_EH4_LocalUnwind@16       1001e2bb f   LIBCMT:exsup4.obj
 0001:0001d2d2       ___crtMessageBoxW          1001e2d2 f   LIBCMT:crtmboxw.obj
 0001:0001d43e       _wcscat_s                  1001e43e f   LIBCMT:wcscat_s.obj
 0001:0001d4b3       _wcsncpy_s                 1001e4b3 f   LIBCMT:wcsncpy_s.obj
 0001:0001d580       _wcslen                    1001e580 f   LIBCMT:wcslen.obj
 0001:0001d59b       _wcscpy_s                  1001e59b f   LIBCMT:wcscpy_s.obj
 0001:0001d5fe       __set_error_mode           1001e5fe f   LIBCMT:errmode.obj
 0001:0001d63d       __fcloseall                1001e63d f   LIBCMT:closeall.obj
 0001:0001d6d9       __flush                    1001e6d9 f   LIBCMT:fflush.obj
 0001:0001d741       __fflush_nolock            1001e741 f   LIBCMT:fflush.obj
 0001:0001d863       __flushall                 1001e863 f   LIBCMT:fflush.obj
 0001:0001d86c       __isatty                   1001e86c f   LIBCMT:isatty.obj
 0001:0001d8c2       __fileno                   1001e8c2 f   LIBCMT:fileno.obj
 0001:0001d8e8       __wctomb_s_l               1001e8e8 f   LIBCMT:wctomb.obj
 0001:0001da3d       _wctomb_s                  1001ea3d f   LIBCMT:wctomb.obj
 0001:0001da5a       __crt_debugger_hook        1001ea5a f   LIBCMT:dbghook.obj
 0001:0001db49       ___crtGetStringTypeA       1001eb49 f   LIBCMT:a_str.obj
 0001:0001db89       ___free_lc_time            1001eb89 f   LIBCMT:inittime.obj
 0001:0001df00       ___free_lconv_num          1001ef00 f   LIBCMT:initnum.obj
 0001:0001df6c       ___free_lconv_mon          1001ef6c f   LIBCMT:initmon.obj
 0001:0001e06a       __ld12tod                  1001f06a f   LIBCMT:_intrncvt_.obj
 0001:0001e5bb       __ld12tof                  1001f5bb f   LIBCMT:_intrncvt_.obj
 0001:0001eb0c       ___report_gsfailure        1001fb0c f   LIBCMT:gs_report.obj
 0001:0001ec12       ___mtold12                 1001fc12 f   LIBCMT:_mantold_.obj
 0001:0001edf6       __matherr                  1001fdf6 f   LIBCMT:_matherr_.obj
 0001:0001edf9       __raise_exc_ex             1001fdf9 f   LIBCMT:_fpexcept_.obj
 0001:0001f0d5       __raise_exc                100200d5 f   LIBCMT:_fpexcept_.obj
 0001:0001f0f8       __handle_exc               100200f8 f   LIBCMT:_fpexcept_.obj
 0001:0001f2dc       __set_errno_from_matherr   100202dc f   LIBCMT:_fpexcept_.obj
 0001:0001f309       __errcode                  10020309 f   LIBCMT:_fpexcept_.obj
 0001:0001f33d       __umatherr                 1002033d f   LIBCMT:_fpexcept_.obj
 0001:0001f3dd       __handle_qnan1             100203dd f   LIBCMT:_fpexcept_.obj
 0001:0001f432       __except1                  10020432 f   LIBCMT:_fpexcept_.obj
 0001:0001f4fc       __frnd                     100204fc f   LIBCMT:_frnd_.obj
 0001:0001f510       __set_exp                  10020510 f   LIBCMT:_util_.obj
 0001:0001f53d       __sptype                   1002053d f   LIBCMT:_util_.obj
 0001:0001f5a3       __decomp                   100205a3 f   LIBCMT:_util_.obj
 0001:0001f666       __statfp                   10020666 f   LIBCMT:_fpctrl_.obj
 0001:0001f676       __clrfp                    10020676 f   LIBCMT:_fpctrl_.obj
 0001:0001f687       __ctrlfp                   10020687 f   LIBCMT:_fpctrl_.obj
 0001:0001f6b2       __set_statfp               100206b2 f   LIBCMT:_fpctrl_.obj
 0001:0001f70a       ___set_fpsr_sse2           1002070a f   LIBCMT:_fpctrl_.obj
 0001:0001f7cf       __ismbblead                100207cf f   LIBCMT:ismbbyte.obj
 0001:0001f7e7       __filbuf                   100207e7 f   LIBCMT:_filbuf.obj
 0001:0001f909       __ungetc_nolock            10020909 f   LIBCMT:ungetc.obj
 0001:0001f9ec       __mbtowc_l                 100209ec f   LIBCMT:mbtowc.obj
 0001:0001fb02       _mbtowc                    10020b02 f   LIBCMT:mbtowc.obj
 0001:0001fb1c       __lseeki64_nolock          10020b1c f   LIBCMT:lseeki64.obj
 0001:0001fba1       __lseeki64                 10020ba1 f   LIBCMT:lseeki64.obj
 0001:0001fc8b       __write_nolock             10020c8b f   LIBCMT:write.obj
 0001:00020388       __write                    10021388 f   LIBCMT:write.obj
 0001:0002045c       __getbuf                   1002145c f   LIBCMT:_getbuf.obj
 0001:000204b0       _strcspn                   100214b0 f   LIBCMT:strcspn.obj
 0001:00020500       _strpbrk                   10021500 f   LIBCMT:strpbrk.obj
 0001:00020540       __SEH_prolog4_GS           10021540 f   LIBCMT:sehprolg4gs.obj
 0001:00020588       __SEH_epilog4_GS           10021588 f   LIBCMT:sehprolg4gs.obj
 0001:00020597       __fpclass                  10021597 f   LIBCMT:_ieeemisc_.obj
 0001:00020640       __CIcos_pentium4           10021640 f   LIBCMT:_cos_pentium4_.obj
 0001:00020658       __cos_pentium4             10021658     LIBCMT:_cos_pentium4_.obj
 0001:000207f0       __CIsin_pentium4           100217f0 f   LIBCMT:_sin_pentium4_.obj
 0001:00020808       __sin_pentium4             10021808     LIBCMT:_sin_pentium4_.obj
 0001:000209c0       __CItan_pentium4           100219c0 f   LIBCMT:_tan_pentium4_.obj
 0001:000209d8       __tan_pentium4             100219d8     LIBCMT:_tan_pentium4_.obj
 0001:00020c20       _$I10_OUTPUT               10021c20 f   LIBCMT:_x10fout_.obj
 0001:00021646       __control87                10022646 f i LIBCMT:_ieee87_.obj
 0001:00021960       __global_unwind2           10022960 f   LIBCMT:exsup.obj
 0001:000219c5       __local_unwind2            100229c5 f   LIBCMT:exsup.obj
 0001:00021a49       __abnormal_termination     10022a49 f   LIBCMT:exsup.obj
 0001:00021a6c       __NLG_Notify1              10022a6c f   LIBCMT:exsup.obj
 0001:00021a75       __NLG_Notify               10022a75 f   LIBCMT:exsup.obj
 0001:00021a8c       __NLG_Dispatch             10022a8c     LIBCMT:exsup.obj
 0001:00021a8c       __NLG_Dispatch2            10022a8c     LIBCMT:exsup.obj
 0001:00021a94       __NLG_Call                 10022a94 f   LIBCMT:exsup.obj
 0001:00021a96       __NLG_Return2              10022a96     LIBCMT:exsup.obj
 0001:00021a97       __fclose_nolock            10022a97 f   LIBCMT:fclose.obj
 0001:00021b04       _fclose                    10022b04 f   LIBCMT:fclose.obj
 0001:00021b78       __commit                   10022b78 f   LIBCMT:commit.obj
 0001:00021c51       __read_nolock              10022c51 f   LIBCMT:read.obj
 0001:00022208       __read                     10023208 f   LIBCMT:read.obj
 0001:000222fe       __free_osfhnd              100232fe f   LIBCMT:osfinfo.obj
 0001:00022384       __get_osfhandle            10023384 f   LIBCMT:osfinfo.obj
 0001:000223ed       ___lock_fhandle            100233ed f   LIBCMT:osfinfo.obj
 0001:0002248c       __unlock_fhandle           1002348c f   LIBCMT:osfinfo.obj
 0001:000224b3       __putwch_nolock            100234b3 f   LIBCMT:putwch.obj
 0001:000224f5       __close_nolock             100234f5 f   LIBCMT:close.obj
 0001:00022591       __close                    10023591 f   LIBCMT:close.obj
 0001:00022655       __freebuf                  10023655 f   LIBCMT:_freebuf.obj
 0001:00022686       ___initconout              10023686 f   LIBCMT:initcon.obj
 0001:000226a5       ___termconout              100236a5 f   LIBCMT:initcon.obj
 0001:000226c0       ___ascii_strnicmp          100236c0 f   LIBCMT:_strnicm.obj
 0001:00022730       ?ConnectTier1Libraries@@YAXPAP6APAXPBDPAH@ZH@Z 10023730 f   tier1:tier1.obj
 0001:00022740       ?DisconnectTier1Libraries@@YAXXZ 10023740 f   tier1:tier1.obj
 0001:00022746       _RtlUnwind@16              10023746 f   kernel32:KERNEL32.dll
 0002:00000000       __imp__MultiByteToWideChar@24 10027000     kernel32:KERNEL32.dll
 0002:00000004       __imp__WideCharToMultiByte@32 10027004     kernel32:KERNEL32.dll
 0002:00000008       __imp__GetProcAddress@8    10027008     kernel32:KERNEL32.dll
 0002:0000000c       __imp__GetCurrentProcessId@0 1002700c     kernel32:KERNEL32.dll
 0002:00000010       __imp__CloseHandle@4       10027010     kernel32:KERNEL32.dll
 0002:00000014       __imp__WriteConsoleW@20    10027014     kernel32:KERNEL32.dll
 0002:00000018       __imp__SetStdHandle@8      10027018     kernel32:KERNEL32.dll
 0002:0000001c       __imp__ReadFile@20         1002701c     kernel32:KERNEL32.dll
 0002:00000020       __imp__FlushFileBuffers@4  10027020     kernel32:KERNEL32.dll
 0002:00000024       __imp__GetConsoleMode@8    10027024     kernel32:KERNEL32.dll
 0002:00000028       __imp__GetConsoleCP@0      10027028     kernel32:KERNEL32.dll
 0002:0000002c       __imp__SetFilePointer@16   1002702c     kernel32:KERNEL32.dll
 0002:00000030       __imp__GetStringTypeW@16   10027030     kernel32:KERNEL32.dll
 0002:00000034       __imp__RtlUnwind@16        10027034     kernel32:KERNEL32.dll
 0002:00000038       __imp__LoadLibraryW@4      10027038     kernel32:KERNEL32.dll
 0002:0000003c       __imp__HeapReAlloc@16      1002703c     kernel32:KERNEL32.dll
 0002:00000040       __imp__EncodePointer@4     10027040     kernel32:KERNEL32.dll
 0002:00000044       __imp__DecodePointer@4     10027044     kernel32:KERNEL32.dll
 0002:00000048       __imp__GetCurrentThreadId@0 10027048     kernel32:KERNEL32.dll
 0002:0000004c       __imp__GetCommandLineA@0   1002704c     kernel32:KERNEL32.dll
 0002:00000050       __imp__GetLastError@0      10027050     kernel32:KERNEL32.dll
 0002:00000054       __imp__IsProcessorFeaturePresent@4 10027054     kernel32:KERNEL32.dll
 0002:00000058       __imp__Sleep@4             10027058     kernel32:KERNEL32.dll
 0002:0000005c       __imp__HeapSize@12         1002705c     kernel32:KERNEL32.dll
 0002:00000060       __imp__GetModuleHandleW@4  10027060     kernel32:KERNEL32.dll
 0002:00000064       __imp__ExitProcess@4       10027064     kernel32:KERNEL32.dll
 0002:00000068       __imp__WriteFile@20        10027068     kernel32:KERNEL32.dll
 0002:0000006c       __imp__GetStdHandle@4      1002706c     kernel32:KERNEL32.dll
[...]
 0001:000237d0       ??__ECHEAPWATERSTARTDISTANCE@DEFERRED_WATER@@YAXXZ 100247d0 f   deferred_water.obj
 0001:000237f0       ??__ECHEAPWATERENDDISTANCE@DEFERRED_WATER@@YAXXZ 100247f0 f   deferred_water.obj
 0001:00023810       ??__EENVMAP@DEFERRED_WATER@@YAXXZ 10024810 f   deferred_water.obj
 0001:00023830       ??__EENVMAPFRAME@DEFERRED_WATER@@YAXXZ 10024830 f   deferred_water.obj
 0001:00023850       ??__EFOGCOLOR@DEFERRED_WATER@@YAXXZ 10024850 f   deferred_water.obj
 0001:00023870       ??__EFORCECHEAP@DEFERRED_WATER@@YAXXZ 10024870 f   deferred_water.obj
 0001:00023890       ??__EREFLECTENTITIES@DEFERRED_WATER@@YAXXZ 10024890 f   deferred_water.obj
 0001:000238b0       ??__EFOGSTART@DEFERRED_WATER@@YAXXZ 100248b0 f   deferred_water.obj
 0001:000238d0       ??__EFOGEND@DEFERRED_WATER@@YAXXZ 100248d0 f   deferred_water.obj
 0001:000238f0       ??__EABOVEWATER@DEFERRED_WATER@@YAXXZ 100248f0 f   deferred_water.obj
 0001:00023910       ??__EREFLECTBLENDFACTOR@DEFERRED_WATER@@YAXXZ 10024910 f   deferred_water.obj
 0001:00023930       ??__ENOFRESNEL@DEFERRED_WATER@@YAXXZ 10024930 f   deferred_water.obj
 0001:00023950       ??__ENOLOWENDLIGHTMAP@DEFERRED_WATER@@YAXXZ 10024950 f   deferred_water.obj
 0001:00023970       ??__ESCROLL1@DEFERRED_WATER@@YAXXZ 10024970 f   deferred_water.obj
 0001:00023990       ??__ESCROLL2@DEFERRED_WATER@@YAXXZ 10024990 f   deferred_water.obj
 0001:000239b0       ??__EFLOWMAP@DEFERRED_WATER@@YAXXZ 100249b0 f   deferred_water.obj
 0001:000239d0       ??__EFLOWMAPFRAME@DEFERRED_WATER@@YAXXZ 100249d0 f   deferred_water.obj
 0001:000239f0       ??__EFLOWMAPSCROLLRATE@DEFERRED_WATER@@YAXXZ 100249f0 f   deferred_water.obj
 0001:00023a10       ??__EFLOW_NOISE_TEXTURE@DEFERRED_WATER@@YAXXZ 10024a10 f   deferred_water.obj
 0001:00023a30       ??__EFLASHLIGHTTINT@DEFERRED_WATER@@YAXXZ 10024a30 f   deferred_water.obj
 0001:00023a50       ??__ELIGHTMAPWATERFOG@DEFERRED_WATER@@YAXXZ 10024a50 f   deferred_water.obj
 0001:00023a70       ??__EFORCEFRESNEL@DEFERRED_WATER@@YAXXZ 10024a70 f   deferred_water.obj
 0001:00023a90       ??__EFLOW_WORLDUVSCALE@DEFERRED_WATER@@YAXXZ 10024a90 f   deferred_water.obj
 0001:00023ab0       ??__EFLOW_NORMALUVSCALE@DEFERRED_WATER@@YAXXZ 10024ab0 f   deferred_water.obj
 0001:00023ad0       ??__EFLOW_TIMEINTERVALINSECONDS@DEFERRED_WATER@@YAXXZ 10024ad0 f   deferred_water.obj
 0001:00023af0       ??__EFLOW_UVSCROLLDISTANCE@DEFERRED_WATER@@YAXXZ 10024af0 f   deferred_water.obj
 0001:00023b10       ??__EFLOW_BUMPSTRENGTH@DEFERRED_WATER@@YAXXZ 10024b10 f   deferred_water.obj
 0001:00023b30       ??__EFLOW_TIMESCALE@DEFERRED_WATER@@YAXXZ 10024b30 f   deferred_water.obj
 0001:00023b50       ??__EFLOW_NOISE_SCALE@DEFERRED_WATER@@YAXXZ 10024b50 f   deferred_water.obj
 0001:00023b70       ??__EFLOW_DEBUG@DEFERRED_WATER@@YAXXZ 10024b70 f   deferred_water.obj
 0001:00023b90       ??__ECOLOR_FLOW_UVSCALE@DEFERRED_WATER@@YAXXZ 10024b90 f   deferred_water.obj
 0001:00023bb0       ??__ECOLOR_FLOW_TIMESCALE@DEFERRED_WATER@@YAXXZ 10024bb0 f   deferred_water.obj
 0001:00023bd0       ??__ECOLOR_FLOW_TIMEINTERVALINSECONDS@DEFERRED_WATER@@YAXXZ 10024bd0 f   deferred_water.obj
 0001:00023bf0       ??__ECOLOR_FLOW_UVSCROLLDISTANCE@DEFERRED_WATER@@YAXXZ 10024bf0 f   deferred_water.obj
 0001:00023c10       ??__ECOLOR_FLOW_DISPLACEBYNORMALSTRENGTH@DEFERRED_WATER@@YAXXZ 10024c10 f   deferred_water.obj
 0001:00023c30       ??__ECOLOR_FLOW_LERPEXP@DEFERRED_WATER@@YAXXZ 10024c30 f   deferred_water.obj
 0001:00023c50       ??__EMRAOTEXTURE@DEFERRED_WATER@@YAXXZ 10024c50 f   deferred_water.obj
 0001:00023c70       ??__Es_ShaderInstance@DEFERRED_WATER@@YAXXZ 10024c70 f   deferred_water.obj
 0001:00023c90       ??__Ebuilding_cubemaps@@YAXXZ 10024c90 f   defpass_composite.obj
 0001:00023cc0       ??__Emat_ibl_intensity@@YAXXZ 10024cc0 f   defpass_composite.obj
 0001:00023cf0       ??__Emat_pbr_parallaxdepth@@YAXXZ 10024cf0 f   defpass_gbuffer.obj
 0001:00023d20       ??__Emat_pbr_parallaxCenter@@YAXXZ 10024d20 f   defpass_gbuffer.obj
 0001:00023d50       ??__Emat_pbr_parallaxmap_quality@@YAXXZ 10024d50 f   defpass_gbuffer.obj
 0001:00023d90       ??__Emat_pbr_parallaxmap@@YAXXZ 10024d90 f   defpass_gbuffer.obj
 0001:00023dc0       ??__Emat_pbr_force_20b@@YAXXZ 10024dc0 f   defpass_gbuffer.obj
 0001:00023df0       ??__Emat_pbr_iblIntensity@@YAXXZ 10024df0 f   defpass_gbuffer.obj
 0001:00023e20       ??__E__g_defExt@@YAXXZ     10024e20 f   IDeferredExt.obj
 0001:00023e40       ??__E__g_CreateCDeferredExtensionIDeferredExtension_reg@@YAXXZ 10024e40 f   IDeferredExt.obj
 0001:00023e60       ??__Ecl_light_specular_global_boost@@YAXXZ 10024e60 f   lighting_global.obj
 0001:00023e90       ??__Ecl_light_specular_global_size@@YAXXZ 10024e90 f   lighting_global.obj
 0001:00023ec0       ??__Ecl_light_diffuse_strength_global@@YAXXZ 10024ec0 f   lighting_global.obj
 0001:00023ef0       ??__Es_ShaderParams@LIGHTING_GLOBAL@@YAXXZ 10024ef0 f   lighting_global.obj
 0001:00023f00       ??__Es_ShaderInstance@LIGHTING_GLOBAL@@YAXXZ 10024f00 f   lighting_global.obj
 0001:00023f20       ??__Ecl_light_specular_spot_boost@@YAXXZ 10024f20 f   lighting_pass_basic.obj
 0001:00023f50       ??__Ecl_light_specular_point_boost@@YAXXZ 10024f50 f   lighting_pass_basic.obj
 0001:00023f80       ??__Ecl_light_specular_spot_size@@YAXXZ 10024f80 f   lighting_pass_basic.obj
 0001:00023fb0       ??__Ecl_light_specular_point_size@@YAXXZ 10024fb0 f   lighting_pass_basic.obj
 0001:00023fe0       ??__Ecl_light_specular_brightness_spot@@YAXXZ 10024fe0 f   lighting_pass_basic.obj
 0001:00024010       ??__Ecl_light_specular_scale@@YAXXZ 10025010 f   lighting_pass_basic.obj
 0001:00024040       ??__Ecl_light_diffuse_strength_point@@YAXXZ 10025040 f   lighting_pass_basic.obj
 0001:00024070       ??__Ecl_light_diffuse_strength_spot@@YAXXZ 10025070 f   lighting_pass_basic.obj
 0001:000240a0       ??__Ecl_light_Sheen_strength@@YAXXZ 100250a0 f   lighting_pass_basic.obj
 0001:000240d0       ??__Ecl_light_MRAO_blue@@YAXXZ 100250d0 f   lighting_pass_basic.obj
 0001:00024100       ??__Ecl_light_MRAO_green@@YAXXZ 10025100 f   lighting_pass_basic.obj
 0001:00024130       ??__Ecl_light_MRAO_green2@@YAXXZ 10025130 f   lighting_pass_basic.obj
 0001:00024160       ??__Es_ShaderParams@LIGHTING_WORLD@@YAXXZ 10025160 f   lighting_world.obj
 0001:00024170       ??__ELIGHTTYPE@LIGHTING_WORLD@@YAXXZ 10025170 f   lighting_world.obj
 0001:00024190       ??__EWORLDPROJECTION@LIGHTING_WORLD@@YAXXZ 10025190 f   lighting_world.obj
 0001:000241b0       ??__Es_ShaderInstance@LIGHTING_WORLD@@YAXXZ 100251b0 f   lighting_world.obj
 0001:000241d0       ??__Es_ShaderParams@LIGHTING_VOLUME@@YAXXZ 100251d0 f   lighting_volume.obj
 0001:000241e0       ??__ELIGHTTYPE@LIGHTING_VOLUME@@YAXXZ 100251e0 f   lighting_volume.obj
 0001:00024200       ??__EWORLDPROJECTION@LIGHTING_VOLUME@@YAXXZ 10025200 f   lighting_volume.obj
 0001:00024220       ??__Es_ShaderInstance@LIGHTING_VOLUME@@YAXXZ 10025220 f   lighting_volume.obj
 0001:00024240       ??__Es_ShaderParams@SKYDOME_ATMOSPHERE@@YAXXZ 10025240 f   skydome_atmosphere.obj
 0001:00024250       ??__EALPHATESTREFERENCE@SKYDOME_ATMOSPHERE@@YAXXZ 10025250 f   skydome_atmosphere.obj
 0001:00024270       ??__ELUT@SKYDOME_ATMOSPHERE@@YAXXZ 10025270 f   skydome_atmosphere.obj
 0001:00024290       ??__Es_ShaderInstance@SKYDOME_ATMOSPHERE@@YAXXZ 10025290 f   skydome_atmosphere.obj
 0001:000242b0       ??__Ecl_sky_turbidity@@YAXXZ 100252b0 f   skydome_atmosphere_helper.obj
 0001:000242e0       ??__Er_csm_time@@YAXXZ     100252e0 f   skydome_atmosphere_helper.obj
 0001:00024310       ??__Es_ShaderParams@VOLUME_BLEND@@YAXXZ 10025310 f   volume_blend.obj
 0001:00024320       ??__Es_ShaderInstance@VOLUME_BLEND@@YAXXZ 10025320 f   volume_blend.obj
 0001:00024340       ??__Es_ShaderParams@VOLUME_PREPASS@@YAXXZ 10025340 f   volume_prepass.obj
 0001:00024350       ??__Es_ShaderInstance@VOLUME_PREPASS@@YAXXZ 10025350 f   volume_prepass.obj
 0001:00024370       ??__Es_ShaderParams@Deferred_screenspace@@YAXXZ 10025370 f   deferred_screenspace.obj
 0001:00024380       ??__EC0_X@Deferred_screenspace@@YAXXZ 10025380 f   deferred_screenspace.obj
 0001:000243a0       ??__EC0_Y@Deferred_screenspace@@YAXXZ 100253a0 f   deferred_screenspace.obj
 0001:000243c0       ??__EC0_Z@Deferred_screenspace@@YAXXZ 100253c0 f   deferred_screenspace.obj
 0001:000243e0       ??__EC0_W@Deferred_screenspace@@YAXXZ 100253e0 f   deferred_screenspace.obj
 0001:00024400       ??__EC1_X@Deferred_screenspace@@YAXXZ 10025400 f   deferred_screenspace.obj
 0001:00024420       ??__EC1_Y@Deferred_screenspace@@YAXXZ 10025420 f   deferred_screenspace.obj
 0001:00024440       ??__EC1_Z@Deferred_screenspace@@YAXXZ 10025440 f   deferred_screenspace.obj
 0001:00024460       ??__EC1_W@Deferred_screenspace@@YAXXZ 10025460 f   deferred_screenspace.obj
 0001:00024480       ??__EC2_X@Deferred_screenspace@@YAXXZ 10025480 f   deferred_screenspace.obj
 0001:000244a0       ??__EC2_Y@Deferred_screenspace@@YAXXZ 100254a0 f   deferred_screenspace.obj
 0001:000244c0       ??__EC2_Z@Deferred_screenspace@@YAXXZ 100254c0 f   deferred_screenspace.obj
 0001:000244e0       ??__EC2_W@Deferred_screenspace@@YAXXZ 100254e0 f   deferred_screenspace.obj
 0001:00024500       ??__EC3_X@Deferred_screenspace@@YAXXZ 10025500 f   deferred_screenspace.obj
 0001:00024520       ??__EC3_Y@Deferred_screenspace@@YAXXZ 10025520 f   deferred_screenspace.obj
 0001:00024540       ??__EC3_Z@Deferred_screenspace@@YAXXZ 10025540 f   deferred_screenspace.obj
 0001:00024560       ??__EC3_W@Deferred_screenspace@@YAXXZ 10025560 f   deferred_screenspace.obj
 0001:00024580       ??__EC4_X@Deferred_screenspace@@YAXXZ 10025580 f   deferred_screenspace.obj
 0001:000245a0       ??__EC4_Y@Deferred_screenspace@@YAXXZ 100255a0 f   deferred_screenspace.obj
 0001:000245c0       ??__EC4_Z@Deferred_screenspace@@YAXXZ 100255c0 f   deferred_screenspace.obj
 0001:000245e0       ??__EC4_W@Deferred_screenspace@@YAXXZ 100255e0 f   deferred_screenspace.obj
 0001:00024600       ??__EBASETEXTURE@Deferred_screenspace@@YAXXZ 10025600 f   deferred_screenspace.obj
 0001:00024620       ??__EPIXSHADER@Deferred_screenspace@@YAXXZ 10025620 f   deferred_screenspace.obj
 0001:00024640       ??__EVERTEXSHADER@Deferred_screenspace@@YAXXZ 10025640 f   deferred_screenspace.obj
 0001:00024660       ??__EDISABLE_COLOR_WRITES@Deferred_screenspace@@YAXXZ 10025660 f   deferred_screenspace.obj
 0001:00024680       ??__EALPHATESTED@Deferred_screenspace@@YAXXZ 10025680 f   deferred_screenspace.obj
 0001:000246a0       ??__ETEXTURE1@Deferred_screenspace@@YAXXZ 100256a0 f   deferred_screenspace.obj
 0001:000246c0       ??__ETEXTURE2@Deferred_screenspace@@YAXXZ 100256c0 f   deferred_screenspace.obj
 0001:000246e0       ??__ETEXTURE3@Deferred_screenspace@@YAXXZ 100256e0 f   deferred_screenspace.obj
 0001:00024700       ??__ETEXTURE4@Deferred_screenspace@@YAXXZ 10025700 f   deferred_screenspace.obj
 0001:00024720       ??__ELINEARREAD_BASETEXTURE@Deferred_screenspace@@YAXXZ 10025720 f   deferred_screenspace.obj
 0001:00024740       ??__ELINEARREAD_TEXTURE1@Deferred_screenspace@@YAXXZ 10025740 f   deferred_screenspace.obj
 0001:00024760       ??__ELINEARREAD_TEXTURE2@Deferred_screenspace@@YAXXZ 10025760 f   deferred_screenspace.obj
 0001:00024780       ??__ELINEARREAD_TEXTURE4@Deferred_screenspace@@YAXXZ 10025780 f   deferred_screenspace.obj
 0001:000247a0       ??__ELINEARREAD_TEXTURE3@Deferred_screenspace@@YAXXZ 100257a0 f   deferred_screenspace.obj
 0001:000247c0       ??__ELINEARWRITE@Deferred_screenspace@@YAXXZ 100257c0 f   deferred_screenspace.obj
 0001:000247e0       ??__EVERTEXCOLOR@Deferred_screenspace@@YAXXZ 100257e0 f   deferred_screenspace.obj
 0001:00024800       ??__EVERTEXTRANSFORM@Deferred_screenspace@@YAXXZ 10025800 f   deferred_screenspace.obj
 0001:00024820       ??__EALPHABLEND@Deferred_screenspace@@YAXXZ 10025820 f   deferred_screenspace.obj
 0001:00024840       ??__EMULTIPLYCOLOR@Deferred_screenspace@@YAXXZ 10025840 f   deferred_screenspace.obj
 0001:00024860       ??__EWRITEALPHA@Deferred_screenspace@@YAXXZ 10025860 f   deferred_screenspace.obj
 0001:00024880       ??__EWRITEDEPTH@Deferred_screenspace@@YAXXZ 10025880 f   deferred_screenspace.obj
 0001:000248a0       ??__ETCSIZE0@Deferred_screenspace@@YAXXZ 100258a0 f   deferred_screenspace.obj
 0001:000248c0       ??__ETCSIZE1@Deferred_screenspace@@YAXXZ 100258c0 f   deferred_screenspace.obj
 0001:000248e0       ??__ETCSIZE2@Deferred_screenspace@@YAXXZ 100258e0 f   deferred_screenspace.obj
 0001:00024900       ??__ETCSIZE3@Deferred_screenspace@@YAXXZ 10025900 f   deferred_screenspace.obj
 0001:00024920       ??__ETCSIZE4@Deferred_screenspace@@YAXXZ 10025920 f   deferred_screenspace.obj
 0001:00024940       ??__ETCSIZE5@Deferred_screenspace@@YAXXZ 10025940 f   deferred_screenspace.obj
 0001:00024960       ??__ETCSIZE6@Deferred_screenspace@@YAXXZ 10025960 f   deferred_screenspace.obj
 0001:00024980       ??__ETCSIZE7@Deferred_screenspace@@YAXXZ 10025980 f   deferred_screenspace.obj
 0001:000249a0       ??__EPOINTSAMPLE_BASETEXTURE@Deferred_screenspace@@YAXXZ 100259a0 f   deferred_screenspace.obj
 0001:000249c0       ??__EPOINTSAMPLE_TEXTURE1@Deferred_screenspace@@YAXXZ 100259c0 f   deferred_screenspace.obj
 0001:000249e0       ??__EPOINTSAMPLE_TEXTURE2@Deferred_screenspace@@YAXXZ 100259e0 f   deferred_screenspace.obj
 0001:00024a00       ??__EPOINTSAMPLE_TEXTURE3@Deferred_screenspace@@YAXXZ 10025a00 f   deferred_screenspace.obj
 0001:00024a20       ??__EPOINTSAMPLE_TEXTURE4@Deferred_screenspace@@YAXXZ 10025a20 f   deferred_screenspace.obj
 0001:00024a40       ??__EALPHA_BLEND_COLOR_OVERLAY@Deferred_screenspace@@YAXXZ 10025a40 f   deferred_screenspace.obj
 0001:00024a60       ??__ECULL@Deferred_screenspace@@YAXXZ 10025a60 f   deferred_screenspace.obj
 0001:00024a80       ??__EDEPTHTEST@Deferred_screenspace@@YAXXZ 10025a80 f   deferred_screenspace.obj
 0001:00024aa0       ??__ECOPYALPHA@Deferred_screenspace@@YAXXZ 10025aa0 f   deferred_screenspace.obj
 0001:00024ac0       ??__EALPHA_BLEND@Deferred_screenspace@@YAXXZ 10025ac0 f   deferred_screenspace.obj
 0001:00024ae0       ??__EUSES_VIEWPROJ@Deferred_screenspace@@YAXXZ 10025ae0 f   deferred_screenspace.obj
 0001:00024b00       ??__Es_ShaderInstance@Deferred_screenspace@@YAXXZ 10025b00 f   deferred_screenspace.obj
 0001:00024b20       ??__Er_post_ssr_steps@@YAXXZ 10025b20 f   deferred_screenspace_general.obj
 0001:00024b50       ??__Er_post_ssr_rayAmount@@YAXXZ 10025b50 f   deferred_screenspace_general.obj
 0001:00024b80       ??__Er_post_ssr_minSteps@@YAXXZ 10025b80 f   deferred_screenspace_general.obj
 0001:00024bb0       ??__Er_post_ssr_gauss_steps@@YAXXZ 10025bb0 f   deferred_screenspace_general.obj
 0001:00024be0       ??__Er_post_ssr_noise_intensity@@YAXXZ 10025be0 f   deferred_screenspace_general.obj
 0001:00024c10       ??__Er_post_L_world_scalar@@YAXXZ 10025c10 f   deferred_screenspace_general.obj
 0001:00024c40       ??__Es_EmptyConVar@@YAXXZ  10025c40 f   tier1:convar.obj
 0001:00024d70       ??__Es_StringCharConversion@@YAXXZ 10025d70 f   tier1:utlbuffer.obj
 0001:00024dd0       ??__Es_NoEscConversion@@YAXXZ 10025dd0 f   tier1:utlbuffer.obj
 0001:00024e00       ??__Emat_fullbright@@YAXXZ 10025e00 f   shaderlib:BaseShader.obj
 0001:00024e30       ??__E__g_CreateIShaderDLLInternal_reg@@YAXXZ 10025e30 f   shaderlib:ShaderDLL.obj
 0001:00024e50       ??__Fmat_fullbright@@YAXXZ 10025e50 f   BaseVSShader.obj
 0001:00024e60       ??__Fs_ShaderParams@GAUSSIAN_BLUR_6@@YAXXZ 10025e60 f   blur.obj
 0001:00024e70       ??__Fs_ShaderParams@DEBUG_LIGHTING_CTRL@@YAXXZ 10025e70 f   debug_lightingctrl.obj
 0001:00024e80       ??__Fs_ShaderParams@DEBUG_SHADOW@@YAXXZ 10025e80 f   debug_shadow.obj
 0001:00024e90       ??__Fs_ShaderParams@DEFERRED_BRUSH@@YAXXZ 10025e90 f   deferred_brush.obj
 0001:00024ea0       ??__Fs_ShaderParams@DEFERRED_MODEL@@YAXXZ 10025ea0 f   deferred_model.obj
 0001:00024eb0       ??__Fs_ShaderParams@DEFERRED_WATER@@YAXXZ 10025eb0 f   deferred_water.obj
 0001:00024ec0       ??__Fbuilding_cubemaps@@YAXXZ 10025ec0 f   defpass_composite.obj
 0001:00024ed0       ??__Fmat_ibl_intensity@@YAXXZ 10025ed0 f   defpass_composite.obj
 0001:00024ee0       ??__Fmat_pbr_parallaxdepth@@YAXXZ 10025ee0 f   defpass_gbuffer.obj
 0001:00024ef0       ??__Fmat_pbr_parallaxCenter@@YAXXZ 10025ef0 f   defpass_gbuffer.obj
 0001:00024f00       ??__Fmat_pbr_parallaxmap_quality@@YAXXZ 10025f00 f   defpass_gbuffer.obj
 0001:00024f10       ??__Fmat_pbr_parallaxmap@@YAXXZ 10025f10 f   defpass_gbuffer.obj
 0001:00024f20       ??__Fmat_pbr_force_20b@@YAXXZ 10025f20 f   defpass_gbuffer.obj
 0001:00024f30       ??__Fmat_pbr_iblIntensity@@YAXXZ 10025f30 f   defpass_gbuffer.obj
 0001:00024f40       ??__F__g_defExt@@YAXXZ     10025f40 f   IDeferredExt.obj
 0001:00024fb0       ??__Fcl_light_specular_global_boost@@YAXXZ 10025fb0 f   lighting_global.obj
 0001:00024fc0       ??__Fcl_light_specular_global_size@@YAXXZ 10025fc0 f   lighting_global.obj
 0001:00024fd0       ??__Fcl_light_diffuse_strength_global@@YAXXZ 10025fd0 f   lighting_global.obj
 0001:00024fe0       ??__Fs_ShaderParams@LIGHTING_GLOBAL@@YAXXZ 10025fe0 f   lighting_global.obj
 0001:00024ff0       ??__Fcl_light_specular_spot_boost@@YAXXZ 10025ff0 f   lighting_pass_basic.obj
 0001:00025000       ??__Fcl_light_specular_point_boost@@YAXXZ 10026000 f   lighting_pass_basic.obj
 0001:00025010       ??__Fcl_light_specular_spot_size@@YAXXZ 10026010 f   lighting_pass_basic.obj
 0001:00025020       ??__Fcl_light_specular_point_size@@YAXXZ 10026020 f   lighting_pass_basic.obj
 0001:00025030       ??__Fcl_light_specular_brightness_spot@@YAXXZ 10026030 f   lighting_pass_basic.obj
 0001:00025040       ??__Fcl_light_specular_scale@@YAXXZ 10026040 f   lighting_pass_basic.obj
 0001:00025050       ??__Fcl_light_diffuse_strength_point@@YAXXZ 10026050 f   lighting_pass_basic.obj
 0001:00025060       ??__Fcl_light_diffuse_strength_spot@@YAXXZ 10026060 f   lighting_pass_basic.obj
 0001:00025070       ??__Fcl_light_Sheen_strength@@YAXXZ 10026070 f   lighting_pass_basic.obj
 0001:00025080       ??__Fcl_light_MRAO_blue@@YAXXZ 10026080 f   lighting_pass_basic.obj
 0001:00025090       ??__Fcl_light_MRAO_green@@YAXXZ 10026090 f   lighting_pass_basic.obj
 0001:000250a0       ??__Fcl_light_MRAO_green2@@YAXXZ 100260a0 f   lighting_pass_basic.obj
 0001:000250b0       ??__Fs_ShaderParams@LIGHTING_WORLD@@YAXXZ 100260b0 f   lighting_world.obj
 0001:000250c0       ??__Fs_ShaderParams@LIGHTING_VOLUME@@YAXXZ 100260c0 f   lighting_volume.obj
 0001:000250d0       ??__Fs_ShaderParams@SKYDOME_ATMOSPHERE@@YAXXZ 100260d0 f   skydome_atmosphere.obj
 0001:000250e0       ??__Fcl_sky_turbidity@@YAXXZ 100260e0 f   skydome_atmosphere_helper.obj
 0001:000250f0       ??__Fr_csm_time@@YAXXZ     100260f0 f   skydome_atmosphere_helper.obj
 0001:00025100       ??__Fs_ShaderParams@VOLUME_BLEND@@YAXXZ 10026100 f   volume_blend.obj
 0001:00025110       ??__Fs_ShaderParams@VOLUME_PREPASS@@YAXXZ 10026110 f   volume_prepass.obj
 0001:00025120       ??__Fs_ShaderParams@Deferred_screenspace@@YAXXZ 10026120 f   deferred_screenspace.obj
 0001:00025130       ??__Fr_post_ssr_steps@@YAXXZ 10026130 f   deferred_screenspace_general.obj
 0001:00025140       ??__Fr_post_ssr_rayAmount@@YAXXZ 10026140 f   deferred_screenspace_general.obj
 0001:00025150       ??__Fr_post_ssr_minSteps@@YAXXZ 10026150 f   deferred_screenspace_general.obj
 0001:00025160       ??__Fr_post_ssr_gauss_steps@@YAXXZ 10026160 f   deferred_screenspace_general.obj
 0001:00025170       ??__Fr_post_ssr_noise_intensity@@YAXXZ 10026170 f   deferred_screenspace_general.obj
 0001:00025180       ??__Fr_post_L_world_scalar@@YAXXZ 10026180 f   deferred_screenspace_general.obj
 0001:00025190       ??__Fs_EmptyConVar@@YAXXZ  10026190 f   tier1:convar.obj
 0001:000251e0       ??__Fmat_fullbright@@YAXXZ 100261e0 f   shaderlib:BaseShader.obj
 0001:000251ea       ??__Fnomem@?5???2@YAPAXI@Z@YAXXZ 100261ea f   LIBCMT:new.obj
