 game_shader_generic_deferred

 Timestamp is 692f9369 (Tue Dec 02 17:33:29 2025)

 Preferred load address is 10000000

 Start         Length     Name                   Class
 0001:00000000 0006bf6aH .textbss                DATA
 0002:00000000 000d567bH .text                   CODE
 0002:000d5680 0000112dH .text$x                 CODE
 0002:000d67b0 0000a77aH .text$yc                CODE
 0002:000e0f30 00001c08H .text$yd                CODE
 0003:00000000 00000104H .CRT$XCA                DATA
 0003:00000104 000007aaH .CRT$XCU                DATA
 0003:000008b0 00000104H .CRT$XCZ                DATA
 0003:000009b4 00000104H .CRT$XIA                DATA
 0003:00000ab8 00000118H .CRT$XIC                DATA
 0003:00000bd0 00000104H .CRT$XIZ                DATA
 0003:00000cd4 00000104H .CRT$XPA                DATA
 0003:00000dd8 00000109H .CRT$XPX                DATA
 0003:00000ee4 00000104H .CRT$XPXA               DATA
 0003:00000fe8 00000104H .CRT$XPZ                DATA
 0003:000010ec 00000104H .CRT$XTA                DATA
 0003:000011f0 00000104H .CRT$XTZ                DATA
 0003:00001300 0002db65H .rdata                  DATA
 0003:0002ee68 000001b0H .rdata$debug            DATA
 0003:0002f018 000011a5H .rdata$r                DATA
 0003:000301c0 00000104H .rtc$IAA                DATA
 0003:000302c4 00000104H .rtc$IMZ                DATA
 0003:000303c8 00000104H .rtc$IZZ                DATA
 0003:000304cc 00000104H .rtc$TAA                DATA
 0003:000305d0 00000104H .rtc$TMZ                DATA
 0003:000306d4 00000104H .rtc$TZZ                DATA
 0003:000307d8 0000105aH .xdata$x                DATA
 0003:00031840 00000176H .edata                  DATA
 0004:00000000 00003532H .data                   DATA
 0004:00003540 00019c5cH .bss                    DATA
 0005:00000000 00000028H .idata$2                DATA
 0005:00000028 00000014H .idata$3                DATA
 0005:0000003c 00000278H .idata$4                DATA
 0005:000002b4 00000278H .idata$5                DATA
 0005:0000052c 00000a87H .idata$6                DATA

  Address         Publics by Value              Rva+Base       Lib:Object

 0000:00000000       ___safe_se_handler_count   00000000     <absolute>
 0000:00000000       ___safe_se_handler_table   00000000     <absolute>
 0000:00000000       __except_list              00000000     <absolute>
 0000:00000000       ___ImageBase               10000000     <linker-defined>
 0001:00000000       __enc$textbss$begin        10001000     <linker-defined>
 0001:0006bf6a       __enc$textbss$end          1006cf6a     <linker-defined>
 0002:00007830       ??_H@YGXPAXIHP6EPAX0@Z@Z   10074830 f i BaseVSShader.obj
 0002:000078a0       ?SetPixelShaderConstant@CBaseVSShader@@QAEXHHH@Z 100748a0 f   BaseVSShader.obj
 0002:00007c80       ?GetType@IMaterialVar@@QBE?AW4MaterialVarType_t@@XZ 10074c80 f i BaseVSShader.obj
 0002:00007cd0       ?GetFloatValue@IMaterialVar@@QBEMXZ 10074cd0 f i BaseVSShader.obj
 0002:00007d20       ?GetFloatValueFast@IMaterialVar@@QBEMXZ 10074d20 f i BaseVSShader.obj
 0002:00007d80       ??AVector4D@@QBEMH@Z       10074d80 f i BaseVSShader.obj
 0002:00007ec0       ?GetVecValue@IMaterialVar@@QBEXPAMH@Z 10074ec0 f i BaseVSShader.obj
 0002:00007f20       ?GetVecValueFast@IMaterialVar@@QBEXPAMH@Z 10074f20 f i BaseVSShader.obj
 0002:00008080       ?IsSnapshotting@CBaseShader@@QBE_NXZ 10075080 f i BaseVSShader.obj
 0002:000080d0       ?SetPixelShaderConstantGammaToLinear@CBaseVSShader@@QAEXHHH@Z 100750d0 f   BaseVSShader.obj
 0002:00008570       ?SetPixelShaderConstant_W@CBaseVSShader@@QAEXHHM@Z 10075570 f   BaseVSShader.obj
 0002:00008860       ?SetPixelShaderConstant@CBaseVSShader@@QAEXHH@Z 10075860 f   BaseVSShader.obj
 0002:00008b40       ?SetPixelShaderConstantGammaToLinear@CBaseVSShader@@QAEXHH@Z 10075b40 f   BaseVSShader.obj
 0002:00008ef0       ?SetVertexShaderConstantGammaToLinear@CBaseVSShader@@QAEXHPBMH_N@Z 10075ef0 f   BaseVSShader.obj
 0002:00009120       ?SetPixelShaderConstantGammaToLinear@CBaseVSShader@@QAEXHPBMH_N@Z 10076120 f   BaseVSShader.obj
 0002:00009350       ?SetPixelShaderConstantFudge@CBaseVSShader@@QAEXHH@Z 10076350 f   BaseVSShader.obj
 0002:000096a0       ?SetVertexShaderConstant@CBaseVSShader@@QAEXHH@Z 100766a0 f   BaseVSShader.obj
 0002:00009980       ?SetVertexShaderTextureTranslation@CBaseVSShader@@QAEXHH@Z 10076980 f   BaseVSShader.obj
 0002:00009b20       ??0Vector4D@@QAE@XZ        10076b20 f i BaseVSShader.obj
 0002:00009bc0       ?BitsToFloat@@YAMI@Z       10076bc0 f i BaseVSShader.obj
 0002:00009c30       ?Init@Vector4D@@QAEXMMMM@Z 10076c30 f i BaseVSShader.obj
 0002:00009d90       ?Base@Vector4D@@QAEPAMXZ   10076d90 f i BaseVSShader.obj
 0002:00009dd0       ?IsValid@Vector4D@@QBE_NXZ 10076dd0 f i BaseVSShader.obj
 0002:00009eb0       ?IsFinite@@YA_NABM@Z       10076eb0 f i BaseVSShader.obj
 0002:00009f20       ?FloatBits@@YA?BIABM@Z     10076f20 f i BaseVSShader.obj
 0002:00009fa0       ?SetVertexShaderTextureScale@CBaseVSShader@@QAEXHH@Z 10076fa0 f   BaseVSShader.obj
 0002:0000a170       ?SetVertexShaderTextureTransform@CBaseVSShader@@QAEXHH@Z 10077170 f   BaseVSShader.obj
 0002:0000a3b0       ??AVMatrix@@QBEPBMH@Z      100773b0 f i BaseVSShader.obj
 0002:0000a400       ?SetVertexShaderTextureScaledTransform@CBaseVSShader@@QAEXHHH@Z 10077400 f   BaseVSShader.obj
 0002:0000a860       ??0Vector2D@@QAE@MM@Z      10077860 f i BaseVSShader.obj
 0002:0000a9b0       ??AVector2D@@QAEAAMH@Z     100779b0 f i BaseVSShader.obj
 0002:0000aaf0       ?Base@Vector2D@@QAEPAMXZ   10077af0 f i BaseVSShader.obj
 0002:0000ab30       ?IsValid@Vector2D@@QBE_NXZ 10077b30 f i BaseVSShader.obj
 0002:0000abd0       ??AVector4D@@QAEAAMH@Z     10077bd0 f i BaseVSShader.obj
 0002:0000ad10       ?SetPixelShaderTextureTranslation@CBaseVSShader@@QAEXHH@Z 10077d10 f   BaseVSShader.obj
 0002:0000aeb0       ?SetPixelShaderTextureScale@CBaseVSShader@@QAEXHH@Z 10077eb0 f   BaseVSShader.obj
 0002:0000b080       ?SetPixelShaderTextureTransform@CBaseVSShader@@QAEXHH@Z 10078080 f   BaseVSShader.obj
 0002:0000b2c0       ?SetPixelShaderTextureScaledTransform@CBaseVSShader@@QAEXHHH@Z 100782c0 f   BaseVSShader.obj
 0002:0000b720       ?SetVertexShaderMatrix3x4@CBaseVSShader@@QAEXHH@Z 10078720 f   BaseVSShader.obj
 0002:0000b870       ??AVMatrix@@QAEPAMH@Z      10078870 f i BaseVSShader.obj
 0002:0000b8c0       ??0VMatrix@@QAE@XZ         100788c0 f i BaseVSShader.obj
 0002:0000b900       ?SetVertexShaderMatrix4x4@CBaseVSShader@@QAEXHH@Z 10078900 f   BaseVSShader.obj
 0002:0000ba50       ?LoadViewMatrixIntoVertexShaderConstant@CBaseVSShader@@QAEXH@Z 10078a50 f   BaseVSShader.obj
 0002:0000bb80       ?LoadProjectionMatrixIntoVertexShaderConstant@CBaseVSShader@@QAEXH@Z 10078b80 f   BaseVSShader.obj
 0002:0000bcb0       ?LoadModelViewMatrixIntoVertexShaderConstant@CBaseVSShader@@QAEXH@Z 10078cb0 f   BaseVSShader.obj
 0002:0000bea0       ?LoadBumpLightmapCoordinateAxes_PixelShader@CBaseVSShader@@QAEXH@Z 10078ea0 f   BaseVSShader.obj
 0002:0000bfd0       ?LoadBumpLightmapCoordinateAxes_VertexShader@CBaseVSShader@@QAEXH@Z 10078fd0 f   BaseVSShader.obj
 0002:0000c220       ??ATableVector@@QBEMH@Z    10079220 f i BaseVSShader.obj
 0002:0000c350       ?EnablePixelShaderOverbright@CBaseVSShader@@QAEXH_N0@Z 10079350 f   BaseVSShader.obj
 0002:0000c4a0       ?ColorVarsToVector@CBaseVSShader@@AAEXHHAAVVector4D@@@Z 100794a0 f   BaseVSShader.obj
 0002:0000c640       ?SetColorVertexShaderConstant@CBaseVSShader@@QAEXHHH@Z 10079640 f   BaseVSShader.obj
 0002:0000c720       ?SetColorPixelShaderConstant@CBaseVSShader@@QAEXHHH@Z 10079720 f   BaseVSShader.obj
 0002:0000c800       ?SetEnvMapTintPixelShaderDynamicState@CBaseVSShader@@QAEXHHH_N@Z 10079800 f   BaseVSShader.obj
 0002:0000cad0       ?GetFloat@ConVar@@QBEMXZ   10079ad0 f i BaseVSShader.obj
 0002:0000cb10       ?GetInt@ConVar@@QBEHXZ     10079b10 f i BaseVSShader.obj
 0002:0000cb50       ?SetHWMorphVertexShaderState@CBaseVSShader@@QAEXHHW4VertexTextureSampler_t@@@Z 10079b50 f   BaseVSShader.obj
 0002:0000ce50       ?SetHWMorphVertexShaderState_NoTex@CBaseVSShader@@QAEXHH@Z 10079e50 f   BaseVSShader.obj
 0002:0000d120       ?EvaluateBlendRequirements@CBaseVSShader@@QAE?AW4BlendType_t@@H_NH@Z 1007a120 f   BaseVSShader.obj
 0002:0000d280       ?CurrentMaterialVarFlags@CBaseShader@@QBEHXZ 1007a280 f i BaseVSShader.obj
 0002:0000d2e0       ?GetIntValue@IMaterialVar@@QBEHXZ 1007a2e0 f i BaseVSShader.obj
 0002:0000d330       ?GetIntValueFast@IMaterialVar@@QBEHXZ 1007a330 f i BaseVSShader.obj
 0002:0000d370       ?SetFlashlightVertexShaderConstants@CBaseVSShader@@QAEX_NH0H0@Z 1007a370 f   BaseVSShader.obj
 0002:0000d6d0       ??AVector@@QBEMH@Z         1007a6d0 f i BaseVSShader.obj
 0002:0000d810       ?Base@VMatrix@@QAEPAMXZ    1007a810 f i BaseVSShader.obj
 0002:0000d850       ?HashShadow2DJitter@CBaseVSShader@@QAEXMPAM0@Z 1007a850 f   BaseVSShader.obj
 0002:0000d920       ?fmod@@YAMMM@Z             1007a920 f i BaseVSShader.obj
 0002:0000d980       _fmodf                     1007a980 f i BaseVSShader.obj
 0002:0000d9f0       ?DrawEqualDepthToDestAlpha@CBaseVSShader@@QAEXXZ 1007a9f0 f   BaseVSShader.obj
 0002:0000dc30       ?SupportsPixelShaders_2_b@IMaterialSystemHardwareConfig@@QBE_NXZ 1007ac30 f i BaseVSShader.obj
 0002:0000dca0       ??0Color@@QAE@HHHH@Z       1007aca0 f i BaseVSShader.obj
 0002:0000dd10       ?SetColor@Color@@QAEXHHHH@Z 1007ad10 f i BaseVSShader.obj
 0002:0000dd80       ??0Vector4D@@QAE@MMMM@Z    1007ad80 f i BaseVSShader.obj
 0002:0000dee0       ??0?$CUtlVector@PAVCShaderParam@GAUSSIAN_BLUR_6@@V?$CUtlMemory@PAVCShaderParam@GAUSSIAN_BLUR_6@@H@@@@QAE@HH@Z 1007aee0 f i blur.obj
 0002:0000df60       ?ResetDbgInfo@?$CUtlVector@PAVCShaderParam@GAUSSIAN_BLUR_6@@V?$CUtlMemory@PAVCShaderParam@GAUSSIAN_BLUR_6@@H@@@@IAEXXZ 1007af60 f i blur.obj
 0002:0000dfc0       ?Base@?$CUtlVector@PAVCShaderParam@GAUSSIAN_BLUR_6@@V?$CUtlMemory@PAVCShaderParam@GAUSSIAN_BLUR_6@@H@@@@QAEPAPAVCShaderParam@GAUSSIAN_BLUR_6@@XZ 1007afc0 f i blur.obj
 0002:0000e010       ??0?$CUtlMemory@PAVCShaderParam@GAUSSIAN_BLUR_6@@H@@QAE@HH@Z 1007b010 f i blur.obj
 0002:0000e200       ?MemAlloc_Alloc@@YAPAXIPBDH@Z 1007b200 f i blur.obj
 0002:0000e260       ?IndirectAlloc@IMemAlloc@@QAEPAXIPBDH@Z 1007b260 f i blur.obj
 0002:0000e2d0       ??0CMemAllocAttributeAlloction@@QAE@PBDH@Z 1007b2d0 f i blur.obj
 0002:0000e350       ??1CMemAllocAttributeAlloction@@QAE@XZ 1007b350 f i blur.obj
 0002:0000e3c0       ?Base@?$CUtlMemory@PAVCShaderParam@GAUSSIAN_BLUR_6@@H@@QAEPAPAVCShaderParam@GAUSSIAN_BLUR_6@@XZ 1007b3c0 f i blur.obj
 0002:0000e4e0       ?ValidateGrowSize@?$CUtlMemory@PAVCShaderParam@GAUSSIAN_BLUR_6@@H@@IAEXXZ 1007b4e0 f i blur.obj
 0002:0000e520       ?IsReadOnly@?$CUtlMemory@PAVCShaderParam@GAUSSIAN_BLUR_6@@H@@QBE_NXZ 1007b520 f i blur.obj
 0002:0000e570       ??$MemAllocClassName@V?$CUtlMemory@PAVCShaderParam@GAUSSIAN_BLUR_6@@H@@@@YAPBDPAV?$CUtlMemory@PAVCShaderParam@GAUSSIAN_BLUR_6@@H@@@Z 1007b570 f i blur.obj
 0002:0000e5f0       ??0CShaderParam@GAUSSIAN_BLUR_6@@QAE@PBDW4ShaderParamType_t@@00H@Z 1007b5f0 f i blur.obj
 0002:0000e6b0       ?Count@?$CUtlVector@PAVCShaderParam@GAUSSIAN_BLUR_6@@V?$CUtlMemory@PAVCShaderParam@GAUSSIAN_BLUR_6@@H@@@@QBEHXZ 1007b6b0 f i blur.obj
 0002:0000e6f0       ?AddToTail@?$CUtlVector@PAVCShaderParam@GAUSSIAN_BLUR_6@@V?$CUtlMemory@PAVCShaderParam@GAUSSIAN_BLUR_6@@H@@@@QAEHABQAVCShaderParam@GAUSSIAN_BLUR_6@@@Z 1007b6f0 f i blur.obj
 0002:0000e860       ?InsertBefore@?$CUtlVector@PAVCShaderParam@GAUSSIAN_BLUR_6@@V?$CUtlMemory@PAVCShaderParam@GAUSSIAN_BLUR_6@@H@@@@QAEHHABQAVCShaderParam@GAUSSIAN_BLUR_6@@@Z 1007b860 f i blur.obj
 0002:0000eae0       ?Element@?$CUtlVector@PAVCShaderParam@GAUSSIAN_BLUR_6@@V?$CUtlMemory@PAVCShaderParam@GAUSSIAN_BLUR_6@@H@@@@QAEAAPAVCShaderParam@GAUSSIAN_BLUR_6@@H@Z 1007bae0 f i blur.obj
 0002:0000ec10       ??A?$CUtlMemory@PAVCShaderParam@GAUSSIAN_BLUR_6@@H@@QAEAAPAVCShaderParam@GAUSSIAN_BLUR_6@@H@Z 1007bc10 f i blur.obj
 0002:0000ee10       ?IsValidIndex@?$CUtlVector@PAVCShaderParam@GAUSSIAN_BLUR_6@@V?$CUtlMemory@PAVCShaderParam@GAUSSIAN_BLUR_6@@H@@@@QBE_NH@Z 1007be10 f i blur.obj
 0002:0000ee80       ?GrowVector@?$CUtlVector@PAVCShaderParam@GAUSSIAN_BLUR_6@@V?$CUtlMemory@PAVCShaderParam@GAUSSIAN_BLUR_6@@H@@@@IAEXH@Z 1007be80 f i blur.obj
 0002:0000efa0       ?ShiftElementsRight@?$CUtlVector@PAVCShaderParam@GAUSSIAN_BLUR_6@@V?$CUtlMemory@PAVCShaderParam@GAUSSIAN_BLUR_6@@H@@@@IAEXHH@Z 1007bfa0 f i blur.obj
 0002:0000f140       ??$CopyConstruct@PAVCShaderParam@GAUSSIAN_BLUR_6@@@@YAPAPAVCShaderParam@GAUSSIAN_BLUR_6@@PAPAV01@ABQAV01@@Z 1007c140 f i blur.obj
 0002:0000f1e0       ??2@YAPAXIPAX@Z            1007c1e0 f i blur.obj
 0002:0000f220       ?IsIdxValid@?$CUtlMemory@PAVCShaderParam@GAUSSIAN_BLUR_6@@H@@QBE_NH@Z 1007c220 f i blur.obj
 0002:0000f2a0       ?NumAllocated@?$CUtlMemory@PAVCShaderParam@GAUSSIAN_BLUR_6@@H@@QBEHXZ 1007c2a0 f i blur.obj
 0002:0000f2e0       ?Grow@?$CUtlMemory@PAVCShaderParam@GAUSSIAN_BLUR_6@@H@@QAEXH@Z 1007c2e0 f i blur.obj
 0002:0000f950       ?UtlMemory_CalcNewAllocationCount@@YAHHHHH@Z 1007c950 f i blur.obj
 0002:0000f9e0       ?IsExternallyAllocated@?$CUtlMemory@PAVCShaderParam@GAUSSIAN_BLUR_6@@H@@QBE_NXZ 1007c9e0 f i blur.obj
 0002:0000fa30       ??$MemAllocClassName@V?$CUtlVector@PAVCShaderParam@GAUSSIAN_BLUR_6@@V?$CUtlMemory@PAVCShaderParam@GAUSSIAN_BLUR_6@@H@@@@@@YAPBDPAV?$CUtlVector@PAVCShaderParam@GAUSSIAN_BLUR_6@@V?$CUtlMemory@PAVCShaderParam@GAUSSIAN_BLUR_6@@H@@@@@Z 1007ca30 f i blur.obj
 0002:0000fab0       ??0CShader@GAUSSIAN_BLUR_6@@QAE@XZ 1007cab0 f i blur.obj
 0002:0000fb10       ?OnInitShaderParams@CShader@GAUSSIAN_BLUR_6@@UAEXPAPAVIMaterialVar@@PBD@Z 1007cb10 f i blur.obj
 0002:0000fb50       ?GetName@CShader@GAUSSIAN_BLUR_6@@UBEPBDXZ 1007cb50 f i blur.obj
 0002:0000fb90       ?GetFlags@CShader@GAUSSIAN_BLUR_6@@UBEHXZ 1007cb90 f i blur.obj
 0002:0000fbd0       ?GetParamCount@CShader@GAUSSIAN_BLUR_6@@UBEHXZ 1007cbd0 f i blur.obj
 0002:0000fc30       ?GetParamInfo@CShader@GAUSSIAN_BLUR_6@@UBEABUShaderParamInfo_t@@H@Z 1007cc30 f i blur.obj
 0002:0000fcd0       ?GetInfo@CShaderParam@GAUSSIAN_BLUR_6@@QBEABUShaderParamInfo_t@@XZ 1007ccd0 f i blur.obj
 0002:0000fd10       ?OnInitShaderInstance@CShader@GAUSSIAN_BLUR_6@@UAEXPAPAVIMaterialVar@@PAVIShaderInit@@PBD@Z 1007cd10 f i blur.obj
 0002:0000fe80       ?GetFallbackShader@CShader@GAUSSIAN_BLUR_6@@UBEPBDPAPAVIMaterialVar@@@Z 1007ce80 f i blur.obj
 0002:0000fec0       ?OnDrawElements@CShader@GAUSSIAN_BLUR_6@@UAEXPAPAVIMaterialVar@@PAVIShaderShadow@@PAVIShaderDynamicAPI@@W4VertexCompressionType_t@@PAPAVCBasePerMaterialContextData@@@Z 1007cec0 f i blur.obj
 0002:00010430       ??0screenspace_vs30_Static_Index@@QAE@PAVIShaderShadow@@PAPAVIMaterialVar@@@Z 1007d430 f i blur.obj
 0002:00010470       ?GetIndex@screenspace_vs30_Static_Index@@QAEHXZ 1007d470 f i blur.obj
 0002:000104b0       ??0screenspace_vs30_Dynamic_Index@@QAE@PAVIShaderDynamicAPI@@@Z 1007d4b0 f i blur.obj
 0002:000104f0       ?GetIndex@screenspace_vs30_Dynamic_Index@@QAEHXZ 1007d4f0 f i blur.obj
 0002:00010530       ??0gaussianblur_6_ps30_Static_Index@@QAE@PAVIShaderShadow@@PAPAVIMaterialVar@@@Z 1007d530 f i blur.obj
 0002:00010570       ?GetIndex@gaussianblur_6_ps30_Static_Index@@QAEHXZ 1007d570 f i blur.obj
 0002:000105b0       ??0gaussianblur_6_ps30_Dynamic_Index@@QAE@PAVIShaderDynamicAPI@@@Z 1007d5b0 f i blur.obj
 0002:000105f0       ?GetIndex@gaussianblur_6_ps30_Dynamic_Index@@QAEHXZ 1007d5f0 f i blur.obj
 0002:00010630       ??BCShaderParam@GAUSSIAN_BLUR_6@@QAEHXZ 1007d630 f i blur.obj
 0002:00010670       ??0CBaseVSShader@@QAE@XZ   1007d670 f i blur.obj
 0002:000106d0       ?GetFallbackShader@CBaseShader@@UBEPBDPAPAVIMaterialVar@@@Z 1007d6d0 f i blur.obj
 0002:00010710       ?OnInitShaderParams@CBaseShader@@UAEXPAPAVIMaterialVar@@PBD@Z 1007d710 f i blur.obj
 0002:00010750       ??A?$CUtlVector@PAVCShaderParam@GAUSSIAN_BLUR_6@@V?$CUtlMemory@PAVCShaderParam@GAUSSIAN_BLUR_6@@H@@@@QAEAAPAVCShaderParam@GAUSSIAN_BLUR_6@@H@Z 1007d750 f i blur.obj
 0002:00010880       ??1?$CUtlVector@PAVCShaderParam@GAUSSIAN_BLUR_6@@V?$CUtlMemory@PAVCShaderParam@GAUSSIAN_BLUR_6@@H@@@@QAE@XZ 1007d880 f i blur.obj
 0002:000108e0       ?Purge@?$CUtlVector@PAVCShaderParam@GAUSSIAN_BLUR_6@@V?$CUtlMemory@PAVCShaderParam@GAUSSIAN_BLUR_6@@H@@@@QAEXXZ 1007d8e0 f i blur.obj
 0002:00010950       ??1?$CUtlMemory@PAVCShaderParam@GAUSSIAN_BLUR_6@@H@@QAE@XZ 1007d950 f i blur.obj
 0002:000109a0       ?RemoveAll@?$CUtlVector@PAVCShaderParam@GAUSSIAN_BLUR_6@@V?$CUtlMemory@PAVCShaderParam@GAUSSIAN_BLUR_6@@H@@@@QAEXXZ 1007d9a0 f i blur.obj
 0002:00010a30       ?Purge@?$CUtlMemory@PAVCShaderParam@GAUSSIAN_BLUR_6@@H@@QAEXXZ 1007da30 f i blur.obj
 0002:00010ae0       ??$Destruct@PAVCShaderParam@GAUSSIAN_BLUR_6@@@@YAXPAPAVCShaderParam@GAUSSIAN_BLUR_6@@@Z 1007dae0 f i blur.obj
 0002:00010b40       ??0?$CUtlVector@PAVCShaderParam@DEBUG_LIGHTING_CTRL@@V?$CUtlMemory@PAVCShaderParam@DEBUG_LIGHTING_CTRL@@H@@@@QAE@HH@Z 1007db40 f i debug_lightingctrl.obj
 0002:00010bc0       ?ResetDbgInfo@?$CUtlVector@PAVCShaderParam@DEBUG_LIGHTING_CTRL@@V?$CUtlMemory@PAVCShaderParam@DEBUG_LIGHTING_CTRL@@H@@@@IAEXXZ 1007dbc0 f i debug_lightingctrl.obj
 0002:00010c20       ?Base@?$CUtlVector@PAVCShaderParam@DEBUG_LIGHTING_CTRL@@V?$CUtlMemory@PAVCShaderParam@DEBUG_LIGHTING_CTRL@@H@@@@QAEPAPAVCShaderParam@DEBUG_LIGHTING_CTRL@@XZ 1007dc20 f i debug_lightingctrl.obj
 0002:00010c70       ??0?$CUtlMemory@PAVCShaderParam@DEBUG_LIGHTING_CTRL@@H@@QAE@HH@Z 1007dc70 f i debug_lightingctrl.obj
 0002:00010e60       ?Base@?$CUtlMemory@PAVCShaderParam@DEBUG_LIGHTING_CTRL@@H@@QAEPAPAVCShaderParam@DEBUG_LIGHTING_CTRL@@XZ 1007de60 f i debug_lightingctrl.obj
 0002:00010f80       ?ValidateGrowSize@?$CUtlMemory@PAVCShaderParam@DEBUG_LIGHTING_CTRL@@H@@IAEXXZ 1007df80 f i debug_lightingctrl.obj
 0002:00010fc0       ?IsReadOnly@?$CUtlMemory@PAVCShaderParam@DEBUG_LIGHTING_CTRL@@H@@QBE_NXZ 1007dfc0 f i debug_lightingctrl.obj
 0002:00011010       ??$MemAllocClassName@V?$CUtlMemory@PAVCShaderParam@DEBUG_LIGHTING_CTRL@@H@@@@YAPBDPAV?$CUtlMemory@PAVCShaderParam@DEBUG_LIGHTING_CTRL@@H@@@Z 1007e010 f i debug_lightingctrl.obj
 0002:00011090       ??0CShader@DEBUG_LIGHTING_CTRL@@QAE@XZ 1007e090 f i debug_lightingctrl.obj
 0002:000110f0       ?OnInitShaderParams@CShader@DEBUG_LIGHTING_CTRL@@UAEXPAPAVIMaterialVar@@PBD@Z 1007e0f0 f i debug_lightingctrl.obj
 0002:00011130       ?GetName@CShader@DEBUG_LIGHTING_CTRL@@UBEPBDXZ 1007e130 f i debug_lightingctrl.obj
 0002:00011170       ?GetFlags@CShader@DEBUG_LIGHTING_CTRL@@UBEHXZ 1007e170 f i debug_lightingctrl.obj
 0002:000111b0       ?GetParamCount@CShader@DEBUG_LIGHTING_CTRL@@UBEHXZ 1007e1b0 f i debug_lightingctrl.obj
 0002:00011210       ?GetParamInfo@CShader@DEBUG_LIGHTING_CTRL@@UBEABUShaderParamInfo_t@@H@Z 1007e210 f i debug_lightingctrl.obj
 0002:000112b0       ?GetInfo@CShaderParam@DEBUG_LIGHTING_CTRL@@QBEABUShaderParamInfo_t@@XZ 1007e2b0 f i debug_lightingctrl.obj
 0002:000112f0       ?OnInitShaderInstance@CShader@DEBUG_LIGHTING_CTRL@@UAEXPAPAVIMaterialVar@@PAVIShaderInit@@PBD@Z 1007e2f0 f i debug_lightingctrl.obj
 0002:00011330       ?GetFallbackShader@CShader@DEBUG_LIGHTING_CTRL@@UBEPBDPAPAVIMaterialVar@@@Z 1007e330 f i debug_lightingctrl.obj
 0002:00011370       ?OnDrawElements@CShader@DEBUG_LIGHTING_CTRL@@UAEXPAPAVIMaterialVar@@PAVIShaderShadow@@PAVIShaderDynamicAPI@@W4VertexCompressionType_t@@PAPAVCBasePerMaterialContextData@@@Z 1007e370 f i debug_lightingctrl.obj
 0002:000118e0       ?GetTexture_Normals@CDeferredExtension@@QAEPAVITexture@@XZ 1007e8e0 f i debug_lightingctrl.obj
 0002:00011920       ?GetTexture_Depth@CDeferredExtension@@QAEPAVITexture@@XZ 1007e920 f i debug_lightingctrl.obj
 0002:00011960       ?GetDeferredExt@@YAPAVCDeferredExtension@@XZ 1007e960 f i debug_lightingctrl.obj
 0002:000119a0       ?CommitBaseDeferredConstants_Frustum@@YAXPAVIShaderDynamicAPI@@H_N@Z 1007e9a0 f i debug_lightingctrl.obj
 0002:00011a60       ?GetFrustumDeltaBase@CDeferredExtension@@QAEPAMXZ 1007ea60 f i debug_lightingctrl.obj
 0002:00011ac0       ?CommitBaseDeferredConstants_Origin@@YAXPAVIShaderDynamicAPI@@H@Z 1007eac0 f i debug_lightingctrl.obj
 0002:00011b40       ?GetOriginBase@CDeferredExtension@@QAEPAMXZ 1007eb40 f i debug_lightingctrl.obj
 0002:00011ba0       ?SetUSEWORLDTRANSFORM@defconstruct_vs30_Static_Index@@QAEXH@Z 1007eba0 f i debug_lightingctrl.obj
 0002:00011cc0       ?SetSENDWORLDPOS@defconstruct_vs30_Static_Index@@QAEXH@Z 1007ecc0 f i debug_lightingctrl.obj
 0002:00011de0       ??0defconstruct_vs30_Static_Index@@QAE@PAVIShaderShadow@@PAPAVIMaterialVar@@@Z 1007ede0 f i debug_lightingctrl.obj
 0002:00011e50       ?GetIndex@defconstruct_vs30_Static_Index@@QAEHXZ 1007ee50 f i debug_lightingctrl.obj
 0002:00011fb0       ??0defconstruct_vs30_Dynamic_Index@@QAE@PAVIShaderDynamicAPI@@@Z 1007efb0 f i debug_lightingctrl.obj
 0002:00011ff0       ?GetIndex@defconstruct_vs30_Dynamic_Index@@QAEHXZ 1007eff0 f i debug_lightingctrl.obj
 0002:00012030       ??0debug_lighting_ctrl_ps30_Static_Index@@QAE@PAVIShaderShadow@@PAPAVIMaterialVar@@@Z 1007f030 f i debug_lightingctrl.obj
 0002:00012070       ?GetIndex@debug_lighting_ctrl_ps30_Static_Index@@QAEHXZ 1007f070 f i debug_lightingctrl.obj
 0002:000120b0       ??0debug_lighting_ctrl_ps30_Dynamic_Index@@QAE@PAVIShaderDynamicAPI@@@Z 1007f0b0 f i debug_lightingctrl.obj
 0002:000120f0       ?GetIndex@debug_lighting_ctrl_ps30_Dynamic_Index@@QAEHXZ 1007f0f0 f i debug_lightingctrl.obj
 0002:00012130       ??A?$CUtlVector@PAVCShaderParam@DEBUG_LIGHTING_CTRL@@V?$CUtlMemory@PAVCShaderParam@DEBUG_LIGHTING_CTRL@@H@@@@QAEAAPAVCShaderParam@DEBUG_LIGHTING_CTRL@@H@Z 1007f130 f i debug_lightingctrl.obj
 0002:00012260       ?Count@?$CUtlVector@PAVCShaderParam@DEBUG_LIGHTING_CTRL@@V?$CUtlMemory@PAVCShaderParam@DEBUG_LIGHTING_CTRL@@H@@@@QBEHXZ 1007f260 f i debug_lightingctrl.obj
 0002:000122a0       ??A?$CUtlMemory@PAVCShaderParam@DEBUG_LIGHTING_CTRL@@H@@QAEAAPAVCShaderParam@DEBUG_LIGHTING_CTRL@@H@Z 1007f2a0 f i debug_lightingctrl.obj
 0002:000124a0       ?IsIdxValid@?$CUtlMemory@PAVCShaderParam@DEBUG_LIGHTING_CTRL@@H@@QBE_NH@Z 1007f4a0 f i debug_lightingctrl.obj
 0002:00012520       ??1?$CUtlVector@PAVCShaderParam@DEBUG_LIGHTING_CTRL@@V?$CUtlMemory@PAVCShaderParam@DEBUG_LIGHTING_CTRL@@H@@@@QAE@XZ 1007f520 f i debug_lightingctrl.obj
 0002:00012580       ?Purge@?$CUtlVector@PAVCShaderParam@DEBUG_LIGHTING_CTRL@@V?$CUtlMemory@PAVCShaderParam@DEBUG_LIGHTING_CTRL@@H@@@@QAEXXZ 1007f580 f i debug_lightingctrl.obj
 0002:000125f0       ??1?$CUtlMemory@PAVCShaderParam@DEBUG_LIGHTING_CTRL@@H@@QAE@XZ 1007f5f0 f i debug_lightingctrl.obj
 0002:00012640       ?RemoveAll@?$CUtlVector@PAVCShaderParam@DEBUG_LIGHTING_CTRL@@V?$CUtlMemory@PAVCShaderParam@DEBUG_LIGHTING_CTRL@@H@@@@QAEXXZ 1007f640 f i debug_lightingctrl.obj
 0002:000126d0       ?Element@?$CUtlVector@PAVCShaderParam@DEBUG_LIGHTING_CTRL@@V?$CUtlMemory@PAVCShaderParam@DEBUG_LIGHTING_CTRL@@H@@@@QAEAAPAVCShaderParam@DEBUG_LIGHTING_CTRL@@H@Z 1007f6d0 f i debug_lightingctrl.obj
 0002:00012800       ?Purge@?$CUtlMemory@PAVCShaderParam@DEBUG_LIGHTING_CTRL@@H@@QAEXXZ 1007f800 f i debug_lightingctrl.obj
 0002:000128b0       ?IsExternallyAllocated@?$CUtlMemory@PAVCShaderParam@DEBUG_LIGHTING_CTRL@@H@@QBE_NXZ 1007f8b0 f i debug_lightingctrl.obj
 0002:00012900       ??$Destruct@PAVCShaderParam@DEBUG_LIGHTING_CTRL@@@@YAXPAPAVCShaderParam@DEBUG_LIGHTING_CTRL@@@Z 1007f900 f i debug_lightingctrl.obj
 0002:00012960       ??0?$CUtlVector@PAVCShaderParam@DEBUG_SHADOW@@V?$CUtlMemory@PAVCShaderParam@DEBUG_SHADOW@@H@@@@QAE@HH@Z 1007f960 f i debug_shadow.obj
 0002:000129e0       ?ResetDbgInfo@?$CUtlVector@PAVCShaderParam@DEBUG_SHADOW@@V?$CUtlMemory@PAVCShaderParam@DEBUG_SHADOW@@H@@@@IAEXXZ 1007f9e0 f i debug_shadow.obj
 0002:00012a40       ?Base@?$CUtlVector@PAVCShaderParam@DEBUG_SHADOW@@V?$CUtlMemory@PAVCShaderParam@DEBUG_SHADOW@@H@@@@QAEPAPAVCShaderParam@DEBUG_SHADOW@@XZ 1007fa40 f i debug_shadow.obj
 0002:00012a90       ??0?$CUtlMemory@PAVCShaderParam@DEBUG_SHADOW@@H@@QAE@HH@Z 1007fa90 f i debug_shadow.obj
 0002:00012c80       ?Base@?$CUtlMemory@PAVCShaderParam@DEBUG_SHADOW@@H@@QAEPAPAVCShaderParam@DEBUG_SHADOW@@XZ 1007fc80 f i debug_shadow.obj
 0002:00012da0       ?ValidateGrowSize@?$CUtlMemory@PAVCShaderParam@DEBUG_SHADOW@@H@@IAEXXZ 1007fda0 f i debug_shadow.obj
 0002:00012de0       ?IsReadOnly@?$CUtlMemory@PAVCShaderParam@DEBUG_SHADOW@@H@@QBE_NXZ 1007fde0 f i debug_shadow.obj
 0002:00012e30       ??$MemAllocClassName@V?$CUtlMemory@PAVCShaderParam@DEBUG_SHADOW@@H@@@@YAPBDPAV?$CUtlMemory@PAVCShaderParam@DEBUG_SHADOW@@H@@@Z 1007fe30 f i debug_shadow.obj
 0002:00012eb0       ??0CShader@DEBUG_SHADOW@@QAE@XZ 1007feb0 f i debug_shadow.obj
 0002:00012f10       ?OnInitShaderParams@CShader@DEBUG_SHADOW@@UAEXPAPAVIMaterialVar@@PBD@Z 1007ff10 f i debug_shadow.obj
 0002:00012f50       ?GetName@CShader@DEBUG_SHADOW@@UBEPBDXZ 1007ff50 f i debug_shadow.obj
 0002:00012f90       ?GetFlags@CShader@DEBUG_SHADOW@@UBEHXZ 1007ff90 f i debug_shadow.obj
 0002:00012fd0       ?GetParamCount@CShader@DEBUG_SHADOW@@UBEHXZ 1007ffd0 f i debug_shadow.obj
 0002:00013030       ?GetParamInfo@CShader@DEBUG_SHADOW@@UBEABUShaderParamInfo_t@@H@Z 10080030 f i debug_shadow.obj
 0002:000130d0       ?GetInfo@CShaderParam@DEBUG_SHADOW@@QBEABUShaderParamInfo_t@@XZ 100800d0 f i debug_shadow.obj
 0002:00013110       ?OnInitShaderInstance@CShader@DEBUG_SHADOW@@UAEXPAPAVIMaterialVar@@PAVIShaderInit@@PBD@Z 10080110 f i debug_shadow.obj
 0002:00013150       ?GetFallbackShader@CShader@DEBUG_SHADOW@@UBEPBDPAPAVIMaterialVar@@@Z 10080150 f i debug_shadow.obj
 0002:00013190       ?OnDrawElements@CShader@DEBUG_SHADOW@@UAEXPAPAVIMaterialVar@@PAVIShaderShadow@@PAVIShaderDynamicAPI@@W4VertexCompressionType_t@@PAPAVCBasePerMaterialContextData@@@Z 10080190 f i debug_shadow.obj
 0002:000137a0       ?GetTexture_ShadowDepth_Ortho@CDeferredExtension@@QAEPAVITexture@@ABH@Z 100807a0 f i debug_shadow.obj
 0002:000138e0       ?CommitGlobalLightForward@@YAXPAVIShaderDynamicAPI@@H@Z 100808e0 f i debug_shadow.obj
 0002:000139d0       ??0Vector4D@@QAE@ABV0@@Z   100809d0 f i debug_shadow.obj
 0002:00013b40       ?GetLightData_Global@CDeferredExtension@@QAEABUlightData_Global_t@@XZ 10080b40 f i debug_shadow.obj
 0002:00013b80       ?CommitShadowProjectionConstants_Ortho_Composite@@YAXPAVIShaderDynamicAPI@@HH@Z 10080b80 f i debug_shadow.obj
 0002:00013e10       ?Base@Vector4D@@QBEPBMXZ   10080e10 f i debug_shadow.obj
 0002:00013e50       ?Base@VMatrix@@QBEPBMXZ    10080e50 f i debug_shadow.obj
 0002:00013e90       ?GetShadowData_Ortho@CDeferredExtension@@QAEABUshadowData_ortho_t@@ABH@Z 10080e90 f i debug_shadow.obj
 0002:00013fd0       ?MakeShadowProjectionConstants@@YAXPAM0HH@Z 10080fd0 f i debug_shadow.obj
 0002:00014060       ??0debug_shadow_ortho_ps30_Static_Index@@QAE@PAVIShaderShadow@@PAPAVIMaterialVar@@@Z 10081060 f i debug_shadow.obj
 0002:000140a0       ?GetIndex@debug_shadow_ortho_ps30_Static_Index@@QAEHXZ 100810a0 f i debug_shadow.obj
 0002:000140e0       ??0debug_shadow_ortho_ps30_Dynamic_Index@@QAE@PAVIShaderDynamicAPI@@@Z 100810e0 f i debug_shadow.obj
 0002:00014120       ?GetIndex@debug_shadow_ortho_ps30_Dynamic_Index@@QAEHXZ 10081120 f i debug_shadow.obj
 0002:00014160       ??A?$CUtlVector@PAVCShaderParam@DEBUG_SHADOW@@V?$CUtlMemory@PAVCShaderParam@DEBUG_SHADOW@@H@@@@QAEAAPAVCShaderParam@DEBUG_SHADOW@@H@Z 10081160 f i debug_shadow.obj
 0002:00014290       ?Count@?$CUtlVector@PAVCShaderParam@DEBUG_SHADOW@@V?$CUtlMemory@PAVCShaderParam@DEBUG_SHADOW@@H@@@@QBEHXZ 10081290 f i debug_shadow.obj
 0002:000142d0       ??A?$CUtlMemory@PAVCShaderParam@DEBUG_SHADOW@@H@@QAEAAPAVCShaderParam@DEBUG_SHADOW@@H@Z 100812d0 f i debug_shadow.obj
 0002:000144d0       ?IsIdxValid@?$CUtlMemory@PAVCShaderParam@DEBUG_SHADOW@@H@@QBE_NH@Z 100814d0 f i debug_shadow.obj
 0002:00014550       ??1?$CUtlVector@PAVCShaderParam@DEBUG_SHADOW@@V?$CUtlMemory@PAVCShaderParam@DEBUG_SHADOW@@H@@@@QAE@XZ 10081550 f i debug_shadow.obj
 0002:000145b0       ?Purge@?$CUtlVector@PAVCShaderParam@DEBUG_SHADOW@@V?$CUtlMemory@PAVCShaderParam@DEBUG_SHADOW@@H@@@@QAEXXZ 100815b0 f i debug_shadow.obj
 0002:00014620       ??1?$CUtlMemory@PAVCShaderParam@DEBUG_SHADOW@@H@@QAE@XZ 10081620 f i debug_shadow.obj
 0002:00014670       ?RemoveAll@?$CUtlVector@PAVCShaderParam@DEBUG_SHADOW@@V?$CUtlMemory@PAVCShaderParam@DEBUG_SHADOW@@H@@@@QAEXXZ 10081670 f i debug_shadow.obj
 0002:00014700       ?Element@?$CUtlVector@PAVCShaderParam@DEBUG_SHADOW@@V?$CUtlMemory@PAVCShaderParam@DEBUG_SHADOW@@H@@@@QAEAAPAVCShaderParam@DEBUG_SHADOW@@H@Z 10081700 f i debug_shadow.obj
 0002:00014830       ?Purge@?$CUtlMemory@PAVCShaderParam@DEBUG_SHADOW@@H@@QAEXXZ 10081830 f i debug_shadow.obj
 0002:000148e0       ?IsExternallyAllocated@?$CUtlMemory@PAVCShaderParam@DEBUG_SHADOW@@H@@QBE_NXZ 100818e0 f i debug_shadow.obj
 0002:00014930       ??$Destruct@PAVCShaderParam@DEBUG_SHADOW@@@@YAXPAPAVCShaderParam@DEBUG_SHADOW@@@Z 10081930 f i debug_shadow.obj
 0002:00014990       ??0?$CUtlVector@PAVCShaderParam@DEFERRED_BRUSH@@V?$CUtlMemory@PAVCShaderParam@DEFERRED_BRUSH@@H@@@@QAE@HH@Z 10081990 f i deferred_brush.obj
 0002:00014a10       ?ResetDbgInfo@?$CUtlVector@PAVCShaderParam@DEFERRED_BRUSH@@V?$CUtlMemory@PAVCShaderParam@DEFERRED_BRUSH@@H@@@@IAEXXZ 10081a10 f i deferred_brush.obj
 0002:00014a70       ?Base@?$CUtlVector@PAVCShaderParam@DEFERRED_BRUSH@@V?$CUtlMemory@PAVCShaderParam@DEFERRED_BRUSH@@H@@@@QAEPAPAVCShaderParam@DEFERRED_BRUSH@@XZ 10081a70 f i deferred_brush.obj
 0002:00014ac0       ??0?$CUtlMemory@PAVCShaderParam@DEFERRED_BRUSH@@H@@QAE@HH@Z 10081ac0 f i deferred_brush.obj
 0002:00014cb0       ?Base@?$CUtlMemory@PAVCShaderParam@DEFERRED_BRUSH@@H@@QAEPAPAVCShaderParam@DEFERRED_BRUSH@@XZ 10081cb0 f i deferred_brush.obj
 0002:00014dd0       ?ValidateGrowSize@?$CUtlMemory@PAVCShaderParam@DEFERRED_BRUSH@@H@@IAEXXZ 10081dd0 f i deferred_brush.obj
 0002:00014e10       ?IsReadOnly@?$CUtlMemory@PAVCShaderParam@DEFERRED_BRUSH@@H@@QBE_NXZ 10081e10 f i deferred_brush.obj
 0002:00014e60       ??$MemAllocClassName@V?$CUtlMemory@PAVCShaderParam@DEFERRED_BRUSH@@H@@@@YAPBDPAV?$CUtlMemory@PAVCShaderParam@DEFERRED_BRUSH@@H@@@Z 10081e60 f i deferred_brush.obj
 0002:00014ee0       ??0CShaderParam@DEFERRED_BRUSH@@QAE@PBDW4ShaderParamType_t@@00H@Z 10081ee0 f i deferred_brush.obj
 0002:00014fa0       ?Count@?$CUtlVector@PAVCShaderParam@DEFERRED_BRUSH@@V?$CUtlMemory@PAVCShaderParam@DEFERRED_BRUSH@@H@@@@QBEHXZ 10081fa0 f i deferred_brush.obj
 0002:00014fe0       ?AddToTail@?$CUtlVector@PAVCShaderParam@DEFERRED_BRUSH@@V?$CUtlMemory@PAVCShaderParam@DEFERRED_BRUSH@@H@@@@QAEHABQAVCShaderParam@DEFERRED_BRUSH@@@Z 10081fe0 f i deferred_brush.obj
 0002:00015150       ?InsertBefore@?$CUtlVector@PAVCShaderParam@DEFERRED_BRUSH@@V?$CUtlMemory@PAVCShaderParam@DEFERRED_BRUSH@@H@@@@QAEHHABQAVCShaderParam@DEFERRED_BRUSH@@@Z 10082150 f i deferred_brush.obj
 0002:000153d0       ?Element@?$CUtlVector@PAVCShaderParam@DEFERRED_BRUSH@@V?$CUtlMemory@PAVCShaderParam@DEFERRED_BRUSH@@H@@@@QAEAAPAVCShaderParam@DEFERRED_BRUSH@@H@Z 100823d0 f i deferred_brush.obj
 0002:00015500       ??A?$CUtlMemory@PAVCShaderParam@DEFERRED_BRUSH@@H@@QAEAAPAVCShaderParam@DEFERRED_BRUSH@@H@Z 10082500 f i deferred_brush.obj
 0002:00015700       ?IsValidIndex@?$CUtlVector@PAVCShaderParam@DEFERRED_BRUSH@@V?$CUtlMemory@PAVCShaderParam@DEFERRED_BRUSH@@H@@@@QBE_NH@Z 10082700 f i deferred_brush.obj
 0002:00015770       ?GrowVector@?$CUtlVector@PAVCShaderParam@DEFERRED_BRUSH@@V?$CUtlMemory@PAVCShaderParam@DEFERRED_BRUSH@@H@@@@IAEXH@Z 10082770 f i deferred_brush.obj
 0002:00015890       ?ShiftElementsRight@?$CUtlVector@PAVCShaderParam@DEFERRED_BRUSH@@V?$CUtlMemory@PAVCShaderParam@DEFERRED_BRUSH@@H@@@@IAEXHH@Z 10082890 f i deferred_brush.obj
 0002:00015a30       ??$CopyConstruct@PAVCShaderParam@DEFERRED_BRUSH@@@@YAPAPAVCShaderParam@DEFERRED_BRUSH@@PAPAV01@ABQAV01@@Z 10082a30 f i deferred_brush.obj
 0002:00015ad0       ?IsIdxValid@?$CUtlMemory@PAVCShaderParam@DEFERRED_BRUSH@@H@@QBE_NH@Z 10082ad0 f i deferred_brush.obj
 0002:00015b50       ?NumAllocated@?$CUtlMemory@PAVCShaderParam@DEFERRED_BRUSH@@H@@QBEHXZ 10082b50 f i deferred_brush.obj
 0002:00015b90       ?Grow@?$CUtlMemory@PAVCShaderParam@DEFERRED_BRUSH@@H@@QAEXH@Z 10082b90 f i deferred_brush.obj
 0002:00016200       ?IsExternallyAllocated@?$CUtlMemory@PAVCShaderParam@DEFERRED_BRUSH@@H@@QBE_NXZ 10083200 f i deferred_brush.obj
 0002:00016250       ??$MemAllocClassName@V?$CUtlVector@PAVCShaderParam@DEFERRED_BRUSH@@V?$CUtlMemory@PAVCShaderParam@DEFERRED_BRUSH@@H@@@@@@YAPBDPAV?$CUtlVector@PAVCShaderParam@DEFERRED_BRUSH@@V?$CUtlMemory@PAVCShaderParam@DEFERRED_BRUSH@@H@@@@@Z 10083250 f i deferred_brush.obj
 0002:000162d0       ??0CShader@DEFERRED_BRUSH@@QAE@XZ 100832d0 f i deferred_brush.obj
 0002:00016330       ?OnInitShaderParams@CShader@DEFERRED_BRUSH@@UAEXPAPAVIMaterialVar@@PBD@Z 10083330 f i deferred_brush.obj
 0002:00016550       ?CShader_SetFlags2@@YAXPAPAVIMaterialVar@@W4MaterialVarFlags2_t@@@Z 10083550 f i deferred_brush.obj
 0002:000165d0       ??0defParms_gBuffer0@@QAE@XZ 100835d0 f i deferred_brush.obj
 0002:00016640       ??0defParms_shadow@@QAE@XZ 10083640 f i deferred_brush.obj
 0002:000166b0       ??0defParms_composite@@QAE@XZ 100836b0 f i deferred_brush.obj
 0002:00016720       ??BCShaderParam@DEFERRED_BRUSH@@QAEHXZ 10083720 f i deferred_brush.obj
 0002:00016760       ?SetupParmsGBuffer0@CShader@DEFERRED_BRUSH@@QAEXAAUdefParms_gBuffer0@@@Z 10083760 f i deferred_brush.obj
 0002:00016a90       ?SetupParmsShadow@CShader@DEFERRED_BRUSH@@QAEXAAUdefParms_shadow@@@Z 10083a90 f i deferred_brush.obj
 0002:00016b20       ?SetupParmsComposite@CShader@DEFERRED_BRUSH@@QAEXAAUdefParms_composite@@@Z 10083b20 f i deferred_brush.obj
 0002:00016d40       ?DrawToGBuffer@CShader@DEFERRED_BRUSH@@QAE_NPAPAVIMaterialVar@@@Z 10083d40 f i deferred_brush.obj
 0002:00016df0       ?CShader_IsFlagSet@@YA_NPAPAVIMaterialVar@@W4MaterialVarFlags_t@@@Z 10083df0 f i deferred_brush.obj
 0002:00016e50       ?GetName@CShader@DEFERRED_BRUSH@@UBEPBDXZ 10083e50 f i deferred_brush.obj
 0002:00016e90       ?GetFlags@CShader@DEFERRED_BRUSH@@UBEHXZ 10083e90 f i deferred_brush.obj
 0002:00016ed0       ?GetParamCount@CShader@DEFERRED_BRUSH@@UBEHXZ 10083ed0 f i deferred_brush.obj
 0002:00016f30       ?GetParamInfo@CShader@DEFERRED_BRUSH@@UBEABUShaderParamInfo_t@@H@Z 10083f30 f i deferred_brush.obj
 0002:00016fd0       ?GetInfo@CShaderParam@DEFERRED_BRUSH@@QBEABUShaderParamInfo_t@@XZ 10083fd0 f i deferred_brush.obj
 0002:00017010       ?OnInitShaderInstance@CShader@DEFERRED_BRUSH@@UAEXPAPAVIMaterialVar@@PAVIShaderInit@@PBD@Z 10084010 f i deferred_brush.obj
 0002:000171b0       ?GetFallbackShader@CShader@DEFERRED_BRUSH@@UBEPBDPAPAVIMaterialVar@@@Z 100841b0 f i deferred_brush.obj
 0002:000172f0       ?OnDrawElements@CShader@DEFERRED_BRUSH@@UAEXPAPAVIMaterialVar@@PAVIShaderShadow@@PAVIShaderDynamicAPI@@W4VertexCompressionType_t@@PAPAVCBasePerMaterialContextData@@@Z 100842f0 f i deferred_brush.obj
 0002:000176e0       ?SkipPass@CBaseVSShader@@QAEXXZ 100846e0 f i deferred_brush.obj
 0002:00017740       ??0CDeferredPerMaterialContextData@@QAE@XZ 10084740 f i deferred_brush.obj
 0002:000177c0       ??0CBasePerMaterialContextData@@QAE@XZ 100847c0 f i deferred_brush.obj
 0002:00017820       ??_ECBasePerMaterialContextData@@UAEPAXI@Z 10084820 f i deferred_brush.obj
 0002:00017820       ??_GCBasePerMaterialContextData@@UAEPAXI@Z 10084820 f i deferred_brush.obj
 0002:00017890       ??1CBasePerMaterialContextData@@UAE@XZ 10084890 f i deferred_brush.obj
 0002:000178d0       ??_ECDeferredPerMaterialContextData@@UAEPAXI@Z 100848d0 f i deferred_brush.obj
 0002:000178d0       ??_GCDeferredPerMaterialContextData@@UAEPAXI@Z 100848d0 f i deferred_brush.obj
 0002:00017940       ??1CDeferredPerMaterialContextData@@UAE@XZ 10084940 f i deferred_brush.obj
 0002:00017a20       ??A?$CUtlVector@PAVCShaderParam@DEFERRED_BRUSH@@V?$CUtlMemory@PAVCShaderParam@DEFERRED_BRUSH@@H@@@@QAEAAPAVCShaderParam@DEFERRED_BRUSH@@H@Z 10084a20 f i deferred_brush.obj
 0002:00017b50       ??1?$CUtlVector@PAVCShaderParam@DEFERRED_BRUSH@@V?$CUtlMemory@PAVCShaderParam@DEFERRED_BRUSH@@H@@@@QAE@XZ 10084b50 f i deferred_brush.obj
 0002:00017bb0       ?Purge@?$CUtlVector@PAVCShaderParam@DEFERRED_BRUSH@@V?$CUtlMemory@PAVCShaderParam@DEFERRED_BRUSH@@H@@@@QAEXXZ 10084bb0 f i deferred_brush.obj
 0002:00017c20       ??1?$CUtlMemory@PAVCShaderParam@DEFERRED_BRUSH@@H@@QAE@XZ 10084c20 f i deferred_brush.obj
 0002:00017c70       ?RemoveAll@?$CUtlVector@PAVCShaderParam@DEFERRED_BRUSH@@V?$CUtlMemory@PAVCShaderParam@DEFERRED_BRUSH@@H@@@@QAEXXZ 10084c70 f i deferred_brush.obj
 0002:00017d00       ?Purge@?$CUtlMemory@PAVCShaderParam@DEFERRED_BRUSH@@H@@QAEXXZ 10084d00 f i deferred_brush.obj
 0002:00017db0       ??$Destruct@PAVCShaderParam@DEFERRED_BRUSH@@@@YAXPAPAVCShaderParam@DEFERRED_BRUSH@@@Z 10084db0 f i deferred_brush.obj
 0002:00017e10       ??0?$CUtlVector@PAVCShaderParam@DEFERRED_MODEL@@V?$CUtlMemory@PAVCShaderParam@DEFERRED_MODEL@@H@@@@QAE@HH@Z 10084e10 f i deferred_model.obj
 0002:00017e90       ?ResetDbgInfo@?$CUtlVector@PAVCShaderParam@DEFERRED_MODEL@@V?$CUtlMemory@PAVCShaderParam@DEFERRED_MODEL@@H@@@@IAEXXZ 10084e90 f i deferred_model.obj
 0002:00017ef0       ?Base@?$CUtlVector@PAVCShaderParam@DEFERRED_MODEL@@V?$CUtlMemory@PAVCShaderParam@DEFERRED_MODEL@@H@@@@QAEPAPAVCShaderParam@DEFERRED_MODEL@@XZ 10084ef0 f i deferred_model.obj
 0002:00017f40       ??0?$CUtlMemory@PAVCShaderParam@DEFERRED_MODEL@@H@@QAE@HH@Z 10084f40 f i deferred_model.obj
 0002:00018130       ?Base@?$CUtlMemory@PAVCShaderParam@DEFERRED_MODEL@@H@@QAEPAPAVCShaderParam@DEFERRED_MODEL@@XZ 10085130 f i deferred_model.obj
 0002:00018250       ?ValidateGrowSize@?$CUtlMemory@PAVCShaderParam@DEFERRED_MODEL@@H@@IAEXXZ 10085250 f i deferred_model.obj
 0002:00018290       ?IsReadOnly@?$CUtlMemory@PAVCShaderParam@DEFERRED_MODEL@@H@@QBE_NXZ 10085290 f i deferred_model.obj
 0002:000182e0       ??$MemAllocClassName@V?$CUtlMemory@PAVCShaderParam@DEFERRED_MODEL@@H@@@@YAPBDPAV?$CUtlMemory@PAVCShaderParam@DEFERRED_MODEL@@H@@@Z 100852e0 f i deferred_model.obj
 0002:00018360       ??0CShaderParam@DEFERRED_MODEL@@QAE@PBDW4ShaderParamType_t@@00H@Z 10085360 f i deferred_model.obj
 0002:00018420       ?Count@?$CUtlVector@PAVCShaderParam@DEFERRED_MODEL@@V?$CUtlMemory@PAVCShaderParam@DEFERRED_MODEL@@H@@@@QBEHXZ 10085420 f i deferred_model.obj
 0002:00018460       ?AddToTail@?$CUtlVector@PAVCShaderParam@DEFERRED_MODEL@@V?$CUtlMemory@PAVCShaderParam@DEFERRED_MODEL@@H@@@@QAEHABQAVCShaderParam@DEFERRED_MODEL@@@Z 10085460 f i deferred_model.obj
 0002:000185d0       ?InsertBefore@?$CUtlVector@PAVCShaderParam@DEFERRED_MODEL@@V?$CUtlMemory@PAVCShaderParam@DEFERRED_MODEL@@H@@@@QAEHHABQAVCShaderParam@DEFERRED_MODEL@@@Z 100855d0 f i deferred_model.obj
 0002:00018850       ?Element@?$CUtlVector@PAVCShaderParam@DEFERRED_MODEL@@V?$CUtlMemory@PAVCShaderParam@DEFERRED_MODEL@@H@@@@QAEAAPAVCShaderParam@DEFERRED_MODEL@@H@Z 10085850 f i deferred_model.obj
 0002:00018980       ??A?$CUtlMemory@PAVCShaderParam@DEFERRED_MODEL@@H@@QAEAAPAVCShaderParam@DEFERRED_MODEL@@H@Z 10085980 f i deferred_model.obj
 0002:00018b80       ?IsValidIndex@?$CUtlVector@PAVCShaderParam@DEFERRED_MODEL@@V?$CUtlMemory@PAVCShaderParam@DEFERRED_MODEL@@H@@@@QBE_NH@Z 10085b80 f i deferred_model.obj
 0002:00018bf0       ?GrowVector@?$CUtlVector@PAVCShaderParam@DEFERRED_MODEL@@V?$CUtlMemory@PAVCShaderParam@DEFERRED_MODEL@@H@@@@IAEXH@Z 10085bf0 f i deferred_model.obj
 0002:00018d10       ?ShiftElementsRight@?$CUtlVector@PAVCShaderParam@DEFERRED_MODEL@@V?$CUtlMemory@PAVCShaderParam@DEFERRED_MODEL@@H@@@@IAEXHH@Z 10085d10 f i deferred_model.obj
 0002:00018eb0       ??$CopyConstruct@PAVCShaderParam@DEFERRED_MODEL@@@@YAPAPAVCShaderParam@DEFERRED_MODEL@@PAPAV01@ABQAV01@@Z 10085eb0 f i deferred_model.obj
 0002:00018f50       ?IsIdxValid@?$CUtlMemory@PAVCShaderParam@DEFERRED_MODEL@@H@@QBE_NH@Z 10085f50 f i deferred_model.obj
 0002:00018fd0       ?NumAllocated@?$CUtlMemory@PAVCShaderParam@DEFERRED_MODEL@@H@@QBEHXZ 10085fd0 f i deferred_model.obj
 0002:00019010       ?Grow@?$CUtlMemory@PAVCShaderParam@DEFERRED_MODEL@@H@@QAEXH@Z 10086010 f i deferred_model.obj
 0002:00019680       ?IsExternallyAllocated@?$CUtlMemory@PAVCShaderParam@DEFERRED_MODEL@@H@@QBE_NXZ 10086680 f i deferred_model.obj
 0002:000196d0       ??$MemAllocClassName@V?$CUtlVector@PAVCShaderParam@DEFERRED_MODEL@@V?$CUtlMemory@PAVCShaderParam@DEFERRED_MODEL@@H@@@@@@YAPBDPAV?$CUtlVector@PAVCShaderParam@DEFERRED_MODEL@@V?$CUtlMemory@PAVCShaderParam@DEFERRED_MODEL@@H@@@@@Z 100866d0 f i deferred_model.obj
 0002:00019750       ??0CShader@DEFERRED_MODEL@@QAE@XZ 10086750 f i deferred_model.obj
 0002:000197b0       ?OnInitShaderParams@CShader@DEFERRED_MODEL@@UAEXPAPAVIMaterialVar@@PBD@Z 100867b0 f i deferred_model.obj
 0002:000199b0       ?SetupParmsGBuffer0@CShader@DEFERRED_MODEL@@QAEXAAUdefParms_gBuffer0@@@Z 100869b0 f i deferred_model.obj
 0002:00019cb0       ??BCShaderParam@DEFERRED_MODEL@@QAEHXZ 10086cb0 f i deferred_model.obj
 0002:00019cf0       ?SetupParmsShadow@CShader@DEFERRED_MODEL@@QAEXAAUdefParms_shadow@@@Z 10086cf0 f i deferred_model.obj
 0002:00019d60       ?SetupParmsComposite@CShader@DEFERRED_MODEL@@QAEXAAUdefParms_composite@@@Z 10086d60 f i deferred_model.obj
 0002:00019f60       ?DrawToGBuffer@CShader@DEFERRED_MODEL@@QAE_NPAPAVIMaterialVar@@@Z 10086f60 f i deferred_model.obj
 0002:0001a010       ?GetName@CShader@DEFERRED_MODEL@@UBEPBDXZ 10087010 f i deferred_model.obj
 0002:0001a050       ?GetFlags@CShader@DEFERRED_MODEL@@UBEHXZ 10087050 f i deferred_model.obj
 0002:0001a090       ?GetParamCount@CShader@DEFERRED_MODEL@@UBEHXZ 10087090 f i deferred_model.obj
 0002:0001a0f0       ?GetParamInfo@CShader@DEFERRED_MODEL@@UBEABUShaderParamInfo_t@@H@Z 100870f0 f i deferred_model.obj
 0002:0001a190       ?GetInfo@CShaderParam@DEFERRED_MODEL@@QBEABUShaderParamInfo_t@@XZ 10087190 f i deferred_model.obj
 0002:0001a1d0       ?OnInitShaderInstance@CShader@DEFERRED_MODEL@@UAEXPAPAVIMaterialVar@@PAVIShaderInit@@PBD@Z 100871d0 f i deferred_model.obj
 0002:0001a370       ?GetFallbackShader@CShader@DEFERRED_MODEL@@UBEPBDPAPAVIMaterialVar@@@Z 10087370 f i deferred_model.obj
 0002:0001a430       ?OnDrawElements@CShader@DEFERRED_MODEL@@UAEXPAPAVIMaterialVar@@PAVIShaderShadow@@PAVIShaderDynamicAPI@@W4VertexCompressionType_t@@PAPAVCBasePerMaterialContextData@@@Z 10087430 f i deferred_model.obj
 0002:0001a820       ??A?$CUtlVector@PAVCShaderParam@DEFERRED_MODEL@@V?$CUtlMemory@PAVCShaderParam@DEFERRED_MODEL@@H@@@@QAEAAPAVCShaderParam@DEFERRED_MODEL@@H@Z 10087820 f i deferred_model.obj
 0002:0001a950       ??1?$CUtlVector@PAVCShaderParam@DEFERRED_MODEL@@V?$CUtlMemory@PAVCShaderParam@DEFERRED_MODEL@@H@@@@QAE@XZ 10087950 f i deferred_model.obj
 0002:0001a9b0       ?Purge@?$CUtlVector@PAVCShaderParam@DEFERRED_MODEL@@V?$CUtlMemory@PAVCShaderParam@DEFERRED_MODEL@@H@@@@QAEXXZ 100879b0 f i deferred_model.obj
 0002:0001aa20       ??1?$CUtlMemory@PAVCShaderParam@DEFERRED_MODEL@@H@@QAE@XZ 10087a20 f i deferred_model.obj
 0002:0001aa70       ?RemoveAll@?$CUtlVector@PAVCShaderParam@DEFERRED_MODEL@@V?$CUtlMemory@PAVCShaderParam@DEFERRED_MODEL@@H@@@@QAEXXZ 10087a70 f i deferred_model.obj
 0002:0001ab00       ?Purge@?$CUtlMemory@PAVCShaderParam@DEFERRED_MODEL@@H@@QAEXXZ 10087b00 f i deferred_model.obj
 0002:0001abb0       ??$Destruct@PAVCShaderParam@DEFERRED_MODEL@@@@YAXPAPAVCShaderParam@DEFERRED_MODEL@@@Z 10087bb0 f i deferred_model.obj
 0002:0001ac10       ?GetTexcoordSettings@@YAX_N0AAHPAPAH@Z 10087c10 f   deferred_utility.obj
 0002:0001aca0       ??0?$CUtlVector@PAVCShaderParam@Water@@V?$CUtlMemory@PAVCShaderParam@Water@@H@@@@QAE@HH@Z 10087ca0 f i deferred_water.obj
 0002:0001ad20       ?ResetDbgInfo@?$CUtlVector@PAVCShaderParam@Water@@V?$CUtlMemory@PAVCShaderParam@Water@@H@@@@IAEXXZ 10087d20 f i deferred_water.obj
 0002:0001ad80       ?Base@?$CUtlVector@PAVCShaderParam@Water@@V?$CUtlMemory@PAVCShaderParam@Water@@H@@@@QAEPAPAVCShaderParam@Water@@XZ 10087d80 f i deferred_water.obj
 0002:0001add0       ??0?$CUtlMemory@PAVCShaderParam@Water@@H@@QAE@HH@Z 10087dd0 f i deferred_water.obj
 0002:0001afc0       ?Base@?$CUtlMemory@PAVCShaderParam@Water@@H@@QAEPAPAVCShaderParam@Water@@XZ 10087fc0 f i deferred_water.obj
 0002:0001b0e0       ?ValidateGrowSize@?$CUtlMemory@PAVCShaderParam@Water@@H@@IAEXXZ 100880e0 f i deferred_water.obj
 0002:0001b120       ?IsReadOnly@?$CUtlMemory@PAVCShaderParam@Water@@H@@QBE_NXZ 10088120 f i deferred_water.obj
 0002:0001b170       ??$MemAllocClassName@V?$CUtlMemory@PAVCShaderParam@Water@@H@@@@YAPBDPAV?$CUtlMemory@PAVCShaderParam@Water@@H@@@Z 10088170 f i deferred_water.obj
 0002:0001b1f0       ??0CShaderParam@Water@@QAE@PBDW4ShaderParamType_t@@00H@Z 100881f0 f i deferred_water.obj
 0002:0001b2b0       ?Count@?$CUtlVector@PAVCShaderParam@Water@@V?$CUtlMemory@PAVCShaderParam@Water@@H@@@@QBEHXZ 100882b0 f i deferred_water.obj
 0002:0001b2f0       ?AddToTail@?$CUtlVector@PAVCShaderParam@Water@@V?$CUtlMemory@PAVCShaderParam@Water@@H@@@@QAEHABQAVCShaderParam@Water@@@Z 100882f0 f i deferred_water.obj
 0002:0001b460       ?InsertBefore@?$CUtlVector@PAVCShaderParam@Water@@V?$CUtlMemory@PAVCShaderParam@Water@@H@@@@QAEHHABQAVCShaderParam@Water@@@Z 10088460 f i deferred_water.obj
 0002:0001b6e0       ?Element@?$CUtlVector@PAVCShaderParam@Water@@V?$CUtlMemory@PAVCShaderParam@Water@@H@@@@QAEAAPAVCShaderParam@Water@@H@Z 100886e0 f i deferred_water.obj
 0002:0001b810       ??A?$CUtlMemory@PAVCShaderParam@Water@@H@@QAEAAPAVCShaderParam@Water@@H@Z 10088810 f i deferred_water.obj
 0002:0001ba10       ?IsValidIndex@?$CUtlVector@PAVCShaderParam@Water@@V?$CUtlMemory@PAVCShaderParam@Water@@H@@@@QBE_NH@Z 10088a10 f i deferred_water.obj
 0002:0001ba80       ?GrowVector@?$CUtlVector@PAVCShaderParam@Water@@V?$CUtlMemory@PAVCShaderParam@Water@@H@@@@IAEXH@Z 10088a80 f i deferred_water.obj
 0002:0001bba0       ?ShiftElementsRight@?$CUtlVector@PAVCShaderParam@Water@@V?$CUtlMemory@PAVCShaderParam@Water@@H@@@@IAEXHH@Z 10088ba0 f i deferred_water.obj
 0002:0001bd40       ??$CopyConstruct@PAVCShaderParam@Water@@@@YAPAPAVCShaderParam@Water@@PAPAV01@ABQAV01@@Z 10088d40 f i deferred_water.obj
 0002:0001bde0       ?IsIdxValid@?$CUtlMemory@PAVCShaderParam@Water@@H@@QBE_NH@Z 10088de0 f i deferred_water.obj
 0002:0001be60       ?NumAllocated@?$CUtlMemory@PAVCShaderParam@Water@@H@@QBEHXZ 10088e60 f i deferred_water.obj
 0002:0001bea0       ?Grow@?$CUtlMemory@PAVCShaderParam@Water@@H@@QAEXH@Z 10088ea0 f i deferred_water.obj
 0002:0001c510       ?IsExternallyAllocated@?$CUtlMemory@PAVCShaderParam@Water@@H@@QBE_NXZ 10089510 f i deferred_water.obj
 0002:0001c560       ??$MemAllocClassName@V?$CUtlVector@PAVCShaderParam@Water@@V?$CUtlMemory@PAVCShaderParam@Water@@H@@@@@@YAPBDPAV?$CUtlVector@PAVCShaderParam@Water@@V?$CUtlMemory@PAVCShaderParam@Water@@H@@@@@Z 10089560 f i deferred_water.obj
 0002:0001c5e0       ??0CShader@Water@@QAE@XZ   100895e0 f i deferred_water.obj
 0002:0001c640       ?OnInitShaderParams@CShader@Water@@UAEXPAPAVIMaterialVar@@PBD@Z 10089640 f i deferred_water.obj
 0002:0001c800       ??0defParms_Water@@QAE@XZ  10089800 f i deferred_water.obj
 0002:0001c870       ?SetupParmsGBuffer0@CShader@Water@@QAEXAAUdefParms_gBuffer0@@@Z 10089870 f i deferred_water.obj
 0002:0001cb80       ??BCShaderParam@Water@@QAEHXZ 10089b80 f i deferred_water.obj
 0002:0001cbc0       ?SetupParmsShadow@CShader@Water@@QAEXAAUdefParms_shadow@@@Z 10089bc0 f i deferred_water.obj
 0002:0001cc40       ?SetupParamsWater@CShader@Water@@QAEXAAUdefParms_Water@@@Z 10089c40 f i deferred_water.obj
 0002:0001d1d0       ?DrawToGBuffer@CShader@Water@@QAE_NPAPAVIMaterialVar@@@Z 1008a1d0 f i deferred_water.obj
 0002:0001d210       ?GetName@CShader@Water@@UBEPBDXZ 1008a210 f i deferred_water.obj
 0002:0001d250       ?GetFlags@CShader@Water@@UBEHXZ 1008a250 f i deferred_water.obj
 0002:0001d290       ?GetParamCount@CShader@Water@@UBEHXZ 1008a290 f i deferred_water.obj
 0002:0001d2f0       ?GetParamInfo@CShader@Water@@UBEABUShaderParamInfo_t@@H@Z 1008a2f0 f i deferred_water.obj
 0002:0001d390       ?GetInfo@CShaderParam@Water@@QBEABUShaderParamInfo_t@@XZ 1008a390 f i deferred_water.obj
 0002:0001d3d0       ?OnInitShaderInstance@CShader@Water@@UAEXPAPAVIMaterialVar@@PAVIShaderInit@@PBD@Z 1008a3d0 f i deferred_water.obj
 0002:0001d630       ?GetFallbackShader@CShader@Water@@UBEPBDPAPAVIMaterialVar@@@Z 1008a630 f i deferred_water.obj
 0002:0001d670       ?OnDrawElements@CShader@Water@@UAEXPAPAVIMaterialVar@@PAVIShaderShadow@@PAVIShaderDynamicAPI@@W4VertexCompressionType_t@@PAPAVCBasePerMaterialContextData@@@Z 1008a670 f i deferred_water.obj
 0002:0001da60       ??A?$CUtlVector@PAVCShaderParam@Water@@V?$CUtlMemory@PAVCShaderParam@Water@@H@@@@QAEAAPAVCShaderParam@Water@@H@Z 1008aa60 f i deferred_water.obj
 0002:0001db90       ??1?$CUtlVector@PAVCShaderParam@Water@@V?$CUtlMemory@PAVCShaderParam@Water@@H@@@@QAE@XZ 1008ab90 f i deferred_water.obj
 0002:0001dbf0       ?Purge@?$CUtlVector@PAVCShaderParam@Water@@V?$CUtlMemory@PAVCShaderParam@Water@@H@@@@QAEXXZ 1008abf0 f i deferred_water.obj
 0002:0001dc60       ??1?$CUtlMemory@PAVCShaderParam@Water@@H@@QAE@XZ 1008ac60 f i deferred_water.obj
 0002:0001dcb0       ?RemoveAll@?$CUtlVector@PAVCShaderParam@Water@@V?$CUtlMemory@PAVCShaderParam@Water@@H@@@@QAEXXZ 1008acb0 f i deferred_water.obj
 0002:0001dd40       ?Purge@?$CUtlMemory@PAVCShaderParam@Water@@H@@QAEXXZ 1008ad40 f i deferred_water.obj
 0002:0001ddf0       ??$Destruct@PAVCShaderParam@Water@@@@YAXPAPAVCShaderParam@Water@@@Z 1008adf0 f i deferred_water.obj
 0002:0001de50       ?InitParmsComposite@@YAXABUdefParms_composite@@PAVCBaseVSShader@@PAPAVIMaterialVar@@@Z 1008ae50 f   defpass_composite.obj
 0002:0001e660       ?InitPassComposite@@YAXABUdefParms_composite@@PAVCBaseVSShader@@PAPAVIMaterialVar@@@Z 1008b660 f   defpass_composite.obj
 0002:0001ea30       ?DrawPassComposite@@YAXABUdefParms_composite@@PAVCBaseVSShader@@PAPAVIMaterialVar@@PAVIShaderShadow@@PAVIShaderDynamicAPI@@W4VertexCompressionType_t@@PAVCDeferredPerMaterialContextData@@@Z 1008ba30 f   defpass_composite.obj
 0002:00022070       ?GetBool@ConVar@@QBE_NXZ   1008f070 f i defpass_composite.obj
 0002:000220d0       ?IsTexture@IMaterialVar@@QBE_NXZ 1008f0d0 f i defpass_composite.obj
 0002:00022120       ?GetVecValue@IMaterialVar@@QBEPBMXZ 1008f120 f i defpass_composite.obj
 0002:00022170       ?GetVecValueFast@IMaterialVar@@QBEPBMXZ 1008f170 f i defpass_composite.obj
 0002:000221d0       ?GetTexture_LightAccum@CDeferredExtension@@QAEPAVITexture@@XZ 1008f1d0 f i defpass_composite.obj
 0002:00022210       ?GetTexture_LightCtrl@CDeferredExtension@@QAEPAVITexture@@XZ 1008f210 f i defpass_composite.obj
 0002:00022250       ?SetCommands@CDeferredPerMaterialContextData@@QAEXW4DefStage_t@1@PAE@Z 1008f250 f i defpass_composite.obj
 0002:00022480       ?GetCommands@CDeferredPerMaterialContextData@@QAEPAEW4DefStage_t@1@@Z 1008f480 f i defpass_composite.obj
 0002:000225a0       ?HasCommands@CDeferredPerMaterialContextData@@QAE_NW4DefStage_t@1@@Z 1008f5a0 f i defpass_composite.obj
 0002:00022600       ?SetMODEL@composite_vs30_Static_Index@@QAEXH@Z 1008f600 f i defpass_composite.obj
 0002:00022740       ?SetDECAL@composite_vs30_Static_Index@@QAEXH@Z 1008f740 f i defpass_composite.obj
 0002:00022880       ?SetMORPHING_VTEX@composite_vs30_Static_Index@@QAEXH@Z 1008f880 f i defpass_composite.obj
 0002:000229c0       ?SetEYEVEC@composite_vs30_Static_Index@@QAEXH@Z 1008f9c0 f i defpass_composite.obj
 0002:00022b00       ?SetBASETEXTURE2@composite_vs30_Static_Index@@QAEXH@Z 1008fb00 f i defpass_composite.obj
 0002:00022c40       ?SetBLENDMODULATE@composite_vs30_Static_Index@@QAEXH@Z 1008fc40 f i defpass_composite.obj
 0002:00022d80       ?SetMULTIBLEND@composite_vs30_Static_Index@@QAEXH@Z 1008fd80 f i defpass_composite.obj
 0002:00022ec0       ??0composite_vs30_Static_Index@@QAE@PAVIShaderShadow@@PAPAVIMaterialVar@@@Z 1008fec0 f i defpass_composite.obj
 0002:00023000       ?GetIndex@composite_vs30_Static_Index@@QBEHXZ 10090000 f i defpass_composite.obj
 0002:00023820       ?SetCOMPRESSED_VERTS@composite_vs30_Dynamic_Index@@QAEXH@Z 10090820 f i defpass_composite.obj
 0002:00023970       ?SetSKINNING@composite_vs30_Dynamic_Index@@QAEXH@Z 10090970 f i defpass_composite.obj
 0002:00023ac0       ?SetMORPHING@composite_vs30_Dynamic_Index@@QAEXH@Z 10090ac0 f i defpass_composite.obj
 0002:00023c10       ??0composite_vs30_Dynamic_Index@@QAE@PAVIShaderDynamicAPI@@@Z 10090c10 f i defpass_composite.obj
 0002:00023cc0       ?GetIndex@composite_vs30_Dynamic_Index@@QBEHXZ 10090cc0 f i defpass_composite.obj
 0002:00023e40       ?SetALPHATEST@composite_ps30_Static_Index@@QAEXH@Z 10090e40 f i defpass_composite.obj
 0002:00023f80       ?SetTRANSLUCENT@composite_ps30_Static_Index@@QAEXH@Z 10090f80 f i defpass_composite.obj
 0002:000240c0       ?SetREADNORMAL@composite_ps30_Static_Index@@QAEXH@Z 100910c0 f i defpass_composite.obj
 0002:00024200       ?SetNOCULL@composite_ps30_Static_Index@@QAEXH@Z 10091200 f i defpass_composite.obj
 0002:00024340       ?SetPHONGFRESNEL@composite_ps30_Static_Index@@QAEXH@Z 10091340 f i defpass_composite.obj
 0002:00024480       ?SetENVMAP@composite_ps30_Static_Index@@QAEXH@Z 10091480 f i defpass_composite.obj
 0002:000245c0       ?SetENVMAPMASK@composite_ps30_Static_Index@@QAEXH@Z 100915c0 f i defpass_composite.obj
 0002:00024710       ?SetENVMAPFRESNEL@composite_ps30_Static_Index@@QAEXH@Z 10091710 f i defpass_composite.obj
 0002:00024860       ?SetRIMLIGHT@composite_ps30_Static_Index@@QAEXH@Z 10091860 f i defpass_composite.obj
 0002:000249b0       ?SetRIMLIGHTMODULATELIGHT@composite_ps30_Static_Index@@QAEXH@Z 100919b0 f i defpass_composite.obj
 0002:00024b00       ?SetBASETEXTURE2@composite_ps30_Static_Index@@QAEXH@Z 10091b00 f i defpass_composite.obj
 0002:00024c50       ?SetBLENDMODULATE@composite_ps30_Static_Index@@QAEXH@Z 10091c50 f i defpass_composite.obj
 0002:00024da0       ?SetMULTIBLEND@composite_ps30_Static_Index@@QAEXH@Z 10091da0 f i defpass_composite.obj
 0002:00024ef0       ?SetSELFILLUM@composite_ps30_Static_Index@@QAEXH@Z 10091ef0 f i defpass_composite.obj
 0002:00025040       ?SetSELFILLUM_MASK@composite_ps30_Static_Index@@QAEXH@Z 10092040 f i defpass_composite.obj
 0002:00025190       ?SetSELFILLUM_ENVMAP_ALPHA@composite_ps30_Static_Index@@QAEXH@Z 10092190 f i defpass_composite.obj
 0002:000252e0       ??0composite_ps30_Static_Index@@QAE@PAVIShaderShadow@@PAPAVIMaterialVar@@@Z 100922e0 f i defpass_composite.obj
 0002:00025580       ?GetIndex@composite_ps30_Static_Index@@QBEHXZ 10092580 f i defpass_composite.obj
 0002:000268f0       ?SetPIXELFOGTYPE@composite_ps30_Dynamic_Index@@QAEXH@Z 100938f0 f i defpass_composite.obj
 0002:00026a40       ??0composite_ps30_Dynamic_Index@@QAE@PAVIShaderDynamicAPI@@@Z 10093a40 f i defpass_composite.obj
 0002:00026aa0       ?GetIndex@composite_ps30_Dynamic_Index@@QBEHXZ 10093aa0 f i defpass_composite.obj
 0002:00026bd0       ?End@?$CCommandBufferBuilder@V?$CFixedCommandStorageBuffer@$0CAA@@@@@QAEXXZ 10093bd0 f i defpass_composite.obj
 0002:00026c30       ?SetPixelShaderConstant@?$CCommandBufferBuilder@V?$CFixedCommandStorageBuffer@$0CAA@@@@@QAEXHH@Z 10093c30 f i defpass_composite.obj
 0002:00026ca0       ?SetPixelShaderConstant@?$CCommandBufferBuilder@V?$CFixedCommandStorageBuffer@$0CAA@@@@@QAEXHPBM@Z 10093ca0 f i defpass_composite.obj
 0002:00026d10       ?SetPixelShaderConstant1@?$CCommandBufferBuilder@V?$CFixedCommandStorageBuffer@$0CAA@@@@@QAEXHM@Z 10093d10 f i defpass_composite.obj
 0002:00026d90       ?SetVertexShaderTextureTransform@?$CCommandBufferBuilder@V?$CFixedCommandStorageBuffer@$0CAA@@@@@QAEXHH@Z 10093d90 f i defpass_composite.obj
 0002:00026fb0       ?SetPixelShaderFogParams@?$CCommandBufferBuilder@V?$CFixedCommandStorageBuffer@$0CAA@@@@@QAEXH@Z 10093fb0 f i defpass_composite.obj
 0002:00027020       ?BindStandardTexture@?$CCommandBufferBuilder@V?$CFixedCommandStorageBuffer@$0CAA@@@@@QAEXW4Sampler_t@@W4StandardTextureId_t@@@Z 10094020 f i defpass_composite.obj
 0002:000270a0       ?BindTexture@?$CCommandBufferBuilder@V?$CFixedCommandStorageBuffer@$0CAA@@@@@QAEXPAVCBaseVSShader@@W4Sampler_t@@H@Z 100940a0 f i defpass_composite.obj
 0002:00027110       ?Reset@?$CCommandBufferBuilder@V?$CFixedCommandStorageBuffer@$0CAA@@@@@QAEXXZ 10094110 f i defpass_composite.obj
 0002:00027160       ?Copy@?$CCommandBufferBuilder@V?$CFixedCommandStorageBuffer@$0CAA@@@@@QAEPAEXZ 10094160 f i defpass_composite.obj
 0002:000271b0       ?Param@?$CCommandBufferBuilder@V?$CFixedCommandStorageBuffer@$0CAA@@@@@QBEPAVIMaterialVar@@H@Z 100941b0 f i defpass_composite.obj
 0002:00027210       ?GetParam@CBaseVSShader@@SAPAVIMaterialVar@@H@Z 10094210 f i defpass_composite.obj
 0002:00027250       ?SetPixelShaderConstants@?$CCommandBufferBuilder@V?$CFixedCommandStorageBuffer@$0CAA@@@@@QAEXHH@Z 10094250 f i defpass_composite.obj
 0002:000272d0       ?OutputConstantData@?$CCommandBufferBuilder@V?$CFixedCommandStorageBuffer@$0CAA@@@@@QAEXPBM@Z 100942d0 f i defpass_composite.obj
 0002:00027370       ?SetPixelShaderConstant4@?$CCommandBufferBuilder@V?$CFixedCommandStorageBuffer@$0CAA@@@@@QAEXHMMMM@Z 10094370 f i defpass_composite.obj
 0002:00027400       ?SetVertexShaderConstant@?$CCommandBufferBuilder@V?$CFixedCommandStorageBuffer@$0CAA@@@@@QAEXHPBMH@Z 10094400 f i defpass_composite.obj
 0002:00027490       ?BindTexture@?$CCommandBufferBuilder@V?$CFixedCommandStorageBuffer@$0CAA@@@@@QAEXPAVCBaseVSShader@@W4Sampler_t@@HH@Z 10094490 f i defpass_composite.obj
 0002:00027510       ?PutInt@?$CFixedCommandStorageBuffer@$0CAA@@@QAEXH@Z 10094510 f i defpass_composite.obj
 0002:00027570       ?Reset@?$CFixedCommandStorageBuffer@$0CAA@@@QAEXXZ 10094570 f i defpass_composite.obj
 0002:000275d0       ?Copy@?$CFixedCommandStorageBuffer@$0CAA@@@QAEPAEXZ 100945d0 f i defpass_composite.obj
 0002:00027670       ?OutputConstantData4@?$CCommandBufferBuilder@V?$CFixedCommandStorageBuffer@$0CAA@@@@@QAEXMMMM@Z 10094670 f i defpass_composite.obj
 0002:00027710       ?BindTexture@?$CCommandBufferBuilder@V?$CFixedCommandStorageBuffer@$0CAA@@@@@QAEXW4Sampler_t@@H@Z 10094710 f i defpass_composite.obj
 0002:00027790       ?PutFloat@?$CFixedCommandStorageBuffer@$0CAA@@@QAEXM@Z 10094790 f i defpass_composite.obj
 0002:000277f0       ?PutMemory@?$CFixedCommandStorageBuffer@$0CAA@@@QAEXPBXI@Z 100947f0 f i defpass_composite.obj
 0002:00027890       ?Size@?$CFixedCommandStorageBuffer@$0CAA@@@QBEIXZ 10094890 f i defpass_composite.obj
 0002:000278e0       ?EnsureCapacity@?$CFixedCommandStorageBuffer@$0CAA@@@QAEXI@Z 100948e0 f i defpass_composite.obj
 0002:000279f0       ??$Put@H@?$CFixedCommandStorageBuffer@$0CAA@@@QAEXABH@Z 100949f0 f i defpass_composite.obj
 0002:00027a90       ??$Put@M@?$CFixedCommandStorageBuffer@$0CAA@@@QAEXABM@Z 10094a90 f i defpass_composite.obj
 0002:00027b30       ??0?$CCommandBufferBuilder@V?$CFixedCommandStorageBuffer@$0CAA@@@@@QAE@XZ 10094b30 f i defpass_composite.obj
 0002:00027b90       ??0?$CFixedCommandStorageBuffer@$0CAA@@@QAE@XZ 10094b90 f i defpass_composite.obj
 0002:00027bf0       ?InitParmsGBuffer@@YAXABUdefParms_gBuffer0@@PAVCBaseVSShader@@PAPAVIMaterialVar@@@Z 10094bf0 f   defpass_gbuffer.obj
 0002:00028010       ?InitFloatParam@@YAXHPAPAVIMaterialVar@@M@Z 10095010 f i defpass_gbuffer.obj
 0002:000280c0       ?InitIntParam@@YAXHPAPAVIMaterialVar@@H@Z 100950c0 f i defpass_gbuffer.obj
 0002:00028170       ?InitPassGBuffer@@YAXABUdefParms_gBuffer0@@PAVCBaseVSShader@@PAPAVIMaterialVar@@@Z 10095170 f   defpass_gbuffer.obj
 0002:000283c0       ?DrawPassGBuffer@@YAXABUdefParms_gBuffer0@@PAVCBaseVSShader@@PAPAVIMaterialVar@@PAVIShaderShadow@@PAVIShaderDynamicAPI@@W4VertexCompressionType_t@@PAVCDeferredPerMaterialContextData@@@Z 100953c0 f   defpass_gbuffer.obj
 0002:0002b120       ?GetString@ConVar@@QBEPBDXZ 10098120 f i defpass_gbuffer.obj
 0002:0002b1b0       ?IsTextureSet@@YA_NHPAPAVIMaterialVar@@@Z 100981b0 f i defpass_gbuffer.obj
 0002:0002b240       ?GetIntParam@@YAHHPAPAVIMaterialVar@@H@Z 10098240 f i defpass_gbuffer.obj
 0002:0002b2c0       ?GetFloatParam@@YAMHPAPAVIMaterialVar@@M@Z 100982c0 f i defpass_gbuffer.obj
 0002:0002b340       ?GetForwardBase@CDeferredExtension@@QAEPAMXZ 10098340 f i defpass_gbuffer.obj
 0002:0002b3a0       ?GetZScale@CDeferredExtension@@QAEMXZ 100983a0 f i defpass_gbuffer.obj
 0002:0002b3e0       ?SetMODEL@gbuffer_vs30_Static_Index@@QAEXH@Z 100983e0 f i defpass_gbuffer.obj
 0002:0002b520       ?SetTANGENTSPACE@gbuffer_vs30_Static_Index@@QAEXH@Z 10098520 f i defpass_gbuffer.obj
 0002:0002b660       ?SetMORPHING_VTEX@gbuffer_vs30_Static_Index@@QAEXH@Z 10098660 f i defpass_gbuffer.obj
 0002:0002b7a0       ?SetBUMPMAP2@gbuffer_vs30_Static_Index@@QAEXH@Z 100987a0 f i defpass_gbuffer.obj
 0002:0002b8e0       ?SetBLENDMODULATE@gbuffer_vs30_Static_Index@@QAEXH@Z 100988e0 f i defpass_gbuffer.obj
 0002:0002ba20       ?SetTREESWAY@gbuffer_vs30_Static_Index@@QAEXH@Z 10098a20 f i defpass_gbuffer.obj
 0002:0002bb60       ??0gbuffer_vs30_Static_Index@@QAE@PAVIShaderShadow@@PAPAVIMaterialVar@@@Z 10098b60 f i defpass_gbuffer.obj
 0002:0002bc80       ?GetIndex@gbuffer_vs30_Static_Index@@QBEHXZ 10098c80 f i defpass_gbuffer.obj
 0002:0002c1e0       ?SetCOMPRESSED_VERTS@gbuffer_vs30_Dynamic_Index@@QAEXH@Z 100991e0 f i defpass_gbuffer.obj
 0002:0002c330       ?SetSKINNING@gbuffer_vs30_Dynamic_Index@@QAEXH@Z 10099330 f i defpass_gbuffer.obj
 0002:0002c480       ?SetMORPHING@gbuffer_vs30_Dynamic_Index@@QAEXH@Z 10099480 f i defpass_gbuffer.obj
 0002:0002c5d0       ??0gbuffer_vs30_Dynamic_Index@@QAE@PAVIShaderDynamicAPI@@@Z 100995d0 f i defpass_gbuffer.obj
 0002:0002c680       ?GetIndex@gbuffer_vs30_Dynamic_Index@@QBEHXZ 10099680 f i defpass_gbuffer.obj
 0002:0002c800       ?SetALPHATEST@gbuffer_ps30_Static_Index@@QAEXH@Z 10099800 f i defpass_gbuffer.obj
 0002:0002c940       ?SetBUMPMAP@gbuffer_ps30_Static_Index@@QAEXH@Z 10099940 f i defpass_gbuffer.obj
 0002:0002ca80       ?SetNOCULL@gbuffer_ps30_Static_Index@@QAEXH@Z 10099a80 f i defpass_gbuffer.obj
 0002:0002cbc0       ?SetBUMPMAP2@gbuffer_ps30_Static_Index@@QAEXH@Z 10099bc0 f i defpass_gbuffer.obj
 0002:0002cd00       ?SetBLENDMODULATE@gbuffer_ps30_Static_Index@@QAEXH@Z 10099d00 f i defpass_gbuffer.obj
 0002:0002ce40       ?SetPARALLAXOCCLUSION@gbuffer_ps30_Static_Index@@QAEXH@Z 10099e40 f i defpass_gbuffer.obj
 0002:0002cf80       ?SetTRANSLUCENT@gbuffer_ps30_Static_Index@@QAEXH@Z 10099f80 f i defpass_gbuffer.obj
 0002:0002d0c0       ?SetFLOWMAP@gbuffer_ps30_Static_Index@@QAEXH@Z 1009a0c0 f i defpass_gbuffer.obj
 0002:0002d200       ?SetDEDICATEDMRAO@gbuffer_ps30_Static_Index@@QAEXH@Z 1009a200 f i defpass_gbuffer.obj
 0002:0002d340       ??0gbuffer_ps30_Static_Index@@QAE@PAVIShaderShadow@@PAPAVIMaterialVar@@@Z 1009a340 f i defpass_gbuffer.obj
 0002:0002d4d0       ?GetIndex@gbuffer_ps30_Static_Index@@QBEHXZ 1009a4d0 f i defpass_gbuffer.obj
 0002:0002d930       ??0gbuffer_ps30_Dynamic_Index@@QAE@PAVIShaderDynamicAPI@@@Z 1009a930 f i defpass_gbuffer.obj
 0002:0002d970       ?GetIndex@gbuffer_ps30_Dynamic_Index@@QBEHXZ 1009a970 f i defpass_gbuffer.obj
 0002:0002db70       ?SetVertexShaderConstant@?$CCommandBufferBuilder@V?$CFixedCommandStorageBuffer@$0CAA@@@@@QAEXHPBM@Z 1009ab70 f i defpass_gbuffer.obj
 0002:0002dbf0       ?InitParmsShadowPass@@YAXABUdefParms_shadow@@PAVCBaseVSShader@@PAPAVIMaterialVar@@@Z 1009abf0 f   defpass_shadow.obj
 0002:0002dcf0       ?InitPassShadowPass@@YAXABUdefParms_shadow@@PAVCBaseVSShader@@PAPAVIMaterialVar@@@Z 1009acf0 f   defpass_shadow.obj
 0002:0002dd90       ?DrawPassShadowPass@@YAXABUdefParms_shadow@@PAVCBaseVSShader@@PAPAVIMaterialVar@@PAVIShaderShadow@@PAVIShaderDynamicAPI@@W4VertexCompressionType_t@@PAVCDeferredPerMaterialContextData@@@Z 1009ad90 f   defpass_shadow.obj
 0002:0002eef0       ?CommitShadowcastingConstants_Ortho@@YAXPAVIShaderDynamicAPI@@HHHH@Z 1009bef0 f i defpass_shadow.obj
 0002:0002f050       ??DVector4D@@QBE?AV0@M@Z   1009c050 f i defpass_shadow.obj
 0002:0002f110       ?Vector4DMultiply@@YAXABVVector4D@@MAAV1@@Z 1009c110 f i defpass_shadow.obj
 0002:0002f2a0       ?CommitShadowcastingConstants_Proj@@YAXPAVIShaderDynamicAPI@@HHHH@Z 1009c2a0 f i defpass_shadow.obj
 0002:0002f390       ?GetShadowData_Proj@CDeferredExtension@@QAEABUshadowData_proj_t@@ABH@Z 1009c390 f i defpass_shadow.obj
 0002:0002f4e0       ?CommitViewVertexShader@@YAXPAVIShaderDynamicAPI@@H@Z 1009c4e0 f i defpass_shadow.obj
 0002:0002f5f0       ?Identity@VMatrix@@QAEXXZ  1009c5f0 f i defpass_shadow.obj
 0002:0002f650       ?SetMODEL@shadowpass_vs30_Static_Index@@QAEX_N@Z 1009c650 f i defpass_shadow.obj
 0002:0002f6b0       ?SetMORPHING_VTEX@shadowpass_vs30_Static_Index@@QAEX_N@Z 1009c6b0 f i defpass_shadow.obj
 0002:0002f710       ??0shadowpass_vs30_Static_Index@@QAE@PAVIShaderShadow@@PAPAVIMaterialVar@@@Z 1009c710 f i defpass_shadow.obj
 0002:0002f780       ?GetIndex@shadowpass_vs30_Static_Index@@QAEHXZ 1009c780 f i defpass_shadow.obj
 0002:0002f8e0       ?SetCOMPRESSED_VERTS@shadowpass_vs30_Dynamic_Index@@QAEXH@Z 1009c8e0 f i defpass_shadow.obj
 0002:0002fa00       ?SetSKINNING@shadowpass_vs30_Dynamic_Index@@QAEXH@Z 1009ca00 f i defpass_shadow.obj
 0002:0002fb20       ?SetMORPHING@shadowpass_vs30_Dynamic_Index@@QAEXH@Z 1009cb20 f i defpass_shadow.obj
 0002:0002fc50       ?SetSHADOW_MODE@shadowpass_vs30_Dynamic_Index@@QAEXH@Z 1009cc50 f i defpass_shadow.obj
 0002:0002fd80       ??0shadowpass_vs30_Dynamic_Index@@QAE@PAVIShaderDynamicAPI@@@Z 1009cd80 f i defpass_shadow.obj
 0002:0002fe10       ?GetIndex@shadowpass_vs30_Dynamic_Index@@QAEHXZ 1009ce10 f i defpass_shadow.obj
 0002:0002ffb0       ?SetALPHATEST@shadowpass_ps30_Static_Index@@QAEX_N@Z 1009cfb0 f i defpass_shadow.obj
 0002:00030010       ??0shadowpass_ps30_Static_Index@@QAE@PAVIShaderShadow@@PAPAVIMaterialVar@@@Z 1009d010 f i defpass_shadow.obj
 0002:00030060       ?GetIndex@shadowpass_ps30_Static_Index@@QAEHXZ 1009d060 f i defpass_shadow.obj
 0002:00030180       ?SetSHADOW_MODE@shadowpass_ps30_Dynamic_Index@@QAEXH@Z 1009d180 f i defpass_shadow.obj
 0002:000302a0       ??0shadowpass_ps30_Dynamic_Index@@QAE@PAVIShaderDynamicAPI@@@Z 1009d2a0 f i defpass_shadow.obj
 0002:000302f0       ?GetIndex@shadowpass_ps30_Dynamic_Index@@QAEHXZ 1009d2f0 f i defpass_shadow.obj
 0002:00030410       ??0CDeferredExtension@@QAE@XZ 1009d410 f   IDeferredExt.obj
 0002:00030690       ??0lightData_Global_t@@QAE@XZ 1009d690 f i IDeferredExt.obj
 0002:000307d0       ??0shadowData_general_t@@QAE@XZ 1009d7d0 f i IDeferredExt.obj
 0002:00030830       ??_GCDeferredExtension@@UAEPAXI@Z 1009d830 f i IDeferredExt.obj
 0002:00030830       ??_ECDeferredExtension@@UAEPAXI@Z 1009d830 f i IDeferredExt.obj
 0002:000308a0       ??0IDeferredExtension@@QAE@XZ 1009d8a0 f i IDeferredExt.obj
 0002:00030900       ??0shadowData_ortho_t@@QAE@XZ 1009d900 f i IDeferredExt.obj
 0002:00030980       ??0shadowData_proj_t@@QAE@XZ 1009d980 f i IDeferredExt.obj
 0002:000309f0       ??_GIDeferredExtension@@UAEPAXI@Z 1009d9f0 f i IDeferredExt.obj
 0002:000309f0       ??_EIDeferredExtension@@UAEPAXI@Z 1009d9f0 f i IDeferredExt.obj
 0002:00030a60       ??1IDeferredExtension@@UAE@XZ 1009da60 f i IDeferredExt.obj
 0002:00030ab0       ??1IBaseInterface@@UAE@XZ  1009dab0 f i IDeferredExt.obj
 0002:00030af0       ??_GIBaseInterface@@UAEPAXI@Z 1009daf0 f i IDeferredExt.obj
 0002:00030af0       ??_EIBaseInterface@@UAEPAXI@Z 1009daf0 f i IDeferredExt.obj
 0002:00030b60       ??0IBaseInterface@@QAE@XZ  1009db60 f i IDeferredExt.obj
 0002:00030bb0       ??1CDeferredExtension@@UAE@XZ 1009dbb0 f   IDeferredExt.obj
 0002:00030c10       ?EnableDeferredLighting@CDeferredExtension@@UAEXXZ 1009dc10 f   IDeferredExt.obj
 0002:00030c50       ?IsDeferredLightingEnabled@CDeferredExtension@@QAE_NXZ 1009dc50 f   IDeferredExt.obj
 0002:00030c90       ?CommitOrigin@CDeferredExtension@@UAEXABVVector@@@Z 1009dc90 f   IDeferredExt.obj
 0002:00030d00       ?Base@Vector@@QBEPBMXZ     1009dd00 f i IDeferredExt.obj
 0002:00030d40       ?VectorCopy@@YAXPBMPAM@Z   1009dd40 f i IDeferredExt.obj
 0002:00030da0       ?CommitViewForward@CDeferredExtension@@UAEXABVVector@@@Z 1009dda0 f   IDeferredExt.obj
 0002:00030e10       ?CommitZDists@CDeferredExtension@@UAEXABM0@Z 1009de10 f   IDeferredExt.obj
 0002:00030e70       ?CommitZScale@CDeferredExtension@@UAEXABM@Z 1009de70 f   IDeferredExt.obj
 0002:00030ec0       ?CommitFrustumDeltas@CDeferredExtension@@UAEXABVVMatrix@@@Z 1009dec0 f   IDeferredExt.obj
 0002:00030f20       ?CommitShadowData_Ortho@CDeferredExtension@@UAEXABHABUshadowData_ortho_t@@@Z 1009df20 f   IDeferredExt.obj
 0002:00031070       ??4shadowData_ortho_t@@QAEAAU0@ABU0@@Z 1009e070 f i IDeferredExt.obj
 0002:00031130       ??4Vector4D@@QAEAAV0@ABV0@@Z 1009e130 f i IDeferredExt.obj
 0002:000312a0       ?CommitShadowData_Proj@CDeferredExtension@@UAEXABHABUshadowData_proj_t@@@Z 1009e2a0 f   IDeferredExt.obj
 0002:000313f0       ??4shadowData_proj_t@@QAEAAU0@ABU0@@Z 1009e3f0 f i IDeferredExt.obj
 0002:00031480       ?CommitShadowData_General@CDeferredExtension@@UAEXABUshadowData_general_t@@@Z 1009e480 f   IDeferredExt.obj
 0002:000314e0       ?CommitVolumeData@CDeferredExtension@@UAEXABUvolumeData_t@@@Z 1009e4e0 f   IDeferredExt.obj
 0002:00031550       ?CommitLightData_Global@CDeferredExtension@@UAEXABUlightData_Global_t@@@Z 1009e550 f   IDeferredExt.obj
 0002:000315b0       ??4lightData_Global_t@@QAEAAU0@ABU0@@Z 1009e5b0 f i IDeferredExt.obj
 0002:00031690       ?CommitLightData_Common@CDeferredExtension@@UAEPAMPAMHHHHH@Z 1009e690 f   IDeferredExt.obj
 0002:00031740       ?CommitTexture_General@CDeferredExtension@@UAEXPAVITexture@@000@Z 1009e740 f   IDeferredExt.obj
 0002:000317c0       ?CommitTexture_CascadedDepth@CDeferredExtension@@UAEXABHPAVITexture@@@Z 1009e7c0 f   IDeferredExt.obj
 0002:00031910       ?CommitTexture_DualParaboloidDepth@CDeferredExtension@@UAEXABHPAVITexture@@@Z 1009e910 f   IDeferredExt.obj
 0002:00031a60       ?CommitTexture_ProjectedDepth@CDeferredExtension@@UAEXABHPAVITexture@@@Z 1009ea60 f   IDeferredExt.obj
 0002:00031bb0       ?CommitTexture_Cookie@CDeferredExtension@@UAEXABHPAVITexture@@@Z 1009ebb0 f   IDeferredExt.obj
 0002:00031d00       ?CommitTexture_VolumePrePass@CDeferredExtension@@UAEXPAVITexture@@@Z 1009ed00 f   IDeferredExt.obj
 0002:00031d90       ??0?$CUtlVector@PAVCShaderParam@LIGHTING_GLOBAL@@V?$CUtlMemory@PAVCShaderParam@LIGHTING_GLOBAL@@H@@@@QAE@HH@Z 1009ed90 f i lighting_global.obj
 0002:00031e10       ?ResetDbgInfo@?$CUtlVector@PAVCShaderParam@LIGHTING_GLOBAL@@V?$CUtlMemory@PAVCShaderParam@LIGHTING_GLOBAL@@H@@@@IAEXXZ 1009ee10 f i lighting_global.obj
 0002:00031e70       ?Base@?$CUtlVector@PAVCShaderParam@LIGHTING_GLOBAL@@V?$CUtlMemory@PAVCShaderParam@LIGHTING_GLOBAL@@H@@@@QAEPAPAVCShaderParam@LIGHTING_GLOBAL@@XZ 1009ee70 f i lighting_global.obj
 0002:00031ec0       ??0?$CUtlMemory@PAVCShaderParam@LIGHTING_GLOBAL@@H@@QAE@HH@Z 1009eec0 f i lighting_global.obj
 0002:000320b0       ?Base@?$CUtlMemory@PAVCShaderParam@LIGHTING_GLOBAL@@H@@QAEPAPAVCShaderParam@LIGHTING_GLOBAL@@XZ 1009f0b0 f i lighting_global.obj
 0002:000321d0       ?ValidateGrowSize@?$CUtlMemory@PAVCShaderParam@LIGHTING_GLOBAL@@H@@IAEXXZ 1009f1d0 f i lighting_global.obj
 0002:00032210       ?IsReadOnly@?$CUtlMemory@PAVCShaderParam@LIGHTING_GLOBAL@@H@@QBE_NXZ 1009f210 f i lighting_global.obj
 0002:00032260       ??$MemAllocClassName@V?$CUtlMemory@PAVCShaderParam@LIGHTING_GLOBAL@@H@@@@YAPBDPAV?$CUtlMemory@PAVCShaderParam@LIGHTING_GLOBAL@@H@@@Z 1009f260 f i lighting_global.obj
 0002:000322e0       ??0CShader@LIGHTING_GLOBAL@@QAE@XZ 1009f2e0 f i lighting_global.obj
 0002:00032340       ?OnInitShaderParams@CShader@LIGHTING_GLOBAL@@UAEXPAPAVIMaterialVar@@PBD@Z 1009f340 f i lighting_global.obj
 0002:00032380       ?GetName@CShader@LIGHTING_GLOBAL@@UBEPBDXZ 1009f380 f i lighting_global.obj
 0002:000323c0       ?GetFlags@CShader@LIGHTING_GLOBAL@@UBEHXZ 1009f3c0 f i lighting_global.obj
 0002:00032400       ?GetParamCount@CShader@LIGHTING_GLOBAL@@UBEHXZ 1009f400 f i lighting_global.obj
 0002:00032460       ?GetParamInfo@CShader@LIGHTING_GLOBAL@@UBEABUShaderParamInfo_t@@H@Z 1009f460 f i lighting_global.obj
 0002:00032500       ?GetInfo@CShaderParam@LIGHTING_GLOBAL@@QBEABUShaderParamInfo_t@@XZ 1009f500 f i lighting_global.obj
 0002:00032540       ?OnInitShaderInstance@CShader@LIGHTING_GLOBAL@@UAEXPAPAVIMaterialVar@@PAVIShaderInit@@PBD@Z 1009f540 f i lighting_global.obj
 0002:00032580       ?GetFallbackShader@CShader@LIGHTING_GLOBAL@@UBEPBDPAPAVIMaterialVar@@@Z 1009f580 f i lighting_global.obj
 0002:000325c0       ?OnDrawElements@CShader@LIGHTING_GLOBAL@@UAEXPAPAVIMaterialVar@@PAVIShaderShadow@@PAVIShaderDynamicAPI@@W4VertexCompressionType_t@@PAPAVCBasePerMaterialContextData@@@Z 1009f5c0 f i lighting_global.obj
 0002:00032e40       ?MakeHalfAmbient@@YA?AVVector4D@@V1@0@Z 1009fe40 f i lighting_global.obj
 0002:00032fa0       ??HVector4D@@QBE?AV0@ABV0@@Z 1009ffa0 f i lighting_global.obj
 0002:00033060       ??GVector4D@@QBE?AV0@ABV0@@Z 100a0060 f i lighting_global.obj
 0002:00033120       ?Vector4DAdd@@YAXABVVector4D@@0AAV1@@Z 100a0120 f i lighting_global.obj
 0002:000332b0       ?Vector4DSubtract@@YAXABVVector4D@@0AAV1@@Z 100a02b0 f i lighting_global.obj
 0002:00033440       ??0lightingpass_global_ps30_Static_Index@@QAE@PAVIShaderShadow@@PAPAVIMaterialVar@@@Z 100a0440 f i lighting_global.obj
 0002:00033480       ?GetIndex@lightingpass_global_ps30_Static_Index@@QAEHXZ 100a0480 f i lighting_global.obj
 0002:000334c0       ?SetHAS_SHADOW@lightingpass_global_ps30_Dynamic_Index@@QAEX_N@Z 100a04c0 f i lighting_global.obj
 0002:00033520       ??0lightingpass_global_ps30_Dynamic_Index@@QAE@PAVIShaderDynamicAPI@@@Z 100a0520 f i lighting_global.obj
 0002:00033570       ?GetIndex@lightingpass_global_ps30_Dynamic_Index@@QAEHXZ 100a0570 f i lighting_global.obj
 0002:00033690       ??0lightData_Global_t@@QAE@ABU0@@Z 100a0690 f i lighting_global.obj
 0002:00033770       ??A?$CUtlVector@PAVCShaderParam@LIGHTING_GLOBAL@@V?$CUtlMemory@PAVCShaderParam@LIGHTING_GLOBAL@@H@@@@QAEAAPAVCShaderParam@LIGHTING_GLOBAL@@H@Z 100a0770 f i lighting_global.obj
 0002:000338a0       ?Count@?$CUtlVector@PAVCShaderParam@LIGHTING_GLOBAL@@V?$CUtlMemory@PAVCShaderParam@LIGHTING_GLOBAL@@H@@@@QBEHXZ 100a08a0 f i lighting_global.obj
 0002:000338e0       ??A?$CUtlMemory@PAVCShaderParam@LIGHTING_GLOBAL@@H@@QAEAAPAVCShaderParam@LIGHTING_GLOBAL@@H@Z 100a08e0 f i lighting_global.obj
 0002:00033ae0       ?IsIdxValid@?$CUtlMemory@PAVCShaderParam@LIGHTING_GLOBAL@@H@@QBE_NH@Z 100a0ae0 f i lighting_global.obj
 0002:00033b60       ??1?$CUtlVector@PAVCShaderParam@LIGHTING_GLOBAL@@V?$CUtlMemory@PAVCShaderParam@LIGHTING_GLOBAL@@H@@@@QAE@XZ 100a0b60 f i lighting_global.obj
 0002:00033bc0       ?Purge@?$CUtlVector@PAVCShaderParam@LIGHTING_GLOBAL@@V?$CUtlMemory@PAVCShaderParam@LIGHTING_GLOBAL@@H@@@@QAEXXZ 100a0bc0 f i lighting_global.obj
 0002:00033c30       ??1?$CUtlMemory@PAVCShaderParam@LIGHTING_GLOBAL@@H@@QAE@XZ 100a0c30 f i lighting_global.obj
 0002:00033c80       ?RemoveAll@?$CUtlVector@PAVCShaderParam@LIGHTING_GLOBAL@@V?$CUtlMemory@PAVCShaderParam@LIGHTING_GLOBAL@@H@@@@QAEXXZ 100a0c80 f i lighting_global.obj
 0002:00033d10       ?Element@?$CUtlVector@PAVCShaderParam@LIGHTING_GLOBAL@@V?$CUtlMemory@PAVCShaderParam@LIGHTING_GLOBAL@@H@@@@QAEAAPAVCShaderParam@LIGHTING_GLOBAL@@H@Z 100a0d10 f i lighting_global.obj
 0002:00033e40       ?Purge@?$CUtlMemory@PAVCShaderParam@LIGHTING_GLOBAL@@H@@QAEXXZ 100a0e40 f i lighting_global.obj
 0002:00033ef0       ?IsExternallyAllocated@?$CUtlMemory@PAVCShaderParam@LIGHTING_GLOBAL@@H@@QBE_NXZ 100a0ef0 f i lighting_global.obj
 0002:00033f40       ??$Destruct@PAVCShaderParam@LIGHTING_GLOBAL@@@@YAXPAPAVCShaderParam@LIGHTING_GLOBAL@@@Z 100a0f40 f i lighting_global.obj
 0002:00033fa0       ?InitParmsLightPass@@YAXABUlightPassParms@@PAVCBaseVSShader@@PAPAVIMaterialVar@@@Z 100a0fa0 f   lighting_pass_basic.obj
 0002:00034060       ?InitPassLightPass@@YAXABUlightPassParms@@PAVCBaseVSShader@@PAPAVIMaterialVar@@@Z 100a1060 f   lighting_pass_basic.obj
 0002:00034090       ?DrawPassLightPass@@YAXABUlightPassParms@@PAVCBaseVSShader@@PAPAVIMaterialVar@@PAVIShaderShadow@@PAVIShaderDynamicAPI@@W4VertexCompressionType_t@@@Z 100a1090 f   lighting_pass_basic.obj
 0002:000357a0       ?GetNumActiveLights_ShadowedCookied@CDeferredExtension@@QAEHXZ 100a27a0 f i lighting_pass_basic.obj
 0002:000357e0       ?GetNumActiveLights_Shadowed@CDeferredExtension@@QAEHXZ 100a27e0 f i lighting_pass_basic.obj
 0002:00035820       ?GetNumActiveLights_Cookied@CDeferredExtension@@QAEHXZ 100a2820 f i lighting_pass_basic.obj
 0002:00035860       ?GetNumActiveLights_Simple@CDeferredExtension@@QAEHXZ 100a2860 f i lighting_pass_basic.obj
 0002:000358a0       ?GetActiveLightData@CDeferredExtension@@QAEPAMXZ 100a28a0 f i lighting_pass_basic.obj
 0002:000358e0       ?GetActiveLights_NumRows@CDeferredExtension@@QAEHXZ 100a28e0 f i lighting_pass_basic.obj
 0002:00035920       ?GetTexture_ShadowDepth_DP@CDeferredExtension@@QAEPAVITexture@@ABH@Z 100a2920 f i lighting_pass_basic.obj
 0002:00035a60       ?GetTexture_ShadowDepth_Proj@CDeferredExtension@@QAEPAVITexture@@ABH@Z 100a2a60 f i lighting_pass_basic.obj
 0002:00035ba0       ?GetTexture_Cookie@CDeferredExtension@@QAEPAVITexture@@ABH@Z 100a2ba0 f i lighting_pass_basic.obj
 0002:00035ce0       ?CommitShadowProjectionConstants_DPSM@@YAXPAVIShaderDynamicAPI@@H@Z 100a2ce0 f i lighting_pass_basic.obj
 0002:00035e70       ?GetShadowData_General@CDeferredExtension@@QAEABUshadowData_general_t@@XZ 100a2e70 f i lighting_pass_basic.obj
 0002:00035eb0       ?CommitShadowProjectionConstants_Proj@@YAXPAVIShaderDynamicAPI@@H@Z 100a2eb0 f i lighting_pass_basic.obj
 0002:00036040       ?CommitHalfScreenTexel@@YAXPAVIShaderDynamicAPI@@HM@Z 100a3040 f i lighting_pass_basic.obj
 0002:000360b0       ?CommitFullScreenTexel@@YAXPAVIShaderDynamicAPI@@HM@Z 100a30b0 f i lighting_pass_basic.obj
 0002:000361c0       ?SetUSEWORLDTRANSFORM@lightingpass_pbr_point_ps30_Static_Index@@QAEXH@Z 100a31c0 f i lighting_pass_basic.obj
 0002:00036300       ??0lightingpass_pbr_point_ps30_Static_Index@@QAE@PAVIShaderShadow@@PAPAVIMaterialVar@@@Z 100a3300 f i lighting_pass_basic.obj
 0002:00036360       ?GetIndex@lightingpass_pbr_point_ps30_Static_Index@@QBEHXZ 100a3360 f i lighting_pass_basic.obj
 0002:00036480       ?SetNUM_SHADOWED_COOKIE@lightingpass_pbr_point_ps30_Dynamic_Index@@QAEXH@Z 100a3480 f i lighting_pass_basic.obj
 0002:000365c0       ?SetNUM_SHADOWED@lightingpass_pbr_point_ps30_Dynamic_Index@@QAEXH@Z 100a35c0 f i lighting_pass_basic.obj
 0002:00036700       ?SetNUM_COOKIE@lightingpass_pbr_point_ps30_Dynamic_Index@@QAEXH@Z 100a3700 f i lighting_pass_basic.obj
 0002:00036840       ?SetNUM_SIMPLE@lightingpass_pbr_point_ps30_Dynamic_Index@@QAEXH@Z 100a3840 f i lighting_pass_basic.obj
 0002:00036980       ??0lightingpass_pbr_point_ps30_Dynamic_Index@@QAE@PAVIShaderDynamicAPI@@@Z 100a3980 f i lighting_pass_basic.obj
 0002:00036a50       ?GetIndex@lightingpass_pbr_point_ps30_Dynamic_Index@@QBEHXZ 100a3a50 f i lighting_pass_basic.obj
 0002:00036cf0       ?SetUSEWORLDTRANSFORM@lightingpass_spot_ps30_Static_Index@@QAEXH@Z 100a3cf0 f i lighting_pass_basic.obj
 0002:00036e30       ??0lightingpass_spot_ps30_Static_Index@@QAE@PAVIShaderShadow@@PAPAVIMaterialVar@@@Z 100a3e30 f i lighting_pass_basic.obj
 0002:00036e90       ?GetIndex@lightingpass_spot_ps30_Static_Index@@QBEHXZ 100a3e90 f i lighting_pass_basic.obj
 0002:00036fb0       ?SetNUM_SHADOWED_COOKIE@lightingpass_spot_ps30_Dynamic_Index@@QAEXH@Z 100a3fb0 f i lighting_pass_basic.obj
 0002:000370f0       ?SetNUM_SHADOWED@lightingpass_spot_ps30_Dynamic_Index@@QAEXH@Z 100a40f0 f i lighting_pass_basic.obj
 0002:00037230       ?SetNUM_COOKIE@lightingpass_spot_ps30_Dynamic_Index@@QAEXH@Z 100a4230 f i lighting_pass_basic.obj
 0002:00037370       ?SetNUM_SIMPLE@lightingpass_spot_ps30_Dynamic_Index@@QAEXH@Z 100a4370 f i lighting_pass_basic.obj
 0002:000374b0       ??0lightingpass_spot_ps30_Dynamic_Index@@QAE@PAVIShaderDynamicAPI@@@Z 100a44b0 f i lighting_pass_basic.obj
 0002:00037580       ?GetIndex@lightingpass_spot_ps30_Dynamic_Index@@QBEHXZ 100a4580 f i lighting_pass_basic.obj
[...]
 0004:0001a930       __C_Termination_Done       1019c930     LIBCMTD:crt0dat.obj
 0004:0001a934       __C_Exit_Done              1019c934     LIBCMTD:crt0dat.obj
 0004:0001a95c       ?_pfnDumpClient@@3P6AXPAXI@ZA 1019c95c     LIBCMTD:dbgheap.obj
 0004:0001a964       ___crtDebugCheckCount      1019c964     LIBCMTD:dbgheap.obj
 0004:0001b0e4       ___pPurecall               1019d0e4     LIBCMTD:inithelp.obj
 0004:0001b0e8       __cflush                   1019d0e8     LIBCMTD:_file.obj
 0004:0001b0ec       __stdbuf                   1019d0ec     LIBCMTD:_sftbuf.obj
 0004:0001b0f8       ___pInvalidArgHandler      1019d0f8     LIBCMTD:invarg.obj
 0004:0001b2b4       ___mbulinfo                1019d2b4     LIBCMTD:mbctype.obj
 0004:0001b2c0       ___mbcodepage              1019d2c0     LIBCMTD:mbctype.obj
 0004:0001b2c4       ___ismbcodepage            1019d2c4     LIBCMTD:mbctype.obj
 0004:0001b2c8       ___mblcid                  1019d2c8     LIBCMTD:mbctype.obj
 0004:0001b2d4       _gpFlsAlloc                1019d2d4     LIBCMTD:tidtable.obj
 0004:0001b2d8       _gpFlsGetValue             1019d2d8     LIBCMTD:tidtable.obj
 0004:0001b2dc       _gpFlsSetValue             1019d2dc     LIBCMTD:tidtable.obj
 0004:0001b2e0       _gpFlsFree                 1019d2e0     LIBCMTD:tidtable.obj
 0004:0001b424       __crtheap                  1019d424     LIBCMTD:heapinit.obj
 0004:0001b42c       ?_pnhHeap@@3P6AHI@ZA       1019d42c     LIBCMTD:handler.obj
 0004:0001b430       ___locale_changed          1019d430     LIBCMTD:setlocal.obj
 0004:0001b43c       __outputformat             1019d43c     LIBCMTD:outputformat.obj
 0004:0001b440       ?__pInconsistency@@3P6AXXZA 1019d440     LIBCMTD:hooks.obj
 0004:0001b460       __newmode                  1019d460     LIBCMTD:_newmode.obj
 0004:0001b478       ?pArgList@UnDecorator@@0PAVReplicator@@A 1019d478     LIBCMTD:undname.obj
 0004:0001b47c       ?pZNameList@UnDecorator@@0PAVReplicator@@A 1019d47c     LIBCMTD:undname.obj
 0004:0001b480       ?pTemplateArgList@UnDecorator@@0PAVReplicator@@A 1019d480     LIBCMTD:undname.obj
 0004:0001b484       ?gName@UnDecorator@@0PBDB  1019d484     LIBCMTD:undname.obj
 0004:0001b488       ?name@UnDecorator@@0PBDB   1019d488     LIBCMTD:undname.obj
 0004:0001b48c       ?outputString@UnDecorator@@0PADA 1019d48c     LIBCMTD:undname.obj
 0004:0001b490       ?maxStringLength@UnDecorator@@0HA 1019d490     LIBCMTD:undname.obj
 0004:0001b494       ?disableFlags@UnDecorator@@0KA 1019d494     LIBCMTD:undname.obj
 0004:0001b498       ?m_pGetParameter@UnDecorator@@0P6APADJ@ZA 1019d498     LIBCMTD:undname.obj
 0004:0001b49c       ?fExplicitTemplateParams@UnDecorator@@0_NA 1019d49c     LIBCMTD:undname.obj
 0004:0001b49d       ?fGetTemplateArgumentList@UnDecorator@@0_NA 1019d49d     LIBCMTD:undname.obj
 0004:0001b510       ?nodes@?1??make@DNameStatusNode@@SAPAV2@W4DNameStatus@@@Z@4PAV2@A 1019d510     LIBCMTD:undname.obj
 0004:0001b54c       ??_B?1??make@DNameStatusNode@@SAPAV1@W4DNameStatus@@@Z@51 1019d54c     LIBCMTD:undname.obj
 0004:0001b92c       ___lconv_static_null       1019d92c     LIBCMTD:lconv.obj
 0004:0001b930       ___lconv_static_W_null     1019d930     LIBCMTD:lconv.obj
 0004:0001bb08       ?cvar@@3PAVICvar@@A        1019db08     interfaces:interfaces.obj
 0004:0001bb0c       ?g_pCVar@@3PAVICvar@@A     1019db0c     interfaces:interfaces.obj
 0004:0001bb10       ?g_pProcessUtils@@3PAVIProcessUtils@@A 1019db10     interfaces:interfaces.obj
 0004:0001bb18       ?g_pPhysics2@@3PAVIPhysics2@@A 1019db18     interfaces:interfaces.obj
 0004:0001bb1c       ?g_pPhysics2ActorManager@@3PAVIPhysics2ActorManager@@A 1019db1c     interfaces:interfaces.obj
 0004:0001bb20       ?g_pPhysics2ResourceManager@@3PAVIPhysics2ResourceManager@@A 1019db20     interfaces:interfaces.obj
 0004:0001bb24       ?g_pEventSystem@@3PAVIEventSystem@@A 1019db24     interfaces:interfaces.obj
 0004:0001bb28       ?g_pLocalize@@3PAVILocalize@@A 1019db28     interfaces:interfaces.obj
 0004:0001bb2c       ?g_pResourceSystem@@3PAVIResourceSystem@@A 1019db2c     interfaces:interfaces.obj
 0004:0001bb30       ?g_pRenderDeviceMgr@@3PAVIRenderDeviceMgr@@A 1019db30     interfaces:interfaces.obj
 0004:0001bb34       ?g_pFullFileSystem@@3PAVIFileSystem@@A 1019db34     interfaces:interfaces.obj
 0004:0001bb38       ?g_pAsyncFileSystem@@3PAVIAsyncFileSystem@@A 1019db38     interfaces:interfaces.obj
 0004:0001bb3c       ?materials@@3PAVIMaterialSystem@@A 1019db3c     interfaces:interfaces.obj
 0004:0001bb40       ?g_pMaterialSystem@@3PAVIMaterialSystem@@A 1019db40     interfaces:interfaces.obj
 0004:0001bb44       ?g_pMaterialSystem2@@3PAVIMaterialSystem2@@A 1019db44     interfaces:interfaces.obj
 0004:0001bb48       ?g_pInputSystem@@3PAVIInputSystem@@A 1019db48     interfaces:interfaces.obj
 0004:0001bb4c       ?g_pInputStackSystem@@3PAVIInputStackSystem@@A 1019db4c     interfaces:interfaces.obj
 0004:0001bb50       ?g_pNetworkSystem@@3PAVINetworkSystem@@A 1019db50     interfaces:interfaces.obj
 0004:0001bb54       ?g_pSoundSystem@@3PAVISoundSystem@@A 1019db54     interfaces:interfaces.obj
 0004:0001bb58       ?g_pMaterialSystemHardwareConfig@@3PAVIMaterialSystemHardwareConfig@@A 1019db58     interfaces:interfaces.obj
 0004:0001bb5c       ?g_pMaterialSystemDebugTextureInfo@@3PAVIDebugTextureInfo@@A 1019db5c     interfaces:interfaces.obj
 0004:0001bb60       ?g_VBAllocTracker@@3PAVIVBAllocTracker@@A 1019db60     interfaces:interfaces.obj
 0004:0001bb64       ?colorcorrection@@3PAVIColorCorrectionSystem@@A 1019db64     interfaces:interfaces.obj
 0004:0001bb68       ?p4@@3PAVIP4@@A            1019db68     interfaces:interfaces.obj
 0004:0001bb6c       ?mdllib@@3PAVIMdlLib@@A    1019db6c     interfaces:interfaces.obj
 0004:0001bb70       ?g_pQueuedLoader@@3PAVIQueuedLoader@@A 1019db70     interfaces:interfaces.obj
 0004:0001bb74       ?g_pResourceAccessControl@@3PAVIResourceAccessControl@@A 1019db74     interfaces:interfaces.obj
 0004:0001bb78       ?g_pPrecacheSystem@@3PAVIPrecacheSystem@@A 1019db78     interfaces:interfaces.obj
 0004:0001bb7c       ?g_pSceneSystem@@3PAVISceneSystem@@A 1019db7c     interfaces:interfaces.obj
 0004:0001bb80       ?g_pMatchFramework@@3PAVIMatchFramework@@A 1019db80     interfaces:interfaces.obj
 0004:0001bb84       ?g_pGameUISystemMgr@@3PAVIGameUISystemMgr@@A 1019db84     interfaces:interfaces.obj
 0004:0001bb88       ?g_pRenderDevice@@3PAVIRenderDevice@@A 1019db88     interfaces:interfaces.obj
 0004:0001bb8c       ?g_pRenderHardwareConfig@@3PAVIRenderHardwareConfig@@A 1019db8c     interfaces:interfaces.obj
 0004:0001bb90       ?g_pMeshSystem@@3PAVIMeshSystem@@A 1019db90     interfaces:interfaces.obj
 0004:0001bb94       ?g_pStudioRender@@3PAVIStudioRender@@A 1019db94     interfaces:interfaces.obj
 0004:0001bb98       ?studiorender@@3PAVIStudioRender@@A 1019db98     interfaces:interfaces.obj
 0004:0001bb9c       ?g_pMatSystemSurface@@3PAVIMatSystemSurface@@A 1019db9c     interfaces:interfaces.obj
 0004:0001bba0       ?g_pVGuiInput@@3PAVIInput@vgui@@A 1019dba0     interfaces:interfaces.obj
 0004:0001bba4       ?g_pVGuiSurface@@3PAVISurface@vgui@@A 1019dba4     interfaces:interfaces.obj
 0004:0001bba8       ?g_pVGuiPanel@@3PAVIPanel@vgui@@A 1019dba8     interfaces:interfaces.obj
 0004:0001bbac       ?g_pVGui@@3PAVIVGui@vgui@@A 1019dbac     interfaces:interfaces.obj
 0004:0001bbb0       ?g_pVGuiLocalize@@3PAVILocalize@vgui@@A 1019dbb0     interfaces:interfaces.obj
 0004:0001bbb4       ?g_pVGuiSchemeManager@@3PAVISchemeManager@vgui@@A 1019dbb4     interfaces:interfaces.obj
 0004:0001bbb8       ?g_pVGuiSystem@@3PAVISystem@vgui@@A 1019dbb8     interfaces:interfaces.obj
 0004:0001bbbc       ?g_pDataCache@@3PAVIDataCache@@A 1019dbbc     interfaces:interfaces.obj
 0004:0001bbc0       ?g_pMDLCache@@3PAVIMDLCache@@A 1019dbc0     interfaces:interfaces.obj
 0004:0001bbc4       ?mdlcache@@3PAVIMDLCache@@A 1019dbc4     interfaces:interfaces.obj
 0004:0001bbc8       ?g_pAVI@@3PAVIAvi@@A       1019dbc8     interfaces:interfaces.obj
 0004:0001bbcc       ?g_pBIK@@3PAVIBik@@A       1019dbcc     interfaces:interfaces.obj
 0004:0001bbd0       ?g_pDmeMakefileUtils@@3PAVIDmeMakefileUtils@@A 1019dbd0     interfaces:interfaces.obj
 0004:0001bbd4       ?g_pPhysicsCollision@@3PAVIPhysicsCollision@@A 1019dbd4     interfaces:interfaces.obj
 0004:0001bbd8       ?g_pSoundEmitterSystem@@3PAVISoundEmitterSystemBase@@A 1019dbd8     interfaces:interfaces.obj
 0004:0001bbdc       ?g_pWorldRendererMgr@@3PAVIWorldRendererMgr@@A 1019dbdc     interfaces:interfaces.obj
 0004:0001bbe0       ?g_pVGuiRenderSurface@@3PAVIVGuiRenderSurface@@A 1019dbe0     interfaces:interfaces.obj
 0004:0001bc78       __pfnReportHook            1019dc78     <common>
 0004:0001bc88       __pReportHookListW         1019dc88     <common>
 0004:0001bc8c       __pReportHookList          1019dc8c     <common>
 0004:0001bc90       __debugger_hook_dummy      1019dc90     <common>
 0004:0001bc9c       ___setlc_active            1019dc9c     <common>
 0004:0001bcac       ___unguarded_readlc_active 1019dcac     <common>
 0004:0001bcb0       ___use_sse2_mathfcns       1019dcb0     <common>
 0004:0001bcbc       __pmatherr                 1019dcbc     <common>
 0004:0001bcc8       __nhandle                  1019dcc8     <common>
 0004:0001bd20       ___pioinfo                 1019dd20     <common>
 0004:0001be20       ___piob                    1019de20     <common>
 0004:0001c160       __bufin                    1019e160     <common>
 0004:0001d160       __nstream                  1019f160     <common>
 0004:0001d164       ___env_initialized         1019f164     <common>
 0004:0001d174       ___onexitend               1019f174     <common>
 0004:0001d178       ___onexitbegin             1019f178     <common>
 0004:0001d17c       ___mbctype_initialized     1019f17c     <common>
 0004:0001d180       ___dyn_tls_init_callback   1019f180     <common>
 0004:0001d184       ___sse2_available          1019f184     <common>
 0004:0001d190       __acmdln                   1019f190     <common>
 0005:00000000       __IMPORT_DESCRIPTOR_tier0  101a0000     tier0:tier0.dll
 0005:00000014       __IMPORT_DESCRIPTOR_KERNEL32 101a0014     kernel32:KERNEL32.dll
 0005:00000028       __NULL_IMPORT_DESCRIPTOR   101a0028     tier0:tier0.dll
 0005:000002b4       __imp__IsValidCodePage@4   101a02b4     kernel32:KERNEL32.dll
 0005:000002b8       __imp__CreateFileW@28      101a02b8     kernel32:KERNEL32.dll
 0005:000002bc       __imp__SetStdHandle@8      101a02bc     kernel32:KERNEL32.dll
 0005:000002c0       __imp__ReadFile@20         101a02c0     kernel32:KERNEL32.dll
 0005:000002c4       __imp__FlushFileBuffers@4  101a02c4     kernel32:KERNEL32.dll
 0005:000002c8       __imp__GetUserDefaultLCID@0 101a02c8     kernel32:KERNEL32.dll
 0005:000002cc       __imp__EnumSystemLocalesA@8 101a02cc     kernel32:KERNEL32.dll
 0005:000002d0       __imp__IsValidLocale@8     101a02d0     kernel32:KERNEL32.dll
 0005:000002d4       __imp__GetLocaleInfoA@16   101a02d4     kernel32:KERNEL32.dll
 0005:000002d8       __imp__GetConsoleMode@8    101a02d8     kernel32:KERNEL32.dll
 0005:000002dc       __imp__MultiByteToWideChar@24 101a02dc     kernel32:KERNEL32.dll
 0005:000002e0       __imp__WideCharToMultiByte@32 101a02e0     kernel32:KERNEL32.dll
 0005:000002e4       __imp__GetProcAddress@8    101a02e4     kernel32:KERNEL32.dll
 0005:000002e8       __imp__GetModuleHandleA@4  101a02e8     kernel32:KERNEL32.dll
 0005:000002ec       __imp__LoadLibraryExA@12   101a02ec     kernel32:KERNEL32.dll
 0005:000002f0       __imp__WaitForSingleObject@8 101a02f0     kernel32:KERNEL32.dll
 0005:000002f4       __imp__GetCurrentProcessId@0 101a02f4     kernel32:KERNEL32.dll
 0005:000002f8       __imp__CreateFileMappingA@24 101a02f8     kernel32:KERNEL32.dll
 0005:000002fc       __imp__CloseHandle@4       101a02fc     kernel32:KERNEL32.dll
 0005:00000300       __imp__OpenFileMappingA@12 101a0300     kernel32:KERNEL32.dll
 0005:00000304       __imp__FreeLibrary@4       101a0304     kernel32:KERNEL32.dll
 0005:00000308       __imp__EncodePointer@4     101a0308     kernel32:KERNEL32.dll
 0005:0000030c       __imp__DecodePointer@4     101a030c     kernel32:KERNEL32.dll
 0005:00000310       __imp__GetCurrentThreadId@0 101a0310     kernel32:KERNEL32.dll
 0005:00000314       __imp__GetCommandLineA@0   101a0314     kernel32:KERNEL32.dll
 0005:00000318       __imp__GetLastError@0      101a0318     kernel32:KERNEL32.dll
 0005:0000031c       __imp__GetFullPathNameA@16 101a031c     kernel32:KERNEL32.dll
 0005:00000320       __imp__GetDriveTypeW@4     101a0320     kernel32:KERNEL32.dll
 0005:00000324       __imp__SetEnvironmentVariableA@8 101a0324     kernel32:KERNEL32.dll
 0005:00000328       __imp__GetCurrentDirectoryA@8 101a0328     kernel32:KERNEL32.dll
 0005:0000032c       __imp__SetCurrentDirectoryA@4 101a032c     kernel32:KERNEL32.dll
 0005:00000330       __imp__IsDebuggerPresent@0 101a0330     kernel32:KERNEL32.dll
 0005:00000334       __imp__RaiseException@16   101a0334     kernel32:KERNEL32.dll
 0005:00000338       __imp__lstrlenA@4          101a0338     kernel32:KERNEL32.dll
 0005:0000033c       __imp__LoadLibraryW@4      101a033c     kernel32:KERNEL32.dll
 0005:00000340       __imp__IsProcessorFeaturePresent@4 101a0340     kernel32:KERNEL32.dll
 0005:00000344       __imp__InterlockedIncrement@4 101a0344     kernel32:KERNEL32.dll
 0005:00000348       __imp__InterlockedDecrement@4 101a0348     kernel32:KERNEL32.dll
 0005:0000034c       __imp__GetModuleHandleW@4  101a034c     kernel32:KERNEL32.dll
 0005:00000350       __imp__ExitProcess@4       101a0350     kernel32:KERNEL32.dll
 0005:00000354       __imp__HeapValidate@12     101a0354     kernel32:KERNEL32.dll
 0005:00000358       __imp__IsBadReadPtr@8      101a0358     kernel32:KERNEL32.dll
 0005:0000035c       __imp__GetModuleFileNameW@12 101a035c     kernel32:KERNEL32.dll
 0005:00000360       __imp__WriteFile@20        101a0360     kernel32:KERNEL32.dll
 0005:00000364       __imp__GetStdHandle@4      101a0364     kernel32:KERNEL32.dll
 0005:00000368       __imp__GetLocaleInfoW@16   101a0368     kernel32:KERNEL32.dll
 0005:0000036c       __imp__EnterCriticalSection@4 101a036c     kernel32:KERNEL32.dll
 0005:00000370       __imp__LeaveCriticalSection@4 101a0370     kernel32:KERNEL32.dll
 0005:00000374       __imp__TerminateProcess@8  101a0374     kernel32:KERNEL32.dll
 0005:00000378       __imp__GetCurrentProcess@0 101a0378     kernel32:KERNEL32.dll
 0005:0000037c       __imp__UnhandledExceptionFilter@4 101a037c     kernel32:KERNEL32.dll
 0005:00000380       __imp__SetUnhandledExceptionFilter@4 101a0380     kernel32:KERNEL32.dll
 0005:00000384       __imp__InitializeCriticalSectionAndSpinCount@8 101a0384     kernel32:KERNEL32.dll
 0005:00000388       __imp__DeleteCriticalSection@4 101a0388     kernel32:KERNEL32.dll
 0005:0000038c       __imp__FatalAppExitA@8     101a038c     kernel32:KERNEL32.dll
 0005:00000390       __imp__GetACP@0            101a0390     kernel32:KERNEL32.dll
 0005:00000394       __imp__GetOEMCP@0          101a0394     kernel32:KERNEL32.dll
 0005:00000398       __imp__GetCPInfo@8         101a0398     kernel32:KERNEL32.dll
 0005:0000039c       __imp__GetConsoleCP@0      101a039c     kernel32:KERNEL32.dll
 0005:000003a0       __imp__TlsAlloc@0          101a03a0     kernel32:KERNEL32.dll
 0005:000003a4       __imp__TlsGetValue@4       101a03a4     kernel32:KERNEL32.dll
 0005:000003a8       __imp__TlsSetValue@8       101a03a8     kernel32:KERNEL32.dll
 0005:000003ac       __imp__TlsFree@4           101a03ac     kernel32:KERNEL32.dll
 0005:000003b0       __imp__SetLastError@4      101a03b0     kernel32:KERNEL32.dll
 0005:000003b4       __imp__GetCurrentThread@0  101a03b4     kernel32:KERNEL32.dll
 0005:000003b8       __imp__SetHandleCount@4    101a03b8     kernel32:KERNEL32.dll
 0005:000003bc       __imp__GetFileType@4       101a03bc     kernel32:KERNEL32.dll
 0005:000003c0       __imp__GetStartupInfoW@4   101a03c0     kernel32:KERNEL32.dll
 0005:000003c4       __imp__GetModuleFileNameA@12 101a03c4     kernel32:KERNEL32.dll
 0005:000003c8       __imp__FreeEnvironmentStringsW@4 101a03c8     kernel32:KERNEL32.dll
 0005:000003cc       __imp__GetEnvironmentStringsW@0 101a03cc     kernel32:KERNEL32.dll
 0005:000003d0       __imp__HeapCreate@12       101a03d0     kernel32:KERNEL32.dll
 0005:000003d4       __imp__HeapDestroy@4       101a03d4     kernel32:KERNEL32.dll
 0005:000003d8       __imp__QueryPerformanceCounter@4 101a03d8     kernel32:KERNEL32.dll
 0005:000003dc       __imp__GetTickCount@0      101a03dc     kernel32:KERNEL32.dll
 0005:000003e0       __imp__GetSystemTimeAsFileTime@4 101a03e0     kernel32:KERNEL32.dll
 0005:000003e4       __imp__LCMapStringW@24     101a03e4     kernel32:KERNEL32.dll
 0005:000003e8       __imp__GetCurrentDirectoryW@8 101a03e8     kernel32:KERNEL32.dll
 0005:000003ec       __imp__SetCurrentDirectoryW@4 101a03ec     kernel32:KERNEL32.dll
 0005:000003f0       __imp__RtlUnwind@16        101a03f0     kernel32:KERNEL32.dll
 0005:000003f4       __imp__HeapFree@12         101a03f4     kernel32:KERNEL32.dll
 0005:000003f8       __imp__HeapAlloc@12        101a03f8     kernel32:KERNEL32.dll
 0005:000003fc       __imp__GetProcessHeap@0    101a03fc     kernel32:KERNEL32.dll
 0005:00000400       __imp__VirtualQuery@12     101a0400     kernel32:KERNEL32.dll
 0005:00000404       __imp__SetConsoleCtrlHandler@8 101a0404     kernel32:KERNEL32.dll
 0005:00000408       __imp__InterlockedExchange@8 101a0408     kernel32:KERNEL32.dll
 0005:0000040c       __imp__HeapReAlloc@16      101a040c     kernel32:KERNEL32.dll
 0005:00000410       __imp__HeapSize@12         101a0410     kernel32:KERNEL32.dll
 0005:00000414       __imp__HeapQueryInformation@20 101a0414     kernel32:KERNEL32.dll
 0005:00000418       __imp__OutputDebugStringA@4 101a0418     kernel32:KERNEL32.dll
 0005:0000041c       __imp__WriteConsoleW@20    101a041c     kernel32:KERNEL32.dll
 0005:00000420       __imp__OutputDebugStringW@4 101a0420     kernel32:KERNEL32.dll
 0005:00000424       __imp__GetStringTypeW@16   101a0424     kernel32:KERNEL32.dll
 0005:00000428       __imp__SetFilePointer@16   101a0428     kernel32:KERNEL32.dll
 0005:0000042c       \177KERNEL32_NULL_THUNK_DATA 101a042c     kernel32:KERNEL32.dll
 0005:000004a0       __imp__ThreadSleep         101a04a0     tier0:tier0.dll
 0005:000004a4       __imp__GetCPUInformation   101a04a4     tier0:tier0.dll
 0005:000004a8       __imp__Error               101a04a8     tier0:tier0.dll
 0005:000004ac       __imp__Warning             101a04ac     tier0:tier0.dll
 0005:000004b0       __imp__g_pMemAlloc         101a04b0     tier0:tier0.dll
 0005:000004b4       __imp__LoggingSystem_LogAssert 101a04b4     tier0:tier0.dll
 0005:000004b8       __imp__ShouldUseNewAssertDialog 101a04b8     tier0:tier0.dll
 0005:000004bc       __imp__DoNewAssertDialog   101a04bc     tier0:tier0.dll
 0005:000004c0       __imp___ExitOnFatalAssert  101a04c0     tier0:tier0.dll
 0005:000004c4       __imp_?ConMsg@@YAXPBDZZ    101a04c4     tier0:tier0.dll
 0005:000004c8       __imp__AssertValidStringPtr 101a04c8     tier0:tier0.dll
 0005:000004cc       __imp___AssertValidWritePtr 101a04cc     tier0:tier0.dll
 0005:000004d0       __imp___AssertValidReadPtr 101a04d0     tier0:tier0.dll
 0005:000004d4       __imp__Plat_IsInDebugSession 101a04d4     tier0:tier0.dll
 0005:000004d8       __imp__ReleaseThreadHandle 101a04d8     tier0:tier0.dll
 0005:000004dc       __imp__CreateSimpleThread  101a04dc     tier0:tier0.dll
 0005:000004e0       __imp__StackToolsNotify_LoadedLibrary 101a04e0     tier0:tier0.dll
 0005:000004e4       __imp__GetThreadedLoadLibraryFunc 101a04e4     tier0:tier0.dll
 0005:000004e8       __imp__CommandLine         101a04e8     tier0:tier0.dll
 0005:000004ec       __imp_?DevWarning@@YAXPBDZZ 101a04ec     tier0:tier0.dll
 0005:000004f0       \177tier0_NULL_THUNK_DATA  101a04f0     tier0:tier0.dll

 entry point at        0002:00001108

